// Extracted original meter records; not a full Spectre log.
HPRE,0,0.600000000013037,0.600000000013037
.BIASED,0,0.581583201567047,0.618416803781097,0.618416803781097,0.581583201567048
..HCAP,0,0.591755822215345,0.591755821808411
CORECAP,0,2.99827970734177e-05,1.19998734249759,1.19998735058857,3.00726791871575e-05
HADC,0,0.600308808333423,0.600308726247648
DEADLINE,0,-0.00175705450878484,1.19761635295642
...RESULT,0,0.6,0,-1,1.18975e-09,5.71e-10
......RESET,0,1.37240620656756e-07,1.06094700703465e-05,9.24590879853835e-06,1.3727566125722e-07,1.19998363641577,7.23582755769222e-06
ENERGY,0,8,0,0,0
ENERGY,0,7,3.32017816758556e-16,1.05900924767625e-15,7.26991430917697e-16
ENERGY,0,6,1.15750063609826e-15,2.90751454154815e-15,1.75001390544988e-15
ENERGY,0,5,-1.03077462612208e-17,1.80327028423708e-19,1.04880732896446e-17
ENERGY,0,4,-1.03076590011042e-17,1.80325192074628e-19,1.04879841931788e-17
ENERGY,0,3,5.54637513760662e-15,5.54637513760662e-15,0
ENERGY,0,2,1.72495750730541e-14,1.80867421050971e-14,8.37167032042694e-16
ENERGY,0,1,1.18500149403697e-14,1.27102407824286e-14,8.602258420588e-16
ENERGY,0,0,1.19847337056298e-14,1.28449207307052e-14,8.60187025075337e-16
HPRE,1,1.15912833235605,1.19507440797584
BIASED,1,1.11589907401722,1.18709935953789,1.15273293348147,1.15026558397792
......9.HCAP,1,1.12454026713547,1.15889588313313
CORECAP,1,9.75359980434383e-07,1.20000265018196,1.1999992701152,1.79207710460571e-06
HADC,1,1.12750494766476,1.16142473849631
DEADLINE,1,-0.00173646656225903,1.19761185698563
......9..RESULT,1,1.178,-0.036,-1,1.19e-09,6.05e-10
......9.....RESET,1,1.22329364952826e-07,9.87706004870445e-06,9.21047494913143e-06,1.21920309128425e-07,1.19998363622251,6.77485902365418e-06
ENERGY,1,8,0,0,0
ENERGY,1,7,3.41002475254216e-16,1.05838128122192e-15,7.17378805967685e-16
ENERGY,1,6,1.18924966066462e-15,2.78645547173726e-15,1.59720581107263e-15
ENERGY,1,5,3.32497061929302e-14,3.32497062359583e-14,4.30290062373369e-23
ENERGY,1,4,3.05515374690077e-14,3.05515375138939e-14,4.48861251823275e-23
ENERGY,1,3,5.21723007283727e-16,5.38319210949201e-16,1.65962036655864e-17
ENERGY,1,2,1.732491730357e-14,1.81422509034332e-14,8.17333599863567e-16
ENERGY,1,1,1.37398819954994e-14,1.51624977289748e-14,1.42261573347531e-15
ENERGY,1,0,1.11953517929804e-14,1.2618581750878e-14,1.42322995789808e-15
HPRE,2,1.19583071012429,1.15993319135191
BIASED,2,1.15244520364969,1.15503723294816,1.18927894139446,1.11820338523907
......9......HCAP,2,1.16108000827279,1.12684900276267
CORECAP,2,1.77098756438325e-06,1.19999942788331,1.20000216903483,1.02363701594022e-06
......9......8HADC,2,1.16357481187496,1.12977863202551
DEADLINE,2,-0.00173649826702217,1.19761185492927
RESULT,2,1.178,0.036,-1,1.18975e-09,6.0325e-10
......9......8...RESET,2,1.2442032629307e-07,9.8660960478818e-06,9.20886872496461e-06,1.24797165224824e-07,1.19998363622473,6.77485953969046e-06
ENERGY,2,8,0,0,0
ENERGY,2,7,3.40818531951693e-16,1.05714885754281e-15,7.1633032559112e-16
ENERGY,2,6,1.18903243419414e-15,2.78666868012632e-15,1.59763624593215e-15
ENERGY,2,5,2.57362830697113e-15,4.72978430434865e-15,2.15615599737724e-15
ENERGY,2,4,7.41549431077678e-15,7.415494310777e-15,-1.23259516440783e-32
ENERGY,2,3,4.374381090703e-16,4.54384549975653e-16,1.69464409052878e-17
ENERGY,2,2,1.73104302107512e-14,1.81396054843435e-14,8.29175273592018e-16
ENERGY,2,1,1.15831027056299e-14,1.24958980799279e-14,9.12795374298129e-16
ENERGY,2,0,1.43551884308317e-14,1.52683345351793e-14,9.13146104347033e-16
......9......8....HPRE,3,1.19987217045981,1.15589172655308
BIASED,3,1.15638738002515,1.15109508592317,1.19322114455542,1.11426119348272
......9......8.....HCAP,3,1.162537471573,1.125400378742
CORECAP,3,1.19999911765818,1.69194026168426e-06,1.20000018533062,1.02164874157383e-06
......9......8......HADC,3,1.16752718779999,1.12582637638561
DEADLINE,3,1.19967079790788,8.9272904854121e-05
RESULT,3,1.178,0.044,1,0,1.19e-09
......9......8......7..RESET,3,1.24394474114229e-07,6.83121298613249e-06,6.44886670136809e-06,1.24825998061577e-07,1.20000014155921,3.59810437008282e-07
ENERGY,3,8,0,0,0
ENERGY,3,7,2.86080436468401e-16,9.18101667770586e-16,6.32021231302138e-16
ENERGY,3,6,1.18741110515585e-15,2.78632406026426e-15,1.59891295510838e-15
ENERGY,3,5,4.47534255813686e-15,4.69337450292761e-15,2.18031944790773e-16
ENERGY,3,4,5.52139413636847e-15,5.52139413636833e-15,-3.08148791101958e-33
ENERGY,3,3,4.37453780292165e-16,4.49904238423706e-16,1.24504581314667e-17
ENERGY,3,2,2.12059776570742e-15,2.91307351720549e-15,7.92475751498312e-16
ENERGY,3,1,1.14081216750411e-14,1.23235039542155e-14,9.15382279174519e-16
ENERGY,3,0,1.31986515008081e-14,1.41115313570385e-14,9.12879856230683e-16
HPRE,4,1.17990799756265,1.17984983231369
......9......8......7...BIASED,4,1.13730855881469,1.17399097273693,1.17414237998875,1.13715715254331
......9......8......7....HCAP,4,1.14596549952853,1.14581413349512
CORECAP,4,1.12572988202449e-06,1.2000036165353,1.20000616227439,1.12871533810843e-06
......9......8......7.....HADC,4,1.14863502500135,1.14848582424603
DEADLINE,4,-0.0017364365599172,1.19761187540437
RESULT,4,1.18,0,-1,1.19e-09,5.6e-10
......9......8......7......6.RESET,4,1.2453065998709e-07,9.86926375544379e-06,9.21227470758822e-06,1.245242188519e-07,1.19998363622359,6.77486839602019e-06
ENERGY,4,8,0,0,0
ENERGY,4,7,3.40862705074671e-16,1.05894032001102e-15,7.1807761493634e-16
ENERGY,4,6,1.18766977915592e-15,2.78766423236847e-15,1.5999944532126e-15
ENERGY,4,5,6.46415238660173e-15,6.46415238660191e-15,-7.88860905221012e-30
ENERGY,4,4,3.78858928816496e-15,4.9886604163868e-15,1.20007112822151e-15
ENERGY,4,3,4.20083173919133e-16,4.37323632822182e-16,1.72404589030181e-17
ENERGY,4,2,1.72758802556775e-14,1.80859513159628e-14,8.10071060284609e-16
ENERGY,4,1,1.21245760559978e-14,1.30387510316691e-14,9.14174975671045e-16
ENERGY,4,0,1.2265516442966e-14,1.3180228170646e-14,9.14711727679334e-16
HPRE,5,1.16190899698554,1.19785407631549
......9......8......7......6..BIASED,5,1.12005757543693,1.19125690318913,1.15689143634084,1.15442317060013
......9......8......7......6...HCAP,5,1.12870635998692,1.16306118497386
CORECAP,5,9.15345375994078e-07,1.2000026194351,1.19999930095936,1.78635545351316e-06
HADC,5,1.13160754910815,1.16552660071763
DEADLINE,5,-0.00173651078764319,1.19761184403001
......9......8......7......6....RESULT,5,1.18,-0.036,-1,1.19e-09,6.05250000000001e-10
......9......8......7......6......5RESET,5,1.24706594502825e-07,9.87858741205035e-06,9.2123559928663e-06,1.24348922052594e-07,1.19998363622118,6.77486528235721e-06
ENERGY,5,8,0,0,0
ENERGY,5,7,3.4105482179232e-16,1.05853430724049e-15,7.17479485448124e-16
ENERGY,5,6,1.18801953427544e-15,2.78642019388107e-15,1.59840065960575e-15
ENERGY,5,5,6.3549314997085e-15,6.35525625809732e-15,3.2475838896016e-19
ENERGY,5,4,3.70044983302922e-15,4.7613447953888e-15,1.06089496235951e-15
ENERGY,5,3,4.19747978281532e-16,4.3699933212631e-16,1.72513538447919e-17
ENERGY,5,2,1.73253283291136e-14,1.8141923158079e-14,8.16594828965885e-16
ENERGY,5,1,1.42700872892651e-14,1.51838125335187e-14,9.1372524425426e-16
ENERGY,5,0,1.17175961720288e-14,1.26318515932706e-14,9.14255421242319e-16
HPRE,6,1.19783031294535,1.16193277156994
......9......8......7......6......5.BIASED,6,1.15436131460422,1.15695329798533,1.19119507513099,1.12011945832301
......9......8......7......6......5..HCAP,6,1.16299963535684,1.12876858856277
CORECAP,6,1.77858857330978e-06,1.20000370894182,1.20000321340814,1.02368594884436e-06
HADC,6,1.16546518470547,1.13166891619403
DEADLINE,6,-0.00173652240528699,1.19761184785858
......9......8......7......6......5...RESULT,6,1.18,0.036,-1,1.19e-09,6.03249999999999e-10
......9......8......7......6......5......RESET,6,1.24339943125511e-07,9.86606228339961e-06,9.20881487735833e-06,1.2471821745856e-07,1.19998363622353,6.77486601896846e-06
ENERGY,6,8,0,0,0
ENERGY,6,7,3.4076352376431e-16,1.05710905388973e-15,7.16345530125439e-16
ENERGY,6,6,1.18766491989888e-15,2.78648358225149e-15,1.59881866235262e-15
ENERGY,6,5,2.59731916968316e-15,4.75590266305689e-15,2.15858349337383e-15
ENERGY,6,4,7.44350714904206e-15,7.44393471358747e-15,4.2756454602705e-19
ENERGY,6,3,4.1974961961362e-16,4.37000678909979e-16,1.72510592963401e-17
ENERGY,6,2,1.73145007807252e-14,1.81432488766385e-14,8.28748095912693e-16
ENERGY,6,1,1.15850638229654e-14,1.24987993843271e-14,9.13735561361993e-16
ENERGY,6,0,1.4361066314485e-14,1.52751401056736e-14,9.14073791188468e-16
HPRE,7,1.1848977233584,1.18485014853152
BIASED,7,1.14207361436343,1.17878352490226,1.17890732697475,1.14194974458398
......9......8......7......6......5......4.HCAP,7,1.1507393217986,1.15061553154105
CORECAP,7,1.135725857483e-06,1.19999972322271,1.20000605303071,1.13149478512984e-06
HADC,7,1.15333604988586,1.15321404032322
DEADLINE,7,-0.00173650710812013,1.19761185688438
......9......8......7......6......5......4..RESULT,7,1.185,0,-1,1.19e-09,5.58499999999998e-10
......9......8......7......6......5......4.....RESET,7,1.23936463306947e-07,9.86881720307764e-06,9.2118199515637e-06,1.23931242677145e-07,1.19998363622368,6.77486720595104e-06
ENERGY,7,8,0,0,0
ENERGY,7,7,3.40951430189886e-16,1.05914011134071e-15,7.18188681150841e-16
ENERGY,7,6,1.18649119365196e-15,2.78759723850657e-15,1.60110604485472e-15
ENERGY,7,5,6.47315967060586e-15,6.4742429280241e-15,1.08325741826397e-18
ENERGY,7,4,4.28271106102153e-15,5.05637956605226e-15,7.73668505030734e-16
ENERGY,7,3,3.7629553959138e-16,3.94318149467731e-16,1.80226098763766e-17
ENERGY,7,2,1.73191104662327e-14,1.8125321407234e-14,8.06210941004706e-16
ENERGY,7,1,1.21297938794607e-14,1.30475499253491e-14,9.17756045888132e-16
ENERGY,7,0,1.22694270438587e-14,1.31876996177502e-14,9.18272573890966e-16
HPRE,8,1.18787595396581,1.18787595393212
BIASED,8,1.14489333532391,1.18172714678338,1.18172714550015,1.14489333582361
......9......8......7......6......5......4......HCAP,8,1.15356442792055,1.1535644214942
CORECAP,8,1.12876811313168e-06,1.19999974103004,1.20000096085084,1.15121385281402e-06
......9......8......7......6......5......4......3HADC,8,1.15611790406665,1.15611811101074
DEADLINE,8,-0.00173653887144597,1.1976118469639
RESULT,8,1.188,0,-1,1.19e-09,5.58749999999998e-10
......9......8......7......6......5......4......3...RESET,8,1.23409424919855e-07,9.86844110239117e-06,9.21143219202705e-06,1.23411509799857e-07,1.1999836362237,6.77486704627568e-06
ENERGY,8,8,0,0,0
ENERGY,8,7,3.40968243900881e-16,1.05914455600535e-15,7.18176312104529e-16
ENERGY,8,6,1.1842837110361e-15,2.78713131957441e-15,1.60284760853836e-15
ENERGY,8,5,5.30739494646091e-15,5.30781392747537e-15,4.18981014439922e-19
ENERGY,8,4,5.3073948310371e-15,5.30781381204626e-15,4.18981009255134e-19
ENERGY,8,3,3.49473367826292e-16,3.67984273592481e-16,1.85109057659709e-17
ENERGY,8,2,1.7319302391678e-14,1.81256695299106e-14,8.06367138231713e-16
ENERGY,8,1,1.21404800018786e-14,1.3056928286639e-14,9.16448284760974e-16
ENERGY,8,0,1.22745210874512e-14,1.31914849185154e-14,9.16963831064479e-16
......9......8......7......6......5......4......3....HPRE,9,1.18987686374229,1.18987686374219
BIASED,9,1.14681317543423,1.18364699467279,1.18364699480039,1.14681317553791
......9......8......7......6......5......4......3.....HCAP,9,1.15548784530188,1.15548784592561
CORECAP,9,1.12065224309166e-06,1.20000410467706,1.20000599891245,1.11921242629566e-06
......9......8......7......6......5......4......3......HADC,9,1.15801197813481,1.15801218547254
DEADLINE,9,-0.00173654648626556,1.19761184194497
RESULT,9,1.19,0,-1,1.19e-09,5.58750000000002e-10
......9......8......7......6......5......4......3......2..RESET,9,1.23324814613461e-07,9.86837499210421e-06,9.21141235729164e-06,1.23326881134202e-07,1.19998363622013,6.77489749716376e-06
ENERGY,9,8,0,0,0
ENERGY,9,7,3.40913262275469e-16,1.0592872804258e-15,7.18374018150399e-16
ENERGY,9,6,1.18388160136583e-15,2.7867268765292e-15,1.60284527516337e-15
ENERGY,9,5,5.27139670892582e-15,5.27181232083112e-15,4.15611904917763e-19
ENERGY,9,4,5.27139659815025e-15,5.27181221005599e-15,4.15611904519783e-19
ENERGY,9,3,3.31640001722382e-16,3.50483457452499e-16,1.88434557301912e-17
ENERGY,9,2,1.73189962149415e-14,1.81253523132128e-14,8.06356098274681e-16
ENERGY,9,1,1.21460165489977e-14,1.30609934095869e-14,9.14976860589987e-16
ENERGY,9,0,1.22800266711485e-14,1.31954964988901e-14,9.15469827743851e-16
HPRE,10,1.19487188631936,1.1948718863191
......9......8......7......6......5......4......3......2...BIASED,10,1.15159201847187,1.1884257929854,1.1884257931079,1.15159201856938
......9......8......7......6......5......4......3......2....HCAP,10,1.160275464128,1.16027546024842
CORECAP,10,9.02749288120312e-07,1.19999971857482,1.20000089000298,1.12208350176399e-06
......9......8......7......6......5......4......3......2.....HADC,10,1.16272657905884,1.16272678766084
DEADLINE,10,-0.00173661723599831,1.19761182316847
RESULT,10,1.195,0,-1,1.19e-09,5.59000000000002e-10
......9......8......7......6......5......4......3......2......1.RESET,10,1.22684670970216e-07,9.86786996580382e-06,9.21090580740828e-06,1.2268668468888e-07,1.19998363622015,6.77489730563296e-06
ENERGY,10,8,0,0,0
ENERGY,10,7,3.41625042001724e-16,1.05981010161509e-15,7.18185059613359e-16
ENERGY,10,6,1.18135645217787e-15,2.78419045772363e-15,1.6028340055458e-15
ENERGY,10,5,5.5332477822818e-15,5.53368499942243e-15,4.3721714056398e-19
ENERGY,10,4,5.5332476608533e-15,5.53368487799279e-15,4.37217139577115e-19
ENERGY,10,3,2.87852200386212e-16,3.07543739553825e-16,1.96915391677627e-17
ENERGY,10,2,1.73188972092821e-14,1.81252381677168e-14,8.06340958433254e-16
ENERGY,10,1,1.21521303886845e-14,1.30711749604788e-14,9.19044571792015e-16
ENERGY,10,0,1.22861557385095e-14,1.32056921940616e-14,9.19536455550792e-16
HPRE,11,1.19987086443097,1.19987086443071
......9......8......7......6......5......4......3......2......1..BIASED,11,1.15638220044139,1.19321596234265,1.19321596246753,1.15638220054078
......9......8......7......6......5......4......3......2......1...HCAP,11,1.16507440413871,1.16507440912212
CORECAP,11,1.00297117622914e-06,1.2000041547903,1.20000607257212,1.13860780627986e-06
HADC,11,1.16745241423589,1.16745262360355
DEADLINE,11,-0.00173668033930714,1.19761180505302
......9......8......7......6......5......4......3......2......1....RESULT,11,1.2,0,-1,1.19e-09,5.58999999999999e-10
......9......8......7......6......5......4......3......2......1......0RESET,11,1.22025168239673e-07,9.86738368513211e-06,9.21038107234886e-06,1.22027059011099e-07,1.19998363622024,6.77489705123074e-06
ENERGY,11,8,0,0,0
ENERGY,11,7,3.41854997234888e-16,1.05978937571716e-15,7.17934378482227e-16
ENERGY,11,6,1.18069094716767e-15,2.78351021661016e-15,1.60281926944247e-15
ENERGY,11,5,5.60061600092073e-15,5.60105850870746e-15,4.42507789171564e-19
ENERGY,11,4,5.60061587265589e-15,5.60105838044426e-15,4.42507788158272e-19
ENERGY,11,3,2.43630869787582e-16,2.64208614942229e-16,2.05777451548724e-17
ENERGY,11,2,1.73187038675889e-14,1.81250060177414e-14,8.06302150154656e-16
ENERGY,11,1,1.21616797507075e-14,1.308117929296e-14,9.19499542252688e-16
ENERGY,11,0,1.22957105077919e-14,1.32157057229147e-14,9.19995215121913e-16
spectre completes with 0 errors, 9 warnings, and 8 notices.
