// Extracted original meter records; not a full Spectre log.
BIASED,0,0.58158320085259,0.618416803066134,0.618416803066134,0.58158320085259
CORECAP,0,3.43109514466641e-05,1.19998745567948,1.19998749039423,3.4431840505874e-05
DEADLINE,0,-0.00175601898248582,1.19761718274391
RESULT,0,0.6,0,-1,1.18975e-09,5.7075e-10
.RESET,0,1.37249126776111e-07,1.0609474123582e-05,9.24606625259623e-06,1.37277897688905e-07,1.19998363641551,7.23582897027883e-06
ENERGY,0,8,0,0,0
ENERGY,0,7,3.31979121947798e-16,1.05900056192704e-15,7.2702143997924e-16
ENERGY,0,6,1.15762336577989e-15,2.9072630539734e-15,1.74963968819352e-15
ENERGY,0,5,1.14202521420337e-20,3.96511331460787e-16,3.96499911208646e-16
ENERGY,0,4,1.18567831764136e-20,3.96512303732463e-16,3.96500446949286e-16
ENERGY,0,3,5.52504110478869e-15,5.52504110478869e-15,0
ENERGY,0,2,1.72493954850422e-14,1.80865691425103e-14,8.37173657468313e-16
ENERGY,0,1,1.18567221839089e-14,1.27166642090675e-14,8.59942025158554e-16
ENERGY,0,0,1.19914397095208e-14,1.28512793425785e-14,8.59839633057788e-16
BIASED,1,0.515670468184018,0.587399058607874,0.552504067494397,0.550565456878487
CORECAP,1,7.56767422376728e-06,1.19999511788331,1.19998960042833,1.67127893489736e-05
DEADLINE,1,-0.00176057097129386,1.19761326319322
RESULT,1,0.55,-0.036,-1,1.19e-09,6.2525e-10
..RESET,1,1.37620880752961e-07,1.06247922040719e-05,9.24824326128023e-06,1.38058677658117e-07,1.19998363640032,7.40733544767239e-06
ENERGY,1,8,0,0,0
ENERGY,1,7,3.40817534745995e-16,1.05918902500837e-15,7.18371490262393e-16
ENERGY,1,6,1.12489022154261e-15,2.8705702506142e-15,1.74568002907161e-15
ENERGY,1,5,-1.71808709248091e-16,3.74201414274464e-16,5.46010123522555e-16
ENERGY,1,4,-3.43738784108809e-16,3.4284263116032e-16,6.86581415269127e-16
ENERGY,1,3,5.97932302565627e-15,5.97932302565627e-15,0
ENERGY,1,2,1.73417493609488e-14,1.81491137640198e-14,8.07364403070725e-16
ENERGY,1,1,1.36959548093972e-14,1.45524824305371e-14,8.56527621139604e-16
ENERGY,1,0,1.14896853561431e-14,1.23473809042416e-14,8.57695548098389e-16
BIASED,2,0.550565459247547,0.552504067279259,0.587399058191553,0.515670465091365
CORECAP,2,1.64724844780234e-05,1.1999893663022,1.19999547387635,7.65783113809827e-06
DEADLINE,2,-0.0017603568487254,1.19761343273033
RESULT,2,0.55,0.036,-1,1.18975e-09,6.235e-10
...RESET,2,1.38098409627591e-07,1.06110031365145e-05,9.24724884379579e-06,1.37591318985986e-07,1.19998363639958,7.40733593254004e-06
ENERGY,2,8,0,0,0
ENERGY,2,7,3.40845570181786e-16,1.05784842878243e-15,7.17002858600638e-16
ENERGY,2,6,1.12500055952745e-15,2.8707893445313e-15,1.74578878500387e-15
ENERGY,2,5,-3.12091587379965e-16,3.42840614055454e-16,6.54932201435421e-16
ENERGY,2,4,-1.04198248165908e-16,4.08149051987345e-16,5.1234730015328e-16
ENERGY,2,3,5.98546074728293e-15,5.98546074728293e-15,0
ENERGY,2,2,1.72917562086013e-14,1.81355324406216e-14,8.43776232020173e-16
ENERGY,2,1,1.13057884224451e-14,1.21628717510466e-14,8.57083328601067e-16
ENERGY,2,0,1.37664043829754e-14,1.46241974886497e-14,8.57793105673912e-16
BIASED,3,0.554442677910409,0.548626846014619,0.591276279913972,0.511793244279371
CORECAP,3,1.19999510097797,9.2321096493772e-06,1.19999505416014,9.08053847691191e-06
DEADLINE,3,1.19967108652725,8.93456826343912e-05
RESULT,3,0.55,0.044,1,0,1.19e-09
RESET,3,1.38071798988849e-07,5.87046692032797e-06,6.47817993404467e-06,-2.93041537170633e-08,1.20000141234743,3.71663383374265e-07
ENERGY,3,8,0,0,0
ENERGY,3,7,2.86089372021873e-16,9.18034914530508e-16,6.31945542508645e-16
ENERGY,3,6,1.12396968451528e-15,2.86950053179421e-15,1.74553084727893e-15
ENERGY,3,5,-2.95466612124136e-16,3.3881660061871e-16,6.34283212742848e-16
ENERGY,3,4,-1.18897762086661e-16,3.82496591677241e-16,5.0139435376389e-16
ENERGY,3,3,5.98545964145801e-15,5.98545964145801e-15,0
ENERGY,3,2,2.11901818719748e-15,2.86095782973624e-15,7.41939642538395e-16
ENERGY,3,1,1.11621842554424e-14,1.20219345196865e-14,8.59750264244159e-16
ENERGY,3,0,1.22430474355504e-14,1.31004818271072e-14,8.57434391556736e-16
....BIASED,4,0.581583226551307,0.618416828501946,0.618416828541798,0.581583226596358
CORECAP,4,3.45040277150725e-05,1.19998846974634,1.1999880224954,3.40886175340031e-05
DEADLINE,4,-0.00175578577150406,1.1976171819159
RESULT,4,0.6,0,-1,1.19e-09,5.69500000000001e-10
RESET,4,1.37249200617785e-07,1.06094800390662e-05,9.24598972231891e-06,1.37277853862025e-07,1.19998363639679,7.40734545325349e-06
ENERGY,4,8,0,0,0
ENERGY,4,7,3.40887293476892e-16,1.05916054126157e-15,7.18273247784665e-16
ENERGY,4,6,1.1252381184765e-15,2.87450457980164e-15,1.74926646132513e-15
ENERGY,4,5,7.28759829649369e-17,4.71269553998497e-16,3.98393571033557e-16
ENERGY,4,4,2.88984218027816e-17,4.25942046578225e-16,3.97043624775454e-16
ENERGY,4,3,5.53117967948731e-15,5.53117967948731e-15,0
ENERGY,4,2,1.72797664330777e-14,1.80897200457147e-14,8.09953612637159e-16
ENERGY,4,1,1.17466104278046e-14,1.26529269437492e-14,9.06316515944631e-16
ENERGY,4,0,1.18808993600501e-14,1.2787000261156e-14,9.06100901106813e-16
BIASED,5,0.560258509835726,0.63974154563597,0.597092111709322,0.602907943599497
.....CORECAP,5,1.38189005079452e-05,1.20006868273271,9.30192296178458e-05,1.19998244145775
DEADLINE,5,1.19967046191198,8.8734546118679e-05
RESULT,5,0.6,-0.044,1,0,1.19e-09
RESET,5,1.37062744443783e-07,6.91906906184828e-07,1.27205291662784e-07,1.37459626397251e-07,1.20000141072978,3.72251302975134e-07
ENERGY,5,8,0,0,0
ENERGY,5,7,2.86599667717618e-16,9.18301351184366e-16,6.31701683466693e-16
ENERGY,5,6,1.12550873080538e-15,2.8683068124423e-15,1.74279808163697e-15
ENERGY,5,5,1.28471269645842e-16,5.27210990309858e-16,3.98739720664e-16
ENERGY,5,4,-1.20028503571944e-16,3.75506316999649e-16,4.95534820571622e-16
ENERGY,5,3,5.52503768557438e-15,5.52503768557438e-15,0
ENERGY,5,2,2.36127487244235e-15,3.08300877194703e-15,7.21733899503945e-16
ENERGY,5,1,1.23642433603023e-14,1.32219455892872e-14,8.57702228986659e-16
ENERGY,5,0,1.10260674499876e-14,1.18838935745069e-14,8.57826124520331e-16
BIASED,6,0.564135730982679,0.635864324240092,0.600969332890967,0.599030722235484
CORECAP,6,1.75808068272048e-05,1.1999930048315,1.19998199527222,5.23041065627462e-05
......DEADLINE,6,-0.00175616624333023,1.19761687805944
RESULT,6,0.6,-0.036,-1,1.19e-09,6.29999999999996e-10
RESET,6,1.3710131712009e-07,1.0612125629029e-05,9.24676220547157e-06,1.37432533025703e-07,1.19998363639674,7.40734549183607e-06
ENERGY,6,8,0,0,0
ENERGY,6,7,3.41021427435952e-16,1.05958708558782e-15,7.18565658151853e-16
ENERGY,6,6,1.1253045821318e-15,2.86975555445338e-15,1.74445097232156e-15
ENERGY,6,5,8.10912716253529e-17,4.79777898595374e-16,3.98686626970041e-16
ENERGY,6,4,-7.63127689560281e-17,3.83009978093148e-16,4.59322747049162e-16
ENERGY,6,3,5.52504244333578e-15,5.52504244333578e-15,0
ENERGY,6,2,1.71310329845131e-14,1.81195338587265e-14,9.8850087421348e-16
ENERGY,6,1,1.38482809971687e-14,1.47060758363985e-14,8.57794839231164e-16
ENERGY,6,0,1.15836936373631e-14,1.24415188538217e-14,8.57825216458751e-16
BIASED,7,0.59903072232657,0.600969332936836,0.63586432430332,0.564135731032398
CORECAP,7,5.22926580022331e-05,1.19998181268635,1.19999353021742,1.76003097854497e-05
DEADLINE,7,-0.00175597404148124,1.19761703054085
RESULT,7,0.6,0.036,-1,1.19e-09,6.25249999999998e-10
......9RESET,7,1.37452420167957e-07,1.0602096592778e-05,9.24498662861013e-06,1.37068977780281e-07,1.19998363639665,7.40734518473561e-06
ENERGY,7,8,0,0,0
ENERGY,7,7,3.40951241150255e-16,1.05779298051792e-15,7.1684173936765e-16
ENERGY,7,6,1.12510860503978e-15,2.86958904309245e-15,1.74448043805271e-15
ENERGY,7,5,-1.17565375432537e-16,3.80427424968166e-16,4.97992800400694e-16
ENERGY,7,4,1.23326426644838e-16,5.19202170849757e-16,3.95875744204887e-16
ENERGY,7,3,5.52504125324549e-15,5.52504125324549e-15,0
ENERGY,7,2,1.72976023856259e-14,1.81391601227158e-14,8.41557737088851e-16
ENERGY,7,1,1.13788879722686e-14,1.22366477238063e-14,8.57759751535522e-16
ENERGY,7,0,1.3907063761461e-14,1.47648712117924e-14,8.57807450331807e-16
BIASED,8,0.602907943659044,0.597092111756702,0.639741545468233,0.560258509696932
CORECAP,8,1.19998326305149,4.76152465077179e-05,1.19999480573591,1.37573493655554e-05
DEADLINE,8,1.19967111599012,8.93387372158869e-05
RESULT,8,0.6,0.044,1,0,1.19e-09
......9.RESET,8,1.37506540522994e-07,6.85337823796833e-06,6.47291655852991e-06,1.55830498285305e-08,1.20000141069539,1.0309365452481e-06
ENERGY,8,8,0,0,0
ENERGY,8,7,2.85884020080479e-16,9.17886632369506e-16,6.32002612289116e-16
ENERGY,8,6,1.1253148256948e-15,2.8682338264314e-15,1.74291900073648e-15
ENERGY,8,5,-1.01616798456671e-16,3.75515398724951e-16,4.77132197181648e-16
ENERGY,8,4,1.09314651251877e-16,5.0806785239999e-16,3.98753201148126e-16
ENERGY,8,3,5.52504006332742e-15,5.52504006332742e-15,0
ENERGY,8,2,2.11951128888942e-15,2.86558380410953e-15,7.46072515220248e-16
ENERGY,8,1,1.12268954709978e-14,1.20846868636955e-14,8.57791392696534e-16
ENERGY,8,0,1.23708384899055e-14,1.32285585798452e-14,8.57720089939169e-16
BIASED,9,0.630048492297317,0.666882094301946,0.666882094313239,0.630048492307393
CORECAP,9,7.62319116824132e-06,1.19999678244292,1.19999669133142,7.68388902819727e-06
DEADLINE,9,-0.00175776184338143,1.19761496984909
RESULT,9,0.65,0,-1,1.19e-09,5.71249999999999e-10
......9..RESET,9,1.36793711336502e-07,9.96190879446801e-06,1.01843152894845e-05,1.36768477521948e-07,1.19998363639479,7.40735909537954e-06
ENERGY,9,8,0,0,0
ENERGY,9,7,3.41098413943278e-16,1.0592041433825e-15,7.18105729439284e-16
ENERGY,9,6,1.13941567958629e-15,2.87425490140297e-15,1.73483922181681e-15
ENERGY,9,5,3.27526707746586e-16,6.92013200052044e-16,3.64486492305471e-16
ENERGY,9,4,2.80297793335653e-16,6.43981307604919e-16,3.63683514269222e-16
ENERGY,9,3,5.07072402013457e-15,5.07072402013457e-15,0
ENERGY,9,2,1.72792714451435e-14,1.80887073235913e-14,8.09435878447436e-16
ENERGY,9,1,1.18309940182202e-14,1.27377932012649e-14,9.06799183044151e-16
ENERGY,9,0,1.1965472568072e-14,1.28719638746394e-14,9.06491306571448e-16
BIASED,10,0.608723775891683,0.688206811797626,0.645557378116829,0.65137321000802
CORECAP,10,5.63300846385312e-06,1.20007289124991,5.73273594572445e-05,1.19999533985841
DEADLINE,10,1.1996702820597,8.87058101442748e-05
RESULT,10,0.65,-0.044,1,0,1.19e-09
......9...RESET,10,1.36611871228916e-07,6.84370139707308e-07,1.26231703099417e-07,1.36867939315915e-07,1.20000140998589,1.03069865014488e-06
ENERGY,10,8,0,0,0
ENERGY,10,7,2.85845217403002e-16,9.17879439834305e-16,6.32034222431286e-16
ENERGY,10,6,1.14329326053262e-15,2.86468947979726e-15,1.7213962192647e-15
ENERGY,10,5,3.96269557886027e-16,7.88846148404097e-16,3.92576590518109e-16
ENERGY,10,4,1.10917766713049e-16,5.03768060898587e-16,3.92850294185575e-16
ENERGY,10,3,5.06461714504931e-15,5.06461714504931e-15,0
ENERGY,10,2,2.36086305605308e-15,3.08778723249068e-15,7.26924176435976e-16
ENERGY,10,1,1.25061623187659e-14,1.33636848297031e-14,8.57522510938096e-16
ENERGY,10,0,1.10693624757144e-14,1.19271947382579e-14,8.57832262545281e-16
BIASED,11,0.612600996751478,0.684329590112006,0.64943459845205,0.647495987769232
CORECAP,11,4.90924726099955e-06,1.19999686939451,1.19999437365023,1.24701092905947e-05
DEADLINE,11,-0.00175975324721717,1.19761321259427
RESULT,11,0.65,-0.036,-1,1.19e-09,6.31499999999998e-10
RESET,11,1.36631661977967e-07,9.96950128821678e-06,1.01901042348737e-05,1.36887808909249e-07,1.19998363639602,7.40735451224652e-06
ENERGY,11,8,0,0,0
ENERGY,11,7,3.41849365876557e-16,1.06010820984585e-15,7.18258843969351e-16
ENERGY,11,6,1.14189626627728e-15,2.86543041286744e-15,1.72353414659014e-15
ENERGY,11,5,3.44023218138312e-16,7.15617032862584e-16,3.71593814724327e-16
ENERGY,11,4,1.59556957076195e-16,5.31736419786728e-16,3.72179462710466e-16
ENERGY,11,3,5.06462245771552e-15,5.06462245771552e-15,0
ENERGY,11,2,1.71293214052579e-14,1.8116809868369e-14,9.87488463109895e-16
ENERGY,11,1,1.39837138876227e-14,1.48424898526767e-14,8.5877596505467e-16
ENERGY,11,0,1.16274864140145e-14,1.2486381015323e-14,8.58894601309532e-16
BIASED,12,0.647495988602478,0.649434599195174,0.68432959138943,0.612600998079906
......9....CORECAP,12,1.2530487880494e-05,1.19999402477482,1.19999698259046,5.93258522340913e-06
DEADLINE,12,-0.00175935157074736,1.19761372861819
RESULT,12,0.65,0.036,-1,1.18999999999999e-09,6.26999999999996e-10
RESET,12,1.36903199211839e-07,9.95871606664364e-06,1.0177576315532e-05,1.36613000938239e-07,1.19998363639531,7.40735801619116e-06
ENERGY,12,8,0,0,0
ENERGY,12,7,3.41854208464851e-16,1.05836234757987e-15,7.16508139114969e-16
ENERGY,12,6,1.14189333027783e-15,2.86544647002596e-15,1.72355313974847e-15
ENERGY,12,5,1.15476097906948e-16,5.26294331646159e-16,4.10818233739173e-16
ENERGY,12,4,3.89050214063833e-16,7.5834203032654e-16,3.69291816262708e-16
ENERGY,12,3,5.06462107332867e-15,5.06462107332867e-15,0
ENERGY,12,2,1.73004231326747e-14,1.81402475344943e-14,8.39824401820725e-16
ENERGY,12,1,1.14230484740397e-14,1.22818866802893e-14,8.58838206250213e-16
ENERGY,12,0,1.40420109409753e-14,1.49009481918806e-14,8.58937250904916e-16
BIASED,13,0.65137320935332,0.64555737740691,0.68820681197851,0.608723776067076
CORECAP,13,1.19999571844203,1.12782288807785e-05,1.19999884635057,5.61655012746914e-06
......9.....DEADLINE,13,1.19967100981914,8.93303087863242e-05
RESULT,13,0.65,0.044,1,0,1.19e-09
RESET,13,1.3692642302141e-07,6.24849207034685e-06,7.3775297384195e-06,1.31661766973869e-07,1.20000141073788,1.13690160991386e-06
ENERGY,13,8,0,0,0
ENERGY,13,7,2.86469477780869e-16,9.18053728888212e-16,6.31584251107452e-16
ENERGY,13,6,1.14340092543358e-15,2.86494762216142e-15,1.72154669672796e-15
ENERGY,13,5,1.30612349197391e-16,5.03824353685966e-16,3.73212004488583e-16
ENERGY,13,4,3.75867363022543e-16,7.68425248009876e-16,3.92557884987287e-16
ENERGY,13,3,5.06461995999719e-15,5.06461995999719e-15,0
ENERGY,13,2,2.11961894238682e-15,2.87134592438218e-15,7.51726981994532e-16
ENERGY,13,1,1.12685442097107e-14,1.21273804090415e-14,8.58836199331103e-16
ENERGY,13,0,1.2512047603413e-14,1.33708356695546e-14,8.58788066140452e-16
BIASED,14,0.678513758141542,0.715347360169248,0.715347360109519,0.678513758097664
CORECAP,14,3.64961675324631e-06,1.19999829967506,1.19999964193945,3.68491801185892e-06
DEADLINE,14,-0.00176776061761686,1.19760765169178
......9......RESULT,14,0.7,0,-1,1.19e-09,5.72749999999994e-10
RESET,14,1.36410943402412e-07,9.9572560598825e-06,1.01803644619064e-05,1.36393474952698e-07,1.19998363639813,7.40734312616738e-06
ENERGY,14,8,0,0,0
ENERGY,14,7,3.41851630659326e-16,1.05969285798138e-15,7.17841227322125e-16
ENERGY,14,6,1.18030197552489e-15,2.86907583934887e-15,1.68877386382368e-15
ENERGY,14,5,6.20224961385538e-16,9.92143526671177e-16,3.71918565285607e-16
ENERGY,14,4,5.69945801683371e-16,9.41857794798584e-16,3.71911993115126e-16
ENERGY,14,3,4.61026172771655e-15,4.61026172771655e-15,0
ENERGY,14,2,1.72785265479488e-14,1.80877591586636e-14,8.09232610716135e-16
ENERGY,14,1,1.18922680572364e-14,1.27990817017437e-14,9.06813644508173e-16
ENERGY,14,0,1.20267885709739e-14,1.2933216146693e-14,9.06427575719013e-16
BIASED,15,0.657189041608419,0.736672077551729,0.694022644132555,0.699838476081485
CORECAP,15,2.44577853610786e-06,1.20007580247126,5.20455132606351e-05,1.19999879318328
DEADLINE,15,1.19967003640381,8.86614741667685e-05
RESULT,15,0.7,-0.044,1,0,1.19e-09
......9......8RESET,15,1.36262649892536e-07,-3.46644376323855e-07,2.17167144156575e-08,-4.7148121467894e-07,1.20000141003022,1.13663812842955e-06
ENERGY,15,8,0,0,0
ENERGY,15,7,2.86429509579456e-16,9.18041249246396e-16,6.31611739666605e-16
ENERGY,15,6,1.18459774036393e-15,2.86259046993116e-15,1.67799272956728e-15
ENERGY,15,5,7.02358008129841e-16,1.1409116125069e-15,4.38553604377121e-16
ENERGY,15,4,3.80339132444464e-16,7.40543003296068e-16,3.60203870851668e-16
ENERGY,15,3,4.60419777495042e-15,4.60419777495042e-15,0
ENERGY,15,2,2.36054334330092e-15,3.09370222134972e-15,7.33158878047675e-16
ENERGY,15,1,1.26165788865877e-14,1.34762646458705e-14,8.59685759281654e-16
ENERGY,15,0,1.110954558692e-14,1.19717055039348e-14,8.62159917015812e-16
BIASED,16,0.66106626249873,0.732794855894942,0.697899864557355,0.69596125391677
CORECAP,16,2.64578910367429e-06,1.19999928781869,1.19999909776381,5.97952797688371e-06
DEADLINE,16,-0.00176881564110704,1.19760695714718
RESULT,16,0.7,-0.036,-1,1.19e-09,6.32749999999996e-10
......9......8.RESET,16,1.36321419045649e-07,9.96880730381311e-06,1.01799786250635e-05,1.3650903373543e-07,1.19998363639957,7.4073387423838e-06
ENERGY,16,8,0,0,0
ENERGY,16,7,3.41847484246689e-16,1.06002166282401e-15,7.18174178577119e-16
ENERGY,16,6,1.18400739650338e-15,2.86387042387032e-15,1.67986302736705e-15
ENERGY,16,5,6.45364638146667e-16,1.0282458110209e-15,3.82881172874258e-16
ENERGY,16,4,4.33799455485776e-16,8.04042871490983e-16,3.70243416005281e-16
ENERGY,16,3,4.60420354761073e-15,4.60420354761073e-15,0
ENERGY,16,2,1.71290392217883e-14,1.81156855924644e-14,9.86646370676661e-16
ENERGY,16,1,1.40939437050446e-14,1.49555929683125e-14,8.61649263266342e-16
ENERGY,16,0,1.16739923916799e-14,1.25357123400717e-14,8.61719948390288e-16
BIASED,17,0.695961254251794,0.697899864873495,0.732794856703219,0.661066263300232
CORECAP,17,6.03648065750534e-06,1.19999665768735,1.20000024860645,2.60335256027883e-06
DEADLINE,17,-0.00176866959122441,1.19760718030574
RESULT,17,0.7,0.036,-1,1.18999999999999e-09,6.27999999999997e-10
......9......8..RESET,17,1.36528508803387e-07,9.94960250910701e-06,1.01749911248486e-05,1.36303481139752e-07,1.19998363639786,7.40734237478656e-06
ENERGY,17,8,0,0,0
ENERGY,17,7,3.41853476066021e-16,1.05822821905538e-15,7.16374742989349e-16
ENERGY,17,6,1.18399519000173e-15,2.86395952446551e-15,1.67996433446402e-15
ENERGY,17,5,3.87055775454904e-16,7.95173951145787e-16,4.08118175691044e-16
ENERGY,17,4,6.9301567173455e-16,1.07461031967772e-15,3.81594647943218e-16
ENERGY,17,3,4.60420212010592e-15,4.60420212010592e-15,0
ENERGY,17,2,1.73032931092947e-14,1.81410979255777e-14,8.37804816285066e-16
ENERGY,17,1,1.14694915326732e-14,1.23311601893532e-14,8.61668656682169e-16
ENERGY,17,0,1.41515580940992e-14,1.50133938596078e-14,8.61835765505678e-16
BIASED,18,0.69983847552462,0.694022643608034,0.736672077793543,0.657189041838347
CORECAP,18,1.19999769126902,5.46567244140161e-06,1.20000299300651,2.4573170452686e-06
DEADLINE,18,1.19967085697348,8.92816819956924e-05
RESULT,18,0.7,0.044,1,0,1.19e-09
RESET,18,1.36537294198092e-07,6.24994306551424e-06,7.36505271995069e-06,1.36220838543539e-07,1.20000141073937,1.13690226307117e-06
ENERGY,18,8,0,0,0
ENERGY,18,7,2.8659418217759e-16,9.18182428764689e-16,6.31588246587275e-16
ENERGY,18,6,1.18482871640926e-15,2.86293655567974e-15,1.6781078392703e-15
ENERGY,18,5,4.01243922764076e-16,7.42031309150118e-16,3.4078738638608e-16
ENERGY,18,4,6.80787825166809e-16,1.1193568490852e-15,4.38569023918505e-16
ENERGY,18,3,4.60420091977914e-15,4.60420091977914e-15,0
ENERGY,18,2,2.11759968928601e-15,2.87817534811949e-15,7.60575658828688e-16
ENERGY,18,1,1.13081638082562e-14,1.21698414056319e-14,8.61677597373794e-16
ENERGY,18,0,1.26227973503509e-14,1.34844650427561e-14,8.61667692405209e-16
......9......8...BIASED,19,0.726979023860059,0.763812625923031,0.763812625502084,0.726979023455657
CORECAP,19,1.3239005261145e-06,1.2000047354568,1.20000609390269,1.3870998632236e-06
DEADLINE,19,-0.00173762313134986,1.19761140589042
RESULT,19,0.75,0,-1,1.19e-09,5.72999999999995e-10
RESET,19,1.36138484806991e-07,9.95406160588031e-06,1.01751480122896e-05,1.36133704699682e-07,1.19998363640082,7.40733014149235e-06
ENERGY,19,8,0,0,0
ENERGY,19,7,3.42134138624711e-16,1.059967407483e-15,7.17833268858262e-16
ENERGY,19,6,1.21076739291519e-15,2.86359012140103e-15,1.65282272848549e-15
ENERGY,19,5,9.50960903920117e-16,1.36470702338905e-15,4.13746119468911e-16
ENERGY,19,4,8.97855205178035e-16,1.31159952230793e-15,4.13744317129985e-16
ENERGY,19,3,4.14979703105737e-15,4.14979703105737e-15,0
ENERGY,19,2,1.72735819956959e-14,1.80871705774195e-14,8.13588581728719e-16
ENERGY,19,1,1.1944780202538e-14,1.28531838689512e-14,9.08403666410324e-16
ENERGY,19,0,1.20793738135651e-14,1.29873212674054e-14,9.07947453840552e-16
BIASED,20,0.705654307058481,0.785137343067086,0.742487909033439,0.748303740997898
......9......8....CORECAP,20,1.05290104280382e-06,1.200079800305,4.9024726505889e-05,1.19999897789577
DEADLINE,20,1.19966987829968,8.8633114509283e-05
RESULT,20,0.75,-0.044,1,0,1.19e-09
RESET,20,1.3613080149598e-07,-3.441843819776e-07,-8.17327981930243e-08,-2.40285615580252e-07,1.20000141002884,1.13663752797539e-06
ENERGY,20,8,0,0,0
ENERGY,20,7,2.86721798051438e-16,9.18334258775225e-16,6.31612460723795e-16
ENERGY,20,6,1.21568630352957e-15,2.85793715463427e-15,1.64225085110472e-15
ENERGY,20,5,1.04678057384568e-15,1.53353954541982e-15,4.86758971574086e-16
ENERGY,20,4,6.88189688695856e-16,1.06367860128897e-15,3.75488912593071e-16
ENERGY,20,3,4.14377903421573e-15,4.14377903421573e-15,0
ENERGY,20,2,2.35655970738427e-15,3.09938459607816e-15,7.42824888696691e-16
ENERGY,20,1,1.27104796308645e-14,1.35731119901012e-14,8.62632359237283e-16
ENERGY,20,0,1.11495430431077e-14,1.20180700409804e-14,8.68526997873926e-16
BIASED,21,0.70953152832848,0.78126012178826,0.746365130444448,0.744426519777611
CORECAP,21,9.92040596273234e-07,1.20000090812812,1.20000274479897,2.39018409914979e-06
DEADLINE,21,-0.00177349897843628,1.19760536887508
......9......8.....RESULT,21,0.75,-0.036,-1,1.19e-09,6.32749999999996e-10
RESET,21,1.36092674584613e-07,9.95878183847653e-06,1.01778487668871e-05,1.36243236043974e-07,1.1999836364015,7.40732807026017e-06
ENERGY,21,8,0,0,0
ENERGY,21,7,3.4213868124411e-16,1.0602289994285e-15,7.18090318184322e-16
ENERGY,21,6,1.21779109381338e-15,2.86167590139552e-15,1.64388480758158e-15
ENERGY,21,5,9.85054387714212e-16,1.40744979300403e-15,4.22395405289977e-16
ENERGY,21,4,7.46373228209321e-16,1.15488574877649e-15,4.08512520567227e-16
ENERGY,21,3,4.14378314065035e-15,4.14378314065035e-15,0
ENERGY,21,2,1.71257744724056e-14,1.8115125553882e-14,9.89351081474972e-16
ENERGY,21,1,1.41824321690232e-14,1.50451033041476e-14,8.62671135119426e-16
ENERGY,21,0,1.17163760321011e-14,1.25790550048488e-14,8.62678972748465e-16
BIASED,22,0.744426519728528,0.746365130344305,0.781260122435849,0.709531528988922
CORECAP,22,2.35825654199828e-06,1.19999804053399,1.20000041545857,1.061796772204e-06
DEADLINE,22,-0.00177381811777272,1.19760531450618
RESULT,22,0.75,0.036,-1,1.19e-09,6.27999999999997e-10
......9......8......RESET,22,1.36198698161043e-07,9.94865736605617e-06,1.01693533281976e-05,1.36142325296079e-07,1.19998363640048,7.40733030361589e-06
ENERGY,22,8,0,0,0
ENERGY,22,7,3.42139632773882e-16,1.05842848268623e-15,7.16288849912351e-16
ENERGY,22,6,1.21407091535551e-15,2.86180024579326e-15,1.64772933043757e-15
ENERGY,22,5,6.97068148721653e-16,1.14354215067654e-15,4.46474001955016e-16
ENERGY,22,4,1.03524288826675e-15,1.45753830477733e-15,4.22295416510455e-16
ENERGY,22,3,4.14378192558912e-15,4.14378192558912e-15,0
ENERGY,22,2,1.73012780324662e-14,1.81416768334671e-14,8.4039880099712e-16
ENERGY,22,1,1.15126783031563e-14,1.23753397321195e-14,8.62661428966956e-16
ENERGY,22,0,1.42412645407217e-14,1.51041209818309e-14,8.62856441106976e-16
BIASED,23,0.748303740994547,0.742487909067217,0.78513734349325,0.70565430749567
CORECAP,23,1.19999896819265,1.92960271025309e-06,1.20000095823433,9.56891416324621e-07
DEADLINE,23,1.19967076299423,8.92607817397364e-05
RESULT,23,0.75,0.044,1,0,1.19e-09
......9......8......7RESET,23,1.36283402616763e-07,6.24944412721556e-06,7.35854458938801e-06,1.36144717030065e-07,1.2000014107392,1.13690215971169e-06
ENERGY,23,8,0,0,0
ENERGY,23,7,2.86761998292001e-16,9.18359521208329e-16,6.31597522916503e-16
ENERGY,23,6,1.21083505130876e-15,2.85687958660545e-15,1.64604453529678e-15
ENERGY,23,5,7.10235204416571e-16,1.06601040946115e-15,3.55775205044652e-16
ENERGY,23,4,1.02405252377942e-15,1.51072862563178e-15,4.86676101852323e-16
ENERGY,23,3,4.14378093820035e-15,4.14378093820035e-15,0
ENERGY,23,2,2.11561820545433e-15,2.88439388448642e-15,7.68775679028851e-16
ENERGY,23,1,1.13510771638713e-14,1.2214276751724e-14,8.63199587858563e-16
ENERGY,23,0,1.27203704711851e-14,1.35830808957234e-14,8.62710424537711e-16
BIASED,24,0.775444289815961,0.81227789195365,0.812277891874803,0.775444289742094
CORECAP,24,1.07458834755627e-06,1.20000231984286,1.20000049150435,1.0673781357377e-06
DEADLINE,24,-0.00177444406810819,1.19760540300355
RESULT,24,0.8,0,-1,1.18999999999999e-09,5.7174999999998e-10
......9......8......7.RESET,24,1.3604184642663e-07,9.95194545172467e-06,1.01744446643432e-05,1.36090070121729e-07,1.1999836364019,7.40732519281459e-06
ENERGY,24,8,0,0,0
ENERGY,24,7,3.42134052221354e-16,1.05995061761723e-15,7.17816565395983e-16
ENERGY,24,6,1.22034567379626e-15,2.8546953451726e-15,1.63434967137595e-15
ENERGY,24,5,1.32002119924747e-15,1.76567639678076e-15,4.45655197533209e-16
ENERGY,24,4,1.26415749696284e-15,1.70981157298307e-15,4.45654076019822e-16
ENERGY,24,3,3.68933919545937e-15,3.68933919545937e-15,0
ENERGY,24,2,1.72735156261995e-14,1.8086945679837e-14,8.13430053636931e-16
ENERGY,24,1,1.1976901957924e-14,1.28848842901338e-14,9.07982332208963e-16
ENERGY,24,0,1.21114528136436e-14,1.30190706998473e-14,9.07617886205236e-16
BIASED,25,0.754119572952762,0.833602609139892,0.790953175203014,0.796769007111625
CORECAP,25,1.01216769812945e-06,1.20007633156645,4.81194853932912e-05,1.19999911462905
DEADLINE,25,1.19966984181128,8.86261152722584e-05
RESULT,25,0.8,-0.044,1,0,1.19e-09
RESET,25,1.36106312854595e-07,-3.42775500872937e-07,1.0918353035377e-06,1.36024866230418e-07,1.20000141002849,1.1366373643444e-06
ENERGY,25,8,0,0,0
ENERGY,25,7,2.86721656843141e-16,9.18335087711933e-16,6.31613430868953e-16
ENERGY,25,6,1.22143708336429e-15,2.8496605997927e-15,1.62822351642814e-15
ENERGY,25,5,1.42959571201438e-15,1.95493098496643e-15,5.25335272951798e-16
ENERGY,25,4,1.03440483015742e-15,1.42659987999481e-15,3.92195049837731e-16
ENERGY,25,3,3.68336051427091e-15,3.68336051427091e-15,0
ENERGY,25,2,2.35656541988681e-15,3.10323103267531e-15,7.4666561278724e-16
ENERGY,25,1,1.27696993043439e-14,1.36332480244293e-14,8.63548720080733e-16
ENERGY,25,0,1.11768850790872e-14,1.20485025965742e-14,8.71617517491526e-16
......9......8......7..BIASED,26,0.7579967949544,0.82972538856391,0.794830397030313,0.792891786391776
CORECAP,26,8.81764647537628e-07,1.19999991907626,1.20000278277055,1.94279314660945e-06
DEADLINE,26,-0.00177451887095029,1.19760542549495
RESULT,26,0.8,-0.036,-1,1.18999999999999e-09,6.30499999999987e-10
RESET,26,1.36086446457244e-07,9.95476478798114e-06,1.01763601127699e-05,1.36117117228007e-07,1.19998363640228,7.407323889207e-06
ENERGY,26,8,0,0,0
ENERGY,26,7,3.41970647665289e-16,1.06002182254441e-15,7.18051174879245e-16
ENERGY,26,6,1.2210548248062e-15,2.85062334835132e-15,1.62956852354519e-15
ENERGY,26,5,1.3631107218945e-15,1.81690159653945e-15,4.53790874644765e-16
ENERGY,26,4,1.09731997873048e-15,1.53606032306583e-15,4.38740344335364e-16
ENERGY,26,3,3.68336293458848e-15,3.68336293458848e-15,0
ENERGY,26,2,1.71283126383299e-14,1.81150759848874e-14,9.86763346558772e-16
ENERGY,26,1,1.42381231325657e-14,1.51016597623303e-14,8.63536629759124e-16
ENERGY,26,0,1.17448112827628e-14,1.26084922118648e-14,8.63680929101403e-16
BIASED,27,0.792891785619306,0.794830396255685,0.829725388218657,0.757996794610253
......9......8......7...CORECAP,27,1.68316397236051e-06,1.19999784066925,1.20000080903856,1.02658067896013e-06
DEADLINE,27,-0.00177460054436118,1.19760537731548
RESULT,27,0.8,0.036,-1,1.18999999999999e-09,6.25749999999988e-10
RESET,27,1.36068353904794e-07,9.95417999683432e-06,1.01702277113602e-05,1.36012690721947e-07,1.19998363640226,7.40732581187057e-06
ENERGY,27,8,0,0,0
ENERGY,27,7,3.42139226606077e-16,1.05837482721956e-15,7.16235600613647e-16
ENERGY,27,6,1.22102943644823e-15,2.85074886108674e-15,1.62971942463883e-15
ENERGY,27,5,1.04544282422597e-15,1.52193847478652e-15,4.76495650560432e-16
ENERGY,27,4,1.41588083529995e-15,1.86987185837941e-15,4.53991023079259e-16
ENERGY,27,3,3.68336273427673e-15,3.68336273427673e-15,0
ENERGY,27,2,1.73030751614864e-14,1.814193184471e-14,8.38856683222494e-16
ENERGY,27,1,1.15399991952428e-14,1.24035516923942e-14,8.63552497144828e-16
ENERGY,27,0,1.42963561742937e-14,1.51600134383728e-14,8.63657264082829e-16
BIASED,28,0.796769006893694,0.790953174978857,0.833602609139329,0.754119572959763
CORECAP,28,1.19999912029795,1.643484845725e-06,1.19999945772797,8.66921814869548e-07
......9......8......7....DEADLINE,28,1.19967075293972,8.92776675080284e-05
RESULT,28,0.8,0.044,1,0,1.18999999999999e-09
RESET,28,1.36068167105273e-07,6.2496368032833e-06,7.35664519026096e-06,1.3386834718906e-07,1.20000141073896,1.13690208904859e-06
ENERGY,28,8,0,0,0
ENERGY,28,7,2.86762855447665e-16,9.18363052970194e-16,6.31600197522578e-16
ENERGY,28,6,1.22145179696375e-15,2.84972988022758e-15,1.62827808326375e-15
ENERGY,28,5,1.05760318488638e-15,1.42992820524316e-15,3.7232502035708e-16
ENERGY,28,4,1.40570379143186e-15,1.93098249411086e-15,5.25278702679275e-16
ENERGY,28,3,3.6833615584533e-15,3.6833615584533e-15,0
ENERGY,28,2,2.1157299020581e-15,2.88859215959012e-15,7.7286225753684e-16
ENERGY,28,1,1.13774612919579e-14,1.22427068222958e-14,8.65245530337856e-16
ENERGY,28,0,1.27787405445299e-14,1.36423017384453e-14,8.63561193919244e-16
BIASED,29,0.823909555787246,0.860743158026897,0.860743157526972,0.823909555293434
CORECAP,29,1.14477358058466e-06,1.19999957540979,1.20000047515818,1.16890939724605e-06
DEADLINE,29,-0.00177400790873922,1.19760546168618
RESULT,29,0.85,0,-1,1.18999999999999e-09,5.6924999999999e-10
......9......8......7.....RESET,29,1.36068677761553e-07,9.95145276042684e-06,1.01722582632713e-05,1.35994801159376e-07,1.19998363640152,7.40732677009189e-06
ENERGY,29,8,0,0,0
ENERGY,29,7,3.42139428385167e-16,1.05994497437802e-15,7.17805545992705e-16
ENERGY,29,6,1.21977812934963e-15,2.84572922166171e-15,1.62595109231239e-15
ENERGY,29,5,1.72769391302033e-15,2.19585936002132e-15,4.68165447000991e-16
ENERGY,29,4,1.66892026116979e-15,2.13708533608984e-15,4.68165074919787e-16
ENERGY,29,3,3.22889228277013e-15,3.22889228277013e-15,0
ENERGY,29,2,1.72736101069352e-14,1.80871189888899e-14,8.13508881954713e-16
ENERGY,29,1,1.19822953193777e-14,1.2889889742951e-14,9.07594423576866e-16
ENERGY,29,0,1.21167340462156e-14,1.30243810922092e-14,9.07647045988628e-16
BIASED,30,0.802584838830206,0.88206787522647,0.83941844100964,0.84523427294251
CORECAP,30,1.03360453366666e-06,1.20007828125505,4.8259373226983e-05,1.19999909179042
DEADLINE,30,1.19966987384615,8.8633073061189e-05
RESULT,30,0.85,-0.044,1,0,1.19e-09
......9......8......7......RESET,30,1.36022668621625e-07,-3.4252951972885e-07,1.09218545754024e-06,1.49999370485144e-09,1.20000141002983,1.13663793009196e-06
ENERGY,30,8,0,0,0
ENERGY,30,7,2.86721669698257e-16,9.18336111072436e-16,6.31614441374305e-16
ENERGY,30,6,1.22049404409231e-15,2.84118356008381e-15,1.62068951599162e-15
ENERGY,30,5,1.8508711037885e-15,2.40752875010333e-15,5.56657646314807e-16
ENERGY,30,4,1.41892119547403e-15,1.82367985429165e-15,4.04758658817603e-16
ENERGY,30,3,3.22294202916854e-15,3.22294202916854e-15,0
ENERGY,30,2,2.35663818445347e-15,3.10559691370104e-15,7.48958729240437e-16
ENERGY,30,1,1.27865096665266e-14,1.36507715729279e-14,8.6426190640346e-16
ENERGY,30,0,1.1178929926754e-14,1.20519087500003e-14,8.72978823242837e-16
BIASED,31,0.806462060117234,0.878190653944504,0.843295662238655,0.841357051597615
CORECAP,31,1.04952634273098e-06,1.20000520526245,1.19999859303105,1.9455061426326e-06
DEADLINE,31,-0.00177408875796238,1.19760546270002
RESULT,31,0.85,-0.036,-1,1.19e-09,6.26749999999989e-10
......9......8......7......6RESET,31,1.36051235595089e-07,9.95322160684598e-06,1.0173507950995e-05,1.3600394695778e-07,1.1999836364017,7.4073265477063e-06
ENERGY,31,8,0,0,0
ENERGY,31,7,3.42136768151685e-16,1.0601575687124e-15,7.18020800560406e-16
ENERGY,31,6,1.2202197223953e-15,2.84197625127703e-15,1.6217565288819e-15
ENERGY,31,5,1.7795194609979e-15,2.25583291980137e-15,4.7631345880358e-16
ENERGY,31,4,1.48664809535497e-15,1.94745279998367e-15,4.60804704628442e-16
ENERGY,31,3,3.22294271440682e-15,3.22294271440682e-15,0
ENERGY,31,2,1.71279739931582e-14,1.81152238417734e-14,9.87249848611761e-16
ENERGY,31,1,1.42529661933866e-14,1.51172094462675e-14,8.64243252879589e-16
ENERGY,31,0,1.17471534741873e-14,1.261181434518e-14,8.64660870996373e-16
BIASED,32,0.841357051635712,0.84329566228469,0.878190653955014,0.806462060134741
CORECAP,32,1.96603031419467e-06,1.20000685921354,1.20000129057372,1.05624960190446e-06
DEADLINE,32,-0.00177411473659411,1.19760543859673
RESULT,32,0.85,0.036,-1,1.18999999999999e-09,6.21999999999991e-10
......9......8......7......6.RESET,32,1.36014034395097e-07,9.94992060454344e-06,1.01707557026554e-05,1.35988999911929e-07,1.1999836364014,7.4073271840244e-06
ENERGY,32,8,0,0,0
ENERGY,32,7,3.42139207789081e-16,1.05834890648947e-15,7.16209698700285e-16
ENERGY,32,6,1.22019410747733e-15,2.8420860598685e-15,1.62189195239119e-15
ENERGY,32,5,1.43205008454605e-15,1.93050402953407e-15,4.98453944988375e-16
ENERGY,32,4,1.83501251647558e-15,2.31154072921405e-15,4.76528212738349e-16
ENERGY,32,3,3.22294296199421e-15,3.22294296199421e-15,0
ENERGY,32,2,1.73039416918616e-14,1.81419178874844e-14,8.37976195617276e-16
ENERGY,32,1,1.15422410402082e-14,1.24064169927188e-14,8.64175952508533e-16
ENERGY,32,0,1.43109603006724e-14,1.51753580701798e-14,8.64397769514359e-16
BIASED,33,0.845234272941883,0.839418441010853,0.882067875281617,0.80258483888315
CORECAP,33,1.19999909024824,1.70424688855321e-06,1.19999945733221,1.03657904956115e-06
DEADLINE,33,1.19967076491987,8.92800552032009e-05
RESULT,33,0.85,0.044,1,0,1.18999999999999e-09
RESET,33,1.36096695916613e-07,6.24976987135199e-06,7.35777428462646e-06,1.33241015311341e-07,1.20000141073878,1.13690193890464e-06
ENERGY,33,8,0,0,0
ENERGY,33,7,2.867628755473e-16,9.18365600747898e-16,6.31602725200731e-16
ENERGY,33,6,1.21493631482882e-15,2.8412536857171e-15,1.62631737088893e-15
ENERGY,33,5,1.44332821176445e-15,1.82865771193414e-15,3.8532950016965e-16
ENERGY,33,4,1.82573719577897e-15,2.38237005950331e-15,5.56632863724427e-16
ENERGY,33,3,3.22294203528818e-15,3.22294203528818e-15,0
ENERGY,33,2,2.11592689802429e-15,2.89062682772726e-15,7.74699929701066e-16
ENERGY,33,1,1.13811663509754e-14,1.22477128497986e-14,8.66546498824983e-16
ENERGY,33,0,1.27966985282967e-14,1.36610163833636e-14,8.6431785506857e-16
BIASED,34,0.872374821908947,0.90920842422871,0.909208424268671,0.872374821943294
......9......8......7......6..CORECAP,34,1.12546647866514e-06,1.19999937830546,1.20000616714996,1.12275831553973e-06
DEADLINE,34,-0.00177341227650648,1.19760554020949
RESULT,34,0.9,0,-1,1.18999999999999e-09,5.66249999999987e-10
RESET,34,1.36045978318929e-07,9.95159956150222e-06,1.01688390865743e-05,1.35972519746942e-07,1.19998363640094,7.40732908077236e-06
ENERGY,34,8,0,0,0
ENERGY,34,7,3.42078906740737e-16,1.05992533102691e-15,7.1784642428612e-16
ENERGY,34,6,1.20915153250429e-15,2.83615222441806e-15,1.62700069191398e-15
ENERGY,34,5,2.17379298561814e-15,2.66066104521385e-15,4.86868059595278e-16
ENERGY,34,4,2.11213056937272e-15,2.59849800142793e-15,4.86367432055821e-16
ENERGY,34,3,2.76845717446099e-15,2.76845717446099e-15,0
ENERGY,34,2,1.72735935017392e-14,1.80875036093786e-14,8.13910107636803e-16
ENERGY,34,1,1.19726848278746e-14,1.28800931439289e-14,9.07408316054243e-16
ENERGY,34,0,1.21069619674699e-14,1.30146931400558e-14,9.077311725903e-16
BIASED,35,0.851050104854107,0.930533141407971,0.887883707203498,0.893699539147165
......9......8......7......6...CORECAP,35,9.04912881187962e-07,1.20007488873967,4.74096766775339e-05,1.20000087307621
DEADLINE,35,1.19966991747921,8.86421685845972e-05
RESULT,35,0.9,-0.044,1,0,1.19e-09
RESET,35,1.36062359817606e-07,-3.42198072515152e-07,1.09209060168402e-06,-2.35958894531965e-07,1.20000141003049,1.13663826489826e-06
ENERGY,35,8,0,0,0
ENERGY,35,7,2.8790546211633e-16,9.18341647512101e-16,6.30436185396168e-16
ENERGY,35,6,1.20396334432577e-15,2.8262725208027e-15,1.62230917647696e-15
ENERGY,35,5,2.31060609452994e-15,2.89541778941187e-15,5.84811694881704e-16
ENERGY,35,4,1.84169343184432e-15,2.2540722349606e-15,4.12378803115927e-16
ENERGY,35,3,2.76252259063182e-15,2.76252259063182e-15,0
ENERGY,35,2,2.35631909766435e-15,3.10654513786856e-15,7.5022604020311e-16
ENERGY,35,1,1.27807761850569e-14,1.36454815786197e-14,8.64705393561261e-16
ENERGY,35,0,1.11692201946454e-14,1.20428667209691e-14,8.73646526323995e-16
BIASED,36,0.854927326182553,0.926655920149507,0.89176092904109,0.889822318403479
CORECAP,36,1.05181134837073e-06,1.20000599807513,1.19999998923365,1.90387028329125e-06
DEADLINE,36,-0.00177349068447144,1.1976055340851
......9......8......7......6....RESULT,36,0.9,-0.036,-1,1.19e-09,6.22249999999998e-10
RESET,36,1.35979710117918e-07,9.95313903083566e-06,1.01750453173864e-05,1.35986297226201e-07,1.19998363640124,7.40732874707259e-06
ENERGY,36,8,0,0,0
ENERGY,36,7,3.43324237971425e-16,1.06013179206899e-15,7.16807554098118e-16
ENERGY,36,6,1.20371989125947e-15,2.82684848703849e-15,1.62312859577903e-15
ENERGY,36,5,2.23426649864491e-15,2.72858234372691e-15,4.94315845081765e-16
ENERGY,36,4,1.91435257417542e-15,2.39323035474554e-15,4.78877780569733e-16
ENERGY,36,3,2.76252209509428e-15,2.76252209509428e-15,0
ENERGY,36,2,1.71285081526782e-14,1.81149647550647e-14,9.8645660238629e-16
ENERGY,36,1,1.42442156905183e-14,1.51089646916789e-14,8.64749001156185e-16
ENERGY,36,0,1.17376803359635e-14,1.26028695122084e-14,8.6518917624923e-16
BIASED,37,0.889822317802298,0.891760928446666,0.926655920150983,0.854927326170414
CORECAP,37,1.90679312075221e-06,1.19999908384314,1.19999939041219,1.04347514130216e-06
DEADLINE,37,-0.00177351189742064,1.19760550839019
RESULT,37,0.9,0.036,-1,1.18999999999999e-09,6.17499999999986e-10
......9......8......7......6.....RESET,37,1.36048244583097e-07,9.95016159648432e-06,1.01722101205199e-05,1.36031580410785e-07,1.19998363640071,7.40732939019266e-06
ENERGY,37,8,0,0,0
ENERGY,37,7,3.43325746663523e-16,1.05836914309536e-15,7.15043396431848e-16
ENERGY,37,6,1.20371690171573e-15,2.82694523130961e-15,1.62322832959363e-15
ENERGY,37,5,1.85683440503639e-15,2.3733236200425e-15,5.16489215005922e-16
ENERGY,37,4,2.29265899548745e-15,2.78717015376881e-15,4.94511158280679e-16
ENERGY,37,3,2.76252198463775e-15,2.76252198463775e-15,0
ENERGY,37,2,1.73039285113578e-14,1.81414855732699e-14,8.37557061908943e-16
ENERGY,37,1,1.1532594532687e-14,1.2397219746975e-14,8.64625214292206e-16
ENERGY,37,0,1.43026561011586e-14,1.51676880295604e-14,8.650319283957e-16
BIASED,38,0.893699539143959,0.887883707209166,0.93053314145379,0.851050104893857
CORECAP,38,1.20000079222521,1.66300841394973e-06,1.19999929924205,9.21868083565094e-07
DEADLINE,38,1.19967079317364,8.92712500042539e-05
RESULT,38,0.9,0.044,1,0,1.18999999999999e-09
......9......8......7......6......RESET,38,1.36031603426481e-07,6.24976886036705e-06,7.3574399630402e-06,1.30608039377668e-07,1.20000141073874,1.13690210882579e-06
ENERGY,38,8,0,0,0
ENERGY,38,7,2.87946565069924e-16,9.18370019940101e-16,6.30423454870668e-16
ENERGY,38,6,1.20398579960956e-15,2.82635633956441e-15,1.62237053995473e-15
ENERGY,38,5,1.86740077575124e-15,2.26089080529326e-15,3.93490029542593e-16
ENERGY,38,4,2.28415524437151e-15,2.86897579244861e-15,5.84820548077701e-16
ENERGY,38,3,2.76252225229826e-15,2.76252225229826e-15,0
ENERGY,38,2,2.11541891930881e-15,2.89089321312718e-15,7.75474293826944e-16
ENERGY,38,1,1.13700147481153e-14,1.22372098440303e-14,8.67195095904774e-16
ENERGY,38,0,1.27888980270111e-14,1.36536999049582e-14,8.64801877943215e-16
BIASED,39,0.920840088144892,0.957673690515064,0.957673690477998,0.920840088108251
CORECAP,39,1.06788760196209e-06,1.19999925713087,1.19999980550063,1.06617150300662e-06
DEADLINE,39,-0.00173671806176134,1.19761176794706
RESULT,39,0.95,0,-1,1.18999999999999e-09,5.6349999999999e-10
......9......8......7......6......5RESET,39,1.35976903001077e-07,9.95162415551466e-06,1.017525139125e-05,1.36028299564891e-07,1.1999836364002,7.40733264840597e-06
ENERGY,39,8,0,0,0
ENERGY,39,7,3.4333167280938e-16,1.05991156481557e-15,7.16579892005825e-16
ENERGY,39,6,1.19696040128779e-15,2.82049599222504e-15,1.62353559093776e-15
ENERGY,39,5,2.65869435632623e-15,3.16159476529519e-15,5.02900408969335e-16
ENERGY,39,4,2.59384752113997e-15,3.09621646975807e-15,5.02368948618628e-16
ENERGY,39,3,2.3080333106598e-15,2.30880585278487e-15,7.72542122967928e-19
ENERGY,39,2,1.72728849681539e-14,1.80867828351052e-14,8.13897866951689e-16
ENERGY,39,1,1.1959909198891e-14,1.28673993228792e-14,9.07490123984578e-16
ENERGY,39,0,1.20940929724615e-14,1.30020603880943e-14,9.07967415640618e-16
BIASED,40,0.899515371064778,0.978998407753436,0.936348973379037,0.942164805323558
CORECAP,40,1.01505115894097e-06,1.20007665832457,4.7224373730812e-05,1.1999991317037
DEADLINE,40,1.19966995627625,8.86520587159188e-05
RESULT,40,0.95,-0.044,1,0,1.19e-09
RESET,40,1.3605433070875e-07,-3.4151265843629e-07,1.58376323371063e-07,1.3589503584354e-07,1.20000141003074,1.13663813948145e-06
ENERGY,40,8,0,0,0
ENERGY,40,7,2.87905219999258e-16,9.18346676003137e-16,6.30441456003062e-16
ENERGY,40,6,1.19752775282918e-15,2.81686176282883e-15,1.61933401e-15
ENERGY,40,5,2.80878973971404e-15,3.42049163501136e-15,6.11701895297467e-16
ENERGY,40,4,2.30275604403658e-15,2.72016801584771e-15,4.17411971810972e-16
ENERGY,40,3,2.30210303294309e-15,2.30210303294079e-15,2.31111593326468e-33
ENERGY,40,2,2.35642155437225e-15,3.10756959887935e-15,7.51148044518146e-16
ENERGY,40,1,1.27680117380139e-14,1.36330060850703e-14,8.64994347053769e-16
ENERGY,40,0,1.11532028874974e-14,1.20272162456032e-14,8.74013358104813e-16
......9......8......7......6......5.BIASED,41,0.903392591761272,0.9751211858561,0.940226194847578,0.938287584196732
CORECAP,41,9.05311592860729e-07,1.20000012549432,1.1999999930442,1.65470257995121e-06
DEADLINE,41,-0.00173678036709745,1.19761174099491
RESULT,41,0.95,-0.036,-1,1.19e-09,6.17749999999992e-10
RESET,41,1.35987702133823e-07,9.95348714064877e-06,1.01754455181639e-05,1.36020390322582e-07,1.19998363640069,7.40733113863188e-06
ENERGY,41,8,0,0,0
ENERGY,41,7,3.43322117626464e-16,1.06010726823652e-15,7.1678515061006e-16
ENERGY,41,6,1.19730933990462e-15,2.81718082409864e-15,1.61987148419417e-15
ENERGY,41,5,2.72737944221975e-15,3.23757308497048e-15,5.10193642751426e-16
ENERGY,41,4,2.38045123158803e-15,2.87551099382368e-15,4.95059762235535e-16
ENERGY,41,3,2.30210202405368e-15,2.30287942078941e-15,7.77396739414105e-19
ENERGY,41,2,1.71297341346412e-14,1.81151514244771e-14,9.85417289846899e-16
ENERGY,41,1,1.42295882633133e-14,1.50945805377159e-14,8.64992274402369e-16
ENERGY,41,0,1.17219961753281e-14,1.25875374907608e-14,8.65541315427455e-16
BIASED,42,0.938287584092852,0.940226194742719,0.975121186301234,0.90339259220452
......9......8......7......6......5..CORECAP,42,1.77150794185947e-06,1.20000368396022,1.20000212922586,9.34722791157648e-07
DEADLINE,42,-0.00173681076152213,1.19761173443393
RESULT,42,0.95,0.036,-1,1.18999999999999e-09,6.12999999999994e-10
RESET,42,1.35978380511987e-07,9.94970379745261e-06,1.01720307896684e-05,1.35966045317328e-07,1.19998363640007,7.40733288325394e-06
ENERGY,42,8,0,0,0
ENERGY,42,7,3.43323437678764e-16,1.05830383597838e-15,7.14980398299813e-16
ENERGY,42,6,1.19730557603265e-15,2.81728736034128e-15,1.61998178430844e-15
ENERGY,42,5,2.31988211082755e-15,2.85252515484305e-15,5.3264304401615e-16
ENERGY,42,4,2.78882967726117e-15,3.29919339242583e-15,5.10363715164478e-16
ENERGY,42,3,2.30210204871923e-15,2.30287942900729e-15,7.77380289240693e-19
ENERGY,42,2,1.73044106248516e-14,1.8141412562203e-14,8.37001937351907e-16
ENERGY,42,1,1.15168466666778e-14,1.23818132220834e-14,8.6496655540908e-16
ENERGY,42,0,1.42888228649141e-14,1.51541894847144e-14,8.65366619809006e-16
BIASED,43,0.942164805388138,0.936348973434831,0.978998407706235,0.899515371010974
CORECAP,43,1.19999914003932,1.61809549381886e-06,1.20000348815404,1.01893272911386e-06
......9......8......7......6......5...DEADLINE,43,1.1996708137253,8.92762107551192e-05
RESULT,43,0.95,0.044,1,0,1.18999999999999e-09
RESET,43,1.35963325202208e-07,6.24997738969142e-06,7.35739090054307e-06,1.01431289133511e-07,1.20000141073759,1.13690168954058e-06
ENERGY,43,8,0,0,0
ENERGY,43,7,2.87945735420129e-16,9.18373021303549e-16,6.30427285883474e-16
ENERGY,43,6,1.19757083674607e-15,2.81691436622835e-15,1.61934352948222e-15
ENERGY,43,5,2.32981846885026e-15,2.72888049942817e-15,3.99062030578362e-16
ENERGY,43,4,2.78093924703508e-15,3.39270277845635e-15,6.11763531422284e-16
ENERGY,43,3,2.30210191826678e-15,2.30210191826685e-15,7.3185337886715e-33
ENERGY,43,2,2.11544498828917e-15,2.89114765796134e-15,7.75702669665324e-16
ENERGY,43,1,1.13540886044765e-14,1.22216234492418e-14,8.6753484476861e-16
ENERGY,43,0,1.27757633655757e-14,1.36408782354482e-14,8.6511486987231e-16
BIASED,44,0.969305354416692,1.00613895685267,1.00613895691822,0.969305354440566
CORECAP,44,1.1321162412865e-06,1.1999992649176,1.1999992641091,1.09805370730126e-06
DEADLINE,44,-0.00177133146845985,1.19760605733316
RESULT,44,1,0,-1,1.18999999999999e-09,5.60999999999988e-10
......9......8......7......6......5....RESET,44,1.35990638724427e-07,9.95206185612791e-06,1.01739902938061e-05,1.36022113973584e-07,1.19998363639925,7.40733737158269e-06
ENERGY,44,8,0,0,0
ENERGY,44,7,3.41297982886101e-16,1.05788466203918e-15,7.16586679152768e-16
ENERGY,44,6,1.19015699310623e-15,2.81043899552098e-15,1.62028200241384e-15
ENERGY,44,5,3.18223082671733e-15,3.69989707612981e-15,5.17666249412077e-16
ENERGY,44,4,3.11402376920077e-15,3.63112917905604e-15,5.17105409854953e-16
ENERGY,44,3,1.84761337424812e-15,1.85095649281061e-15,3.34311856607708e-18
ENERGY,44,2,1.72749806665751e-14,1.80873235581054e-14,8.12342891544872e-16
ENERGY,44,1,1.1954040408866e-14,1.28613581663302e-14,9.07317757476525e-16
ENERGY,44,0,1.20881190309363e-14,1.29960032935737e-14,9.07884262640941e-16
BIASED,45,0.947980637322974,1.027463674136,0.984814239261919,0.990630071211067
CORECAP,45,1.00384350151239e-06,1.20007338152404,4.6821979618277e-05,1.19999914774792
DEADLINE,45,1.19966997422546,8.86545879679736e-05
RESULT,45,1,-0.044,1,0,1.18999999999999e-09
......9......8......7......6......5.....RESET,45,1.36014165674347e-07,-3.41479888382135e-07,-1.28307323573674e-07,-2.6011771535595e-07,1.20000141003033,1.13663796619791e-06
ENERGY,45,8,0,0,0
ENERGY,45,7,2.87905590897564e-16,9.18352375826882e-16,6.30446784929009e-16
ENERGY,45,6,1.19075746313594e-15,2.8075039781865e-15,1.61674651505078e-15
ENERGY,45,5,3.34538002612132e-15,3.98341135539381e-15,6.38031329273352e-16
ENERGY,45,4,2.80213679824227e-15,3.22276887705437e-15,4.20632078812265e-16
ENERGY,45,3,1.84168326611313e-15,1.84270178132523e-15,1.01851521279383e-18
ENERGY,45,2,2.35648008921598e-15,3.10877876251268e-15,7.5229867330069e-16
ENERGY,45,1,1.27694714344599e-14,1.3634492373853e-14,8.65020939405764e-16
ENERGY,45,0,1.1143633747736e-14,1.20178159609427e-14,8.74182213191457e-16
BIASED,46,0.951857858591685,1.0235864527835,0.988691461059569,0.986752850420435
CORECAP,46,9.28444811072778e-07,1.19999956001502,1.19999904215414,1.62117462458651e-06
DEADLINE,46,-0.00177140972109087,1.19760601459976
RESULT,46,1,-0.036,-1,1.19e-09,6.14249999999988e-10
......9......8......7......6......5......RESET,46,1.35990456706607e-07,9.95381364772871e-06,1.01758667015406e-05,1.35966336378257e-07,1.1999836363996,7.40733668780957e-06
ENERGY,46,8,0,0,0
ENERGY,46,7,3.41292242742982e-16,1.0580441367909e-15,7.16751894048168e-16
ENERGY,46,6,1.19049706692271e-15,2.80739254901036e-15,1.61689548208904e-15
ENERGY,46,5,3.25887066445081e-15,3.78363255041408e-15,5.2476188596433e-16
ENERGY,46,4,2.88494303977506e-15,3.39499160993804e-15,5.10048570162425e-16
ENERGY,46,3,1.84168264384546e-15,1.84503268737409e-15,3.35004352812446e-18
ENERGY,46,2,1.71330396695361e-14,1.81157243792024e-14,9.82684709652204e-16
ENERGY,46,1,1.4232441050849e-14,1.50974476932795e-14,8.65006642433052e-16
ENERGY,46,0,1.17129938777069e-14,1.2578579639784e-14,8.65585762077702e-16
BIASED,47,0.986752850334402,0.98869146098663,1.023586452895,0.951857858685165
CORECAP,47,1.80852362448362e-06,1.19999875413382,1.2000003445243,1.02741943611206e-06
DEADLINE,47,-0.00177143186221615,1.19760602157415
RESULT,47,1,0.036,-1,1.18999999999999e-09,6.0949999999999e-10
RESET,47,1.35987336502099e-07,9.95446456516794e-06,1.01710025174185e-05,1.35974652967956e-07,1.19998363639956,7.4073385086691e-06
ENERGY,47,8,0,0,0
ENERGY,47,7,3.4146152165818e-16,1.05640092656445e-15,7.14939404906019e-16
ENERGY,47,6,1.19049601418052e-15,2.80751182349295e-15,1.61701580931213e-15
ENERGY,47,5,2.82122601143874e-15,3.36880009256964e-15,5.47574081130866e-16
ENERGY,47,4,3.32343908830688e-15,3.84834115063297e-15,5.24902062326352e-16
ENERGY,47,3,1.84168202011573e-15,1.84503205053311e-15,3.35003042029803e-18
ENERGY,47,2,1.73057413250574e-14,1.8142106582507e-14,8.36365257458789e-16
ENERGY,47,1,1.15077174739478e-14,1.23727870336988e-14,8.65069559759957e-16
ENERGY,47,0,1.42908940562986e-14,1.51562493252123e-14,8.65355268929199e-16
......9......8......7......6......5......4BIASED,48,0.990630071683832,0.984814239732381,1.02746367411445,0.947980637301107
CORECAP,48,1.19999914421695,1.58833366003699e-06,1.20000346438091,1.01280751419988e-06
DEADLINE,48,1.19967082091675,8.92756649797331e-05
RESULT,48,1,0.044,1,0,1.19e-09
RESET,48,1.36059360840914e-07,6.24963256211937e-06,7.35733760190917e-06,1.33575475861246e-07,1.20000141073882,1.13690213629948e-06
ENERGY,48,8,0,0,0
ENERGY,48,7,2.87945738171214e-16,9.18378832493439e-16,6.30433094322247e-16
ENERGY,48,6,1.19075852074375e-15,2.80752294011908e-15,1.61676441937486e-15
ENERGY,48,5,2.8306304859211e-15,3.23344928076836e-15,4.02818794846959e-16
ENERGY,48,4,3.31615145652814e-15,3.95423007460473e-15,6.38078618076094e-16
ENERGY,48,3,1.84168325901262e-15,1.84270268627559e-15,1.01942726491985e-18
ENERGY,48,2,2.11546473711098e-15,2.89170866172654e-15,7.76243924618274e-16
ENERGY,48,1,1.1344622214273e-14,1.22123154837179e-14,8.67693269450322e-16
ENERGY,48,0,1.27769893825062e-14,1.36421944634818e-14,8.65205080974993e-16
BIASED,49,1.01777062074235,1.05460422322095,1.05460422326645,1.01777062002517
......9......8......7......6......5......4.CORECAP,49,1.10627852074807e-06,1.19999926153752,1.20000349737548,1.12628286605345e-06
DEADLINE,49,-0.00177127663020193,1.19760616301642
RESULT,49,1.05,0,-1,1.19e-09,5.59500000000012e-10
RESET,49,1.35992142105352e-07,9.95195142808514e-06,1.01738584489878e-05,1.35978321000418e-07,1.19998363639898,7.40733876800175e-06
ENERGY,49,8,0,0,0
ENERGY,49,7,3.41430268361739e-16,1.05805702720926e-15,7.16626758848178e-16
ENERGY,49,6,1.18326140509393e-15,2.80036342274924e-15,1.61710201765441e-15
ENERGY,49,5,3.74423778930708e-15,4.27565806044401e-15,5.31420271137522e-16
ENERGY,49,4,3.67258374686528e-15,4.20341565895049e-15,5.30831912083788e-16
ENERGY,49,3,1.38719560719511e-15,1.39417661289384e-15,6.98100569734356e-18
ENERGY,49,2,1.72729727684411e-14,1.80871929133259e-14,8.14220144886929e-16
ENERGY,49,1,1.19681590069814e-14,1.2875549910953e-14,9.07390903967824e-16
ENERGY,49,0,1.21021886618586e-14,1.30102409384177e-14,9.08052276565094e-16
BIASED,50,0.996445903678356,1.07592894069578,1.03327950612382,1.0390953380959
CORECAP,50,9.12177294765249e-07,1.20007311245887,4.66500199832564e-05,1.19999938513405
......9......8......7......6......5......4..DEADLINE,50,1.19966997872894,8.86552752446035e-05
RESULT,50,1.05,-0.044,1,0,1.19e-09
RESET,50,1.36018014997077e-07,-3.41439179119265e-07,-1.35609148754788e-07,-2.61845405538066e-07,1.2000014100309,1.13663816132471e-06
ENERGY,50,8,0,0,0
ENERGY,50,7,2.87905655250928e-16,9.18354904833073e-16,6.3044924958225e-16
ENERGY,50,6,1.1838650546693e-15,2.79832611166083e-15,1.6144610569907e-15
ENERGY,50,5,3.92033811195524e-15,4.58425964752157e-15,6.6392153556606e-16
ENERGY,50,4,3.33984987639614e-15,3.76199929159279e-15,4.22149415195904e-16
ENERGY,50,3,1.38126282836191e-15,1.38511375685504e-15,3.8509284930465e-18
ENERGY,50,2,2.35653285517217e-15,3.11079021550725e-15,7.54257360335506e-16
ENERGY,50,1,1.28072667833011e-14,1.36723302195555e-14,8.65063436261808e-16
ENERGY,50,0,1.11476654894782e-14,1.20218153305607e-14,8.74149841082372e-16
BIASED,51,1.00032312499399,1.07205171927871,1.03715672730707,1.0352181166409
CORECAP,51,1.02126882072885e-06,1.20000024521204,1.1999990740113,1.6035580959191e-06
DEADLINE,51,-0.00177106306374113,1.19760614344579
RESULT,51,1.05,-0.036,-1,1.19e-09,6.12000000000006e-10
......9......8......7......6......5......4...RESET,51,1.36043972205526e-07,9.95432305020267e-06,1.01761284086958e-05,1.359743837041e-07,1.19998363639942,7.40733743140172e-06
ENERGY,51,8,0,0,0
ENERGY,51,7,3.41289472665086e-16,1.05798849933589e-15,7.16699026670539e-16
ENERGY,51,6,1.1836009242541e-15,2.79774406399464e-15,1.61414313974064e-15
ENERGY,51,5,3.82871154169118e-15,4.36702784746963e-15,5.38316305777905e-16
ENERGY,51,4,3.4277924882661e-15,3.95184360927962e-15,5.24051121014242e-16
ENERGY,51,3,1.38126263879026e-15,1.38825200203818e-15,6.98936324848025e-18
ENERGY,51,2,1.71336893072848e-14,1.81153882978882e-14,9.81698990611207e-16
ENERGY,51,1,1.42727129584993e-14,1.51377207047443e-14,8.65007746235895e-16
ENERGY,51,0,1.17185247008811e-14,1.25841408914372e-14,8.65616190545844e-16
BIASED,52,1.03521811672072,1.03715672737895,1.07205171920954,1.00032312493234
CORECAP,52,1.75401139871965e-06,1.20000360701086,1.20000038115491,9.59372606409367e-07
DEADLINE,52,-0.00177150555020544,1.19760606371165
RESULT,52,1.05,0.036,-1,1.19e-09,6.07250000000007e-10
......9......8......7......6......5......4....RESET,52,1.35991408040587e-07,9.95382632903927e-06,1.01688218085972e-05,1.35981269033137e-07,1.19998363639947,7.40733876302147e-06
ENERGY,52,8,0,0,0
ENERGY,52,7,3.41293451200401e-16,1.05619372307457e-15,7.14900271874277e-16
ENERGY,52,6,1.18359798072893e-15,2.79784537270538e-15,1.6142473919768e-15
ENERGY,52,5,3.36092601948453e-15,3.92239980870805e-15,5.61473789223471e-16
ENERGY,52,4,3.89646726724805e-15,4.43488949568083e-15,5.38422228431844e-16
ENERGY,52,3,1.38126272970205e-15,1.38825207567281e-15,6.98934597150647e-18
ENERGY,52,2,1.7308903255327e-14,1.81427042293045e-14,8.33800973987222e-16
ENERGY,52,1,1.15133770279266e-14,1.23783955080626e-14,8.65018480128667e-16
ENERGY,52,0,1.43323176485841e-14,1.51977339133335e-14,8.65416264753205e-16
BIASED,53,1.03909533804497,1.03327950607197,1.0759289406174,0.996445903708184
CORECAP,53,1.19999915279728,1.57813983109379e-06,1.20000368910966,1.00996408668967e-06
DEADLINE,53,1.19967082243667,8.92776604571892e-05
RESULT,53,1.05,0.044,1,0,1.19e-09
......9......8......7......6......5......4.....RESET,53,1.36043285113226e-07,6.24945624879372e-06,7.35688383795641e-06,1.33526713761664e-07,1.20000141073865,1.13690188343714e-06
ENERGY,53,8,0,0,0
ENERGY,53,7,2.87946173990175e-16,9.18386581271373e-16,6.30440407280955e-16
ENERGY,53,6,1.18386187963254e-15,2.79830583524196e-15,1.61444395560979e-15
ENERGY,53,5,3.36977829099047e-15,3.77478911437252e-15,4.05010823381844e-16
ENERGY,53,4,3.889689521667e-15,4.5536534758139e-15,6.639639541461e-16
ENERGY,53,3,1.38126313784893e-15,1.38511486945024e-15,3.85173159915206e-18
ENERGY,53,2,2.11564042067205e-15,2.89361610351446e-15,7.77975682833951e-16
ENERGY,53,1,1.13488192285174e-14,1.22165204128723e-14,8.67701184348568e-16
ENERGY,53,0,1.28150067678093e-14,1.36802074546289e-14,8.65200686826272e-16
BIASED,54,1.06623588716056,1.10306948924709,1.10306948972557,1.06623588661367
CORECAP,54,1.11971932285941e-06,1.19999926364739,1.20000608179811,1.13249480651908e-06
DEADLINE,54,-0.00177148997160543,1.19760607513534
RESULT,54,1.1,0,-1,1.19e-09,5.59250000000005e-10
......9......8......7......6......5......4......RESET,54,1.36034501788433e-07,9.95198789350916e-06,1.0173543272446e-05,1.35965491842534e-07,1.19998363639897,7.4073385459584e-06
ENERGY,54,8,0,0,0
ENERGY,54,7,3.414670063589e-16,1.05800260661828e-15,7.16535600259151e-16
ENERGY,54,6,1.17633573881576e-15,2.7908667232286e-15,1.61453098441341e-15
ENERGY,54,5,4.34466506628475e-15,4.88886007992194e-15,5.44195013637716e-16
ENERGY,54,4,4.26952353175364e-15,4.81310547288725e-15,5.43581941132415e-16
ENERGY,54,3,9.26778312608501e-16,9.38413732511847e-16,1.16354199044579e-17
ENERGY,54,2,1.72726432058122e-14,1.80867538119024e-14,8.14110606077558e-16
ENERGY,54,1,1.20148248700405e-14,1.29223132844395e-14,9.07488414400539e-16
ENERGY,54,0,1.21488934146716e-14,1.30569801576459e-14,9.08086742967827e-16
BIASED,55,1.04491116995737,1.12439420691463,1.08174477250518,1.08756060448259
CORECAP,55,1.0030245252457e-06,1.2000735946227,4.68484515427847e-05,1.19999946348254
DEADLINE,55,1.19966996809229,8.86546335691259e-05
RESULT,55,1.1,-0.044,1,0,1.19e-09
RESET,55,1.35995246746627e-07,-3.41427948029548e-07,-2.33272176370249e-07,-2.61573098051313e-07,1.20000141003134,1.13663838419699e-06
ENERGY,55,8,0,0,0
ENERGY,55,7,2.87905492273183e-16,9.1835699417891e-16,6.30451501905109e-16
ENERGY,55,6,1.17694291992067e-15,2.78913930360378e-15,1.61219638368305e-15
ENERGY,55,5,4.53369861781602e-15,5.22307468834332e-15,6.89376070526743e-16
ENERGY,55,4,3.91594522620497e-15,4.33800498788013e-15,4.22059761675535e-16
ENERGY,55,3,9.20843273783773e-16,9.28640617083017e-16,7.79734329746218e-18
ENERGY,55,2,2.35655770609004e-15,3.11449635590544e-15,7.57938649816308e-16
ENERGY,55,1,1.29102622229234e-14,1.37752699462701e-14,8.65007723337711e-16
ENERGY,55,0,1.11714829203414e-14,1.204564745824e-14,8.74164537893494e-16
BIASED,56,1.04878839076695,1.12051698563599,1.08562199380751,1.08368338314366
......9......8......7......6......5......4......3CORECAP,56,8.98803238510008e-07,1.19999922248561,1.20000252696564,1.81024566627639e-06
DEADLINE,56,-0.00177113793430775,1.19760612089332
RESULT,56,1.1,-0.036,-1,1.19e-09,6.12000000000006e-10
RESET,56,1.36030908783989e-07,9.95466521328599e-06,1.01751032991952e-05,1.3597627267997e-07,1.19998363639952,7.40733697908525e-06
ENERGY,56,8,0,0,0
ENERGY,56,7,3.4129231287946e-16,1.0578887310299e-15,7.16596418150468e-16
ENERGY,56,6,1.17668245427996e-15,2.78817797666175e-15,1.61149552238193e-15
ENERGY,56,5,4.43691987834224e-15,4.98780871120756e-15,5.50888832865734e-16
ENERGY,56,4,4.00901154189704e-15,4.54611554136643e-15,5.37103999467182e-16
ENERGY,56,3,9.20842649694757e-16,9.32487494037321e-16,1.16448443449733e-17
ENERGY,56,2,1.7133335310565e-14,1.81143935457033e-14,9.81058235143726e-16
ENERGY,56,1,1.43819514548797e-14,1.52469475168934e-14,8.64996062019543e-16
ENERGY,56,0,1.17453086981367e-14,1.26109275184969e-14,8.65618820363712e-16
BIASED,57,1.08368338312595,1.08562199377274,1.12051698569526,1.04878839136366
......9......8......7......6......5......4......3.CORECAP,57,1.82820352960212e-06,1.20000322387309,1.20000042648566,1.02329861993665e-06
DEADLINE,57,-0.00177157935171885,1.19760604550457
RESULT,57,1.1,0.036,-1,1.19e-09,6.07249999999981e-10
RESET,57,1.35982093102389e-07,9.95309385728801e-06,1.01697709230316e-05,1.36017809550933e-07,1.19998363639936,7.40733867407497e-06
ENERGY,57,8,0,0,0
ENERGY,57,7,3.41293447792588e-16,1.05609125175879e-15,7.14797803966126e-16
ENERGY,57,6,1.17667936584322e-15,2.78830471807015e-15,1.61162535222702e-15
ENERGY,57,5,3.93896568397923e-15,4.51333909173098e-15,5.74373407752483e-16
ENERGY,57,4,4.50785674170886e-15,5.05881314074888e-15,5.50956399039107e-16
ENERGY,57,3,9.20842728628331e-16,9.32487545483523e-16,1.16448168550844e-17
ENERGY,57,2,1.73114685974593e-14,1.81441938930865e-14,8.32725295628909e-16
ENERGY,57,1,1.15401489817818e-14,1.24051608256475e-14,8.65011843868349e-16
ENERGY,57,0,1.4440911003517e-14,1.53063114060891e-14,8.6540040256556e-16
BIASED,58,1.08756060452135,1.0817447725455,1.12439420689466,1.04491116993419
CORECAP,58,1.19999915095169,1.57642831981141e-06,1.20000058663636,1.01232420321313e-06
DEADLINE,58,1.19967081537419,8.92751154136119e-05
......9......8......7......6......5......4......3..RESULT,58,1.1,0.044,1,0,1.19e-09
RESET,58,1.3599683233653e-07,6.24949074058206e-06,7.35679772176879e-06,1.36025149213707e-07,1.20000141073601,1.13690122246561e-06
ENERGY,58,8,0,0,0
ENERGY,58,7,2.89883848894356e-16,9.20328665172313e-16,6.30444816278468e-16
ENERGY,58,6,1.1769437655911e-15,2.78912517264488e-15,1.61218140705441e-15
ENERGY,58,5,3.94729247657812e-15,4.35306498454461e-15,4.05772507965661e-16
ENERGY,58,4,4.50160326990518e-15,5.19104180825942e-15,6.89438538353198e-16
ENERGY,58,3,9.20843115607973e-16,9.28641995662862e-16,7.79888005375258e-18
ENERGY,58,2,2.11527311621187e-15,2.89789080212561e-15,7.82617685905627e-16
ENERGY,58,1,1.13724870241257e-14,1.2240358425706e-14,8.67871401573574e-16
ENERGY,58,0,1.29185053804422e-14,1.37836524466817e-14,8.65147066249211e-16
BIASED,59,1.11470115367183,1.15153475583293,1.151534756067,1.1147011535668
CORECAP,59,1.12278304932076e-06,1.20000002679847,1.20000246273793,9.89437820850647e-07
DEADLINE,59,-0.0017362844400905,1.19761194290622
RESULT,59,1.15,0,-1,1.19e-09,5.60000000000026e-10
......9......8......7......6......5......4......3...RESET,59,1.36034169824714e-07,9.95146468221518e-06,1.01742859899505e-05,1.36021402310894e-07,1.19998363639988,7.4073342072815e-06
ENERGY,59,8,0,0,0
ENERGY,59,7,3.41297565290775e-16,1.05778517299129e-15,7.16487607700283e-16
ENERGY,59,6,1.16940609243721e-15,2.78130922754048e-15,1.61190313510295e-15
ENERGY,59,5,4.98347456741076e-15,5.53944344074184e-15,5.55968873330446e-16
ENERGY,59,4,4.90483170347429e-15,5.46020546796321e-15,5.55373764488934e-16
ENERGY,59,3,4.66360774924417e-16,4.83984077995678e-16,1.76233030705804e-17
ENERGY,59,2,1.72738457016005e-14,1.80861739555749e-14,8.1232825396965e-16
ENERGY,59,1,1.2095074738491e-14,1.30026366605668e-14,9.07561922068226e-16
ENERGY,59,0,1.22291198231955e-14,1.31372429385612e-14,9.08123115364088e-16
BIASED,60,1.09337643642796,1.17285947341401,1.13021003891547,1.13602587089385
CORECAP,60,1.02275442278742e-06,1.20007424551016,4.7365291157672e-05,1.19999913923217
DEADLINE,60,1.19966993668223,8.86475280769875e-05
RESULT,60,1.15,-0.044,1,0,1.19e-09
......9......8......7......6......5......4......3....RESET,60,1.36022055835518e-07,-3.41343172351854e-07,-1.57010096084378e-07,1.35855749618039e-07,1.20000141003024,1.13663808155124e-06
ENERGY,60,8,0,0,0
ENERGY,60,7,2.89844022125448e-16,9.2029701240718e-16,6.30452990282597e-16
ENERGY,60,6,1.17002304193414e-15,2.77978922467228e-15,1.6097661827379e-15
ENERGY,60,5,5.18540921985146e-15,5.89982913864389e-15,7.14419918792775e-16
ENERGY,60,4,4.5303969646797e-15,4.95078908968341e-15,4.20392125003033e-16
ENERGY,60,3,4.60423181257503e-16,4.73501580964999e-16,1.30783997074108e-17
ENERGY,60,2,2.35609544466615e-15,3.11883226803186e-15,7.62736823372264e-16
ENERGY,60,1,1.30654531838171e-14,1.39304549842474e-14,8.65001800436553e-16
ENERGY,60,0,1.12177950771151e-14,1.20920019120796e-14,8.74206834967926e-16
BIASED,61,1.09725365743218,1.16898225214662,1.1340872603534,1.13214864970113
CORECAP,61,9.48107349950728e-07,1.19999897349302,1.19999964683679,1.69880418088453e-06
DEADLINE,61,-0.0017363258297989,1.19761190804396
RESULT,61,1.15,-0.036,-1,1.19e-09,6.14000000000008e-10
......9......8......7......6......5......4......3.....RESET,61,1.35994920104725e-07,9.95499866629391e-06,1.01789318712555e-05,1.35975581466414e-07,1.19998363640025,7.40733337903121e-06
ENERGY,61,8,0,0,0
ENERGY,61,7,3.4146248506579e-16,1.05791809130563e-15,7.16455606239356e-16
ENERGY,61,6,1.16976332996928e-15,2.77861914445108e-15,1.60885581448233e-15
ENERGY,61,5,5.08349765417701e-15,5.64595760297526e-15,5.62459948797877e-16
ENERGY,61,4,4.62859962988456e-15,5.17778277422587e-15,5.49183144340414e-16
ENERGY,61,3,4.60422703786073e-16,4.78056630198976e-16,1.76339264078918e-17
ENERGY,61,2,1.71308844122374e-14,1.81131569122124e-14,9.8227249996797e-16
ENERGY,61,1,1.45407300979269e-14,1.54057195809507e-14,8.64989483022498e-16
ENERGY,61,0,1.1796420660212e-14,1.26620195260714e-14,8.65598865857116e-16
BIASED,62,1.13214864965942,1.13408726031371,1.16898225216324,1.09725365779565
CORECAP,62,1.86527019499181e-06,1.19999923641339,1.20000049764083,9.53928849975382e-07
DEADLINE,62,-0.00173636894679595,1.19761191533995
RESULT,62,1.15,0.036,-1,1.19e-09,6.09250000000009e-10
RESET,62,1.36032596470948e-07,9.94788118294134e-06,1.01700167556979e-05,1.36025207010214e-07,1.19998363639934,7.40733553179691e-06
ENERGY,62,8,0,0,0
ENERGY,62,7,3.41461934188418e-16,1.05604009732027e-15,7.14578163132011e-16
ENERGY,62,6,1.16976078330748e-15,2.77870783270779e-15,1.60894704939978e-15
ENERGY,62,5,4.55537724596383e-15,5.14162891750337e-15,5.86251671540628e-16
ENERGY,62,4,5.15761162886238e-15,5.72009656548421e-15,5.62484936622284e-16
ENERGY,62,3,4.6042275465859e-16,4.78056629505762e-16,1.76338748481389e-17
ENERGY,62,2,1.73132691913386e-14,1.81465329780567e-14,8.3326378672686e-16
ENERGY,62,1,1.15912468812297e-14,1.24562706701417e-14,8.65023788921351e-16
ENERGY,62,0,1.45990819382722e-14,1.54644812870154e-14,8.65399348741423e-16
......9......8......7......6......5......4......3......BIASED,63,1.1360258708837,1.13021003891669,1.17285947339593,1.09337643640847
CORECAP,63,1.1999991376494,1.64215457665505e-06,1.19999948994974,1.00588073877387e-06
DEADLINE,63,1.19967079849517,8.92715942640846e-05
RESULT,63,1.15,0.044,1,0,1.19e-09
RESET,63,1.35944573044745e-07,6.24934275133714e-06,7.35636990503449e-06,1.32953878458431e-07,1.20000141073703,1.13690157089225e-06
ENERGY,63,8,0,0,0
ENERGY,63,7,2.89885084786256e-16,9.20336950248038e-16,6.30451865461187e-16
ENERGY,63,6,1.17002330374656e-15,2.77975690609998e-15,1.60973360235442e-15
ENERGY,63,5,4.5631744787405e-15,4.96827177888169e-15,4.0509730013873e-16
ENERGY,63,4,5.15188506770425e-15,5.86637131758508e-15,7.14486249879749e-16
ENERGY,63,3,4.60423083083675e-16,4.73503740013178e-16,1.30806569306442e-17
ENERGY,63,2,2.11565491326897e-15,2.90464754171744e-15,7.88992628441156e-16
ENERGY,63,1,1.14187949222154e-14,1.22865117183647e-14,8.67716796136596e-16
ENERGY,63,0,1.30746302900274e-14,1.39397596895376e-14,8.65129399501894e-16
BIASED,64,1.12439420665907,1.16122780916557,1.1612278094269,1.12439420692086
......9......8......7......6......5......4......3......2CORECAP,64,1.08323180078556e-06,1.19999925994912,1.20000094351877,1.11071430483731e-06
DEADLINE,64,-0.00173638529184532,1.19761190410552
RESULT,64,1.16,0,-1,1.19e-09,5.60250000000007e-10
RESET,64,1.36035487796835e-07,9.95143595744256e-06,1.01739847102467e-05,1.36024648761534e-07,1.19998363639994,7.40733395953953e-06
ENERGY,64,8,0,0,0
ENERGY,64,7,3.41297244457432e-16,1.05779730983113e-15,7.16500065373927e-16
ENERGY,64,6,1.16801488249968e-15,2.77939803591143e-15,1.61138315341207e-15
ENERGY,64,5,5.0437927233007e-15,5.6014004541659e-15,5.57607730864149e-16
ENERGY,64,4,4.96253710224627e-15,5.52066950361346e-15,5.58132401369622e-16
ENERGY,64,3,3.69526500227352e-16,3.8870365377765e-16,1.91771535504842e-17
ENERGY,64,2,1.72737368003635e-14,1.80860408139879e-14,8.1230401361425e-16
ENERGY,64,1,1.21482673209577e-14,1.30214366817835e-14,8.73169360816652e-16
ENERGY,64,0,1.22823446592088e-14,1.31560841899407e-14,8.73739530734916e-16
BIASED,65,1.10306948976154,1.18255252675443,1.13990309225727,1.14571892423309
CORECAP,65,9.79141121042866e-07,1.20007445777345,4.71857209845656e-05,1.1999991350777
......9......8......7......6......5......4......3......2.DEADLINE,65,1.19966992875173,8.86463166511967e-05
RESULT,65,1.16,-0.044,1,0,1.19e-09
RESET,65,1.36040391474221e-07,-3.4129704708435e-07,-1.57025982225724e-07,1.35897439920841e-07,1.20000141002981,1.1366379125637e-06
ENERGY,65,8,0,0,0
ENERGY,65,7,2.89843919810728e-16,9.20296611395545e-16,6.30452691584688e-16
ENERGY,65,6,1.1686389554486e-15,2.77798438777716e-15,1.60934543232796e-15
ENERGY,65,5,5.32035506169674e-15,6.03973660444612e-15,7.19381542751866e-16
ENERGY,65,4,4.65789241996751e-15,5.0777581768587e-15,4.1986575689135e-16
ENERGY,65,3,3.68339175549779e-16,3.82827871789923e-16,1.44886962394249e-17
ENERGY,65,2,2.35603438457734e-15,3.11976839053374e-15,7.63734005949189e-16
ENERGY,65,1,1.30982210403903e-14,1.39632311167443e-14,8.65010076362451e-16
ENERGY,65,0,1.12297848544049e-14,1.21039372817312e-14,8.74152427320472e-16
BIASED,66,1.10694671048312,1.17867530517177,1.14378031345741,1.14184170279194
CORECAP,66,9.32968399857581e-07,1.20000520063077,1.19999927414746,1.89718578505652e-06
DEADLINE,66,-0.00173644866737856,1.19761186960855
RESULT,66,1.16,-0.036,-1,1.19e-09,6.14499999999995e-10
......9......8......7......6......5......4......3......2..RESET,66,1.35996235819768e-07,9.95501206860014e-06,1.01759256273089e-05,1.35976418174541e-07,1.19998363640035,7.40733288493445e-06
ENERGY,66,8,0,0,0
ENERGY,66,7,3.41460498084321e-16,1.05788225237627e-15,7.16421754292127e-16
ENERGY,66,6,1.16837958922028e-15,2.77678373908766e-15,1.60840414986906e-15
ENERGY,66,5,5.21741796091539e-15,5.782077909831e-15,5.64659948913898e-16
ENERGY,66,4,4.75712154517536e-15,5.30859772064188e-15,5.51476175466464e-16
ENERGY,66,3,3.68338728196756e-16,3.87526673495327e-16,1.91879453022033e-17
ENERGY,66,2,1.71306614448416e-14,1.81128557302814e-14,9.82194285439848e-16
ENERGY,66,1,1.45734405965107e-14,1.54384347767847e-14,8.64994180285065e-16
ENERGY,66,0,1.18093819340988e-14,1.26750302873429e-14,8.65648353245793e-16
BIASED,67,1.14184170295509,1.14378031360989,1.17867530546149,1.10694671109067
CORECAP,67,1.70913868560541e-06,1.20000290197108,1.20000041586073,9.60308255687236e-07
DEADLINE,67,-0.00173646959602353,1.1976118764893
RESULT,67,1.16,0.036,-1,1.19e-09,6.09749999999997e-10
......9......8......7......6......5......4......3......2...RESET,67,1.36032096931283e-07,9.94772839214777e-06,1.01700095214271e-05,1.36025396793287e-07,1.19998363639939,7.40733531127076e-06
ENERGY,67,8,0,0,0
ENERGY,67,7,3.41461614772588e-16,1.05601623764837e-15,7.14554622874857e-16
ENERGY,67,6,1.16837661715822e-15,2.7768801851508e-15,1.60850356799306e-15
ENERGY,67,5,4.6832656929341e-15,5.27176409054146e-15,5.88498397605277e-16
ENERGY,67,4,5.29216595191906e-15,5.85684201511676e-15,5.64676063195897e-16
ENERGY,67,3,3.68338782889782e-16,3.87526682029842e-16,1.91878991398896e-17
ENERGY,67,2,1.7314003238602e-14,1.8147024944294e-14,8.33021705689962e-16
ENERGY,67,1,1.16042199967239e-14,1.24693007213795e-14,8.65080724668797e-16
ENERGY,67,0,1.46315286969284e-14,1.54969248510129e-14,8.65396154087137e-16
BIASED,68,1.14571892414597,1.13990309216762,1.18255252670048,1.10306948970948
CORECAP,68,1.19999913403849,1.5796544745989e-06,1.20000362092407,8.5776782013856e-07
DEADLINE,68,1.19967079400857,8.92705581407783e-05
RESULT,68,1.16,0.044,1,0,1.19e-09
......9......8......7......6......5......4......3......2....RESET,68,1.3595358104547e-07,6.24931745792168e-06,7.35624207424634e-06,1.32910226789112e-07,1.20000141073703,1.13690157107857e-06
ENERGY,68,8,0,0,0
ENERGY,68,7,2.8988513631074e-16,9.20336525328806e-16,6.30451389018918e-16
ENERGY,68,6,1.168638578346e-15,2.77796447880257e-15,1.60932590045671e-15
ENERGY,68,5,4.69095515495502e-15,5.09574299264478e-15,4.04787837689609e-16
ENERGY,68,4,5.28654591702344e-15,6.00599377246936e-15,7.19447855445664e-16
ENERGY,68,3,3.6833908175659e-16,3.82830141906335e-16,1.44910601518073e-17
ENERGY,68,2,2.11574263182212e-15,2.90598442451415e-15,7.90241792684536e-16
ENERGY,68,1,1.14307466475118e-14,1.22984697902903e-14,8.67723142785894e-16
ENERGY,68,0,1.31077012098513e-14,1.39728369657174e-14,8.65135755874755e-16
BIASED,69,1.13408726026825,1.17092086277241,1.17092086279696,1.13408726028851
CORECAP,69,1.09226205053853e-06,1.19999988789471,1.20000590052159,1.08520606118871e-06
DEADLINE,69,-0.00173652194802395,1.19761186056449
RESULT,69,1.17,0,-1,1.19e-09,5.60499999999987e-10
RESET,69,1.35994915141946e-07,9.95135399757125e-06,1.01740526892291e-05,1.36024001820327e-07,1.19998363640001,7.40733335052166e-06
ENERGY,69,8,0,0,0
ENERGY,69,7,3.41463585314654e-16,1.05794580940967e-15,7.16482224095755e-16
ENERGY,69,6,1.16662933534865e-15,2.777622200643e-15,1.61099286529388e-15
ENERGY,69,5,5.17705584514033e-15,5.73686752671117e-15,5.59811681571602e-16
ENERGY,69,4,5.09510313798076e-15,5.65531971532755e-15,5.60216577347801e-16
ENERGY,69,3,2.77442598963727e-16,2.98350527338763e-16,2.0907928376395e-17
ENERGY,69,2,1.72719871284254e-14,1.80859090239517e-14,8.13921895538394e-16
ENERGY,69,1,1.21674246511601e-14,1.30405965148046e-14,8.73171863649908e-16
ENERGY,69,0,1.23015415525225e-14,1.31753005796848e-14,8.73759027149335e-16
......9......8......7......6......5......4......3......2.....BIASED,70,1.11276254311079,1.19224558010195,1.14959614553517,1.15541197751316
CORECAP,70,9.40558572536141e-07,1.20007468137522,4.7445524784482e-05,1.19999974584966
DEADLINE,70,1.19966992403491,8.86467040759345e-05
RESULT,70,1.17,-0.044,1,0,1.19e-09
RESET,70,1.36042530623657e-07,-3.41290710422911e-07,1.04191677015953e-06,1.35848199484854e-07,1.20000141002994,1.13663817378374e-06
ENERGY,70,8,0,0,0
ENERGY,70,7,2.89843263711835e-16,9.20297172327549e-16,6.30453908613948e-16
ENERGY,70,6,1.16725528792228e-15,2.77637062086228e-15,1.60911533294034e-15
ENERGY,70,5,5.45683515419482e-15,6.18116167188567e-15,7.2432651769118e-16
ENERGY,70,4,4.78692280047123e-15,5.20619755220198e-15,4.19274751731934e-16
ENERGY,70,3,2.76255160174684e-16,2.92329632698248e-16,1.60744725240687e-17
ENERGY,70,2,2.35606570577345e-15,3.12070895467421e-15,7.64643248895049e-16
ENERGY,70,1,1.31306755860758e-14,1.39956724426e-14,8.64996856511892e-16
ENERGY,70,0,1.12424554351417e-14,1.21166675655513e-14,8.74212130409246e-16
BIASED,71,1.1166397638369,1.18836835849893,1.15347336685672,1.15153475619185
......9......8......7......6......5......4......3......2......CORECAP,71,1.04362556395629e-06,1.19999944482321,1.19999921018739,1.9090835045448e-06
DEADLINE,71,-0.00173658231385273,1.19761183014611
RESULT,71,1.17,-0.036,-1,1.19e-09,6.15000000000009e-10
RESET,71,1.35984618769222e-07,9.95534223873922e-06,1.01779337295093e-05,1.3602139969437e-07,1.19998363640037,7.40733268721962e-06
ENERGY,71,8,0,0,0
ENERGY,71,7,3.41447111605478e-16,1.05785951351042e-15,7.16412401904693e-16
ENERGY,71,6,1.16699575146756e-15,2.77516977199786e-15,1.60817402053034e-15
ENERGY,71,5,5.35287261449234e-15,5.91969914153371e-15,5.66826527041191e-16
ENERGY,71,4,4.88717785148544e-15,5.44090797646187e-15,5.53730124975723e-16
ENERGY,71,3,2.76254738237952e-16,2.97173697618205e-16,2.09189593798328e-17
ENERGY,71,2,1.71303675357058e-14,1.81124007832068e-14,9.82033247503209e-16
ENERGY,71,1,1.46047946583834e-14,1.54698312826997e-14,8.65036624328739e-16
ENERGY,71,0,1.18230802964908e-14,1.26886862462431e-14,8.65605949750339e-16
BIASED,72,1.15153475628529,1.15347336693923,1.18836835863616,1.1166397642777
CORECAP,72,1.89267143753071e-06,1.20000318772962,1.19999956581224,1.03656112341594e-06
......9......8......7......6......5......4......3......2......1DEADLINE,72,-0.00173660486704417,1.19761183335415
RESULT,72,1.17,0.036,-1,1.19e-09,6.10000000000003e-10
RESET,72,1.3603400594193e-07,9.9473087833609e-06,1.01694899453659e-05,1.35984594787486e-07,1.19998363639961,7.40733399848931e-06
ENERGY,72,8,0,0,0
ENERGY,72,7,3.41461051551755e-16,1.05598462379222e-15,7.14523572240796e-16
ENERGY,72,6,1.16699355374438e-15,2.7752066638281e-15,1.60821311008373e-15
ENERGY,72,5,4.81268879756506e-15,5.40339483953121e-15,5.90706041966914e-16
ENERGY,72,4,5.42825350173186e-15,5.99508759280053e-15,5.66834091066494e-16
ENERGY,72,3,2.76254782315612e-16,2.97173708427669e-16,2.09189261150381e-17
ENERGY,72,2,1.73147774195954e-14,1.81475201953343e-14,8.32742775734531e-16
ENERGY,72,1,1.1617927008383e-14,1.24829402966139e-14,8.65013288228995e-16
ENERGY,72,0,1.46631915786735e-14,1.55286060171479e-14,8.65414438480502e-16
BIASED,73,1.1554119774521,1.14959614547602,1.19224558006792,1.11276254307669
CORECAP,73,1.19999913019805,1.66452316744718e-06,1.20000358297838,9.46240071642144e-07
DEADLINE,73,1.19967078915351,8.92694345759362e-05
RESULT,73,1.17,0.044,1,0,1.19e-09
......9......8......7......6......5......4......3......2......1.RESET,73,1.35952659528284e-07,6.24927009639669e-06,7.35598520248387e-06,1.24339118327846e-07,1.20000141073703,1.13690156788325e-06
ENERGY,73,8,0,0,0
ENERGY,73,7,2.89885155728747e-16,9.20337426741053e-16,6.30452271012735e-16
ENERGY,73,6,1.16725523435683e-15,2.77635665260212e-15,1.6091014182453e-15
ENERGY,73,5,4.82027060248219e-15,5.2246911930822e-15,4.04420590599785e-16
ENERGY,73,4,5.42274146050609e-15,6.14713603921155e-15,7.2439457870364e-16
ENERGY,73,3,2.76255080628652e-16,2.92331995998671e-16,1.60769153694515e-17
ENERGY,73,2,2.11584709287548e-15,2.90727311601182e-15,7.91426023145379e-16
ENERGY,73,1,1.14434472174672e-14,1.23111244392467e-14,8.67677221775251e-16
ENERGY,73,0,1.31403141992891e-14,1.40054580640338e-14,8.65143864739502e-16
BIASED,74,1.13893378686826,1.1757673893797,1.17576738945951,1.13893378695957
CORECAP,74,1.15453956459116e-06,1.19999964043515,1.20000224928435,1.15912247118577e-06
DEADLINE,74,-0.0017365939202,1.19761183863541
RESULT,74,1.175,0,-1,1.19e-09,5.60749999999994e-10
......9......8......7......6......5......4......3......2......1..RESET,74,1.35995849340225e-07,9.95127920636619e-06,1.01741798896625e-05,1.36023719512055e-07,1.19998363640006,7.40733314327843e-06
ENERGY,74,8,0,0,0
ENERGY,74,7,3.41458312320516e-16,1.05795136586283e-15,7.16493053541097e-16
ENERGY,74,6,1.16593583518086e-15,2.77688618049875e-15,1.61095034531812e-15
ENERGY,74,5,5.23501524002978e-15,5.79591617689239e-15,5.60900936863399e-16
ENERGY,74,4,5.15247641649712e-15,5.71971767848272e-15,5.67241261986559e-16
ENERGY,74,3,2.30806661378291e-16,2.52651292943896e-16,2.18446315621825e-17
ENERGY,74,2,1.7271820737121e-14,1.80857307929872e-14,8.13910055860555e-16
ENERGY,74,1,1.21812739926493e-14,1.30502149783865e-14,8.68940985725021e-16
ENERGY,74,0,1.23154053818631e-14,1.31848720226887e-14,8.69466640812345e-16
BIASED,75,1.11760906971633,1.19709210669568,1.15444267218874,1.16025850417012
CORECAP,75,1.01796978668033e-06,1.20007640791403,4.77065727552462e-05,1.1999991308466
DEADLINE,75,1.19966992058298,8.86457072526568e-05
RESULT,75,1.175,-0.044,1,0,1.19e-09
......9......8......7......6......5......4......3......2......1...RESET,75,1.36044680550984e-07,-3.41286659045099e-07,1.04170176170196e-06,1.35855338455311e-07,1.20000141002987,1.13663819958029e-06
ENERGY,75,8,0,0,0
ENERGY,75,7,2.89842963858607e-16,9.20295844032336e-16,6.30452880173632e-16
ENERGY,75,6,1.16654813032869e-15,2.77564625852454e-15,1.60909812819631e-15
ENERGY,75,5,5.52564881882437e-15,6.25244619960592e-15,7.26797380782764e-16
ENERGY,75,4,4.85201235573943e-15,5.27096811211684e-15,4.18955756380477e-16
ENERGY,75,3,2.30213093763296e-16,2.47151392194039e-16,1.69382984279712e-17
ENERGY,75,2,2.35606715296723e-15,3.1211498869975e-15,7.65082734023607e-16
ENERGY,75,1,1.31465978464838e-14,1.40116105321155e-14,8.65012685652771e-16
ENERGY,75,0,1.1248989024819e-14,1.21231399729868e-14,8.74150948166352e-16
BIASED,76,1.12148629077419,1.19321488543159,1.15831989351529,1.15638128285158
CORECAP,76,9.39847442600407e-07,1.20000066325284,1.20000198936929,1.9009881990966e-06
DEADLINE,76,-0.00173665226211506,1.19761181054442
RESULT,76,1.175,-0.036,-1,1.19e-09,6.14999999999983e-10
......9......8......7......6......5......4......3......2......1....RESET,76,1.36017156674425e-07,9.95529237602683e-06,1.01776103941455e-05,1.36022358199179e-07,1.19998363640065,7.40733137448327e-06
ENERGY,76,8,0,0,0
ENERGY,76,7,3.41337836667369e-16,1.05785230868455e-15,7.16514472017616e-16
ENERGY,76,6,1.1663025734542e-15,2.77443271630116e-15,1.60813014284827e-15
ENERGY,76,5,5.42117570683299e-15,5.98907048314831e-15,5.6789477631597e-16
ENERGY,76,4,4.95278146264975e-15,5.50762145211387e-15,5.54839989466322e-16
ENERGY,76,3,2.30212747588412e-16,2.52068516198497e-16,2.18557686102803e-17
ENERGY,76,2,1.71303685120294e-14,1.81123596012877e-14,9.81991089259132e-16
ENERGY,76,1,1.46202395573064e-14,1.54852326632411e-14,8.64993105913739e-16
ENERGY,76,0,1.18301401484013e-14,1.2695763836144e-14,8.65623687747882e-16
BIASED,77,1.15638128263168,1.15831989328526,1.19321488531317,1.12148629095475
CORECAP,77,1.91802835953297e-06,1.19999893469972,1.20000036523046,9.6297464096074e-07
DEADLINE,77,-0.00173667722080572,1.19761181083415
RESULT,77,1.175,0.036,-1,1.19e-09,6.10249999999984e-10
RESET,77,1.35993204911005e-07,9.94718986761446e-06,1.01693684336198e-05,1.35971597686046e-07,1.19998363639966,7.4073337935887e-06
ENERGY,77,8,0,0,0
ENERGY,77,7,3.41458976135624e-16,1.05596817196623e-15,7.1450919583029e-16
ENERGY,77,6,1.16630111517223e-15,2.77452558368047e-15,1.60822446850777e-15
ENERGY,77,5,4.87797602118526e-15,5.46976645286869e-15,5.9179043167936e-16
ENERGY,77,4,5.49687255055469e-15,6.06477048004204e-15,5.67897929493017e-16
ENERGY,77,3,2.30212782204436e-16,2.52068518796159e-16,2.18557365892006e-17
ENERGY,77,2,1.73151174185735e-14,1.81477434481394e-14,8.32626029556613e-16
ENERGY,77,1,1.16249885214699e-14,1.24900121832032e-14,8.65023661750353e-16
ENERGY,77,0,1.46786715331475e-14,1.55440476423808e-14,8.65376109244462e-16
BIASED,78,1.16025850419767,1.15444267222425,1.19709210681086,1.11760906980906
......9......8......7......6......5......4......3......2......1.....CORECAP,78,1.19999912982731,1.67012958298894e-06,1.20000015336781,9.36460722415416e-07
DEADLINE,78,1.19967078661086,8.92688512933569e-05
RESULT,78,1.175,0.044,1,0,1.19e-09
RESET,78,1.35957443062575e-07,6.24926634351021e-06,7.35591785856673e-06,3.41147177366561e-08,1.20000141073562,1.13690083938123e-06
ENERGY,78,8,0,0,0
ENERGY,78,7,2.86379198708022e-16,9.16837637973415e-16,6.30458439264856e-16
ENERGY,78,6,1.16656374557846e-15,2.77564539213638e-15,1.60908164655685e-15
ENERGY,78,5,4.88550376855853e-15,5.28971930939317e-15,4.04215540832379e-16
ENERGY,78,4,5.49141450808791e-15,6.2182804866253e-15,7.26865978536265e-16
ENERGY,78,3,2.3021307555058e-16,2.47153810192941e-16,1.69407346422498e-17
ENERGY,78,2,2.116924471812e-15,2.90892348631564e-15,7.91999014497978e-16
ENERGY,78,1,1.14500398912535e-14,1.2317701212606e-14,8.67661321366962e-16
ENERGY,78,0,1.31563294088721e-14,1.40214661005857e-14,8.65136691699816e-16
BIASED,79,1.14184170286131,1.17867530537571,1.17867530542523,1.14184170292993
......9......8......7......6......5......4......3......2......1......CORECAP,79,1.07764112766128e-06,1.1999992664413,1.20000590352691,1.1440658569937e-06
DEADLINE,79,-0.0017366386138088,1.1976118252567
RESULT,79,1.178,0,-1,1.19e-09,5.60749999999994e-10
RESET,79,1.35995667093647e-07,9.95125786266435e-06,1.01745840545683e-05,1.35981383520045e-07,1.19998363640009,7.40733300900811e-06
ENERGY,79,8,0,0,0
ENERGY,79,7,3.41463079108035e-16,1.05795038405409e-15,7.16487304946777e-16
ENERGY,79,6,1.17824405996957e-15,2.78918369751925e-15,1.61093963754996e-15
ENERGY,79,5,5.27177662535399e-15,5.83332771100311e-15,5.61551085650798e-16
ENERGY,79,4,5.1889340682165e-15,5.75991318638893e-15,5.70979118169955e-16
ENERGY,79,3,2.02943654865366e-16,2.25377213896803e-16,2.24335590323939e-17
ENERGY,79,2,1.72718962150954e-14,1.80857780198819e-14,8.1388180477608e-16
ENERGY,79,1,1.21855651753372e-14,1.30537684459053e-14,8.68203270550553e-16
ENERGY,79,0,1.23197207836651e-14,1.31884818070369e-14,8.68761023361948e-16
BIASED,80,1.12051698570406,1.20000002268335,1.15735058825454,1.16316642023654
CORECAP,80,1.02624694848564e-06,1.20007483300185,4.77485911240132e-05,1.19999913051603
DEADLINE,80,1.19966991777844,8.86451585308283e-05
......9......8......7......6......5......4......3......2......1......0RESULT,80,1.178,-0.044,1,0,1.19e-09
RESET,80,1.36046132746785e-07,-3.41277270379764e-07,1.04169302549532e-06,1.35855128859741e-07,1.20000141002846,1.13663746923918e-06
ENERGY,80,8,0,0,0
ENERGY,80,7,2.86337584796594e-16,9.1678844140247e-16,6.30450856603118e-16
ENERGY,80,6,1.17887084878632e-15,2.78795811013953e-15,1.60908726135015e-15
ENERGY,80,5,5.56711543438924e-15,6.29539489440887e-15,7.28279460018003e-16
ENERGY,80,4,4.89124445320455e-15,5.31000050626539e-15,4.18756053058579e-16
ENERGY,80,3,2.02587686593088e-16,2.200705948586e-16,1.7482908263888e-17
ENERGY,80,2,2.35707872549701e-15,3.12239104552275e-15,7.65312320023241e-16
ENERGY,80,1,1.31529034791001e-14,1.40188552220319e-14,8.65951742938917e-16
ENERGY,80,0,1.12499056682912e-14,1.21249945184256e-14,8.75088850119507e-16
spectre completes with 0 errors, 9 warnings, and 8 notices.
