// Extracted original meter records; not a full Spectre log.
HPRE,0,0.600000000013206,0.600000000013206
BIASED,0,0.590648075007324,0.609351930435581,0.60935193043558,0.590648075007324
HCAP,0,0.591546807688728,0.591546802108708
CORECAP,0,2.92612220365762e-05,1.19998701415238,1.19998696724555,2.92139732660421e-05
HADC,0,0.600134046743291,0.600133973536857
DEADLINE,0,-0.00175714416340318,1.19761637944691
RESULT,0,0.6,0,-1,1.18975e-09,5.865e-10
.RESET,0,1.37409309443133e-07,1.06071316777211e-05,9.24526811424728e-06,1.37320647480422e-07,1.19998363641568,7.23582786307123e-06
ENERGY,0,8,0,0,0
ENERGY,0,7,3.31975020749249e-16,1.0588440670339e-15,7.26869046284648e-16
ENERGY,0,6,1.15750736041796e-15,2.9078687728758e-15,1.75036141245784e-15
ENERGY,0,5,-5.52174556025983e-18,9.6412866555316e-20,5.61815842681512e-18
ENERGY,0,4,-5.52166079247713e-18,9.64103946235239e-20,5.61807118710068e-18
ENERGY,0,3,2.8170103134445e-15,2.8170103134445e-15,0
ENERGY,0,2,1.72463316813984e-14,1.80837552798761e-14,8.37423598477657e-16
ENERGY,0,1,1.22960299432604e-14,1.31562156099163e-14,8.60185666655868e-16
ENERGY,0,0,1.24315653800735e-14,1.32918115793719e-14,8.60246199298245e-16
HPRE,1,0.450264844057468,0.450264843818539
BIASED,1,0.44470112134467,0.463405091233156,0.463405092230606,0.44470112101101
HCAP,1,0.445611814245189,0.445611826044601
CORECAP,1,9.83521583643342e-10,1.20000017585474,1.19999962836375,1.81175861836331e-09
HADC,1,0.455184192447599,0.45518399968274
DEADLINE,1,-0.00177093587682212,1.19760611439969
RESULT,1,0.45,0,-1,1.19e-09,5.7925e-10
..RESET,1,1.39027352742374e-07,9.89732095583394e-06,9.24676726991179e-06,1.39004061024067e-07,1.19998363623927,6.77498349881157e-06
ENERGY,1,8,0,0,0
ENERGY,1,7,3.40827874345985e-16,1.05918190697402e-15,7.18354032628019e-16
ENERGY,1,6,1.12427847335469e-15,2.87375527195033e-15,1.74947679859563e-15
ENERGY,1,5,-4.31720640530931e-15,6.65127289698313e-19,4.31787153259897e-15
ENERGY,1,4,-4.31720653727581e-15,6.65129514394475e-19,4.31787166679016e-15
ENERGY,1,3,3.49129700935481e-15,3.49129700935481e-15,0
ENERGY,1,2,1.73221103101916e-14,1.81287094287637e-14,8.0659911857177e-16
ENERGY,1,1,1.21716679539887e-14,1.30293018680765e-14,8.57633914087398e-16
ENERGY,1,0,1.2305778457115e-14,1.31646599649012e-14,8.58881507786009e-16
HPRE,2,0.438037680779,0.461993472447361
BIASED,2,0.43217210275806,0.474235165124967,0.450876071658144,0.455531194885025
HCAP,2,0.433878623869236,0.455637520696127
CORECAP,2,-1.49400193185397e-09,1.2000754928304,4.61503486282456e-05,1.19999951956002
HADC,2,0.44272242579525,0.465960656899739
DEADLINE,2,1.19967017413816,8.86602022433839e-05
RESULT,2,0.45,-0.024,1,0,1.18975e-09
...RESET,2,1.38880699396824e-07,1.29476908396493e-07,1.31993678182069e-07,5.00025029891909e-08,1.20000014070013,3.60068181800689e-07
ENERGY,2,8,0,0,0
ENERGY,2,7,2.8590592320316e-16,9.1791032763505e-16,6.32004404431884e-16
ENERGY,2,6,1.12436331272393e-15,2.87252554974584e-15,1.74816223702187e-15
ENERGY,2,5,3.58496845728658e-17,2.81174004823451e-16,2.45324320250614e-16
ENERGY,2,4,-5.50909145163359e-16,1.81140157504709e-19,5.51090285320879e-16
ENERGY,2,3,3.50373946180015e-15,3.50373946180015e-15,0
ENERGY,2,2,2.35654583684363e-15,3.06633634471831e-15,7.09790507874738e-16
ENERGY,2,1,1.22270239764298e-14,1.30847588641724e-14,8.57734887742564e-16
ENERGY,2,0,1.12339341404658e-14,1.21054569856284e-14,8.71522845162745e-16
HPRE,3,0.44200941915768,0.458021665976955
BIASED,3,0.436000789343408,0.470406049168142,0.454704758273809,0.451702078447994
HCAP,3,0.436906335437445,0.452619646257852
CORECAP,3,1.44336286280152e-07,1.20000294510747,1.19999939574725,3.46292837515504e-07
HADC,3,0.446544866474531,0.46213894827414
DEADLINE,3,-0.00177106416267271,1.19760601315787
RESULT,3,0.45,-0.016,-1,1.19e-09,6.15749999999998e-10
RESET,3,1.38937620351528e-07,9.8987644536397e-06,9.24785027972962e-06,1.39107813911638e-07,1.19998363623789,6.77499471528969e-06
ENERGY,3,8,0,0,0
ENERGY,3,7,3.40285010103817e-16,1.05952095077538e-15,7.19235940671583e-16
ENERGY,3,6,1.12329441186918e-15,2.87272700613624e-15,1.74943259426707e-15
ENERGY,3,5,-3.47703692551407e-16,1.21917921781976e-19,3.47825610473107e-16
ENERGY,3,4,-1.7922957488377e-16,8.94501045014961e-17,2.68679679385157e-16
ENERGY,3,3,3.50377131156812e-15,3.50377131156812e-15,0
ENERGY,3,2,1.71550398623493e-14,1.81280110123566e-14,9.72971150007266e-16
ENERGY,3,1,1.32330155555542e-14,1.40908246873805e-14,8.57809131827105e-16
ENERGY,3,0,1.18554240215765e-14,1.27144863114089e-14,8.59062289832629e-16
HPRE,4,0.457986908438093,0.44204419454688
....BIASED,4,0.451595089770283,0.454812000583529,0.470299037436136,0.436108031497054
HCAP,4,0.452512451425937,0.437013598354775
CORECAP,4,3.35381263250321e-07,1.19999938648141,1.20000010296935,-3.46454602726833e-08
HADC,4,0.462032750586129,0.446651110752349
DEADLINE,4,-0.0017709881240258,1.19760609210733
RESULT,4,0.45,0.016,-1,1.19e-09,6.095e-10
RESET,4,1.3910412987091e-07,9.89613217231658e-06,9.24580111439231e-06,1.38959098276564e-07,1.19998363623876,6.77498643973366e-06
ENERGY,4,8,0,0,0
ENERGY,4,7,3.41082692700203e-16,1.05820857401455e-15,7.17125881314357e-16
ENERGY,4,6,1.12404949558056e-15,2.87275938520604e-15,1.74870988962552e-15
ENERGY,4,5,-6.44462457254931e-16,2.31065562622511e-19,6.44693522817423e-16
ENERGY,4,4,1.20563408490548e-16,3.70558703454243e-16,2.49995294963671e-16
ENERGY,4,3,3.50376567236503e-15,3.50376567236503e-15,0
ENERGY,4,2,1.73011822507406e-14,1.81349298986623e-14,8.337476479224e-16
ENERGY,4,1,1.16535331113773e-14,1.25113716452835e-14,8.57838533905279e-16
ENERGY,4,0,1.32537662040995e-14,1.41127772200194e-14,8.59011015919799e-16
HPRE,5,0.462007370847115,0.438023765152129
BIASED,5,0.455573963600077,0.450833142780197,0.474277926598835,0.432129172901271
.....HCAP,5,0.455680160122143,0.433835488471502
CORECAP,5,1.19999950618985,2.63084809719953e-07,1.19999985523047,1.79804990483159e-08
HADC,5,0.466002593570207,0.442679212897207
DEADLINE,5,1.19967097286753,8.92972218518344e-05
RESULT,5,0.45,0.024,1,0,1.19e-09
RESET,5,1.39116246344938e-07,7.42451141010677e-06,6.48770516462078e-06,1.38876373243532e-07,1.20000014077551,3.60082950821367e-07
ENERGY,5,8,0,0,0
ENERGY,5,7,2.86623790620966e-16,9.18281885748938e-16,6.31658095127957e-16
ENERGY,5,6,1.12362085394826e-15,2.87303023953612e-15,1.74940938558783e-15
ENERGY,5,5,-3.66576425824438e-16,1.09467506503777e-19,3.66685893330894e-16
ENERGY,5,4,-1.53155085536514e-16,9.3640951550859e-17,2.46796037087366e-16
ENERGY,5,3,3.50373841933008e-15,3.50373841933008e-15,0
ENERGY,5,2,2.11903573553779e-15,2.84948152941231e-15,7.30445793874341e-16
ENERGY,5,1,1.14380978052222e-14,1.22995792153735e-14,8.61481410150723e-16
ENERGY,5,0,1.22214956394622e-14,1.30797422642832e-14,8.58246624821357e-16
HPRE,6,0.499946299273743,0.499904519261214
BIASED,6,0.492560028042836,0.511135875588251,0.511263993797386,0.492431911087783
HCAP,6,0.493498202089926,0.493370018053405
CORECAP,6,3.52298651742734e-07,1.19999937806102,1.19999958181526,2.55095449098567e-07
......HADC,6,0.502714767748969,0.502587363488134
DEADLINE,6,-0.00176647991819388,1.1976092451266
RESULT,6,0.5,0,-1,1.19e-09,5.81749999999998e-10
RESET,6,1.38523352139974e-07,9.89625683998665e-06,9.24478495093174e-06,1.38503338998512e-07,1.19998363623607,6.77500265002264e-06
ENERGY,6,8,0,0,0
ENERGY,6,7,3.40953510898512e-16,1.05901082536355e-15,7.18057314465095e-16
ENERGY,6,6,1.12389573678456e-15,2.87511803618058e-15,1.75122229939592e-15
ENERGY,6,5,1.31607311481116e-15,1.50293477027767e-15,1.86861655466501e-16
ENERGY,6,4,7.53526073998533e-16,9.43035747114087e-16,1.89509673115583e-16
ENERGY,6,3,3.27887138154781e-15,3.27887138154781e-15,0
ENERGY,6,2,1.72789443310179e-14,1.80886273609646e-14,8.09683029946819e-16
ENERGY,6,1,1.20075985831512e-14,1.29169020782598e-14,9.09303495108407e-16
ENERGY,6,0,1.21505575705669e-14,1.30612477869013e-14,9.10690216334347e-16
HPRE,7,0.48803226411191,0.511988538390831
BIASED,7,0.48110349228408,0.523168922276704,0.499807456087027,0.504464961040084
HCAP,7,0.483000171188584,0.504438003704375
CORECAP,7,2.91604965030062e-07,1.2000757173799,4.73925123964484e-05,1.19999922374883
HADC,7,0.491317040861277,0.514559665131664
DEADLINE,7,1.19967028556467,8.86890195004671e-05
RESULT,7,0.5,-0.024,1,0,1.19e-09
......9RESET,7,1.38411830808213e-07,1.29049967358227e-07,1.28334538294499e-07,1.3861422768165e-07,1.19999998411907,3.09374165319725e-07
ENERGY,7,8,0,0,0
ENERGY,7,7,2.85812298631418e-16,9.17884760233152e-16,6.32072461601674e-16
ENERGY,7,6,1.12371620145009e-15,2.87252218191146e-15,1.7488059804615e-15
ENERGY,7,5,1.38167194268235e-16,3.12863645550325e-16,1.74696451282077e-16
ENERGY,7,4,-5.19930370404446e-16,3.06390686299776e-19,5.2023676109077e-16
ENERGY,7,3,3.27478569536419e-15,3.27478569536419e-15,0
ENERGY,7,2,2.36079293383521e-15,3.07224315269827e-15,7.11450218863443e-16
ENERGY,7,1,1.22938230396686e-14,1.31515454589547e-14,8.57722419286611e-16
ENERGY,7,0,1.12693779282103e-14,1.2139543887559e-14,8.70165959349017e-16
HPRE,8,0.492004308152462,0.50801639512038
BIASED,8,0.484933697393206,0.519338086510933,0.50363766655763,0.500634128003754
HCAP,8,0.485869114531191,0.501577798762308
CORECAP,8,2.98603388284232e-07,1.20000032958618,1.19999859140216,1.13268480251924e-06
HADC,8,0.495141787912431,0.510735496720662
DEADLINE,8,-0.00176650458552503,1.19760921452184
RESULT,8,0.5,-0.016,-1,1.19e-09,6.17249999999998e-10
......9.RESET,8,1.38475611335747e-07,9.89743992768724e-06,9.23217381776084e-06,1.38610921776986e-07,1.19998333885756,8.42995318467844e-06
ENERGY,8,8,0,0,0
ENERGY,8,7,3.40950412051434e-16,1.05985847188586e-15,7.18908059834387e-16
ENERGY,8,6,1.12370477890613e-15,2.87301299817741e-15,1.74930821927134e-15
ENERGY,8,5,-2.88758393795998e-16,3.16886243833811e-19,2.89075280039779e-16
ENERGY,8,4,-1.05526655164184e-16,1.00258798816428e-16,2.05785453980638e-16
ENERGY,8,3,3.27481634170681e-15,3.27481634170681e-15,0
ENERGY,8,2,1.715396497509e-14,1.81272421288772e-14,9.73277153786418e-16
ENERGY,8,1,1.33019672187108e-14,1.41601142896573e-14,8.58147070945607e-16
ENERGY,8,0,1.18881580252564e-14,1.27475244971237e-14,8.59366471866548e-16
HPRE,9,0.507982042981525,0.492038686508443
BIASED,9,0.500529184892297,0.503742921651706,0.519233146517694,0.485038953636436
HCAP,9,0.501472741382141,0.485974388741936
CORECAP,9,9.71621713881954e-07,1.19999867462759,1.19999970201129,2.58514794028712e-07
HADC,9,0.510631344649372,0.49524608484978
DEADLINE,9,-0.00176640006238393,1.19760930155281
RESULT,9,0.5,0.016,-1,1.19e-09,6.11000000000001e-10
......9..RESET,9,1.38632638731756e-07,9.8949847158371e-06,9.2302468518539e-06,1.38418869646069e-07,1.19998333885826,8.42995622384687e-06
ENERGY,9,8,0,0,0
ENERGY,9,7,3.41097906813199e-16,1.05825926106429e-15,7.17161354251233e-16
ENERGY,9,6,1.12189314610117e-15,2.87302468207767e-15,1.75113153597658e-15
ENERGY,9,5,-6.21486873249541e-16,4.223355595411e-19,6.21909208809059e-16
ENERGY,9,4,2.31900559661622e-16,4.12247400040134e-16,1.80346840378487e-16
ENERGY,9,3,3.27481066710455e-15,3.27481066710455e-15,0
ENERGY,9,2,1.73012506271504e-14,1.81346321871715e-14,8.33381560020977e-16
ENERGY,9,1,1.16870377783048e-14,1.25451370924787e-14,8.58099314171729e-16
ENERGY,9,0,1.33231592382106e-14,1.41824111152801e-14,8.59251877071491e-16
HPRE,10,0.512002270741657,0.488018505989298
BIASED,10,0.504506874561538,0.499765306218647,0.523210836274945,0.481061338181694
HCAP,10,0.504479768907918,0.482957844973103
CORECAP,10,1.19999907873378,8.33615275663399e-07,1.19999949842469,2.37547888161739e-07
HADC,10,0.514600753740591,0.491274624880356
DEADLINE,10,1.19967103394986,8.93285519066887e-05
RESULT,10,0.5,0.024,1,0,1.19e-09
......9...RESET,10,1.38614450045224e-07,6.86792263542475e-06,6.48113186662606e-06,1.38370299592084e-07,1.19999998411516,3.09373197630148e-07
ENERGY,10,8,0,0,0
ENERGY,10,7,2.85875784148959e-16,9.17872765218265e-16,6.31996981069369e-16
ENERGY,10,6,1.12006244524884e-15,2.8706949477878e-15,1.75063250253885e-15
ENERGY,10,5,-3.14189196083343e-16,3.16475112365167e-19,3.14505671195678e-16
ENERGY,10,4,-7.12017711997254e-17,1.04470354636423e-16,1.75672125836116e-16
ENERGY,10,3,3.27478462223874e-15,3.27478462223874e-15,0
ENERGY,10,2,2.11974029482112e-15,2.85138535756299e-15,7.31645062742941e-16
ENERGY,10,1,1.14687079945185e-14,1.23311609088262e-14,8.62452914306228e-16
ENERGY,10,0,1.22834978407675e-14,1.31430498676625e-14,8.59552026896045e-16
HPRE,11,0.549941959379202,0.549900650540037
BIASED,11,0.54149749980076,0.560076027587237,0.560201432658535,0.541372093906076
HCAP,11,0.542450130059991,0.542324758024691
CORECAP,11,2.50013080635323e-06,1.19999802420262,1.19999812548808,2.61327132797097e-06
HADC,11,0.55131769329423,0.551193013447568
DEADLINE,11,-0.00176092476834433,1.19761294506137
RESULT,11,0.55,0,-1,1.19e-09,5.8325e-10
RESET,11,1.37941604805694e-07,9.98034904190213e-06,9.22953850735644e-06,1.37920346333536e-07,1.19998363628584,6.7772198366795e-06
ENERGY,11,8,0,0,0
ENERGY,11,7,3.41849686107668e-16,1.05969073869872e-15,7.17841052591064e-16
ENERGY,11,6,1.12057303792627e-15,2.87404289854136e-15,1.7534698606151e-15
ENERGY,11,5,1.56148748065472e-15,1.662715154767e-15,1.01227674112265e-16
ENERGY,11,4,9.3695506026217e-16,1.04114208118257e-15,1.04187020920394e-16
ENERGY,11,3,3.04993622447672e-15,3.04993622447672e-15,0
ENERGY,11,2,1.7278722090357e-14,1.80873353590197e-14,8.08613268661853e-16
ENERGY,11,1,1.20774848128615e-14,1.29888945568505e-14,9.11409743990153e-16
ENERGY,11,0,1.22204178347784e-14,1.31328915561621e-14,9.12473721384153e-16
HPRE,12,0.53802674392183,0.561983715261478
BIASED,12,0.530034171854487,0.572102909570714,0.548738116697611,0.553398990574364
......9....HCAP,12,0.532111479028452,0.553218637362723
CORECAP,12,2.34930872417654e-06,1.2000752022758,5.31341358410688e-05,1.19999573261217
HADC,12,0.539912624714104,0.563159769851583
DEADLINE,12,1.19967038249929,8.87128505396124e-05
RESULT,12,0.55,-0.024,1,0,1.18999999999999e-09
RESET,12,1.37787324393019e-07,-8.45898635910084e-07,1.28165430290872e-07,4.61975606451583e-08,1.20000014060807,2.93209509910727e-07
ENERGY,12,8,0,0,0
ENERGY,12,7,2.8623218623556e-16,9.1787561384056e-16,6.31643427604902e-16
ENERGY,12,6,1.12058699305502e-15,2.86972492206534e-15,1.74913792901009e-15
ENERGY,12,5,2.58718227436814e-16,3.44141925805164e-16,8.54236983683752e-17
ENERGY,12,4,-4.69760475266916e-16,3.88340017370614e-19,4.70148815284288e-16
ENERGY,12,3,3.04588429190741e-15,3.04588429190741e-15,0
ENERGY,12,2,2.36012034718256e-15,3.07509725574511e-15,7.14976908562097e-16
ENERGY,12,1,1.23908864655761e-14,1.3251191265594e-14,8.60304800017736e-16
ENERGY,12,0,1.13237758582788e-14,1.21949326389313e-14,8.71156780651268e-16
HPRE,13,0.541999230200383,0.558011085552435
BIASED,13,0.533866568839864,0.568269640347736,0.552570509896263,0.549565715798442
HCAP,13,0.534816242897384,0.550520375610941
CORECAP,13,2.25956161192093e-06,1.19999777383424,1.19999433368379,8.15621615046675e-06
......9.....HADC,13,0.543739896107202,0.559332796345566
DEADLINE,13,-0.00176094957533371,1.19761291642728
RESULT,13,0.55,-0.016,-1,1.19e-09,6.19e-10
RESET,13,1.37842757130154e-07,9.98187216191201e-06,9.23036125919474e-06,1.38019311853237e-07,1.19998363628582,6.77722036341102e-06
ENERGY,13,8,0,0,0
ENERGY,13,7,3.41850436961057e-16,1.06041090455701e-15,7.18560467595903e-16
ENERGY,13,6,1.12057397845689e-15,2.87020520389877e-15,1.74963122544187e-15
ENERGY,13,5,-2.10598225388445e-16,3.72296883865342e-19,2.10970522272278e-16
ENERGY,13,4,-1.29308900479373e-17,1.11064932092632e-16,1.23995822140625e-16
ENERGY,13,3,3.04591245860948e-15,3.04591245860948e-15,0
ENERGY,13,2,1.71537765690738e-14,1.8125791734751e-14,9.72015165676857e-16
ENERGY,13,1,1.3402255396606e-14,1.42626973639296e-14,8.60441967322966e-16
ENERGY,13,0,1.19462130870605e-14,1.28081167826528e-14,8.61903695594001e-16
HPRE,14,0.557977321298431,0.542033034726523
BIASED,14,0.549463771554139,0.552672914849608,0.568167699349488,0.53396897355564
HCAP,14,0.550418449540666,0.534918787915182
CORECAP,14,7.72396136301995e-06,1.19999458186455,1.19999804537422,2.33080890703436e-06
HADC,14,0.559231571628524,0.543841409777953
DEADLINE,14,-0.00176085681374869,1.19761299316701
......9......RESULT,14,0.55,0.016,-1,1.19e-09,6.1275e-10
RESET,14,1.38081243962079e-07,9.97916824727939e-06,9.22886129313464e-06,1.3782654317702e-07,1.19998363628569,6.77722061363542e-06
ENERGY,14,8,0,0,0
ENERGY,14,7,3.41855108886411e-16,1.05871540865232e-15,7.16860299765784e-16
ENERGY,14,6,1.12058418569866e-15,2.87018336960879e-15,1.74959918391025e-15
ENERGY,14,5,-5.80841284997409e-16,4.74697722315329e-19,5.81315982719729e-16
ENERGY,14,4,3.62023075126565e-16,4.54461135124261e-16,9.24380599977178e-17
ENERGY,14,3,3.04590678014231e-15,3.04590678014231e-15,0
ENERGY,14,2,1.73017599391815e-14,1.8134704173004e-14,8.32944233824284e-16
ENERGY,14,1,1.17444422588336e-14,1.26051901282957e-14,8.60747869463702e-16
ENERGY,14,0,1.34233261335628e-14,1.42849045174882e-14,8.61578383924176e-16
HPRE,15,0.561997209190065,0.538013212320808
BIASED,15,0.553439679695379,0.548697088329627,0.572143601839721,0.529993143548041
HCAP,15,0.553259315113878,0.532070364584402
CORECAP,15,1.19999608238236,6.79280131873693e-06,1.19999819030147,2.45348421074178e-06
HADC,15,0.563199663888806,0.539871329122211
DEADLINE,15,1.19967107547601,8.93256553011828e-05
RESULT,15,0.55,0.024,1,0,1.19e-09
......9......8RESET,15,1.38070938065412e-07,6.24910237853947e-06,6.47620654153929e-06,1.37782267067586e-07,1.20000014067074,3.97552995861115e-07
ENERGY,15,8,0,0,0
ENERGY,15,7,2.86435400889485e-16,9.18043226908765e-16,6.31607826019309e-16
ENERGY,15,6,1.12059530947051e-15,2.86976853921276e-15,1.74917322974221e-15
ENERGY,15,5,-2.43614655969755e-16,3.95740310236654e-19,2.4401039627997e-16
ENERGY,15,4,2.89604756129705e-17,1.15407541743135e-16,8.64470661301562e-17
ENERGY,15,3,3.04588367453976e-15,3.04588367453976e-15,0
ENERGY,15,2,2.11920057266128e-15,2.85381956813743e-15,7.34618995477901e-16
ENERGY,15,1,1.15232906511781e-14,1.23872218491163e-14,8.63931197938491e-16
ENERGY,15,0,1.23814251437904e-14,1.32420943265884e-14,8.6066918279716e-16
HPRE,16,0.599937989737916,0.599897362185803
BIASED,16,0.590436690126259,0.609018926054545,0.609140545888948,0.590315070050412
HCAP,16,0.591338504138422,0.591216900195243
CORECAP,16,2.80203354289531e-05,1.19998722755057,1.19998724893937,2.79972352122143e-05
HADC,16,0.599924051048849,0.599803177678422
DEADLINE,16,-0.00175651349886993,1.19761654837026
RESULT,16,0.6,0,-1,1.19e-09,5.85000000000002e-10
......9......8.RESET,16,1.37404387704026e-07,9.96612732539229e-06,1.01903272134738e-05,1.37367566029438e-07,1.19998363639399,7.4073619637024e-06
ENERGY,16,8,0,0,0
ENERGY,16,7,3.41851794057727e-16,1.05963801525818e-15,7.17786221200695e-16
ENERGY,16,6,1.12096858495928e-15,2.87420126174456e-15,1.75323267678544e-15
ENERGY,16,5,1.82625936284238e-15,1.82808077090797e-15,1.82140806563283e-18
ENERGY,16,4,1.13974080738122e-15,1.14074443765056e-15,1.00363026865048e-18
ENERGY,16,3,2.82107856679428e-15,2.82107856679428e-15,0
ENERGY,16,2,1.72778712982361e-14,1.80864396842743e-14,8.08568386038868e-16
ENERGY,16,1,1.21783561255061e-14,1.30885708332447e-14,9.10214707737552e-16
ENERGY,16,0,1.23214583101231e-14,1.32316655315706e-14,9.10207221444433e-16
HPRE,17,0.588021086152253,0.61197903582291
BIASED,17,0.578963833039956,0.621037004384308,0.597667710912817,0.602333175898397
HCAP,17,0.581139205096186,0.60190585687373
CORECAP,17,2.89504428105713e-05,1.20006566839853,9.27689762582888e-05,1.19998155859379
HADC,17,0.588509616957157,0.611761246882323
DEADLINE,17,1.19967046326446,8.87356966332722e-05
RESULT,17,0.6,-0.024,1,0,1.18999999999999e-09
......9......8..RESET,17,1.3720357846789e-07,-3.51194843085193e-07,1.05529943683322e-06,1.37388637033435e-07,1.20000141002335,1.13662146674823e-06
ENERGY,17,8,0,0,0
ENERGY,17,7,2.86562995577717e-16,9.18212924383855e-16,6.31649928805812e-16
ENERGY,17,6,1.12099896728273e-15,2.86731494490233e-15,1.74631597761914e-15
ENERGY,17,5,3.97523941842689e-16,3.9812752604026e-16,6.03584197538537e-19
ENERGY,17,4,-3.99823226096588e-16,7.69749207471144e-19,4.00592975303981e-16
ENERGY,17,3,2.81707598720599e-15,2.81707598720599e-15,0
ENERGY,17,2,2.35803837748596e-15,3.07984200217601e-15,7.21803624690177e-16
ENERGY,17,1,1.25253941551734e-14,1.3385868807151e-14,8.60474651977621e-16
ENERGY,17,0,1.14065298243465e-14,1.22734746390636e-14,8.66944814720711e-16
HPRE,18,0.591994200211127,0.608005726892095
BIASED,18,0.582799246074903,0.617200435806728,0.601503115091344,0.598496599203029
HCAP,18,0.583669453293062,0.599369608212327
CORECAP,18,2.81563876892363e-05,1.19998727353951,1.19997970745445,4.95482264080722e-05
HADC,18,0.592339593628312,0.607931116825367
DEADLINE,18,-0.00175654907025163,1.19761651803343
RESULT,18,0.6,-0.016,-1,1.19e-09,6.20750000000002e-10
RESET,18,1.37313993082832e-07,9.97167001339649e-06,1.01876668964384e-05,1.37463789185441e-07,1.19998363639438,7.40736208204654e-06
ENERGY,18,8,0,0,0
ENERGY,18,7,3.41852296749671e-16,1.06037580372098e-15,7.1852350697153e-16
ENERGY,18,6,1.12100212684334e-15,2.86785593041036e-15,1.74685380356685e-15
ENERGY,18,5,-1.13976774381406e-16,1.22470356334394e-17,1.26223810014854e-16
ENERGY,18,4,9.92317268294871e-17,1.2231858246756e-16,2.30868556380038e-17
ENERGY,18,3,2.81709896025112e-15,2.81709896025112e-15,0
ENERGY,18,2,1.71534300676943e-14,1.81246823976791e-14,9.71252329987641e-16
ENERGY,18,1,1.35323290838383e-14,1.43927643134462e-14,8.60435229606612e-16
ENERGY,18,0,1.20335966878735e-14,1.28941495022293e-14,8.60552814356966e-16
HPRE,19,0.607972786955837,0.592027196690931
......9......8...BIASED,19,0.598398746366678,0.60160160088837,0.6171025834851,0.582897730387841
HCAP,19,0.599273425649332,0.583769746150607
CORECAP,19,4.86943643660596e-05,1.19997988153844,1.19998758726987,2.82178341675127e-05
HADC,19,0.607833882880823,0.592437282073824
DEADLINE,19,-0.0017564808612195,1.19761656362573
RESULT,19,0.6,0.016,-1,1.19e-09,6.14749999999996e-10
RESET,19,1.37431657900739e-07,9.96462131747855e-06,1.01910246669397e-05,1.37299941703928e-07,1.19998363639395,7.40736242294005e-06
ENERGY,19,8,0,0,0
ENERGY,19,7,3.4213762145827e-16,1.05892214820145e-15,7.16784526743128e-16
ENERGY,19,6,1.12099165271718e-15,2.86775030791523e-15,1.7467586551981e-15
ENERGY,19,5,-5.1987902935369e-16,9.44178031036715e-19,5.20823207384704e-16
ENERGY,19,4,5.09835728494646e-16,5.10600913435243e-16,7.65184940608526e-19
ENERGY,19,3,2.81709332382851e-15,2.81709332382851e-15,0
ENERGY,19,2,1.72996961214606e-14,1.81335165870849e-14,8.33820465625858e-16
ENERGY,19,1,1.18318605371243e-14,1.26923664843835e-14,8.60505947260593e-16
ENERGY,19,0,1.35548537259997e-14,1.44153903158564e-14,8.60536589854495e-16
HPRE,20,0.611992199525727,0.588007874673665
BIASED,20,0.602372226214374,0.597628229505041,0.621076053201355,0.578924351935857
......9......8....HCAP,20,0.6019450988968,0.581099867996826
CORECAP,20,1.1999816761765,4.51130003930527e-05,1.1999877608973,2.89201692303649e-05
HADC,20,0.611799514958098,0.588469873076854
DEADLINE,20,1.1996711160462,8.93389345661676e-05
RESULT,20,0.6,0.024,1,0,1.19e-09
RESET,20,1.37388378789794e-07,6.24862207632082e-06,7.38282132222656e-06,-1.07873267516769e-08,1.20000141073172,1.13688496166707e-06
ENERGY,20,8,0,0,0
ENERGY,20,7,2.867293857911e-16,9.18330930401041e-16,6.31601544610004e-16
ENERGY,20,6,1.12357563770087e-15,2.86737494233735e-15,1.74379930463657e-15
ENERGY,20,5,-1.53299987564519e-16,5.3416800118194e-19,1.53834155565583e-16
ENERGY,20,4,1.4739567701574e-16,1.47754268417356e-16,3.58591401665537e-19
ENERGY,20,3,2.81707574626183e-15,2.81707574626183e-15,0
ENERGY,20,2,2.11524533126911e-15,2.85823277891617e-15,7.42987447643952e-16
ENERGY,20,1,1.1605043064152e-14,1.24664599522913e-14,8.61416888137873e-16
ENERGY,20,0,1.25149271784066e-14,1.33754254668283e-14,8.60498288421848e-16
HPRE,21,0.649934471313367,0.649894817091393
BIASED,21,0.639377468861032,0.65796473815681,0.658081194778545,0.639261012416473
HCAP,21,0.639693697932706,0.639577188937013
CORECAP,21,1.05924279986136e-05,1.19999546960919,1.19999547762008,1.06052072336533e-05
HADC,21,0.648534960506168,0.648419282934574
DEADLINE,21,-0.00175483121163365,1.19761766332511
......9......8.....RESULT,21,0.65,0,-1,1.19e-09,5.86999999999997e-10
RESET,21,1.368737377789e-07,9.97323302427232e-06,9.22639039097284e-06,1.36860443605474e-07,1.19998363628451,6.7772300083728e-06
ENERGY,21,8,0,0,0
ENERGY,21,7,3.42137571574408e-16,1.05987538383548e-15,7.17737812261066e-16
ENERGY,21,6,1.12877892991538e-15,2.87307864148024e-15,1.74429971156432e-15
ENERGY,21,5,2.10900046905033e-15,2.10945362489427e-15,4.53155844003526e-19
ENERGY,21,4,1.3605370876057e-15,1.36068116945549e-15,1.44081849707732e-19
ENERGY,21,3,2.59238341385442e-15,2.59238341385442e-15,0
ENERGY,21,2,1.72729943279981e-14,1.80854702528329e-14,8.124759248377e-16
ENERGY,21,1,1.22953780431226e-14,1.32073604718245e-14,9.11982428698705e-16
ENERGY,21,0,1.24385191180338e-14,1.33504025673895e-14,9.11883449353796e-16
HPRE,22,0.638015276086472,0.661974509524476
BIASED,22,0.627892176179056,0.669970918443613,0.646595943732652,0.651267230891759
HCAP,22,0.629521836230854,0.650112304325991
CORECAP,22,8.39280140601588e-06,1.20007532051107,6.17141590674077e-05,1.19999473268075
HADC,22,0.637109200884534,0.660364775913818
DEADLINE,22,1.19967044551003,8.87377962772304e-05
RESULT,22,0.65,-0.024,1,0,1.19e-09
......9......8......RESET,22,1.36751945164753e-07,-3.48843911544928e-07,1.26712256513869e-07,-2.36821655830238e-07,1.2000001405938,3.97532682850782e-07
ENERGY,22,8,0,0,0
ENERGY,22,7,2.86685251250139e-16,9.18328886460874e-16,6.31643635210498e-16
ENERGY,22,6,1.12963407707381e-15,2.86716258753912e-15,1.73752851046522e-15
ENERGY,22,5,5.5729337958883e-16,5.5741606349284e-16,1.22683904034755e-19
ENERGY,22,4,-3.13356678435133e-16,8.47808290189304e-17,3.98137507454112e-16
ENERGY,22,3,2.58844575847735e-15,2.58844575847735e-15,0
ENERGY,22,2,2.35597553784799e-15,3.08587232649645e-15,7.29896788646518e-16
ENERGY,22,1,1.2681949092102e-14,1.3545154532059e-14,8.63205439958117e-16
ENERGY,22,0,1.14974873326345e-14,1.23606234441696e-14,8.63136111534487e-16
HPRE,23,0.641989216341451,0.6580003177502
BIASED,23,0.631731480987933,0.666130226464463,0.650435229385113,0.647426527117691
HCAP,23,0.631966095632812,0.647656840331651
CORECAP,23,9.05771362561313e-06,1.19999667033103,1.19999397662704,1.35890580514709e-05
HADC,23,0.640941898200267,0.656531331256837
DEADLINE,23,-0.00175559255062228,1.19761700257332
RESULT,23,0.65,-0.016,-1,1.19e-09,6.22749999999998e-10
......9......8......7RESET,23,1.36807060434548e-07,9.97421674568467e-06,9.22735826069319e-06,1.36932661096963e-07,1.19998363628497,6.77722836324313e-06
ENERGY,23,8,0,0,0
ENERGY,23,7,3.42135840843613e-16,1.06059073115557e-15,7.18454890311992e-16
ENERGY,23,6,1.12936329176188e-15,2.86721136149403e-15,1.73784806973225e-15
ENERGY,23,5,2.41578146644294e-18,1.3773103215948e-16,1.35315250693017e-16
ENERGY,23,4,2.29100961720066e-16,2.29217047499817e-16,1.16085779768894e-19
ENERGY,23,3,2.58846019162573e-15,2.58846019162573e-15,0
ENERGY,23,2,1.7149377192037e-14,1.81235257154952e-14,9.7414852346165e-16
ENERGY,23,1,1.36766418599033e-14,1.45397842226933e-14,8.63142362792077e-16
ENERGY,23,0,1.21313907102028e-14,1.29946502930997e-14,8.6325958289609e-16
HPRE,24,0.657968458110555,0.642021157891245
BIASED,24,0.647333831106888,0.65052868445769,0.666037530238474,0.631824936514023
HCAP,24,0.647568181418236,0.632062929414423
CORECAP,24,1.35298589116338e-05,1.19999459254984,1.19999733088588,9.02772532305007e-06
HADC,24,0.656439181497096,0.641034676972208
DEADLINE,24,-0.00175546597315856,1.19761713009295
RESULT,24,0.65,0.016,-1,1.18999999999999e-09,6.16749999999978e-10
......9......8......7.RESET,24,1.36954761512447e-07,9.97173042138009e-06,9.22533145014591e-06,1.36791884145983e-07,1.19998363628455,6.77722933365516e-06
ENERGY,24,8,0,0,0
ENERGY,24,7,3.42213843849587e-16,1.05883908649562e-15,7.16625242646017e-16
ENERGY,24,6,1.1254578908189e-15,2.86329923581899e-15,1.73784134500044e-15
ENERGY,24,5,-4.41515917866897e-16,9.41390451639093e-17,5.35654963030625e-16
ENERGY,24,4,6.77698956286244e-16,6.77991778486653e-16,2.9282220033278e-19
ENERGY,24,3,2.58845463846651e-15,2.58845463846651e-15,0
ENERGY,24,2,1.73016980658987e-14,1.81334853618966e-14,8.31787295999407e-16
ENERGY,24,1,1.1930836261608e-14,1.27939956683619e-14,8.63159406749555e-16
ENERGY,24,0,1.37009294941509e-14,1.4564072749052e-14,8.63143254901915e-16
HPRE,25,0.661987236207309,0.638002484417754
BIASED,25,0.651304193478022,0.646558453504408,0.670007889171323,0.627854693722557
HCAP,25,0.650149395409689,0.629484734935026
CORECAP,25,1.19999466474943,1.354978052005e-05,1.19999732092201,8.5315633446187e-06
HADC,25,0.660400988878953,0.637071444328474
DEADLINE,25,1.1996711006171,8.93378304333506e-05
RESULT,25,0.65,0.024,1,0,1.19e-09
RESET,25,1.36955029786592e-07,6.24617942285902e-06,6.4677670700111e-06,1.3668551706921e-07,1.20000014066967,3.97552874556326e-07
ENERGY,25,8,0,0,0
ENERGY,25,7,2.86726901232484e-16,9.18345374649938e-16,6.31618473417402e-16
ENERGY,25,6,1.12579194904862e-15,2.86339443195785e-15,1.73760248290945e-15
ENERGY,25,5,-4.55927520686287e-17,8.58209657176553e-17,1.314137177863e-16
ENERGY,25,4,2.85935339599806e-16,2.86053857160041e-16,1.18517560243296e-19
ENERGY,25,3,2.58844628818409e-15,2.58844628818409e-15,0
ENERGY,25,2,2.1154409771328e-15,2.86425544383457e-15,7.48814466703518e-16
ENERGY,25,1,1.16979361120115e-14,1.25610606272494e-14,8.63124515240889e-16
ENERGY,25,0,1.26746103105817e-14,1.35378408910836e-14,8.63230580491954e-16
HPRE,26,0.699931347965428,0.69989298995115
......9......8......7..BIASED,26,0.68831908688167,0.706912610396234,0.707022649219529,0.688209040138202
HCAP,26,0.687876233158718,0.68776614580524
CORECAP,26,5.3499058511928e-06,1.19999882444851,1.19999908947626,5.30438387909181e-06
HADC,26,0.697148379229223,0.697039126321803
DEADLINE,26,-0.00173016978011441,1.19761643954046
RESULT,26,0.7,0,-1,1.18999999999999e-09,5.88749999999999e-10
RESET,26,1.3647246799706e-07,9.96990785558278e-06,9.22304476480156e-06,1.36470976567472e-07,1.19998363628867,6.77719934362112e-06
ENERGY,26,8,0,0,0
ENERGY,26,7,3.42138308398909e-16,1.05984593364946e-15,7.17707625250373e-16
ENERGY,26,6,1.16329536195847e-15,2.86889390597211e-15,1.70559854401351e-15
ENERGY,26,5,2.41125173718977e-15,2.41162731350347e-15,3.7557631342602e-19
ENERGY,26,4,1.60088489186239e-15,1.60116507454885e-15,2.80182686295462e-19
ENERGY,26,3,2.36378579610017e-15,2.36378579610017e-15,0
ENERGY,26,2,1.72725580381732e-14,1.80846772435569e-14,8.12119205376111e-16
ENERGY,26,1,1.2378505406955e-14,1.32924315297931e-14,9.13926122834645e-16
ENERGY,26,0,1.25212671815133e-14,1.34351686437801e-14,9.13901462265338e-16
HPRE,27,0.688009342441524,0.711970091948366
BIASED,27,0.676819463314844,0.718904180452759,0.695522753724002,0.700200645894598
......9......8......7...HCAP,27,0.677751876731636,0.69825586811907
CORECAP,27,4.32278481212426e-06,1.2000808643558,5.55507454572342e-05,1.19999708590404
HADC,27,0.685709287928055,0.708968514542895
DEADLINE,27,1.19967018350174,8.8689975740544e-05
RESULT,27,0.7,-0.024,1,0,1.18999999999999e-09
RESET,27,1.36397785673916e-07,-3.46725296835712e-07,-1.00290210719464e-07,1.36356772965662e-07,1.20000014059355,3.97532635879912e-07
ENERGY,27,8,0,0,0
ENERGY,27,7,2.86685528054794e-16,9.18337518066499e-16,6.31651990011505e-16
ENERGY,27,6,1.16574104926361e-15,2.86089658612993e-15,1.69515553686631e-15
ENERGY,27,5,7.34515960871216e-16,7.34989656639555e-16,4.73695768564215e-19
ENERGY,27,4,-2.06226515413796e-16,2.21978587504661e-16,4.28205102918392e-16
ENERGY,27,3,2.35990066303571e-15,2.35990066303571e-15,0
ENERGY,27,2,2.35586746019625e-15,3.0926456223996e-15,7.36778162205795e-16
ENERGY,27,1,1.28094662784008e-14,1.36759609022654e-14,8.66494623862254e-16
ENERGY,27,0,1.15567394151681e-14,1.24239668981107e-14,8.6722748294646e-16
HPRE,28,0.691984278738075,0.707994874854367
BIASED,28,0.68066294703813,0.715058887593955,0.699366540574648,0.696355341472724
HCAP,28,0.680159269308298,0.695845881790915
CORECAP,28,4.51398496934536e-06,1.2000014799272,1.19999669422087,6.90697125259914e-06
......9......8......7....HADC,28,0.689544740511439,0.705131650133287
DEADLINE,28,-0.0017308096958765,1.19761594077811
RESULT,28,0.7,-0.016,-1,1.18999999999999e-09,6.24249999999987e-10
RESET,28,1.36413799486404e-07,9.97209134520473e-06,9.22477582775044e-06,1.3651141492462e-07,1.19998363628953,6.77719471841066e-06
ENERGY,28,8,0,0,0
ENERGY,28,7,3.42138658972232e-16,1.06053881587166e-15,7.18400156899344e-16
ENERGY,28,6,1.16560196025456e-15,2.860424852277e-15,1.69482289202232e-15
ENERGY,28,5,1.37851466807692e-16,2.82734272927942e-16,1.44882806120175e-16
ENERGY,28,4,3.78951861431633e-16,3.79167789661718e-16,2.15928230367831e-19
ENERGY,28,3,2.35990721603631e-15,2.35990721603631e-15,0
ENERGY,28,2,1.71496331704102e-14,1.81224986734164e-14,9.72865503005698e-16
ENERGY,28,1,1.3783760880718e-14,1.46502712154326e-14,8.66510334714112e-16
ENERGY,28,0,1.21961835613594e-14,1.30626536994611e-14,8.66470138107158e-16
HPRE,29,0.70796428588556,0.692014960727206
BIASED,29,0.696268481487784,0.699454237757543,0.714972042929426,0.680750644167693
HCAP,29,0.695761845278086,0.680249267263247
CORECAP,29,6.89214823173067e-06,1.19999722551377,1.20000572468626,4.54961236389905e-06
HADC,29,0.705045255517529,0.689631881549024
DEADLINE,29,-0.00173072359253157,1.19761604937113
RESULT,29,0.7,0.016,-1,1.18999999999999e-09,6.1824999999998e-10
......9......8......7.....RESET,29,1.36525608994604e-07,9.96685677909292e-06,9.22188852078297e-06,1.3640590960383e-07,1.19998363623262,6.77502517521696e-06
ENERGY,29,8,0,0,0
ENERGY,29,7,3.42139729391859e-16,1.05880093083478e-15,7.16661201443168e-16
ENERGY,29,6,1.16550902448524e-15,2.86042187968252e-15,1.69491285519756e-15
ENERGY,29,5,-3.43096781237138e-16,2.32728160284203e-16,5.75824941521433e-16
ENERGY,29,4,8.63662893535073e-16,8.64262626285216e-16,5.99732750118308e-19
ENERGY,29,3,2.3599029305462e-15,2.3599029305462e-15,0
ENERGY,29,2,1.7303468182239e-14,1.81333202471263e-14,8.29852064895159e-16
ENERGY,29,1,1.19944822176239e-14,1.28609297533899e-14,8.66447535772011e-16
ENERGY,29,0,1.3809340328035e-14,1.46758553885098e-14,8.66515060481177e-16
HPRE,30,0.711982308816863,0.687997051966875
BIASED,30,0.700235293424783,0.69548753684138,0.718938829228243,0.676783945359089
HCAP,30,0.698290637962495,0.677716944329085
CORECAP,30,1.19999713306153,6.85860424710066e-06,1.20000129967023,4.29814634860838e-06
HADC,30,0.709002393969433,0.685673812969364
DEADLINE,30,1.19967094553904,8.93028573294356e-05
RESULT,30,0.7,0.024,1,0,1.19e-09
......9......8......7......RESET,30,1.36484408205121e-07,6.24523009468549e-06,6.46381639007385e-06,7.42309562914955e-08,1.2000001406699,3.97552932709479e-07
ENERGY,30,8,0,0,0
ENERGY,30,7,2.86728835959164e-16,9.18353583632535e-16,6.31624747673389e-16
ENERGY,30,6,1.16573271798286e-15,2.86096870483532e-15,1.69523598685233e-15
ENERGY,30,5,8.12707638565924e-17,2.22728324744201e-16,1.41457560887582e-16
ENERGY,30,4,4.43461572509632e-16,4.43658592296545e-16,1.97019786998905e-19
ENERGY,30,3,2.35990162942295e-15,2.35990162942295e-15,0
ENERGY,30,2,2.11534094508202e-15,2.87143996067551e-15,7.56099015587999e-16
ENERGY,30,1,1.17560486464309e-14,1.26224918427291e-14,8.66443196295329e-16
ENERGY,30,0,1.28019084373713e-14,1.36684579686777e-14,8.66549531309448e-16
HPRE,31,0.749928413194928,0.749891613200214
BIASED,31,0.737260150150437,0.755860602690277,0.755963582574631,0.737157160986323
HCAP,31,0.736263754143331,0.736160786871005
CORECAP,31,2.07452360768941e-06,1.2000032942489,1.20000013606781,2.0542178703502e-06
HADC,31,0.745758152806456,0.745655963358797
DEADLINE,31,-0.00177182921444349,1.19760579590245
RESULT,31,0.75,0,-1,1.19e-09,5.89249999999987e-10
......9......8......7......6RESET,31,1.36167667394189e-07,9.88590387333135e-06,9.22152879362183e-06,1.36160343835725e-07,1.19998333885805,8.42995285956825e-06
ENERGY,31,8,0,0,0
ENERGY,31,7,3.41968515229445e-16,1.05963593877326e-15,7.1766742354354e-16
ENERGY,31,6,1.19820069729443e-15,2.86352166073393e-15,1.6653209634396e-15
ENERGY,31,5,2.73084040544664e-15,2.73166815417751e-15,8.27748730769412e-19
ENERGY,31,4,1.85910322655425e-15,1.85966946082732e-15,5.66234273208066e-19
ENERGY,31,3,2.13504693884929e-15,2.13504693884929e-15,0
ENERGY,31,2,1.72732546109854e-14,1.80840052457564e-14,8.10750634769173e-16
ENERGY,31,1,1.24409881155172e-14,1.33566575595461e-14,9.15669444034031e-16
ENERGY,31,0,1.2583844001207e-14,1.34994097816644e-14,9.15565780453141e-16
HPRE,32,0.738003378148637,0.761965677354823
BIASED,32,0.725745090328007,0.767836401231055,0.744448547535083,0.74913293757814
HCAP,32,0.726211422216281,0.746596220002229
CORECAP,32,1.61174196943768e-06,1.20008175272995,5.13427546102221e-05,1.19999873844721
HADC,32,0.734304726849331,0.757568454025753
DEADLINE,32,1.1996699622844,8.86488113367647e-05
RESULT,32,0.75,-0.024,1,0,1.18999999999999e-09
......9......8......7......6.RESET,32,1.3613481820279e-07,1.26572614844465e-07,1.26031324404078e-07,1.36242142281446e-07,1.19999998411898,3.09374082684939e-07
ENERGY,32,8,0,0,0
ENERGY,32,7,2.86709589352529e-16,9.18338831497626e-16,6.31629242145193e-16
ENERGY,32,6,1.19974924281508e-15,2.85646069692759e-15,1.65671145411316e-15
ENERGY,32,5,9.31151845323745e-16,9.31670226159563e-16,5.1838083562118e-19
ENERGY,32,4,-8.01516514908777e-17,3.77928959423047e-16,4.58080610914185e-16
ENERGY,32,3,2.13121548995899e-15,2.13121548995899e-15,0
ENERGY,32,2,2.35612849261689e-15,3.09926889606522e-15,7.43140403452369e-16
ENERGY,32,1,1.29123832907103e-14,1.37821655726145e-14,8.69782281904782e-16
ENERGY,32,0,1.16038543273104e-14,1.24773154797075e-14,8.73461152392382e-16
HPRE,33,0.741979353795479,0.757989436105132
BIASED,33,0.72959339705858,0.763986715491448,0.748296869177667,0.745283249958916
HCAP,33,0.728563725272018,0.744245512441816
CORECAP,33,1.70817085172058e-06,1.19999853411357,1.20000005881694,2.59165180882572e-06
HADC,33,0.738143518819667,0.753727984435364
DEADLINE,33,-0.00173683624376023,1.19761162736581
RESULT,33,0.75,-0.016,-1,1.18999999999999e-09,6.24249999999987e-10
RESET,33,1.36140994492682e-07,9.88764746801023e-06,9.22299689781649e-06,1.36194901267145e-07,1.19998333885801,8.42995292488548e-06
ENERGY,33,8,0,0,0
ENERGY,33,7,3.42136257538526e-16,1.06048867248123e-15,7.18352414942899e-16
ENERGY,33,6,1.1996329444491e-15,2.8556368699341e-15,1.65600392548495e-15
ENERGY,33,5,2.91486735015822e-16,4.46183780406759e-16,1.54697045391223e-16
ENERGY,33,4,5.47131365569975e-16,5.47635722012997e-16,5.04356443011103e-19
ENERGY,33,3,2.1312170129846e-15,2.1312170129846e-15,0
ENERGY,33,2,1.71505113470142e-14,1.81218491423224e-14,9.71337795311604e-16
ENERGY,33,1,1.38674699854424e-14,1.47372193279831e-14,8.69749342543134e-16
ENERGY,33,0,1.22469046267492e-14,1.31172165949428e-14,8.70311968197982e-16
HPRE,34,0.757960138244613,0.74200874508163
BIASED,34,0.745202032296845,0.748378848380467,0.763905485501622,0.729675390744963
......9......8......7......6..HCAP,34,0.744165924942646,0.728646950322189
CORECAP,34,2.58235541882745e-06,1.19999878524117,1.20000102200519,1.62345308699814e-06
HADC,34,0.753647163520396,0.738225048507108
DEADLINE,34,-0.0017368521908702,1.19761163493536
RESULT,34,0.75,0.016,-1,1.18999999999999e-09,6.18499999999987e-10
RESET,34,1.36201687440544e-07,9.88433589823775e-06,9.21973751913918e-06,1.36135740057254e-07,1.19998333885754,8.42995278165266e-06
ENERGY,34,8,0,0,0
ENERGY,34,7,3.41973455675813e-16,1.05854558708542e-15,7.16572131409492e-16
ENERGY,34,6,1.19402965477223e-15,2.85570546805828e-15,1.66167581328598e-15
ENERGY,34,5,-2.26231423925652e-16,3.90105413848499e-16,6.16336837773975e-16
ENERGY,34,4,1.06952722797242e-15,1.07016477207951e-15,6.37544107509194e-19
ENERGY,34,3,2.13121366230658e-15,2.13121366230658e-15,0
ENERGY,34,2,1.73068214062943e-14,1.81330943348512e-14,8.26272928560659e-16
ENERGY,34,1,1.20468461147623e-14,1.29165654102481e-14,8.69719295485163e-16
ENERGY,34,0,1.38962329602591e-14,1.4765980613321e-14,8.69747653060616e-16
HPRE,35,0.761977375747927,0.737991607370741
BIASED,35,0.749165348970837,0.744415648414097,0.767868777242619,0.725712166604862
......9......8......7......6...HCAP,35,0.746628602730657,0.726178597241988
CORECAP,35,1.19999873733061,2.51534512560051e-06,1.199999077795,1.62472286614598e-06
HADC,35,0.757600110025092,0.734271560172286
DEADLINE,35,1.1996708161564,8.92734297723156e-05
RESULT,35,0.75,0.024,1,0,1.19e-09
RESET,35,1.36226331495095e-07,6.84650986535965e-06,6.46179764588252e-06,1.36165220945146e-07,1.19999998411499,3.09373107357028e-07
ENERGY,35,8,0,0,0
ENERGY,35,7,2.87935565613691e-16,9.18355012530844e-16,6.30419446916701e-16
ENERGY,35,6,1.19419808511398e-15,2.85651631472213e-15,1.66231822960807e-15
ENERGY,35,5,2.28335396208893e-16,3.79185664073311e-16,1.50850267864162e-16
ENERGY,35,4,6.19078573657775e-16,6.19616058542682e-16,5.3748488508847e-19
ENERGY,35,3,2.13121660687585e-15,2.13121660687585e-15,0
ENERGY,35,2,2.11554854612027e-15,2.87828732172219e-15,7.62738775595427e-16
ENERGY,35,1,1.18046639632271e-14,1.26744129328468e-14,8.69748969621473e-16
ENERGY,35,0,1.29073744680973e-14,1.37771562488125e-14,8.69781780714776e-16
HPRE,36,0.799925294446765,0.799890092787673
BIASED,36,0.786198886558435,0.804805981059028,0.804902354840974,0.786102512907228
HCAP,36,0.784938958640449,0.784842652703529
CORECAP,36,1.20444131518752e-06,1.19999921114429,1.19999918826093,1.0733153775904e-06
HADC,36,0.794361577532451,0.794265980761439
DEADLINE,36,-0.00177433634761232,1.19760552387368
......9......8......7......6....RESULT,36,0.8,0,-1,1.19e-09,5.87749999999998e-10
RESET,36,1.36115815084364e-07,9.96421882612263e-06,9.22032748868e-06,1.36108257268758e-07,1.19998363623718,6.77498982297703e-06
ENERGY,36,8,0,0,0
ENERGY,36,7,3.43335290251844e-16,1.05979270494634e-15,7.16457414694414e-16
ENERGY,36,6,1.20478829075883e-15,2.8502750532415e-15,1.6454867624825e-15
ENERGY,36,5,3.07214921456837e-15,3.07299602741737e-15,8.46812849020647e-19
ENERGY,36,4,2.138257038992e-15,2.13882768804142e-15,5.70649049690633e-19
ENERGY,36,3,1.90613144730299e-15,1.90613144730299e-15,0
ENERGY,36,2,1.72713646306685e-14,1.80835301800783e-14,8.12165549406753e-16
ENERGY,36,1,1.24775517202194e-14,1.33949572467378e-14,9.17405526524199e-16
ENERGY,36,0,1.2619853681893e-14,1.35371682874513e-14,9.17314605558448e-16
HPRE,37,0.787997526285504,0.811961116533463
BIASED,37,0.774670797959634,0.816767406002544,0.793374253047215,0.79806391574921
HCAP,37,0.774990112219106,0.795185766300654
CORECAP,37,1.00276626338046e-06,1.20008026552169,5.06602523266933e-05,1.19999940261589
HADC,37,0.782895016460903,0.806163945393415
DEADLINE,37,1.19966986220017,8.86298003890726e-05
RESULT,37,0.8,-0.024,1,0,1.18999999999999e-09
......9......8......7......6.....RESET,37,1.36067356995488e-07,-3.44621180719004e-07,1.2592720053891e-07,1.35980992629834e-07,1.20000014059371,3.97532662416732e-07
ENERGY,37,8,0,0,0
ENERGY,37,7,2.87898794732754e-16,9.18339432940477e-16,6.30440638208061e-16
ENERGY,37,6,1.20547343792041e-15,2.84395334885521e-15,1.63847991093513e-15
ENERGY,37,5,1.14712487287104e-15,1.14847816981875e-15,1.35329694746734e-18
ENERGY,37,4,6.52521850571281e-17,5.53838015329472e-16,4.88585830272028e-16
ENERGY,37,3,1.9023511411834e-15,1.9023511411834e-15,0
ENERGY,37,2,2.35486113418533e-15,3.10254935929178e-15,7.47688225106113e-16
ENERGY,37,1,1.29769796823773e-14,1.3849836003973e-14,8.72856321597762e-16
ENERGY,37,0,1.16303636125966e-14,1.25101671218349e-14,8.79803509228441e-16
HPRE,38,0.79197439871174,0.807984048111804
BIASED,38,0.778522914790448,0.812914279589258,0.79722637304845,0.794210799127226
HCAP,38,0.777251391847643,0.792926197657522
CORECAP,38,1.01569663620768e-06,1.19999874712743,1.20000042321236,1.64183562976748e-06
HADC,38,0.786737395390729,0.802319993215207
DEADLINE,38,-0.00177440489273045,1.19760553788778
RESULT,38,0.8,-0.016,-1,1.18999999999999e-09,6.22249999999984e-10
......9......8......7......6......RESET,38,1.36105392726527e-07,9.96513476976479e-06,9.22143681230561e-06,1.36114109452283e-07,1.19998363623792,6.77498799830013e-06
ENERGY,38,8,0,0,0
ENERGY,38,7,3.43328587414382e-16,1.06044190922985e-15,7.17113321815009e-16
ENERGY,38,6,1.20545002497319e-15,2.84304161170173e-15,1.63759158672757e-15
ENERGY,38,5,4.64945255897904e-16,6.30152673834194e-16,1.65207417936535e-16
ENERGY,38,4,7.35040723174888e-16,7.36514246987264e-16,1.47352381228368e-18
ENERGY,38,3,1.90234974183782e-15,1.90234974183782e-15,0
ENERGY,38,2,1.71515175293039e-14,1.81214126453466e-14,9.6989511604262e-16
ENERGY,38,1,1.39185586695132e-14,1.47914145685587e-14,8.72855899047549e-16
ENERGY,38,0,1.22760492097431e-14,1.31489279349175e-14,8.72878725177792e-16
HPRE,39,0.807955822036644,0.792002694813594
BIASED,39,0.794134040362435,0.797303682899885,0.81283752297981,0.778600224521237
HCAP,39,0.79285028518336,0.777329233814528
CORECAP,39,1.61996823138237e-06,1.19999862651543,1.19999908390094,9.99846745298828e-07
HADC,39,0.802243599987844,0.786814317099073
DEADLINE,39,-0.00177445323210894,1.1976055140168
RESULT,39,0.8,0.016,-1,1.18999999999999e-09,6.16499999999984e-10
......9......8......7......6......5RESET,39,1.36121596855843e-07,9.9631989971554e-06,9.21921507065039e-06,1.36045567576972e-07,1.19998363623713,6.77498846121734e-06
ENERGY,39,8,0,0,0
ENERGY,39,7,3.43326052684761e-16,1.05866727885356e-15,7.15341226168686e-16
ENERGY,39,6,1.20542308252147e-15,2.84312359033202e-15,1.63770050781054e-15
ENERGY,39,5,-8.96666820767816e-17,5.66597793189771e-16,6.56264475265851e-16
ENERGY,39,4,1.29438583354209e-15,1.29498514622437e-15,5.99312682277924e-19
ENERGY,39,3,1.90234800442155e-15,1.90234800442155e-15,0
ENERGY,39,2,1.73064906949296e-14,1.81324037703347e-14,8.25913075400567e-16
ENERGY,39,1,1.20739303596501e-14,1.29467744124267e-14,8.72844052776927e-16
ENERGY,39,0,1.39478193038809e-14,1.48207090425674e-14,8.72889738688119e-16
HPRE,40,0.811972394588623,0.787986192326119
BIASED,40,0.79809454298465,0.793343242760952,0.816798035304782,0.774639790231652
HCAP,40,0.795216347939426,0.774959081269412
CORECAP,40,1.19999941140901,1.62212782357063e-06,1.19999926784577,8.94905684538711e-07
HADC,40,0.806193863671369,0.782863730379046
DEADLINE,40,1.1996707653771,8.92779299810229e-05
RESULT,40,0.8,0.024,1,0,1.19e-09
RESET,40,1.36079091074203e-07,6.24349603214552e-06,6.46038517682173e-06,1.33890649490188e-07,1.2000001406698,3.97552929144678e-07
ENERGY,40,8,0,0,0
ENERGY,40,7,2.87938895037005e-16,9.18368670288574e-16,6.30429775251156e-16
ENERGY,40,6,1.20549996081514e-15,2.84403448227276e-15,1.63853452145716e-15
ENERGY,40,5,3.94286730498243e-16,5.55659373303876e-16,1.613726428064e-16
ENERGY,40,4,8.14500783585202e-16,8.16021814042153e-16,1.5210304567259e-18
ENERGY,40,3,1.90235172805863e-15,1.90235172805863e-15,0
ENERGY,40,2,2.11485148466838e-15,2.88233636505561e-15,7.67484880389373e-16
ENERGY,40,1,1.18297131573599e-14,1.27035454019396e-14,8.7383224457661e-16
ENERGY,40,0,1.29708401456296e-14,1.38437105873845e-14,8.7287044175391e-16
HPRE,41,0.849921600164168,0.849887724523438
......9......8......7......6......5.BIASED,41,0.835134274334818,0.853746508252075,0.853837871129496,0.835042912578306
HCAP,41,0.833816611638706,0.833725319731997
CORECAP,41,1.2871095428401e-06,1.20000365270294,1.20000594461341,1.21874127138584e-06
HADC,41,0.842958524494096,0.842867929980396
DEADLINE,41,-0.00177436327677896,1.1976055847419
RESULT,41,0.85,0,-1,1.19e-09,5.84999999999988e-10
RESET,41,1.36009645195848e-07,9.96463198737904e-06,9.21972451712661e-06,1.36061349559041e-07,1.19998363629198,6.77716618200622e-06
ENERGY,41,8,0,0,0
ENERGY,41,7,3.43325175259239e-16,1.05978020321873e-15,7.16455027959278e-16
ENERGY,41,6,1.2075858003058e-15,2.84141844420331e-15,1.63383264389755e-15
ENERGY,41,5,3.42977636666215e-15,3.43234527271755e-15,2.56890605492215e-18
ENERGY,41,4,2.43522512573714e-15,2.43684798004147e-15,1.62285430386071e-18
ENERGY,41,3,1.67710342039599e-15,1.67710342039599e-15,0
ENERGY,41,2,1.7271140499659e-14,1.80833511452479e-14,8.12210645588081e-16
ENERGY,41,1,1.24830845716077e-14,1.3402324988594e-14,9.19240416989901e-16
ENERGY,41,0,1.26249904566706e-14,1.35443641540306e-14,9.19373697369344e-16
HPRE,42,0.837991893086042,0.861956320670265
BIASED,42,0.823597209327371,0.865697457959747,0.842300768625221,0.846993822715859
......9......8......7......6......5..HCAP,42,0.823991704286292,0.843941820249167
CORECAP,42,1.12191361618669e-06,1.20008087080611,5.02562485824411e-05,1.19999948128666
HADC,42,0.831482035800288,0.854756247961102
DEADLINE,42,1.1996698656054,8.86310474875626e-05
RESULT,42,0.85,-0.024,1,0,1.18999999999999e-09
RESET,42,1.36074679146415e-07,-3.450728932725e-07,1.25902163523229e-07,1.35982468112589e-07,1.20000014059368,3.97532655181601e-07
ENERGY,42,8,0,0,0
ENERGY,42,7,2.87898755240655e-16,9.1834294793925e-16,6.30444192698425e-16
ENERGY,42,6,1.2078740983127e-15,2.83571122800795e-15,1.62783712969463e-15
ENERGY,42,5,1.38343602767485e-15,1.38489049800574e-15,1.45447033049331e-18
ENERGY,42,4,2.30812819719227e-16,7.49170868819706e-16,5.1835804910107e-16
ENERGY,42,3,1.67336206371327e-15,1.67336206371327e-15,0
ENERGY,42,2,2.35494468409705e-15,3.10530698728903e-15,7.50362303189217e-16
ENERGY,42,1,1.29948092288512e-14,1.38705420187215e-14,8.7573278987207e-16
ENERGY,42,0,1.16304694978969e-14,1.25145644754392e-14,8.84094977542569e-16
HPRE,43,0.841969368172463,0.857978738615607
BIASED,43,0.827451851082263,0.861842255839909,0.846155422120498,0.843138633732217
HCAP,43,0.826132326384913,0.841801898883226
CORECAP,43,9.85685297784389e-07,1.20000514406293,1.19999997775998,1.74132104426159e-06
......9......8......7......6......5...HADC,43,0.835327716374804,0.850909333105755
DEADLINE,43,-0.00177440892475484,1.19760559026492
RESULT,43,0.85,-0.016,-1,1.18999999999999e-09,6.18749999999994e-10
RESET,43,1.36006453544343e-07,9.96497454065784e-06,9.22048622812742e-06,1.36065299645682e-07,1.19998363629298,6.77716236711689e-06
ENERGY,43,8,0,0,0
ENERGY,43,7,3.43120192959456e-16,1.06028512881708e-15,7.17164935857911e-16
ENERGY,43,6,1.20788221217801e-15,2.8348311655329e-15,1.6269489533555e-15
ENERGY,43,5,6.58616005360342e-16,8.33347916611992e-16,1.74731911251106e-16
ENERGY,43,4,9.43114609267034e-16,9.4469408424825e-16,1.57947498043981e-18
ENERGY,43,3,1.67335875794341e-15,1.67335875794341e-15,0
ENERGY,43,2,1.71544105729227e-14,1.81216584879555e-14,9.67247915024053e-16
ENERGY,43,1,1.39307650584499e-14,1.48064958194496e-14,8.75730760993691e-16
ENERGY,43,0,1.22773895168865e-14,1.31533999720623e-14,8.76010455184611e-16
HPRE,44,0.857951190030267,0.841996956530559
BIASED,44,0.843064595529638,0.846229755927856,0.861768220555706,0.827526185124013
HCAP,44,0.841728440830271,0.826206987535302
CORECAP,44,1.77381506019622e-06,1.19999869723181,1.20000350903591,1.10394518506995e-06
HADC,44,0.850835626746012,0.835401711265626
DEADLINE,44,-0.00177442081903801,1.19760557773369
RESULT,44,0.85,0.016,-1,1.18999999999999e-09,6.1299999999998e-10
......9......8......7......6......5....RESET,44,1.36071893132608e-07,9.9639582509104e-06,9.21914249905464e-06,1.35999701700132e-07,1.19998363628514,6.77721872897892e-06
ENERGY,44,8,0,0,0
ENERGY,44,7,3.41399865243903e-16,1.05670212427839e-15,7.15302259033992e-16
ENERGY,44,6,1.20784817454174e-15,2.8349205285622e-15,1.62707235402017e-15
ENERGY,44,5,6.68783278299213e-17,7.64299562084067e-16,6.97421234254392e-16
ENERGY,44,4,1.54294263845921e-15,1.54321403903392e-15,2.71400574344428e-19
ENERGY,44,3,1.67335825773188e-15,1.67335825773188e-15,0
ENERGY,44,2,1.73113776303222e-14,1.81325477015492e-14,8.21170071233169e-16
ENERGY,44,1,1.20751649152076e-14,1.29508847657027e-14,8.7571985049746e-16
ENERGY,44,0,1.39609604380396e-14,1.48368101771747e-14,8.7584973913848e-16
HPRE,45,0.861967332449471,0.83798085087195
BIASED,45,0.84702339909338,0.842270989958961,0.865727034736148,0.82356743106936
HCAP,45,0.84397128397363,0.823961905887624
CORECAP,45,1.19999940733453,1.63527459590314e-06,1.20000061276754,1.00478607782579e-06
HADC,45,0.854785120449582,0.831451980140243
DEADLINE,45,1.19967076625746,8.92809815167347e-05
RESULT,45,0.85,0.024,1,0,1.18999999999999e-09
......9......8......7......6......5.....RESET,45,1.36028698677542e-07,6.24313307035035e-06,6.45992512111412e-06,1.36068502426891e-07,1.20000014066995,3.97552961222423e-07
ENERGY,45,8,0,0,0
ENERGY,45,7,2.87939757288978e-16,9.18369786373293e-16,6.30430029083905e-16
ENERGY,45,6,1.20789773134898e-15,2.83574805525719e-15,1.62785032390899e-15
ENERGY,45,5,5.81982820738297e-16,7.52911408217352e-16,1.70928587478896e-16
ENERGY,45,4,1.03198625270782e-15,1.03361379118576e-15,1.62753847834454e-18
ENERGY,45,3,1.67336229521136e-15,1.67336229521136e-15,0
ENERGY,45,2,2.11492065042887e-15,2.88490998493714e-15,7.69989334506232e-16
ENERGY,45,1,1.18298506311347e-14,1.27077409292609e-14,8.77890298129241e-16
ENERGY,45,0,1.2988933846786e-14,1.38646961098427e-14,8.75762263050551e-16
HPRE,46,0.899917197936704,0.899884154615086
BIASED,46,0.884066483570772,0.902681755057961,0.902770233874482,0.883978005075946
HCAP,46,0.882776912434466,0.882688525616348
CORECAP,46,1.29183210359529e-06,1.199999156023,1.19999917464881,1.24689365271738e-06
HADC,46,0.891550782507669,0.891463063686753
DEADLINE,46,-0.00177362360692526,1.19760551968715
RESULT,46,0.9,0,-1,1.19e-09,5.81499999999998e-10
......9......8......7......6......5......RESET,46,1.36055033942453e-07,9.96482166207682e-06,9.22004422863208e-06,1.36049245553239e-07,1.19998363628562,6.77721980805393e-06
ENERGY,46,8,0,0,0
ENERGY,46,7,3.41407569318672e-16,1.057836343957e-15,7.16428774637707e-16
ENERGY,46,6,1.20364206207994e-15,2.83180069594375e-15,1.62815863386382e-15
ENERGY,46,5,3.8126556047715e-15,3.81571683832189e-15,3.06123355168478e-18
ENERGY,46,4,2.75564576379163e-15,2.75770222410558e-15,2.05646031430637e-18
ENERGY,46,3,1.4480392488019e-15,1.4480392488019e-15,0
ENERGY,46,2,1.72750878383896e-14,1.80840021684976e-14,8.08914330113839e-16
ENERGY,46,1,1.24708927023682e-14,1.33922003830948e-14,9.21307680718099e-16
ENERGY,46,0,1.26125317615626e-14,1.35341833480727e-14,9.21651586509851e-16
HPRE,47,0.887986497338808,0.911951299609819
BIASED,47,0.872524864232491,0.914626977903862,0.891228581685936,0.895923193803769
HCAP,47,0.873085428624304,0.892767417863051
CORECAP,47,1.08243089859602e-06,1.20007946681686,4.98008845136237e-05,1.19999908175357
HADC,47,0.880068191494876,0.90334712811176
DEADLINE,47,1.19966990536089,8.86391762326183e-05
RESULT,47,0.9,-0.024,1,0,1.18999999999999e-09
RESET,47,1.36081696129075e-07,-3.45366132945746e-07,1.25875513538641e-07,-4.29981799299903e-11,1.20000014059374,3.97532687796995e-07
ENERGY,47,8,0,0,0
ENERGY,47,7,2.87898816940347e-16,9.18348261742658e-16,6.30449444802649e-16
ENERGY,47,6,1.20381070339236e-15,2.82673261887787e-15,1.62292191548509e-15
ENERGY,47,5,1.64036268029735e-15,1.6422504259472e-15,1.88774564993947e-18
ENERGY,47,4,4.16796151108293e-16,9.65255759359928e-16,5.48459608252546e-16
ENERGY,47,3,1.44431794651797e-15,1.44431794651797e-15,0
ENERGY,47,2,2.35504665649201e-15,3.10683174876695e-15,7.51785092280555e-16
ENERGY,47,1,1.29845121212507e-14,1.38629775278445e-14,8.78465406594079e-16
ENERGY,47,0,1.1615938244566e-14,1.25031980738458e-14,8.87259829287412e-16
HPRE,48,0.89196425874916,0.907973503351887
......9......8......7......6......5......4BIASED,48,0.876380722794023,0.910770913861953,0.895084454014433,0.892067138788669
HCAP,48,0.875092350265497,0.89076023719162
CORECAP,48,1.01781635310584e-06,1.20000077934456,1.20000365551477,1.64220208569745e-06
HADC,48,0.883916503098405,0.899497885813433
DEADLINE,48,-0.00177365713371198,1.19760551823769
RESULT,48,0.9,-0.016,-1,1.19e-09,6.14499999999995e-10
RESET,48,1.36066181540228e-07,9.96540815694144e-06,9.2204873549403e-06,1.35992633563018e-07,1.19998363628556,6.77721987457269e-06
ENERGY,48,8,0,0,0
ENERGY,48,7,3.41405534175295e-16,1.05848226089309e-15,7.1707672671773e-16
ENERGY,48,6,1.20383610251869e-15,2.82586417441082e-15,1.62202807189233e-15
ENERGY,48,5,8.7284424773515e-16,1.0573630942001e-15,1.84518846463594e-16
ENERGY,48,4,1.17171059465503e-15,1.17371140311244e-15,2.00080845745141e-18
ENERGY,48,3,1.44431314244977e-15,1.44431314244977e-15,0
ENERGY,48,2,1.71593795428654e-14,1.81224378439521e-14,9.63058301094893e-16
ENERGY,48,1,1.39189004402982e-14,1.4797370431731e-14,8.78469991440666e-16
ENERGY,48,0,1.22635350815448e-14,1.31423880510329e-14,8.78852969486409e-16
HPRE,49,0.907946253865328,0.89199152248464
BIASED,49,0.891994258884358,0.895157440313293,0.910698030068772,0.87645371115159
......9......8......7......6......5......4.HCAP,49,0.890687790471687,0.875165523187536
CORECAP,49,1.70417612876119e-06,1.20000417720063,1.20000475547733,1.15720096410416e-06
HADC,49,0.899425315204831,0.883989178526542
DEADLINE,49,-0.00177366745647806,1.197605509579
RESULT,49,0.9,0.016,-1,1.19e-09,6.08750000000022e-10
RESET,49,1.35998380885548e-07,9.96442186274647e-06,9.21946723170521e-06,1.36059686563106e-07,1.19998363628531,6.77721985537822e-06
ENERGY,49,8,0,0,0
ENERGY,49,7,3.41399252532443e-16,1.05668329752435e-15,7.15284044991097e-16
ENERGY,49,6,1.20382634508548e-15,2.82602428876011e-15,1.62219794367479e-15
ENERGY,49,5,2.42254038674971e-16,9.79950858357704e-16,7.3769681968243e-16
ENERGY,49,4,1.80711873102727e-15,1.80776663464697e-15,6.47903619936069e-19
ENERGY,49,3,1.44431296059201e-15,1.44431296059201e-15,0
ENERGY,49,2,1.73120069444025e-14,1.81320201440198e-14,8.2001319962391e-16
ENERGY,49,1,1.20610825159284e-14,1.2939481149612e-14,8.7839863368105e-16
ENERGY,49,0,1.39495982624413e-14,1.48283321351561e-14,8.78733872714597e-16
HPRE,50,0.911962196902522,0.887975589710429
BIASED,50,0.895952335461741,0.891199370040953,0.914656116918644,0.87249565700541
HCAP,50,0.892796432518987,0.87305616683068
CORECAP,50,1.19999909322338,1.74471296277901e-06,1.19999943360004,1.12759605056981e-06
......9......8......7......6......5......4..HADC,50,0.903375570647955,0.880038699076043
DEADLINE,50,1.19967078663143,8.92694927899514e-05
RESULT,50,0.9,0.024,1,0,1.19e-09
RESET,50,1.36076388577744e-07,6.24260608188862e-06,6.45974128970485e-06,1.30560975855928e-07,1.20000014066985,3.97552944253716e-07
ENERGY,50,8,0,0,0
ENERGY,50,7,2.87939737404064e-16,9.18374726974704e-16,6.30434989571092e-16
ENERGY,50,6,1.20383431515238e-15,2.82672470218416e-15,1.62289038703253e-15
ENERGY,50,5,7.87024397145893e-16,9.67731915378776e-16,1.80707518232473e-16
ENERGY,50,4,1.26651475539566e-15,1.2685810127708e-15,2.06625737532599e-18
ENERGY,50,3,1.44431796064721e-15,1.44431796064721e-15,0
ENERGY,50,2,2.11495149935847e-15,2.88586340892946e-15,7.709119095626e-16
ENERGY,50,1,1.18154273818119e-14,1.26962629175906e-14,8.80835535784008e-16
ENERGY,50,0,1.29785049658635e-14,1.38570357555981e-14,8.78530789742743e-16
HPRE,51,0.94991226070879,0.949879574204817
BIASED,51,0.932996647172749,0.951613138870679,0.951700502430985,0.932909284128512
HCAP,51,0.931764247458369,0.931676988634185
CORECAP,51,1.24008361790983e-06,1.19999956519083,1.20000267920514,1.23579121229293e-06
HADC,51,0.940140385734172,0.940053781077516
DEADLINE,51,-0.00173721856070945,1.19761161695168
RESULT,51,0.95,0,-1,1.19e-09,5.78250000000001e-10
......9......8......7......6......5......4...RESET,51,1.36058122889999e-07,9.96534148771414e-06,9.22019997375085e-06,1.36050125440742e-07,1.19998363628517,6.77722325461622e-06
ENERGY,51,8,0,0,0
ENERGY,51,7,3.41402479386624e-16,1.05782645520954e-15,7.16423975823202e-16
ENERGY,51,6,1.1975697824554e-15,2.82182807605215e-15,1.62425829359589e-15
ENERGY,51,5,4.20917672037646e-15,4.212121081087e-15,2.94436070997167e-18
ENERGY,51,4,3.09021867606711e-15,3.09221781004745e-15,1.99913397994821e-18
ENERGY,51,3,1.21897020824465e-15,1.21903299126138e-15,6.2783017643327e-20
ENERGY,51,2,1.72747269287821e-14,1.80839481070259e-14,8.09221178241897e-16
ENERGY,51,1,1.24543936756595e-14,1.33780114165095e-14,9.23617740853982e-16
ENERGY,51,0,1.25960954718654e-14,1.35201630373518e-14,9.24067565485509e-16
HPRE,52,0.93798125816733,0.961946144586766
BIASED,52,0.92145360590364,0.963556312000895,0.940157441584048,0.944852439987347
HCAP,52,0.922208958580143,0.941618877901251
CORECAP,52,1.12584486785742e-06,1.20007746890572,4.91624296885525e-05,1.1999990935453
HADC,52,0.928654533067523,0.951937556485531
DEADLINE,52,1.19966994966175,8.86502673648462e-05
RESULT,52,0.95,-0.024,1,0,1.19e-09
......9......8......7......6......5......4....RESET,52,1.36011792276394e-07,-3.45241872856423e-07,1.60319204205383e-07,1.35918664718669e-07,1.20000014059383,3.9753269924716e-07
ENERGY,52,8,0,0,0
ENERGY,52,7,2.87898818791182e-16,9.18351726722588e-16,6.30452907931514e-16
ENERGY,52,6,1.19770958472149e-15,2.81740244582681e-15,1.61969286110585e-15
ENERGY,52,5,1.91207315907497e-15,1.91406311143389e-15,1.98995235925249e-18
ENERGY,52,4,6.17962807644929e-16,1.19624303869222e-15,5.78280231046782e-16
ENERGY,52,3,1.21525362210413e-15,1.21525362210327e-15,1.20370621524202e-35
ENERGY,52,2,2.35515328864053e-15,3.10788813881402e-15,7.5273485017292e-16
ENERGY,52,1,1.29680186410763e-14,1.38490301043669e-14,8.8101146328829e-16
ENERGY,52,0,1.15983082652165e-14,1.24882419683582e-14,8.89933703136333e-16
HPRE,53,0.941959093373735,0.9579683093342
BIASED,53,0.925309803771851,0.959700098066796,0.944013642574462,0.94099623112861
HCAP,53,0.924079290924377,0.939747190130357
CORECAP,53,1.14200745876512e-06,1.20000254422509,1.20000036687527,1.70963630271255e-06
HADC,53,0.932504900994178,0.948086432420655
DEADLINE,53,-0.00173724425263334,1.1976116081092
RESULT,53,0.95,-0.016,-1,1.19e-09,6.10000000000003e-10
......9......8......7......6......5......4.....RESET,53,1.36057384254628e-07,9.96623824813749e-06,9.22081421182657e-06,1.36056122760911e-07,1.19998363628518,6.77722346625961e-06
ENERGY,53,8,0,0,0
ENERGY,53,7,3.41396912994353e-16,1.05849385374288e-15,7.17096940748501e-16
ENERGY,53,6,1.19775951666862e-15,2.81663510379709e-15,1.61887558712853e-15
ENERGY,53,5,1.10200628358763e-15,1.29591369152991e-15,1.93907407941937e-16
ENERGY,53,4,1.41555325026462e-15,1.41766462642962e-15,2.11137616438798e-18
ENERGY,53,3,1.2152478089428e-15,1.21531370029321e-15,6.58913473209826e-20
ENERGY,53,2,1.71612957163482e-14,1.81226387764434e-14,9.61343060087524e-16
ENERGY,53,1,1.39008371859195e-14,1.47817835639886e-14,8.809463780681e-16
ENERGY,53,0,1.22462100891078e-14,1.31276843726301e-14,8.81474283521271e-16
HPRE,54,0.957941121453005,0.941986279327196
BIASED,54,0.940923563240582,0.944086308830664,0.959627429925227,0.925382466412818
HCAP,54,0.939674943992342,0.924152128717594
CORECAP,54,1.68785332716012e-06,1.19999938820987,1.2000008637205,1.14153032405884e-06
HADC,54,0.948014062238269,0.932577264958351
DEADLINE,54,-0.00173725679464462,1.19761160334957
RESULT,54,0.95,0.016,-1,1.19e-09,6.0450000000001e-10
......9......8......7......6......5......4......RESET,54,1.36058609840535e-07,9.96489894291959e-06,9.21950001798146e-06,1.36049553666011e-07,1.19998363628491,6.77722338555334e-06
ENERGY,54,8,0,0,0
ENERGY,54,7,3.41399165556577e-16,1.05669605241445e-15,7.15296886858379e-16
ENERGY,54,6,1.19775211269288e-15,2.81675689629698e-15,1.61900478360362e-15
ENERGY,54,5,4.37346450258139e-16,1.21501861964914e-15,7.77672169390257e-16
ENERGY,54,4,2.09116609960881e-15,2.09186117897397e-15,6.95079364938069e-19
ENERGY,54,3,1.21524797994015e-15,1.21531383754498e-15,6.58576035342821e-20
ENERGY,54,2,1.73123832700115e-14,1.81315321383229e-14,8.1914886831351e-16
ENERGY,54,1,1.20438776077044e-14,1.29248423730907e-14,8.80964765387455e-16
ENERGY,54,0,1.39332631369302e-14,1.48145888853088e-14,8.81325748365696e-16
HPRE,55,0.961957019516796,0.93797038364029
BIASED,55,0.944881506654801,0.940128374479395,0.963585378646543,0.921424538918709
HCAP,55,0.941647828029681,0.92217983844523
CORECAP,55,1.19999979049774,1.7024088862293e-06,1.19999931872647,1.10203951875781e-06
HADC,55,0.951965929067045,0.928625186029357
DEADLINE,55,1.1996708099354,8.92751726611186e-05
RESULT,55,0.95,0.024,1,0,1.19e-09
RESET,55,1.35993683332987e-07,6.24205078802629e-06,6.45965543563742e-06,1.00797658071243e-07,1.20000014066987,3.97552956225514e-07
ENERGY,55,8,0,0,0
ENERGY,55,7,2.87938931959261e-16,9.18377353687781e-16,6.30438421728318e-16
ENERGY,55,6,1.19774447803333e-15,2.8174175570954e-15,1.61967307906149e-15
ENERGY,55,5,1.01182367527792e-15,1.20194578934782e-15,1.90122114069912e-16
ENERGY,55,4,1.52085783466556e-15,1.52303055426569e-15,2.17271960030005e-18
ENERGY,55,3,1.2152535209815e-15,1.21525352098251e-15,-7.22223729145213e-35
ENERGY,55,2,2.11496892256573e-15,2.88622725361959e-15,7.71258331052194e-16
ENERGY,55,1,1.1797884171725e-14,1.2681360252909e-14,8.83476081184734e-16
ENERGY,55,0,1.29618705917362e-14,1.38429846671594e-14,8.81114075427308e-16
HPRE,56,0.999907061528512,0.999874448465987
BIASED,56,0.981925936080653,1.00054262407012,1.00062984595371,0.981838714517329
......9......8......7......6......5......4......3HCAP,56,0.980759602778854,0.980672478777985
CORECAP,56,1.23045867520644e-06,1.19999955327081,1.20000618009574,1.22031421309497e-06
HADC,56,0.988728898638508,0.988642454438619
DEADLINE,56,-0.00173650998822771,1.19761183411153
RESULT,56,1,0,-1,1.19e-09,5.75249999999997e-10
RESET,56,1.3605257333524e-07,9.96624534800593e-06,9.22012714154133e-06,1.36044959185522e-07,1.1999836362841,6.77722893070406e-06
ENERGY,56,8,0,0,0
ENERGY,56,7,3.41367846993812e-16,1.05783635414755e-15,7.16468507153836e-16
ENERGY,56,6,1.19090703996414e-15,2.81165507528752e-15,1.62074803532329e-15
ENERGY,56,5,4.6269008867658e-15,4.62998435355956e-15,3.08346679368295e-18
ENERGY,56,4,3.44599756880539e-15,3.44808615789518e-15,2.08858909051068e-18
ENERGY,56,3,9.89902904577696e-16,9.90961152970304e-16,1.05824839359487e-18
ENERGY,56,2,1.72747834581989e-14,1.80839537451813e-14,8.09170286980986e-16
ENERGY,56,1,1.24471275996354e-14,1.33731708450167e-14,9.26043245379061e-16
ENERGY,56,0,1.25886508959321e-14,1.35151132822365e-14,9.26462386304922e-16
HPRE,57,0.9879760911702,1.01194093175154
BIASED,57,0.970382979576622,1.01248564077799,0.989086879660769,0.993781723632055
......9......8......7......6......5......4......3.HCAP,57,0.97134125718732,0.990479167242924
CORECAP,57,9.98747182393819e-07,1.20007797314502,4.86822149525178e-05,1.19999910977493
HADC,57,0.977241196519905,1.00052789128549
DEADLINE,57,1.19966997654562,8.86545741792959e-05
RESULT,57,1,-0.024,1,0,1.19e-09
RESET,57,1.36053037660109e-07,-3.45674134754019e-07,-1.34429330978246e-07,1.35914760583647e-07,1.20000014059372,3.97532676619435e-07
ENERGY,57,8,0,0,0
ENERGY,57,7,2.87898796846507e-16,9.18355117563761e-16,6.30456320716942e-16
ENERGY,57,6,1.19102915577163e-15,2.80815696546386e-15,1.61712780969298e-15
ENERGY,57,5,2.20511035825319e-15,2.20719352889155e-15,2.08317063872376e-18
ENERGY,57,4,8.40210535980561e-16,1.44829203611013e-15,6.08081500128466e-16
ENERGY,57,3,9.86182751251498e-16,9.86287555656302e-16,1.04804404022321e-19
ENERGY,57,2,2.35524017462589e-15,3.10906856560389e-15,7.53828390963953e-16
ENERGY,57,1,1.29649154433194e-14,1.38483026416989e-14,8.83387198390933e-16
ENERGY,57,0,1.15880853892255e-14,1.24805112958644e-14,8.92425906628494e-16
HPRE,58,0.991953902612348,1.0079631338612
BIASED,58,0.974239098476155,1.00862957936878,0.99294300235363,0.989925664373057
HCAP,58,0.973074783857922,0.988743129589363
CORECAP,58,1.08263298931427e-06,1.19999925181555,1.20000029097607,1.62548155247188e-06
HADC,58,0.981093293763583,0.996675136892061
DEADLINE,58,-0.00173653790003775,1.19761181976395
......9......8......7......6......5......4......3..RESULT,58,1,-0.016,-1,1.19e-09,6.06499999999986e-10
RESET,58,1.36041491746035e-07,9.96700695489039e-06,9.22087526361342e-06,1.36045481837972e-07,1.19998363628421,6.77722791276274e-06
ENERGY,58,8,0,0,0
ENERGY,58,7,3.41396405457888e-16,1.05848757160186e-15,7.170911661442e-16
ENERGY,58,6,1.19106385370392e-15,2.80761939181779e-15,1.61655553811365e-15
ENERGY,58,5,1.35237767355991e-15,1.55558999715999e-15,2.0321232360051e-16
ENERGY,58,4,1.68048168146493e-15,1.68269207228923e-15,2.21039082372345e-18
ENERGY,58,3,9.86176476848379e-16,9.8724220029313e-16,1.06572344311378e-18
ENERGY,58,2,1.71631695091721e-14,1.81227680681239e-14,9.59598558955043e-16
ENERGY,58,1,1.38993928426262e-14,1.47828326800412e-14,8.83439837430154e-16
ENERGY,58,0,1.22368421631576e-14,1.31207340378421e-14,8.83891874683839e-16
HPRE,59,1.0079359060421,0.991981125697073
BIASED,59,0.989852809430059,0.993015822760319,1.00855672056777,0.974311919381019
HCAP,59,0.988670651746448,0.973147756801936
CORECAP,59,1.65181919095556e-06,1.19999931517772,1.20000130045413,1.04865999959044e-06
HADC,59,0.996602571282881,0.981165824080684
DEADLINE,59,-0.00173654752851267,1.1976118194128
RESULT,59,1,0.016,-1,1.19e-09,6.00750000000013e-10
......9......8......7......6......5......4......3...RESET,59,1.36053322062566e-07,9.96536436997886e-06,9.21936079486493e-06,1.3604439143884e-07,1.19998363628405,6.77722852120552e-06
ENERGY,59,8,0,0,0
ENERGY,59,7,3.41399333602387e-16,1.05666102581177e-15,7.15261692208888e-16
ENERGY,59,6,1.19107681544044e-15,2.80771038735826e-15,1.61663357191774e-15
ENERGY,59,5,6.47518952822888e-16,1.46514324917102e-15,8.17624296347342e-16
ENERGY,59,4,2.39008262886568e-15,2.39081653445017e-15,7.33905584750641e-19
ENERGY,59,3,9.86176559266219e-16,9.87242212783184e-16,1.06565351525476e-18
ENERGY,59,2,1.73131475343513e-14,1.81311550352027e-14,8.18007500847759e-16
ENERGY,59,1,1.20344358010603e-14,1.29178146005566e-14,8.83378799504282e-16
ENERGY,59,0,1.39300741607023e-14,1.4813891864703e-14,8.83817704001704e-16
HPRE,60,1.01195182412353,0.987965203208538
BIASED,60,0.993810871086058,0.989057754412323,1.01251478750058,0.970353854718869
HCAP,60,0.990508261510327,0.971312123429827
CORECAP,60,1.1999993343167,1.66439984531091e-06,1.20000070890539,1.11258663380208e-06
HADC,60,1.0005563508852,0.977211809763405
DEADLINE,60,1.19967082255391,8.92758076128446e-05
RESULT,60,1,0.024,1,0,1.19e-09
......9......8......7......6......5......4......3....RESET,60,1.35970715120959e-07,6.24166783153755e-06,6.45960281414876e-06,1.33713342080526e-07,1.20000014067618,3.97557151856041e-07
ENERGY,60,8,0,0,0
ENERGY,60,7,2.89877028567469e-16,9.20316096705175e-16,6.30439068137485e-16
ENERGY,60,6,1.19103211175083e-15,2.80814588832414e-15,1.61711377657284e-15
ENERGY,60,5,1.25175388809907e-15,1.45121522217032e-15,1.9946133407168e-16
ENERGY,60,4,1.78996026627742e-15,1.79222916438978e-15,2.26889811216448e-18
ENERGY,60,3,9.86183005719573e-16,9.86288071320489e-16,1.05065602129008e-19
ENERGY,60,2,2.11451683204196e-15,2.88633378905462e-15,7.71816957006469e-16
ENERGY,60,1,1.17876088635717e-14,1.26737003439648e-14,8.86091480399025e-16
ENERGY,60,0,1.29583982693014e-14,1.38418956562535e-14,8.83497386950057e-16
HPRE,61,1.04990174051648,1.04986906624412
BIASED,61,1.03085486532165,1.04947129385022,1.04955880155805,1.03076736017258
HCAP,61,1.02975689865184,1.02966948392672
CORECAP,61,1.21773370912302e-06,1.19999961012557,1.20000592699252,1.21215840619141e-06
HADC,61,1.03731702988149,1.03723030429269
DEADLINE,61,-0.00177131135746885,1.19760606466442
RESULT,61,1.05,0,-1,1.19e-09,5.73500000000002e-10
......9......8......7......6......5......4......3.....RESET,61,1.36043750134978e-07,9.96658477981346e-06,9.22018505612227e-06,1.36035101113229e-07,1.19998363629001,6.77718340985943e-06
ENERGY,61,8,0,0,0
ENERGY,61,7,3.41301000136644e-16,1.05769664524586e-15,7.16395645108866e-16
ENERGY,61,6,1.18406265897777e-15,2.80157615710958e-15,1.61751349813056e-15
ENERGY,61,5,5.06399395063923e-15,5.06698047818683e-15,2.98652754735918e-18
ENERGY,61,4,3.820949867056e-15,3.82300018894551e-15,2.05032188849045e-18
ENERGY,61,3,7.60837986567909e-16,7.63499541677433e-16,2.66155510826461e-18
ENERGY,61,2,1.72724899621791e-14,1.80836042638814e-14,8.11114301718262e-16
ENERGY,61,1,1.24628882475271e-14,1.33918566273268e-14,9.28968379806213e-16
ENERGY,61,0,1.26043923324845e-14,1.35336219517573e-14,9.29229619275938e-16
HPRE,62,1.03797095070299,1.06193569926434
BIASED,62,1.0193126628097,1.0614150131037,1.03801658362673,1.04271105228926
HCAP,62,1.02047571580986,1.0393419669974
CORECAP,62,1.1092338513393e-06,1.20007749976486,4.84095321192121e-05,1.19999911184155
HADC,62,1.0258281491105,1.04911823850573
DEADLINE,62,1.19966999113971,8.86577700219681e-05
RESULT,62,1.05,-0.024,1,0,1.19e-09
RESET,62,1.36062360609914e-07,-3.46319830572736e-07,-1.29561402529113e-07,1.3591320608998e-07,1.20000014059336,3.97532628198632e-07
ENERGY,62,8,0,0,0
ENERGY,62,7,2.8983728564723e-16,9.20297962610903e-16,6.30460676962682e-16
ENERGY,62,6,1.18416560152684e-15,2.79929371927829e-15,1.61512811775272e-15
ENERGY,62,5,2.5171962236239e-15,2.51937714085406e-15,2.18091723055411e-18
ENERGY,62,4,1.08151450533473e-15,1.71934597413866e-15,6.37831468804155e-16
ENERGY,62,3,7.57110828504502e-16,7.58329635461493e-16,1.21880695777385e-18
ENERGY,62,2,2.35481747258892e-15,3.11055679462663e-15,7.55739322043836e-16
ENERGY,62,1,1.29966789769342e-14,1.38824688343721e-14,8.85789857434922e-16
ENERGY,62,0,1.15961663899973e-14,1.24909884134587e-14,8.94822023464402e-16
HPRE,63,1.04194870253553,1.0579579643802
......9......8......7......6......5......4......3......BIASED,63,1.02316854349374,1.05755921039062,1.04187247546949,1.03885527716802
HCAP,63,1.02207249889735,1.03774134076559
CORECAP,63,1.12439396295726e-06,1.19999970836627,1.19999907456579,1.6603906763733e-06
HADC,63,1.02968175685003,1.04526397974148
DEADLINE,63,-0.00177135693383641,1.19760604343847
RESULT,63,1.05,-0.016,-1,1.19e-09,6.04250000000004e-10
RESET,63,1.36041393545953e-07,9.96743991594269e-06,9.2212428036178e-06,1.36033246140761e-07,1.19998363629031,6.77718327993873e-06
ENERGY,63,8,0,0,0
ENERGY,63,7,3.41288873439236e-16,1.0583400850255e-15,7.1705121158659e-16
ENERGY,63,6,1.18421848636468e-15,2.79898170851099e-15,1.61476322214687e-15
ENERGY,63,5,1.62179108940478e-15,1.83423597257442e-15,2.12444883168998e-16
ENERGY,63,4,1.96446558634089e-15,1.96677867364218e-15,2.31308730012046e-18
ENERGY,63,3,7.5710406537388e-16,7.59775605783389e-16,2.67154040717706e-18
ENERGY,63,2,1.71626422693987e-14,1.8122530366935e-14,9.59888097544946e-16
ENERGY,63,1,1.3930081875874e-14,1.48158485266544e-14,8.85766650774851e-16
ENERGY,63,0,1.22471014837369e-14,1.31333858651568e-14,8.86284381424721e-16
HPRE,64,1.05793065948885,1.04197600183816
BIASED,64,1.03878209668662,1.04194561026206,1.05748603218115,1.02324167325051
......9......8......7......6......5......4......3......2HCAP,64,1.03766854328486,1.02214576698247
CORECAP,64,1.65522712268069e-06,1.2000071775527,1.200001965769,1.09192095889553e-06
HADC,64,1.04519109051256,1.02975462383248
DEADLINE,64,-0.00177135312773033,1.19760604926088
RESULT,64,1.05,0.016,-1,1.19e-09,5.98500000000004e-10
RESET,64,1.36042740693283e-07,9.96553508140721e-06,9.21923027471379e-06,1.36032327093971e-07,1.19998363628993,6.77718376441786e-06
ENERGY,64,8,0,0,0
ENERGY,64,7,3.41294221230032e-16,1.0565027262437e-15,7.15208505013032e-16
ENERGY,64,6,1.18420959822491e-15,2.79907323610726e-15,1.6148636378807e-15
ENERGY,64,5,8.79727761479023e-16,1.73728900883872e-15,8.57561247359444e-16
ENERGY,64,4,2.71126561311402e-15,2.71204482119589e-15,7.79208082708407e-19
ENERGY,64,3,7.57104618603119e-16,7.59776070925213e-16,2.67145232027183e-18
ENERGY,64,2,1.73122842409469e-14,1.81309276846029e-14,8.18643443647909e-16
ENERGY,64,1,1.2044819132462e-14,1.29305904418233e-14,8.85771309370334e-16
ENERGY,64,0,1.3960102346589e-14,1.48462743796876e-14,8.86172033088289e-16
HPRE,65,1.06194662463541,1.03796003100759
BIASED,65,1.04274036295155,1.03798733492647,1.06144428691316,1.01928340686738
HCAP,65,1.03937114838391,1.02044642933219
CORECAP,65,1.19999911289377,1.65090446381024e-06,1.20000060385156,1.08722724304232e-06
......9......8......7......6......5......4......3......2.HADC,65,1.04914682349557,1.02579862753488
DEADLINE,65,1.19967083014648,8.92785526795663e-05
RESULT,65,1.05,0.024,1,0,1.19e-09
RESET,65,1.35969425345317e-07,6.24070467428077e-06,6.45944109813514e-06,1.33216680603801e-07,1.20000014067624,3.97557145819004e-07
ENERGY,65,8,0,0,0
ENERGY,65,7,2.89877395368056e-16,9.20323178266178e-16,6.30445782898753e-16
ENERGY,65,6,1.18416681211892e-15,2.79925528077931e-15,1.61508846866002e-15
ENERGY,65,5,1.51291708471872e-15,1.72237594242335e-15,2.09458857703524e-16
ENERGY,65,4,2.08219911368038e-15,2.084568448372e-15,2.36933468919847e-18
ENERGY,65,3,7.5711101894022e-16,7.58330108272105e-16,1.21908932969064e-18
ENERGY,65,2,2.11459728491758e-15,2.88810079637118e-15,7.73503511450565e-16
ENERGY,65,1,1.17957970259796e-14,1.26843501449705e-14,8.88553118996763e-16
ENERGY,65,0,1.29900497520156e-14,1.38759380407586e-14,8.85888288746737e-16
HPRE,66,1.099896424602,1.099863668109
BIASED,66,1.07978389404318,1.09839994773469,1.09848782027523,1.07969600759752
HCAP,66,1.07875443737273,1.07866662977678
CORECAP,66,1.22232131375055e-06,1.20000358408158,1.20000448232126,1.20924406554235e-06
HADC,66,1.08590527096372,1.08581817718924
DEADLINE,66,-0.0017712066052005,1.19760610729878
RESULT,66,1.1,0,-1,1.19e-09,5.72999999999988e-10
......9......8......7......6......5......4......3......2..RESET,66,1.36055635846572e-07,9.96134415517476e-06,9.22320756065787e-06,1.36039435590216e-07,1.19998363629402,6.77717930367734e-06
ENERGY,66,8,0,0,0
ENERGY,66,7,3.41298629104567e-16,1.05768246447761e-15,7.163838353724e-16
ENERGY,66,6,1.17717780292011e-15,2.79202033288173e-15,1.61484252996215e-15
ENERGY,66,5,5.52003530386994e-15,5.52261120416629e-15,2.57590029760259e-18
ENERGY,66,4,4.21492032601981e-15,4.21651728311141e-15,1.59695709142056e-18
ENERGY,66,3,5.31774045736964e-16,5.36546674038749e-16,4.77262830200324e-18
ENERGY,66,2,1.72720841791147e-14,1.80830482070238e-14,8.10964027911421e-16
ENERGY,66,1,1.2521185403341e-14,1.34520597577629e-14,9.30874354416912e-16
ENERGY,66,0,1.26630440818544e-14,1.35944111880383e-14,9.31367106176742e-16
HPRE,67,1.08796581461108,1.11193046681986
BIASED,67,1.06824246850415,1.11034443618951,1.08694639923979,1.09164051055785
HCAP,67,1.06960995406021,1.08820494611214
CORECAP,67,1.06713482552858e-06,1.20007733218718,4.857657419384e-05,1.19999912458829
HADC,67,1.074415381001,1.09770859297498
DEADLINE,67,1.19966999146067,8.86587887755292e-05
RESULT,67,1.1,-0.024,1,0,1.19e-09
......9......8......7......6......5......4......3......2...RESET,67,1.36047465001001e-07,-3.46836150478728e-07,-2.25167934410332e-07,1.35910484207751e-07,1.20000014059349,3.97532656994052e-07
ENERGY,67,8,0,0,0
ENERGY,67,7,2.89837225255592e-16,9.20299948753507e-16,6.30462723495883e-16
ENERGY,67,6,1.17726516982829e-15,2.79032261517914e-15,1.61305744535003e-15
ENERGY,67,5,2.84834570973194e-15,2.85006411785886e-15,1.71840812546912e-18
ENERGY,67,4,1.3418930110369e-15,2.00887102546989e-15,6.66978014431997e-16
ENERGY,67,3,5.28040773748752e-16,5.3099507352555e-16,2.95429977612731e-18
ENERGY,67,2,2.35486317856938e-15,3.11439899843482e-15,7.59535819875934e-16
ENERGY,67,1,1.30953799979622e-14,1.39836217996121e-14,8.88241801640809e-16
ENERGY,67,0,1.16340455258916e-14,1.25312577361386e-14,8.97212210239709e-16
HPRE,68,1.09194350146818,1.10795279489404
BIASED,68,1.07209807392051,1.10648890061269,1.09080201825772,1.08778496405788
HCAP,68,1.07107027984683,1.08673949577928
CORECAP,68,1.13376781248486e-06,1.19999928696724,1.19999899607157,1.67701795472831e-06
HADC,68,1.07827032719321,1.09385299857245
DEADLINE,68,-0.00177125623718061,1.19760608367037
RESULT,68,1.1,-0.016,-1,1.19e-09,6.03999999999997e-10
......9......8......7......6......5......4......3......2....RESET,68,1.36053602156046e-07,9.96854507092813e-06,9.22115378192531e-06,1.36038808590143e-07,1.1999836362913,6.77717793174175e-06
ENERGY,68,8,0,0,0
ENERGY,68,7,3.41291702746804e-16,1.05825508652442e-15,7.16963383777391e-16
ENERGY,68,6,1.17733551493163e-15,2.79007923748121e-15,1.61274372254872e-15
ENERGY,68,5,1.90169839967606e-15,2.12274120993063e-15,2.21042810254563e-16
ENERGY,68,4,2.25933501336088e-15,2.26121774167909e-15,1.88272831706647e-18
ENERGY,68,3,5.28033816872049e-16,5.32818821680178e-16,4.78500480448109e-18
ENERGY,68,2,1.71626319085482e-14,1.81217563410233e-14,9.59124432477514e-16
ENERGY,68,1,1.40233640399312e-14,1.49115283334976e-14,8.88164293580593e-16
ENERGY,68,0,1.22904424435918e-14,1.31791222001694e-14,8.88679756580958e-16
HPRE,69,1.10792541064171,1.09197088180468
BIASED,69,1.08771144829394,1.09087548736148,1.10641538441923,1.07217155278347
HCAP,69,1.08666637118138,1.07114392039622
CORECAP,69,1.66357160891072e-06,1.20000713895259,1.19999979572714,1.05395971423626e-06
HADC,69,1.09377975694261,1.07834354274904
DEADLINE,69,-0.00177124327501229,1.19760609140788
RESULT,69,1.1,0.016,-1,1.19e-09,5.98249999999997e-10
RESET,69,1.3604957918856e-07,9.96684995875186e-06,9.21863090989687e-06,1.36042729097512e-07,1.1999836362843,6.77722625401702e-06
ENERGY,69,8,0,0,0
ENERGY,69,7,3.4139835296158e-16,1.0565301689161e-15,7.1513181595359e-16
ENERGY,69,6,1.17732635121368e-15,2.79018891937838e-15,1.61286256816394e-15
ENERGY,69,5,1.12272448680449e-15,2.01967197759248e-15,8.96947490786091e-16
ENERGY,69,4,3.04280375925854e-15,3.04307370716096e-15,2.69947901868535e-19
ENERGY,69,3,5.28034447487204e-16,5.32819354867705e-16,4.78490738082202e-18
ENERGY,69,2,1.73158258440132e-14,1.81311763265103e-14,8.15350482499989e-16
ENERGY,69,1,1.20881579591212e-14,1.29764014330068e-14,8.88243473885688e-16
ENERGY,69,0,1.40528387101468e-14,1.49414006135244e-14,8.88561903375107e-16
......9......8......7......6......5......4......3......2.....HPRE,70,1.11194142300167,1.08795486128747
BIASED,70,1.09166992102533,1.08691701642268,1.11037383711436,1.06821307320892
HCAP,70,1.08823429031141,1.0695805389176
CORECAP,70,1.20000062918637,1.59560404362965e-06,1.20000059935927,9.49900356594722e-07
HADC,70,1.09773731207708,1.07438572077125
DEADLINE,70,1.19967082919469,8.9278127859046e-05
RESULT,70,1.1,0.024,1,0,1.19e-09
RESET,70,1.35975508285938e-07,6.24026429701057e-06,6.45922458521667e-06,1.36033883744464e-07,1.20000014067611,3.97557125381145e-07
ENERGY,70,8,0,0,0
ENERGY,70,7,2.8987812083993e-16,9.20327573162361e-16,6.3044945232233e-16
ENERGY,70,6,1.17726687581452e-15,2.7903071071924e-15,1.61304023137809e-15
ENERGY,70,5,1.78569020174707e-15,2.00383956346087e-15,2.18149361712794e-16
ENERGY,70,4,2.38389359421036e-15,2.3858026399537e-15,1.90904574461788e-18
ENERGY,70,3,5.28040990916656e-16,5.30995951655444e-16,2.95496073691105e-18
ENERGY,70,2,2.11484266166805e-15,2.89271404683466e-15,7.7787138516175e-16
ENERGY,70,1,1.18336350230665e-14,1.27245659179913e-14,8.90930894923878e-16
ENERGY,70,0,1.30888302511127e-14,1.39771698766449e-14,8.88339625519176e-16
HPRE,71,1.14989109677514,1.14985823470852
BIASED,71,1.12871292041072,1.14732854064454,1.14741683789334,1.1286246212138
......9......8......7......6......5......4......3......2......HCAP,71,1.12775141854846,1.12766320338477
CORECAP,71,1.24706677443373e-06,1.19999955726047,1.20000443864279,1.2434911340724e-06
HADC,71,1.1344936386737,1.13440613504302
DEADLINE,71,-0.00173628181124014,1.19761193785556
RESULT,71,1.15,0,-1,1.19e-09,5.74000000000016e-10
RESET,71,1.36052797195282e-07,9.96160537514425e-06,9.22311321583247e-06,1.36034652753582e-07,1.19998363629478,6.7771739638042e-06
ENERGY,71,8,0,0,0
ENERGY,71,7,3.41295920849217e-16,1.05762128479217e-15,7.16325363942324e-16
ENERGY,71,6,1.17028879302001e-15,2.78206802765511e-15,1.61177923463565e-15
ENERGY,71,5,6.00368535958759e-15,6.00420906814407e-15,5.23708556096194e-19
ENERGY,71,4,4.6334402254397e-15,4.63383076346285e-15,3.90538022629317e-19
ENERGY,71,3,3.02714581412461e-16,3.10171545351359e-16,7.45696393888078e-18
ENERGY,71,2,1.72714839948193e-14,1.80821157922446e-14,8.10631797413967e-16
ENERGY,71,1,1.26220946976941e-14,1.35554336639477e-14,9.33338966249565e-16
ENERGY,71,0,1.27643647683021e-14,1.36981925784669e-14,9.33827810152451e-16
HPRE,72,1.1379606690773,1.1619252427735
BIASED,72,1.11717225121433,1.15927387271816,1.13587618536875,1.14056995831822
HCAP,72,1.11874322329981,1.13706759627373
CORECAP,72,1.1214161169552e-06,1.20007801649712,4.91470447651181e-05,1.19999910794342
......9......8......7......6......5......4......3......2......1HADC,72,1.12300286406034,1.14629896685246
DEADLINE,72,1.19966997200229,8.86548060137454e-05
RESULT,72,1.15,-0.024,1,0,1.19e-09
RESET,72,1.36064700358407e-07,-3.47109697892473e-07,-1.49224815540988e-07,1.35924169716143e-07,1.20000014059363,3.97532696511897e-07
ENERGY,72,8,0,0,0
ENERGY,72,7,2.89837305518333e-16,9.20302183530263e-16,6.3046487801169e-16
ENERGY,72,6,1.17036516050419e-15,2.78061804615265e-15,1.61025288564746e-15
ENERGY,72,5,3.1988618873738e-15,3.2006411513786e-15,1.77926400565733e-18
ENERGY,72,4,1.62163439871565e-15,2.31816118517949e-15,6.96526786462737e-16
ENERGY,72,3,2.98975898125509e-16,3.04252717683463e-16,5.27681955793492e-18
ENERGY,72,2,2.35490073773705e-15,3.11975905342046e-15,7.648583156716e-16
ENERGY,72,1,1.32558032103869e-14,1.41464511792545e-14,8.90647968867554e-16
ENERGY,72,0,1.17052246324959e-14,1.26048358670499e-14,8.99611234558439e-16
HPRE,73,1.14193830231404,1.15794762212396
BIASED,73,1.12102765274709,1.15541855879023,1.13973156923144,1.13671463503258
HCAP,73,1.12006748979176,1.13573685876693
CORECAP,73,1.1118889598613e-06,1.19999908458623,1.20000374948698,1.73222945059136e-06
HADC,73,1.12685902657861,1.14244216530073
DEADLINE,73,-0.0017362919585995,1.19761192124111
RESULT,73,1.15,-0.016,-1,1.19e-09,6.05749999999992e-10
......9......8......7......6......5......4......3......2......1.RESET,73,1.36060088006708e-07,9.96902804507704e-06,9.22124227599235e-06,1.36038061719053e-07,1.19998363629209,6.77717283784674e-06
ENERGY,73,8,0,0,0
ENERGY,73,7,3.41292731959976e-16,1.05816258613231e-15,7.16869854171726e-16
ENERGY,73,6,1.1704529112624e-15,2.78034849232777e-15,1.60989558106493e-15
ENERGY,73,5,2.2180778305776e-15,2.44815365305498e-15,2.3007582247776e-16
ENERGY,73,4,2.58990813123087e-15,2.59184710190005e-15,1.93897066806379e-18
ENERGY,73,3,2.98969342260152e-16,3.06442261239301e-16,7.47291897845276e-18
ENERGY,73,2,1.71615150359502e-14,1.81203860523242e-14,9.58871016369076e-16
ENERGY,73,1,1.41725909522639e-14,1.50631600122726e-14,8.90569060005167e-16
ENERGY,73,0,1.2369738383946e-14,1.32608428987946e-14,8.91104514858817e-16
HPRE,74,1.15792017266189,1.14196574920983
BIASED,74,1.13664084747131,1.13980533818583,1.15534476485399,1.12110133114693
HCAP,74,1.13566344084533,1.12014138867152
CORECAP,74,1.64469736149462e-06,1.20000069046161,1.19999919250019,1.14174089208277e-06
HADC,74,1.14236863589918,1.12693253862079
DEADLINE,74,-0.00173632156954459,1.19761192353228
RESULT,74,1.15,0.016,-1,1.19e-09,5.99999999999992e-10
......9......8......7......6......5......4......3......2......1..RESET,74,1.36047210091302e-07,9.96662512939448e-06,9.21827324449736e-06,1.36036678963754e-07,1.19998363629123,6.77717345954154e-06
ENERGY,74,8,0,0,0
ENERGY,74,7,3.41293518039582e-16,1.05631603218299e-15,7.1502251414336e-16
ENERGY,74,6,1.17044417903017e-15,2.78047262123521e-15,1.61002844220589e-15
ENERGY,74,5,1.40164219252769e-15,2.33841703634947e-15,9.36774843821539e-16
ENERGY,74,4,3.41112752211258e-15,3.41140624967647e-15,2.78727564709381e-19
ENERGY,74,3,2.98969998204684e-16,3.06442808363766e-16,7.47281016037794e-18
ENERGY,74,2,1.73157805905855e-14,1.81320092356378e-14,8.16228645055412e-16
ENERGY,74,1,1.21676773266135e-14,1.3058253954141e-14,8.90576627527951e-16
ENERGY,74,0,1.42009923865025e-14,1.50919330234991e-14,8.90940636983274e-16
HPRE,75,1.16193622561202,1.13794968997242
BIASED,75,1.14059947944248,1.13584668358228,1.15930340084967,1.11714276992924
HCAP,75,1.13709702502902,1.11871368461706
CORECAP,75,1.19999910889494,1.65584159999277e-06,1.20000016764857,1.12515264302151e-06
HADC,75,1.14632779743979,1.12297309252413
DEADLINE,75,1.19967081828634,8.92760088304748e-05
RESULT,75,1.15,0.024,1,0,1.19e-09
......9......8......7......6......5......4......3......2......1...RESET,75,1.35993162315902e-07,6.23927215562469e-06,6.45901294999627e-06,1.01896430764008e-07,1.20000014066971,3.97552951667684e-07
ENERGY,75,8,0,0,0
ENERGY,75,7,2.89877451681999e-16,9.20338790480784e-16,6.30461338799179e-16
ENERGY,75,6,1.17036520938661e-15,2.78064892005663e-15,1.61028371067001e-15
ENERGY,75,5,2.09459856833628e-15,2.31964977429976e-15,2.25051205963319e-16
ENERGY,75,4,2.7222887565619e-15,2.72250238466981e-15,2.13628109085614e-19
ENERGY,75,3,2.9897616355499e-16,3.04254028369925e-16,5.2778648155063e-18
ENERGY,75,2,2.11537949688778e-15,2.89973347559504e-15,7.84353978708741e-16
ENERGY,75,1,1.19047087552e-14,1.27978507932412e-14,8.93142038019914e-16
ENERGY,75,0,1.3249139337895e-14,1.41399007349049e-14,8.90761397028208e-16
HPRE,76,1.15994474200909,1.15991180547026
BIASED,76,1.13866084802549,1.15727621477833,1.15736476609314,1.138572293144
HCAP,76,1.13771309196439,1.13762462152804
CORECAP,76,1.25066304074395e-06,1.19999944073855,1.20000594548584,1.24817182346569e-06
HADC,76,1.14437230074448,1.14428455583314
DEADLINE,76,-0.00173635706189098,1.19761190747521
RESULT,76,1.16,0,-1,1.19e-09,5.74500000000003e-10
......9......8......7......6......5......4......3......2......1....RESET,76,1.36055125897878e-07,9.96172604504157e-06,9.2230751227011e-06,1.36035400312291e-07,1.1999836362948,6.77717366567758e-06
ENERGY,76,8,0,0,0
ENERGY,76,7,3.41293383613367e-16,1.05760056564601e-15,7.16307182032189e-16
ENERGY,76,6,1.16888349571559e-15,2.77999650241475e-15,1.61111300669961e-15
ENERGY,76,5,3.77492597441396e-15,3.77816700930213e-15,3.24103488758204e-18
ENERGY,76,4,2.33885808695634e-15,2.44906979897169e-15,1.10211712016663e-16
ENERGY,76,3,2.53919195211526e-16,2.62069444810963e-16,8.15024959777861e-18
ENERGY,76,2,1.72713681223221e-14,1.80819376457853e-14,8.10569523446461e-16
ENERGY,76,1,1.26806200580883e-14,1.35796992544413e-14,8.99079196327824e-16
ENERGY,76,0,1.28229399436802e-14,1.37225215281773e-14,8.99581584484987e-16
HPRE,77,1.14795963762992,1.17192419892461
BIASED,77,1.12695824804727,1.16905975476331,1.14566214746721,1.15035585074909
HCAP,77,1.12856974872641,1.14684007624849
CORECAP,77,1.12923269110181e-06,1.20007845873006,4.92898198638922e-05,1.19999910427475
HADC,77,1.13272038508971,1.15601704886596
DEADLINE,77,1.19966996610526,8.865365746242e-05
RESULT,77,1.16,-0.024,1,0,1.19e-09
RESET,77,1.36066568790302e-07,-3.47213965925193e-07,-1.4936136067267e-07,1.35924861641237e-07,1.2000001405936,3.97532681679618e-07
ENERGY,77,8,0,0,0
ENERGY,77,7,2.89837349456049e-16,9.20301887780958e-16,6.30464538325306e-16
ENERGY,77,6,1.1689853994428e-15,2.7786168032793e-15,1.6096314038362e-15
ENERGY,77,5,3.27126169868098e-15,3.27305667092602e-15,1.79497224573896e-18
ENERGY,77,4,1.67988157087825e-15,2.3823117832594e-15,7.02430212385606e-16
ENERGY,77,3,2.53163962774232e-16,2.5904991015899e-16,5.88594738431703e-18
ENERGY,77,2,2.35491187604368e-15,3.12082283928202e-15,7.65910963232181e-16
ENERGY,77,1,1.32904507341867e-14,1.41815277620677e-14,8.91077027903851e-16
ENERGY,77,0,1.17226000185901e-14,1.26227030806152e-14,9.00103062026532e-16
HPRE,78,1.15193726420245,1.16794658472354
BIASED,78,1.13081356867579,1.16520447018987,1.1495174733381,1.14650055871083
......9......8......7......6......5......4......3......2......1.....HCAP,78,1.12986686701421,1.14553621977175
CORECAP,78,1.14585186604092e-06,1.20000125289681,1.19999977570683,1.54060971145291e-06
HADC,78,1.13657678308512,1.15216000572591
DEADLINE,78,-0.00173638809353398,1.19761189024128
RESULT,78,1.16,-0.016,-1,1.19e-09,6.05999999999999e-10
RESET,78,1.36048886291888e-07,9.96911251432731e-06,9.2212413505382e-06,1.36039323011116e-07,1.19998363628551,6.77722356021207e-06
ENERGY,78,8,0,0,0
ENERGY,78,7,3.41368656699511e-16,1.05825246516143e-15,7.16883808461911e-16
ENERGY,78,6,1.16907661307772e-15,2.7783631360634e-15,1.60928652298615e-15
ENERGY,78,5,2.26925964749687e-15,2.5019347064948e-15,2.3267505899556e-16
ENERGY,78,4,2.64628667388679e-15,2.64824161269191e-15,1.9549388040536e-18
ENERGY,78,3,2.53157548753486e-16,2.61313673094722e-16,8.15612434083435e-18
ENERGY,78,2,1.71634725358358e-14,1.81204317772886e-14,9.56959241454674e-16
ENERGY,78,1,1.4204615110917e-14,1.50956661786589e-14,8.91051067774262e-16
ENERGY,78,0,1.2388713576371e-14,1.32803261382521e-14,8.91612561876981e-16
HPRE,79,1.16791912747455,1.15196472036489
BIASED,79,1.14642672576526,1.14959129480865,1.1651306434919,1.13088737552427
......9......8......7......6......5......4......3......2......1......HCAP,79,1.14546281428087,1.12994086584753
CORECAP,79,1.71083466897453e-06,1.20000390649294,1.20000196577005,1.11758671971226e-06
HADC,79,1.15208644041304,1.13665034711689
DEADLINE,79,-0.00173639582962672,1.197611893624
RESULT,79,1.16,0.016,-1,1.19e-09,6.00499999999979e-10
RESET,79,1.36048498935027e-07,9.96661721097985e-06,9.21819991140661e-06,1.36039231121306e-07,1.19998363629124,6.77717318067739e-06
ENERGY,79,8,0,0,0
ENERGY,79,7,3.41293657973715e-16,1.05625804316234e-15,7.14964385187502e-16
ENERGY,79,6,1.16906740426041e-15,2.77844769921826e-15,1.60938029495811e-15
ENERGY,79,5,1.44891019064385e-15,2.39364584322642e-15,9.44735652581085e-16
ENERGY,79,4,3.47108740385873e-15,3.47346503059065e-15,2.37762673382504e-18
ENERGY,79,3,2.53158188781809e-16,2.61314201679391e-16,8.15601290021422e-18
ENERGY,79,2,1.73162289701107e-14,1.81320562619069e-14,8.15827291799614e-16
ENERGY,79,1,1.21866373761526e-14,1.30776958175418e-14,8.91058441401423e-16
ENERGY,79,0,1.42327113928862e-14,1.51241358823942e-14,8.91424489502674e-16
HPRE,80,1.17193518615326,1.14794865480771
BIASED,80,1.15038539346917,1.14563262409314,1.16908930260098,1.12692869676133
HCAP,80,1.14686954471192,1.12854020753014
CORECAP,80,1.19999910570226,1.72701324668299e-06,1.19999952393976,1.12822436038486e-06
HADC,80,1.15604589732726,1.13269059168956
DEADLINE,80,1.19967081492965,8.92752417973825e-05
......9......8......7......6......5......4......3......2......1......0RESULT,80,1.16,0.024,1,0,1.19e-09
RESET,80,1.35990441224639e-07,6.23914498265349e-06,6.45895124019494e-06,1.01872573283025e-07,1.20000014066954,3.97552869493714e-07
ENERGY,80,8,0,0,0
ENERGY,80,7,2.86371805835486e-16,9.16833926886743e-16,6.3046212105095e-16
ENERGY,80,6,1.18170995659188e-15,2.79133918760574e-15,1.60962923101416e-15
ENERGY,80,5,2.14561269944341e-15,2.37245686047999e-15,2.26844161036601e-16
ENERGY,80,4,2.77846869365627e-15,2.77868759858712e-15,2.18904931783284e-19
ENERGY,80,3,2.53164101429675e-16,2.59051174973884e-16,5.88707354383725e-18
ENERGY,80,2,2.11652035422572e-15,2.90216749337771e-15,7.85647139160677e-16
ENERGY,80,1,1.19188751335165e-14,1.28134495123976e-14,8.94574378883967e-16
ENERGY,80,0,1.32806362988827e-14,1.41727545332405e-14,8.92118234368726e-16
spectre completes with 0 errors, 9 warnings, and 8 notices.
