// Extracted original meter records; not a full Spectre log.
HPRE,0,0.600000000013206,0.600000000013206
BIASED,0,0.590648075007324,0.609351930435581,0.60935193043558,0.590648075007324
.HCAP,0,0.591546807688728,0.591546802108708
CORECAP,0,2.92612220365762e-05,1.19998701415238,1.19998696724555,2.92139732660421e-05
HADC,0,0.600134046743291,0.600133973536857
DEADLINE,0,-0.00175714416340318,1.19761637944691
RESULT,0,0.6,0,-1,1.18975e-09,5.865e-10
..RESET,0,1.37409309443133e-07,1.06071316777211e-05,9.24526811424728e-06,1.37320647480422e-07,1.19998363641568,7.23582786307123e-06
ENERGY,0,8,0,0,0
ENERGY,0,7,3.31975020749249e-16,1.0588440670339e-15,7.26869046284648e-16
ENERGY,0,6,1.15750736041796e-15,2.9078687728758e-15,1.75036141245784e-15
ENERGY,0,5,-5.52174556025983e-18,9.6412866555316e-20,5.61815842681512e-18
ENERGY,0,4,-5.52166079247713e-18,9.64103946235239e-20,5.61807118710068e-18
ENERGY,0,3,2.8170103134445e-15,2.8170103134445e-15,0
ENERGY,0,2,1.72463316813984e-14,1.80837552798761e-14,8.37423598477657e-16
ENERGY,0,1,1.22960299432604e-14,1.31562156099163e-14,8.60185666655868e-16
ENERGY,0,0,1.24315653800735e-14,1.32918115793719e-14,8.60246199298245e-16
HPRE,1,1.16914179903525,1.16914179880992
BIASED,1,1.14607609326412,1.16477995535509,1.16477995595832,1.14607609272994
...HCAP,1,1.14513861429266,1.14513862225601
CORECAP,1,1.21545328118193e-06,1.19999959043333,1.2000016381904,1.25376216291424e-06
HADC,1,1.1517358981685,1.15173610845132
DEADLINE,1,-0.00173640975649911,1.19761188570354
RESULT,1,1.17,0,-1,1.19e-09,5.7325e-10
....RESET,1,1.44234846377466e-07,9.88817183555537e-06,9.23131925463772e-06,1.4454029236612e-07,1.19998363630232,6.77713552816196e-06
ENERGY,1,8,0,0,0
ENERGY,1,7,3.40806964824613e-16,1.05883962639235e-15,7.18032661567757e-16
ENERGY,1,6,1.18629653839452e-15,2.78669533953123e-15,1.60039880113673e-15
ENERGY,1,5,2.89814680368951e-14,2.89814680809807e-14,4.40852557895914e-23
ENERGY,1,4,2.89814677982761e-14,2.89814678441591e-14,4.58829510936758e-23
ENERGY,1,3,2.50292871805249e-16,2.59016160739589e-16,8.72328893431091e-18
ENERGY,1,2,1.73160062617553e-14,1.81217774228427e-14,8.05771161087334e-16
ENERGY,1,1,1.21899443419481e-14,1.35899623057658e-14,1.40001796381782e-15
ENERGY,1,0,1.23242826680268e-14,1.37248241582018e-14,1.40054149017483e-15
HPRE,2,1.15795860386137,1.18192316082541
BIASED,2,1.13674416592852,1.17884564597292,1.1554480811931,1.16014174297407
HCAP,2,1.13839625344323,1.1566125855758
CORECAP,2,1.12821900958822e-06,1.20007850841034,4.92004616003858e-05,1.19999910083901
.....HADC,2,1.1424379029225,1.16573514584444
DEADLINE,2,1.19966995791521,8.86545510739334e-05
RESULT,2,1.17,-0.024,1,0,1.18975e-09
......RESET,2,1.36063696531598e-07,-8.37104609757839e-07,-1.4950045197136e-07,1.35912422762433e-07,1.20000014148418,3.59796083610699e-07
ENERGY,2,8,0,0,0
ENERGY,2,7,2.85906044553689e-16,9.17935616814525e-16,6.3202957226082e-16
ENERGY,2,6,1.18566190238015e-15,2.78494765674842e-15,1.59928575436821e-15
ENERGY,2,5,3.34298662560808e-15,3.34313190075484e-15,1.45275147443193e-19
ENERGY,2,4,1.73761644348514e-15,2.44465959221872e-15,7.07043148731864e-16
ENERGY,2,3,2.0735236230089e-16,2.13924839697654e-16,6.5724773967258e-18
ENERGY,2,2,2.35877744118275e-15,3.12237208267172e-15,7.63594641489603e-16
ENERGY,2,1,1.33177900169662e-14,1.42065834148779e-14,8.88793397911894e-16
ENERGY,2,0,1.17340096708231e-14,1.26318639576044e-14,8.97854286781715e-16
HPRE,3,1.16193622415402,1.17794554883545
BIASED,3,1.14059947483002,1.1749903884238,1.15930338912511,1.1562864815115
HCAP,3,1.13966621961148,1.155335582212
CORECAP,3,1.14977169912633e-06,1.20000500064383,1.19999977527939,1.69736040771228e-06
......9HADC,3,1.14629453143403,1.16187784019618
DEADLINE,3,-0.00173648855253073,1.19761185725337
RESULT,3,1.17,-0.016,-1,1.19e-09,6.065e-10
......9.RESET,3,1.36048289280403e-07,9.88738066844309e-06,9.23248226418071e-06,1.36039400965943e-07,1.19998363629509,6.77714797745485e-06
ENERGY,3,8,0,0,0
ENERGY,3,7,3.40671312632127e-16,1.0588803827733e-15,7.18209070141127e-16
ENERGY,3,6,1.18470418573985e-15,2.78428873373123e-15,1.59958454799137e-15
ENERGY,3,5,2.3414757980525e-15,2.57327939500347e-15,2.31803596950828e-16
ENERGY,3,4,2.71943836433704e-15,2.71965199597028e-15,2.13631633948359e-19
ENERGY,3,3,2.07346236590562e-16,2.1626329366417e-16,8.91705707362411e-18
ENERGY,3,2,1.71633550421613e-14,1.81200177003744e-14,9.56662658213343e-16
ENERGY,3,1,1.42348029731579e-14,1.51232560468254e-14,8.88453073668061e-16
ENERGY,3,0,1.24065496122595e-14,1.32955476772448e-14,8.88998064985376e-16
HPRE,4,1.17791808668914,1.16196368451848
BIASED,4,1.15621262500641,1.15937721812723,1.17491653226562,1.14067332006652
HCAP,4,1.1552621246074,1.13974022702015
CORECAP,4,1.54269713331465e-06,1.19999935380621,1.19999935955362,9.90344904105085e-07
......9..HADC,4,1.16180425090411,1.14636813522222
DEADLINE,4,-0.0017364938045474,1.19761186002983
RESULT,4,1.17,0.016,-1,1.19e-09,6.0075e-10
......9...RESET,4,1.36049703695571e-07,9.88503035049922e-06,9.22941247574246e-06,1.36039178191095e-07,1.19998363629498,6.77714382934873e-06
ENERGY,4,8,0,0,0
ENERGY,4,7,3.4106390399167e-16,1.05737838608555e-15,7.16314482093857e-16
ENERGY,4,6,1.18544427049872e-15,2.78439996177579e-15,1.59895569127701e-15
ENERGY,4,5,1.51290444174964e-15,2.46375180014508e-15,9.50847358395381e-16
ENERGY,4,4,3.55268755213796e-15,3.55313430491754e-15,4.46752780210227e-19
ENERGY,4,3,2.07346893456183e-16,2.16263836897762e-16,8.91694344156318e-18
ENERGY,4,2,1.73188260502649e-14,1.81323582160156e-14,8.13532165751818e-16
ENERGY,4,1,1.22043120884754e-14,1.30927830565768e-14,8.88470968101057e-16
ENERGY,4,0,1.42621487383765e-14,1.51509616344406e-14,8.88812896064445e-16
HPRE,5,1.18193414737568,1.15794762039724
BIASED,5,1.16017129937237,1.15541854491468,1.17887520169692,1.13671462564303
HCAP,5,1.15664201188294,1.13836667546182
CORECAP,5,1.19999910176915,1.73955600753091e-06,1.19999952979529,1.13255374021977e-06
HADC,5,1.16576399555548,1.14240809819005
DEADLINE,5,1.19967081004214,8.92758227987204e-05
......9....RESULT,5,1.17,0.024,1,0,1.19e-09
......9.....RESET,5,1.35977825384924e-07,5.86357594054824e-06,6.4573743916095e-06,1.01835198227569e-07,1.20000014155927,3.59810377653215e-07
ENERGY,5,8,0,0,0
ENERGY,5,7,2.86623972032241e-16,9.18359028655746e-16,6.31735056623559e-16
ENERGY,5,6,1.18538503649566e-15,2.78556988747812e-15,1.60018485098257e-15
ENERGY,5,5,2.21568497357626e-15,2.44412901583729e-15,2.284440422606e-16
ENERGY,5,4,2.85407101427219e-15,2.85429525301618e-15,2.2423874382722e-19
ENERGY,5,3,2.07352878798871e-16,2.13926449000884e-16,6.57357020202249e-18
ENERGY,5,2,2.12116372859044e-15,2.90457878759424e-15,7.83415059004565e-16
ENERGY,5,1,1.19375159239017e-14,1.28292968880136e-14,8.9178096411131e-16
ENERGY,5,0,1.33156071402778e-14,1.42049203041123e-14,8.89313163833057e-16
HPRE,6,1.17495001248604,1.17491705785858
BIASED,6,1.15335998890101,1.17197526816099,1.17206389715211,1.15327136407291
HCAP,6,1.15243251409209,1.15234398181271
CORECAP,6,1.21551460288125e-06,1.19999952591972,1.2000062082201,1.21704869994314e-06
HADC,6,1.15896913082205,1.15888131044614
DEADLINE,6,-0.00173652231983731,1.19761185384263
......9......RESULT,6,1.175,0,-1,1.19e-09,5.74999999999997e-10
......9......8RESET,6,1.36058584529505e-07,9.88016373522076e-06,9.23426735641911e-06,1.36035956859512e-07,1.19998363629844,6.77714397998888e-06
ENERGY,6,8,0,0,0
ENERGY,6,7,3.41015863907101e-16,1.05872824493965e-15,7.17712381032607e-16
ENERGY,6,6,1.18424606700502e-15,2.78596656033114e-15,1.60172049332616e-15
ENERGY,6,5,3.59042406192833e-15,3.59079216688267e-15,3.68104953506106e-19
ENERGY,6,4,2.13929230349778e-15,2.55229954873525e-15,4.13007245237229e-16
ENERGY,6,3,1.8482945506746e-16,1.9415187725432e-16,9.3224221869034e-18
ENERGY,6,2,1.72733612861281e-14,1.80817761195687e-14,8.08414833442853e-16
ENERGY,6,1,1.27176122749535e-14,1.36108300697894e-14,8.93217794835763e-16
ENERGY,6,0,1.28601638819731e-14,1.37538491701228e-14,8.93685288150066e-16
HPRE,7,1.16295808741022,1.18692264107794
BIASED,7,1.14163713529554,1.1837385972754,1.16034104834493,1.16503470019172
HCAP,7,1.14330946126697,1.1614987988186
CORECAP,7,1.01602963750681e-06,1.20007799914134,4.9274538087131e-05,1.19999909785496
HADC,7,1.14729666887419,1.17059420065641
DEADLINE,7,1.19966995462886,8.86515059614442e-05
......9......8.RESULT,7,1.175,-0.024,1,0,1.19e-09
......9......8..RESET,7,1.36053135662506e-07,-8.37146109085726e-07,-1.49478871999677e-07,1.35911424102192e-07,1.20000014060785,2.93209521285347e-07
ENERGY,7,8,0,0,0
ENERGY,7,7,2.85818022118155e-16,9.17910823926863e-16,6.32092801808695e-16
ENERGY,7,6,1.18415567865059e-15,2.78447545155853e-15,1.60031977290791e-15
ENERGY,7,5,3.37583609728809e-15,3.3764004658626e-15,5.6436857431235e-19
ENERGY,7,4,1.76399730277505e-15,2.47413695959712e-15,7.10139656822074e-16
ENERGY,7,3,1.84446984539996e-16,1.91391817106445e-16,6.94483256648973e-18
ENERGY,7,2,2.36078160378345e-15,3.12431157912781e-15,7.63529975343998e-16
ENERGY,7,1,1.33394873020414e-14,1.42289458878484e-14,8.89458585807733e-16
ENERGY,7,0,1.17472566809922e-14,1.26457212059287e-14,8.98464524936121e-16
HPRE,8,1.16693570526626,1.18294503165753
BIASED,8,1.14549243168798,1.17988331884859,1.16419634404169,1.16117944000941
HCAP,8,1.14456592030547,1.16023528675887
CORECAP,8,1.07131924106883e-06,1.1999990429497,1.19999984551903,1.66624785983418e-06
HADC,8,1.15115342489463,1.16673677119205
DEADLINE,8,-0.00173655268737686,1.19761183823383
RESULT,8,1.175,-0.016,-1,1.19e-09,6.0675e-10
......9......8...RESET,8,1.36051699410156e-07,9.88746729684698e-06,9.23256248362623e-06,1.36040218771352e-07,1.1999836362956,6.77714265515896e-06
ENERGY,8,8,0,0,0
ENERGY,8,7,3.40956186336102e-16,1.05916750453776e-15,7.18211318201669e-16
ENERGY,8,6,1.1824466828344e-15,2.78413119757736e-15,1.60168451474303e-15
ENERGY,8,5,2.37383683479051e-15,2.60674158242976e-15,2.329047476391e-16
ENERGY,8,4,2.75357024728751e-15,2.75378650770115e-15,2.1626041350325e-19
ENERGY,8,3,1.84440858109972e-16,1.93767981608935e-16,9.3271234989708e-18
ENERGY,8,2,1.71641012377572e-14,1.8120112862484e-14,9.56011624725309e-16
ENERGY,8,1,1.42496297318436e-14,1.51390839008084e-14,8.89454168963092e-16
ENERGY,8,0,1.24160861733292e-14,1.33060553316547e-14,8.89969158324949e-16
......9......8....HPRE,9,1.18291756412136,1.16696316712978
BIASED,9,1.16110556912754,1.16427014064235,1.17980947050015,1.1455662781433
HCAP,9,1.16016178397715,1.14463991236478
CORECAP,9,1.72214305263565e-06,1.20000392580063,1.19999958225797,1.07078036289927e-06
HADC,9,1.16666314980097,1.1512270267888
DEADLINE,9,-0.00173656026591837,1.19761184023353
RESULT,9,1.175,0.016,-1,1.19e-09,6.01e-10
......9......8.....RESET,9,1.36048947071423e-07,9.96664957863563e-06,9.21810068835418e-06,1.36041871463084e-07,1.19998363629104,6.77717423201996e-06
ENERGY,9,8,0,0,0
ENERGY,9,7,3.41101736675596e-16,1.05743065027503e-15,7.16328913599542e-16
ENERGY,9,6,1.18230269811259e-15,2.78411593416486e-15,1.60181323605235e-15
ENERGY,9,5,1.54115268216997e-15,2.49623632858092e-15,9.5508364641104e-16
ENERGY,9,4,3.59094012380679e-15,3.59129445263758e-15,3.54328830323696e-19
ENERGY,9,3,1.84441456237799e-16,1.9376846471384e-16,9.32700847599495e-18
ENERGY,9,2,1.7319529748739e-14,1.8132259145983e-14,8.1272939724477e-16
ENERGY,9,1,1.22149537769723e-14,1.3103515577585e-14,8.88561800614288e-16
ENERGY,9,0,1.42785064099089e-14,1.51674218278084e-14,8.88915417901503e-16
HPRE,10,1.18693362846958,1.16294710277306
......9......8......BIASED,10,1.16506425101169,1.16031150309326,1.18376814165754,1.14160758830779
HCAP,10,1.16152825561067,1.14327989669652
CORECAP,10,1.19999910054017,1.68675239253041e-06,1.19999949667322,1.05175343716145e-06
HADC,10,1.17062304869348,1.14726685549854
DEADLINE,10,1.19967080837733,8.92744660094258e-05
RESULT,10,1.175,0.024,1,0,1.19e-09
......9......8......7RESET,10,1.35972506170604e-07,5.86353089952951e-06,6.45734333089e-06,1.018236628001e-07,1.20000014068386,2.93205052568141e-07
ENERGY,10,8,0,0,0
ENERGY,10,7,2.85858824797027e-16,9.17946261494774e-16,6.3208743669776e-16
ENERGY,10,6,1.1803529025141e-15,2.78249312108733e-15,1.60214021857313e-15
ENERGY,10,5,2.25215876203277e-15,2.48162527678308e-15,2.29466514750466e-16
ENERGY,10,4,2.89422155123992e-15,2.89444847743909e-15,2.26926198757535e-19
ENERGY,10,3,1.84447151687002e-16,1.91393213618688e-16,6.94606193164365e-18
ENERGY,10,2,2.12183563608821e-15,2.90517262346878e-15,7.83336987377217e-16
ENERGY,10,1,1.19473778940472e-14,1.28397608134295e-14,8.92382919381113e-16
ENERGY,10,0,1.33335936887085e-14,1.4223517785847e-14,8.89924097139716e-16
HPRE,11,1.17795243866562,1.1779194806286
......9......8......7.BIASED,11,1.15630388307465,1.17491913462988,1.17500778465051,1.15621524899192
HCAP,11,1.15538046433022,1.15529191463879
CORECAP,11,1.27682901209553e-06,1.20000371243344,1.20000446458267,1.26296098236268e-06
HADC,11,1.16189253895662,1.16180470339646
DEADLINE,11,-0.00173656332117058,1.19761184187835
RESULT,11,1.178,0,-1,1.19e-09,5.74999999999997e-10
......9......8......7..RESET,11,1.36067411277311e-07,9.96178448180367e-06,9.22302004368839e-06,1.3603617728248e-07,1.19998363629462,6.77717450315696e-06
ENERGY,11,8,0,0,0
ENERGY,11,7,3.41853708705566e-16,1.05933123120092e-15,7.17477522495437e-16
ENERGY,11,6,1.17983585620437e-15,2.78329631160412e-15,1.60346045539976e-15
ENERGY,11,5,3.49722233388851e-15,3.49794412146059e-15,7.21787571618526e-19
ENERGY,11,4,2.04123323741229e-15,2.57689743080402e-15,5.35664193392083e-16
ENERGY,11,3,1.70936759290048e-16,1.8051504195751e-16,9.57828266747823e-18
ENERGY,11,2,1.72736605861145e-14,1.80814067682079e-14,8.07746182093607e-16
ENERGY,11,1,1.27270629744212e-14,1.36191351593753e-14,8.92072184953452e-16
ENERGY,11,0,1.28695438352151e-14,1.37621101058875e-14,8.92566270672013e-16
HPRE,12,1.16595777894247,1.18992232945812
......9......8......7...BIASED,12,1.14457291847237,1.18667436386255,1.16327683033983,1.16797046971066
HCAP,12,1.14625741119576,1.16443056595059
CORECAP,12,1.13774658854485e-06,1.20007865483864,4.93940134162565e-05,1.19999909617255
HADC,12,1.15021192778734,1.17350962568868
DEADLINE,12,1.19966995332685,8.86505548395566e-05
RESULT,12,1.178,-0.024,1,0,1.18999999999999e-09
......9......8......7....RESET,12,1.36063426346497e-07,-8.37188260849503e-07,-1.49637729114894e-07,1.35912454397045e-07,1.20000014060783,2.93209514737147e-07
ENERGY,12,8,0,0,0
ENERGY,12,7,2.86235320569671e-16,9.17912110217493e-16,6.31676789647751e-16
ENERGY,12,6,1.17993858715465e-15,2.7819845194489e-15,1.60204593229453e-15
ENERGY,12,5,3.40239774932005e-15,3.40296335652006e-15,5.65607198743023e-19
ENERGY,12,4,1.78775224237162e-15,2.49882645432432e-15,7.11074211951775e-16
ENERGY,12,3,1.70703552203754e-16,1.77881148418146e-16,7.17759621436307e-18
ENERGY,12,2,2.36031150256281e-15,3.12412808496295e-15,7.63816582399704e-16
ENERGY,12,1,1.33501018019175e-14,1.42400755030826e-14,8.89973701166014e-16
ENERGY,12,0,1.17534756019361e-14,1.26524579858213e-14,8.98982383884932e-16
HPRE,13,1.16993539295807,1.18594472025234
BIASED,13,1.14842820610899,1.18281910120047,1.16713211350698,1.16411521232287
......9......8......7.....HCAP,13,1.14750571401792,1.16317507682668
CORECAP,13,1.12077131107014e-06,1.20000524009165,1.19999954678676,1.76487737175184e-06
HADC,13,1.15406875482522,1.16965212869122
DEADLINE,13,-0.0017365931320369,1.19761182683022
RESULT,13,1.178,-0.016,-1,1.19e-09,6.07e-10
......9......8......7......RESET,13,1.36059752305767e-07,9.96915648288287e-06,9.22134187844275e-06,1.36039876580845e-07,1.19998363629169,6.777173114949e-06
ENERGY,13,8,0,0,0
ENERGY,13,7,3.41852502787107e-16,1.0598146270328e-15,7.17962124245779e-16
ENERGY,13,6,1.18003657451021e-15,2.78163122892803e-15,1.60159465441772e-15
ENERGY,13,5,2.39883478180795e-15,2.63197660885062e-15,2.33141827043018e-16
ENERGY,13,4,2.77882624928201e-15,2.77904409674284e-15,2.1784746111924e-19
ENERGY,13,3,1.70697502533719e-16,1.8027983062924e-16,9.58232809552544e-18
ENERGY,13,2,1.71634680482179e-14,1.81194676610298e-14,9.55999612811198e-16
ENERGY,13,1,1.42593624165828e-14,1.51493393161009e-14,8.89976899516824e-16
ENERGY,13,0,1.24221482593701e-14,1.33126496484614e-14,8.90501389088526e-16
HPRE,14,1.18591725117554,1.16996285791577
BIASED,14,1.16404133407732,1.16720592556947,1.18274523346639,1.14850206660283
......9......8......7......6HCAP,14,1.1631015855303,1.14757974739163
CORECAP,14,1.72856966783463e-06,1.19999947841958,1.20000238593168,1.08935357193883e-06
HADC,14,1.16957850319327,1.15414237659304
DEADLINE,14,-0.00173660102260489,1.19761182839702
RESULT,14,1.178,0.016,-1,1.19e-09,6.0125e-10
......9......8......7......6.RESET,14,1.36049231977843e-07,9.96665144791869e-06,9.21807941503662e-06,1.36050641592669e-07,1.19998363629106,6.77717405061826e-06
ENERGY,14,8,0,0,0
ENERGY,14,7,3.41854078617393e-16,1.05797907239857e-15,7.16124993781369e-16
ENERGY,14,6,1.1800271240609e-15,2.78175238683659e-15,1.60172526277575e-15
ENERGY,14,5,1.56434734545437e-15,2.52161777107138e-15,9.5727042561796e-16
ENERGY,14,4,3.61803009958707e-15,3.61880881196989e-15,7.78712382596809e-19
ENERGY,14,3,1.70698149415667e-16,1.80280359783577e-16,9.58221036781607e-18
ENERGY,14,2,1.73195047446635e-14,1.81322597288722e-14,8.12754984208389e-16
ENERGY,14,1,1.22201705080228e-14,1.31101370413661e-14,8.89966533341291e-16
ENERGY,14,0,1.4286891517943e-14,1.5177240269154e-14,8.90348751211762e-16
HPRE,15,1.18993331599027,1.16594679382144
BIASED,15,1.168000019218,1.16324728276709,1.1867039099937,1.14454338700146
......9......8......7......6..HCAP,15,1.16445998461083,1.14622782345766
CORECAP,15,1.19999909292674,1.68994183621314e-06,1.20000208424724,1.05171173621683e-06
HADC,15,1.17353848566677,1.15018212132719
DEADLINE,15,1.19967080799558,8.92736464510004e-05
RESULT,15,1.178,0.024,1,0,1.19e-09
......9......8......7......6...RESET,15,1.35977920910935e-07,6.23887115894488e-06,6.45888099951883e-06,1.01823980987379e-07,1.20000014066992,3.97552955790648e-07
ENERGY,15,8,0,0,0
ENERGY,15,7,2.86436157332576e-16,9.1811076415352e-16,6.31674606820959e-16
ENERGY,15,6,1.18015917379186e-15,2.78220531243704e-15,1.60204613864516e-15
ENERGY,15,5,2.27178201993014e-15,2.50134563419668e-15,2.29563614266082e-16
ENERGY,15,4,2.9147693131188e-15,2.91501464140097e-15,2.45328282194643e-19
ENERGY,15,3,1.70703972251914e-16,1.77882811955551e-16,7.17883970363172e-18
ENERGY,15,2,2.12129881153555e-15,2.9049909167693e-15,7.83692105235179e-16
ENERGY,15,1,1.19509449514504e-14,1.28454362950555e-14,8.94491343603577e-16
ENERGY,15,0,1.33415809129175e-14,1.42336212572599e-14,8.92040344341234e-16
HPRE,16,1.17995359554266,1.17992063439914
BIASED,16,1.15826510726274,1.17688036293282,1.17696900587956,1.15817647162019
......9......8......7......6....HCAP,16,1.15734439472929,1.15725583499411
CORECAP,16,1.26252261265789e-06,1.19999944007773,1.20000597174029,1.22340171528508e-06
HADC,16,1.16384012418463,1.16375227765273
DEADLINE,16,-0.00173658839462276,1.19761183435609
RESULT,16,1.18,0,-1,1.19e-09,5.75249999999997e-10
......9......8......7......6.....RESET,16,1.36067333380577e-07,9.96178023825683e-06,9.22300803939026e-06,1.36048511227106e-07,1.19998363629463,6.77717450956389e-06
ENERGY,16,8,0,0,0
ENERGY,16,7,3.41851590838784e-16,1.05930777563954e-15,7.17456184800988e-16
ENERGY,16,6,1.17978080907724e-15,2.78319761291558e-15,1.60341680383839e-15
ENERGY,16,5,3.45419109219532e-15,3.45482435355947e-15,6.33261363891179e-19
ENERGY,16,4,1.99076752606085e-15,2.58979694359327e-15,5.99029417533235e-16
ENERGY,16,3,1.61700089505481e-16,1.7145329112076e-16,9.75320161533433e-18
ENERGY,16,2,1.72735147124574e-14,1.80812682496041e-14,8.07753537147977e-16
ENERGY,16,1,1.27305955998092e-14,1.36239131062283e-14,8.93317506421065e-16
ENERGY,16,0,1.28730894323592e-14,1.37668980096156e-14,8.93808577256013e-16
HPRE,17,1.16795757146061,1.19192212048084
BIASED,17,1.14653009845927,1.18863153838565,1.16523401477243,1.16992764643428
......9......8......7......6......HCAP,17,1.14822270615302,1.16638505693102
CORECAP,17,1.02888959292405e-06,1.20007891076341,4.92531761157598e-05,1.19999966547797
HADC,17,1.15215543168617,1.17545324502724
DEADLINE,17,1.1996699518328,8.86502596941725e-05
RESULT,17,1.18,-0.024,1,0,1.18999999999999e-09
......9......8......7......6......5RESET,17,1.36064051818996e-07,-3.47432320516454e-07,-1.4967070414863e-07,1.35912497124837e-07,1.20000014059386,3.9753270628991e-07
ENERGY,17,8,0,0,0
ENERGY,17,7,2.8656329548075e-16,9.18241662668627e-16,6.31678367187872e-16
ENERGY,17,6,1.17988291614375e-15,2.78193566635293e-15,1.60205275020913e-15
ENERGY,17,5,3.41899482747718e-15,3.41956126763666e-15,5.66440159141424e-19
ENERGY,17,4,1.79803322565925e-15,2.51202242256265e-15,7.13989196902956e-16
ENERGY,17,3,1.61541489329354e-16,1.68878647961652e-16,7.33715863232703e-18
ENERGY,17,2,2.35837595370549e-15,3.12424785347267e-15,7.65871899769237e-16
ENERGY,17,1,1.33549711425472e-14,1.42470006847459e-14,8.92029542199641e-16
ENERGY,17,0,1.17551807316893e-14,1.26563060877196e-14,9.01125356032803e-16
HPRE,18,1.17193518441887,1.18794451461371
BIASED,18,1.15038538219574,1.1847763151156,1.16908929307839,1.16607240828322
......9......8......7......6......5.HCAP,18,1.14946555072114,1.16513491479424
CORECAP,18,1.1574796321518e-06,1.20000031955941,1.19999976384287,1.56848727677204e-06
HADC,18,1.15601230203649,1.17159570107639
DEADLINE,18,-0.00173661795033756,1.19761181943842
RESULT,18,1.18,-0.016,-1,1.19e-09,6.07e-10
......9......8......7......6......5..RESET,18,1.35996712568324e-07,9.96916027417217e-06,9.22133687078417e-06,1.36052025169601e-07,1.19998363629176,6.77717314048394e-06
ENERGY,18,8,0,0,0
ENERGY,18,7,3.42013985066086e-16,1.0599988281934e-15,7.17984843127239e-16
ENERGY,18,6,1.17998101942837e-15,2.78160483858898e-15,1.60162381916055e-15
ENERGY,18,5,2.41197299189156e-15,2.64544706431718e-15,2.33474072424839e-16
ENERGY,18,4,2.79254748365497e-15,2.79278829614455e-15,2.40812490434698e-19
ENERGY,18,3,1.61535490638969e-16,1.71292381582874e-16,9.75689094387673e-18
ENERGY,18,2,1.71613876747782e-14,1.81193809952856e-14,9.57993320506295e-16
ENERGY,18,1,1.42633935389787e-14,1.51554981866881e-14,8.92104647711229e-16
ENERGY,18,0,1.24242591012542e-14,1.33167841753078e-14,8.9252507405201e-16
HPRE,19,1.18791704406115,1.17196265287796
BIASED,19,1.16599851296127,1.16916311723838,1.18470241176735,1.15045926804236
......9......8......7......6......5...HCAP,19,1.16506145756337,1.14953964350432
CORECAP,19,1.74957211960214e-06,1.20000392458323,1.20000309322213,1.16531803258678e-06
HADC,19,1.17152206977573,1.15608593949259
DEADLINE,19,-0.00173662629636243,1.19761182063223
RESULT,19,1.18,0.016,-1,1.19e-09,6.0125e-10
......9......8......7......6......5....RESET,19,1.36048679956164e-07,9.96665787691812e-06,9.21806932353571e-06,1.36050633247055e-07,1.19998363629107,6.77717405895473e-06
ENERGY,19,8,0,0,0
ENERGY,19,7,3.42139422922377e-16,1.05822167717367e-15,7.16082254251292e-16
ENERGY,19,6,1.18254442348944e-15,2.7816848562517e-15,1.59914043276205e-15
ENERGY,19,5,1.57465496292207e-15,2.53490631109017e-15,9.60251348168656e-16
ENERGY,19,4,3.63458315777816e-15,3.63536282356985e-15,7.79665791866511e-19
ENERGY,19,3,1.61536159435361e-16,1.71292944491874e-16,9.75678505646989e-18
ENERGY,19,2,1.731546372769e-14,1.81321867087424e-14,8.16722981050292e-16
ENERGY,19,1,1.22214725128418e-14,1.31135504885338e-14,8.92077975692205e-16
ENERGY,19,0,1.42902225243728e-14,1.51826404927991e-14,8.92417968428581e-16
HPRE,20,1.19193310839988,1.16794658681857
BIASED,20,1.16995720087153,1.16520447225065,1.18866109625551,1.14650057205979
HCAP,20,1.16641453099964,1.14819313855307
CORECAP,20,1.19999969935884,1.6783999392413e-06,1.19999949873628,1.0609116242609e-06
......9......8......7......6......5.....HADC,20,1.17548210941987,1.15212562774217
DEADLINE,20,1.19967080714931,8.92734529922262e-05
RESULT,20,1.18,0.024,1,0,1.19e-09
......9......8......7......6......5......RESET,20,1.35982518173817e-07,6.23884160446614e-06,6.45887099640203e-06,1.01818462596843e-07,1.20000014066989,3.9755295476447e-07
ENERGY,20,8,0,0,0
ENERGY,20,7,2.86728152232189e-16,9.18402287237869e-16,6.31674135005997e-16
ENERGY,20,6,1.1824559148732e-15,2.78192175695659e-15,1.5994658420835e-15
ENERGY,20,5,2.28481258711658e-15,2.51454559268501e-15,2.29733005568169e-16
ENERGY,20,4,2.92860053607764e-15,2.92884636830127e-15,2.4583222275909e-19
ENERGY,20,3,1.61541821720552e-16,1.68880233246544e-16,7.33841152602877e-18
ENERGY,20,2,2.11717008695316e-15,2.90524503760822e-15,7.88074950653556e-16
ENERGY,20,1,1.19539516297822e-14,1.28485983374202e-14,8.94646707639982e-16
ENERGY,20,0,1.33475185507117e-14,1.4239657571252e-14,8.92139020543872e-16
HPRE,21,1.18494897885288,1.18491601653918
BIASED,21,1.16314591429401,1.18176115075816,1.18184981517263,1.16305725021923
HCAP,21,1.16223192457734,1.16214335684888
CORECAP,21,1.28743158442156e-06,1.19999971495571,1.20000592906629,1.22520238443615e-06
......9......8......7......6......5......4HADC,21,1.16868695938198,1.16859910685321
DEADLINE,21,-0.00173665292718466,1.19761181504751
RESULT,21,1.185,0,-1,1.19e-09,5.75249999999997e-10
......9......8......7......6......5......4.RESET,21,1.36067235954885e-07,9.96174469579038e-06,9.22298691928837e-06,1.36047930925892e-07,1.19998363629463,6.77717430332257e-06
ENERGY,21,8,0,0,0
ENERGY,21,7,3.42139035191532e-16,1.0596092374082e-15,7.17470202216895e-16
ENERGY,21,6,1.18065392722405e-15,2.78520036125509e-15,1.60454643403108e-15
ENERGY,21,5,3.67327499048405e-15,3.67403800491467e-15,7.63014430651362e-19
ENERGY,21,4,2.20717098895553e-15,2.62437072861791e-15,4.17199739663219e-16
ENERGY,21,3,1.39018796303879e-16,1.49221179359857e-16,1.02023830560214e-17
ENERGY,21,2,1.72694644160974e-14,1.80813016058082e-14,8.11837189706182e-16
ENERGY,21,1,1.27389399633877e-14,1.36349674804259e-14,8.96027517036531e-16
ENERGY,21,0,1.28814904885889e-14,1.37780432300032e-14,8.96552741418467e-16
HPRE,22,1.17295705529072,1.19692160018957
BIASED,22,1.15142306717328,1.19352448025812,1.17012697915364,1.17482059084715
HCAP,22,1.15313589767039,1.17127124979221
CORECAP,22,1.05783733781914e-06,1.20007902327043,4.94258132839333e-05,1.19999909511714
......9......8......7......6......5......4..HADC,22,1.15701420548397,1.18031229797797
DEADLINE,22,1.19966994799227,8.8649499602866e-05
RESULT,22,1.185,-0.024,1,0,1.19e-09
......9......8......7......6......5......4...RESET,22,1.36063662190332e-07,-3.4746978536984e-07,-1.49538829888594e-07,1.35920563082659e-07,1.20000014059387,3.97532707836126e-07
ENERGY,22,8,0,0,0
ENERGY,22,7,2.86687641047732e-16,9.18363557746327e-16,6.31675916698268e-16
ENERGY,22,6,1.18075263991164e-15,2.78393636085291e-15,1.60318372094134e-15
ENERGY,22,5,3.45623709962328e-15,3.45678488539086e-15,5.47785767610554e-19
ENERGY,22,4,1.82823287117388e-15,2.5450246677848e-15,7.16791796610658e-16
ENERGY,22,3,1.3863624823477e-16,1.46385905969084e-16,7.7496577343361e-18
ENERGY,22,2,2.35634872653249e-15,3.12474125410231e-15,7.68392527568437e-16
ENERGY,22,1,1.33710690880972e-14,1.42633415279971e-14,8.92272439901497e-16
ENERGY,22,0,1.17639634074035e-14,1.26653321499632e-14,9.0136874255751e-16
HPRE,23,1.17693466570343,1.19294399745849
BIASED,23,1.15527833634066,1.18966924081496,1.17398223812892,1.17096536446645
HCAP,23,1.15436522417407,1.17003458581905
CORECAP,23,1.15913910488956e-06,1.20000186020034,1.20000003734897,1.76346439755955e-06
HADC,23,1.16087119222432,1.17645462855615
DEADLINE,23,-0.00173668238764297,1.19761180083265
......9......8......7......6......5......4....RESULT,23,1.185,-0.016,-1,1.19e-09,6.0725e-10
......9......8......7......6......5......4.....RESET,23,1.35982129163226e-07,9.96913796626699e-06,9.22133787450539e-06,1.36052106585421e-07,1.19998363629179,6.77717281562446e-06
ENERGY,23,8,0,0,0
ENERGY,23,7,3.41989670567129e-16,1.06013440360782e-15,7.18144733040772e-16
ENERGY,23,6,1.17701219883618e-15,2.77972009479286e-15,1.60270789595657e-15
ENERGY,23,5,2.44495975948766e-15,2.679639461423e-15,2.34679701934943e-16
ENERGY,23,4,2.82699129286234e-15,2.82760714342382e-15,6.15850560948297e-19
ENERGY,23,3,1.38630356320903e-16,1.48837636775726e-16,1.02072804548511e-17
ENERGY,23,2,1.71591559962934e-14,1.81194457326107e-14,9.60289736314005e-16
ENERGY,23,1,1.42786023002755e-14,1.5170914327074e-14,8.92312026800101e-16
ENERGY,23,0,1.24346185345125e-14,1.33274437387754e-14,8.92825204263474e-16
HPRE,24,1.19291652286297,1.17696213723469
BIASED,24,1.17089145376246,1.17405614393361,1.18959535021086,1.15535223790864
HCAP,24,1.16996107908915,1.15443929047881
CORECAP,24,1.56776475598337e-06,1.19999933788984,1.20000240642559,1.08813071286419e-06
HADC,24,1.17638097732225,1.16094484037543
DEADLINE,24,-0.00173669072668403,1.19761180145475
......9......8......7......6......5......4......RESULT,24,1.185,0.016,-1,1.18999999999999e-09,6.01499999999981e-10
......9......8......7......6......5......4......3RESET,24,1.36061987028113e-07,9.96663785703626e-06,9.21798908986504e-06,1.35971369051503e-07,1.19998363629112,6.77717374826622e-06
ENERGY,24,8,0,0,0
ENERGY,24,7,3.42139223843731e-16,1.05826335360531e-15,7.16124129761418e-16
ENERGY,24,6,1.17700378122958e-15,2.77984455873909e-15,1.60284077750971e-15
ENERGY,24,5,1.60397413991787e-15,2.56802014829492e-15,9.64046008377073e-16
ENERGY,24,4,3.67273565467013e-15,3.67347248944035e-15,7.36834771627791e-19
ENERGY,24,3,1.38630985984024e-16,1.4883816262833e-16,1.02071766443164e-17
ENERGY,24,2,1.73157010134318e-14,1.81323600812736e-14,8.16659067844208e-16
ENERGY,24,1,1.2232590234948e-14,1.31249078345037e-14,8.92317599556987e-16
ENERGY,24,0,1.43065964402735e-14,1.51992431760067e-14,8.92646735726835e-16
HPRE,25,1.19693258870011,1.17294606879531
BIASED,25,1.1748501496777,1.17009743846288,1.19355404218803,1.15139351949846
HCAP,25,1.17130072926869,1.15310631962963
CORECAP,25,1.1999990956443,1.69940679412826e-06,1.19999927372311,1.10504340244587e-06
HADC,25,1.18034116110476,1.15698438621955
DEADLINE,25,1.19967080497782,8.92729516074101e-05
......9......8......7......6......5......4......3.RESULT,25,1.185,0.024,1,0,1.19e-09
......9......8......7......6......5......4......3..RESET,25,1.3598589191328e-07,6.23877534848961e-06,6.45885484487524e-06,1.36052606789811e-07,1.20000014066992,3.97552969153657e-07
ENERGY,25,8,0,0,0
ENERGY,25,7,2.86728072461944e-16,9.18402672864981e-16,6.31674600403077e-16
ENERGY,25,6,1.17691258868695e-15,2.78007380835603e-15,1.60316121966849e-15
ENERGY,25,5,2.31687059963706e-15,2.54799378696037e-15,2.31123187325939e-16
ENERGY,25,4,2.96397608273415e-15,2.9646031898889e-15,6.27107150942756e-19
ENERGY,25,3,1.38636550127473e-16,1.4638748699941e-16,7.75093687192236e-18
ENERGY,25,2,2.1172417134761e-15,2.9059006818333e-15,7.88658968359007e-16
ENERGY,25,1,1.19643902708896e-14,1.28592798823978e-14,8.94889611506341e-16
ENERGY,25,0,1.3365546460268e-14,1.42579268764066e-14,8.92380416138659e-16
HPRE,26,1.18795140587821,1.18791844019454
BIASED,26,1.16608980566619,1.18470502360011,1.18479370748833,1.16600112268358
HCAP,26,1.16517985839986,1.16509127714785
CORECAP,26,1.23051648813646e-06,1.20000361891889,1.20000131956157,1.29196404187517e-06
HADC,26,1.17161036709026,1.17152249781453
DEADLINE,26,-0.001736693139189,1.19761180326338
RESULT,26,1.188,0,-1,1.18999999999999e-09,5.75499999999991e-10
......9......8......7......6......5......4......3...RESET,26,1.36066873255959e-07,9.96175226107924e-06,9.22297753499823e-06,1.36047405627603e-07,1.19998363628847,6.77722194329232e-06
ENERGY,26,8,0,0,0
ENERGY,26,7,3.42078663302864e-16,1.05953747915457e-15,7.17458815851544e-16
ENERGY,26,6,1.17639856554793e-15,2.78095036907984e-15,1.60455180353186e-15
ENERGY,26,5,3.57482470898537e-15,3.575501080897e-15,6.76371910594001e-19
ENERGY,26,4,2.10262875222054e-15,2.64384657616479e-15,5.41217823945641e-16
ENERGY,26,3,1.25126356576287e-16,1.3561042221372e-16,1.0484065637334e-17
ENERGY,26,2,1.72727553693315e-14,1.80812133105973e-14,8.08457941271892e-16
ENERGY,26,1,1.27485422522056e-14,1.36430515394562e-14,8.94509287250442e-16
ENERGY,26,0,1.2891147855103e-14,1.3786183442341e-14,8.95035587237195e-16
......9......8......7......6......5......4......3....HPRE,27,1.17595674542409,1.19992128798852
BIASED,27,1.15435884627216,1.19646023689297,1.1730627575215,1.17775635294854
HCAP,27,1.15608382419222,1.17420301231239
CORECAP,27,1.14164008747165e-06,1.20007831439867,4.9469258509886e-05,1.19999959477107
HADC,27,1.15992946267238,1.18322772478743
DEADLINE,27,1.19966994562225,8.86490299799185e-05
RESULT,27,1.188,-0.024,1,0,1.18999999999999e-09
......9......8......7......6......5......4......3.....RESET,27,1.36062468257863e-07,-3.47481984024485e-07,-1.4975194026832e-07,1.35924354677744e-07,1.20000014059386,3.97532708706041e-07
ENERGY,27,8,0,0,0
ENERGY,27,7,2.86687672807808e-16,9.18367013598392e-16,6.3167934079036e-16
ENERGY,27,6,1.1764981863291e-15,2.77964896768572e-15,1.60315078135666e-15
ENERGY,27,5,3.47805600104405e-15,3.47860523829642e-15,5.49237250812367e-19
ENERGY,27,4,1.8470551245349e-15,2.5649895136353e-15,7.17934389098116e-16
ENERGY,27,3,1.24893092288283e-16,1.32900964859401e-16,8.00787257113839e-18
ENERGY,27,2,2.35636354948033e-15,3.12501600393925e-15,7.686524544627e-16
ENERGY,27,1,1.33818357604065e-14,1.42743194657475e-14,8.92483705340438e-16
ENERGY,27,0,1.17704782375018e-14,1.26719396039354e-14,9.01461366433792e-16
HPRE,28,1.17993435333638,1.19594368599252
......9......8......7......6......5......4......3......BIASED,28,1.15821410581881,1.19260502131352,1.17691800616086,1.17390113140775
HCAP,28,1.15730502822901,1.17297438875421
CORECAP,28,1.1639237796714e-06,1.20000519432142,1.20000410896212,1.75463812181597e-06
HADC,28,1.1637865261984,1.17936998469016
DEADLINE,28,-0.00173672198570427,1.19761178985292
RESULT,28,1.188,-0.016,-1,1.18999999999999e-09,6.07499999999987e-10
......9......8......7......6......5......4......3......2RESET,28,1.35982072436459e-07,9.96915308210427e-06,9.22133878527581e-06,1.36037755157409e-07,1.19998363628584,6.77721883015909e-06
ENERGY,28,8,0,0,0
ENERGY,28,7,3.42077479021107e-16,1.06003102771818e-15,7.17953548697247e-16
ENERGY,28,6,1.17659967442722e-15,2.77930868199223e-15,1.60270900756514e-15
ENERGY,28,5,2.46631780275722e-15,2.70017824891067e-15,2.33860446151162e-16
ENERGY,28,4,2.84630404724541e-15,2.84692158808159e-15,6.17540835409267e-19
ENERGY,28,3,1.2488726428637e-16,1.35375503561585e-16,1.04882392751842e-17
ENERGY,28,2,1.71626072565304e-14,1.81191928194393e-14,9.56585562905901e-16
ENERGY,28,1,1.42877865682409e-14,1.51802376243566e-14,8.92451056116788e-16
ENERGY,28,0,1.24405048693805e-14,1.3333473176909e-14,8.9296830752653e-16
HPRE,29,1.19591621023231,1.17996182754538
......9......8......7......6......5......4......3......2.BIASED,29,1.17382721905214,1.17699192225056,1.19253111055621,1.15828800066386
HCAP,29,1.17290087738654,1.15737908596812
CORECAP,29,1.57170486728843e-06,1.19999998361315,1.19999942392965,1.15668249160594e-06
HADC,29,1.17929633040339,1.16386018283278
DEADLINE,29,-0.00173673104307134,1.19761178966025
RESULT,29,1.188,0.016,-1,1.18999999999999e-09,6.01749999999988e-10
......9......8......7......6......5......4......3......2..RESET,29,1.3604766052275e-07,9.96663213619534e-06,9.21796788260523e-06,1.3597125111205e-07,1.19998363628497,6.77722139124194e-06
ENERGY,29,8,0,0,0
ENERGY,29,7,3.42079078037733e-16,1.05819081643526e-15,7.16111738397352e-16
ENERGY,29,6,1.17659042498653e-15,2.77942577438784e-15,1.60283534940171e-15
ENERGY,29,5,1.60861335367454e-15,2.57504405683303e-15,9.66430703158262e-16
ENERGY,29,4,3.68211483697356e-15,3.68285325945443e-15,7.38422480790425e-19
ENERGY,29,3,1.24887880469886e-16,1.35376004731309e-16,1.04881242615103e-17
ENERGY,29,2,1.73191804578187e-14,1.81324160041938e-14,8.1323554637677e-16
ENERGY,29,1,1.22384851324218e-14,1.31309487349501e-14,8.92463602533564e-16
ENERGY,29,0,1.43154009988931e-14,1.52081905051803e-14,8.92789506284769e-16
HPRE,30,1.1999322772847,1.17594575797475
......9......8......7......6......5......4......3......2...BIASED,30,1.1777859220484,1.17303320250793,1.19648980836888,1.15432929523704
HCAP,30,1.17423244760336,1.15605423464304
CORECAP,30,1.199999596716,1.70238002012815e-06,1.19999951641459,1.14075682700068e-06
HADC,30,1.18325659079594,1.15989964025197
DEADLINE,30,1.19967080364573,8.92726432533088e-05
RESULT,30,1.188,0.024,1,0,1.19e-09
......9......8......7......6......5......4......3......2....RESET,30,1.35994095437265e-07,6.23874964056479e-06,6.45884323262755e-06,1.36052392417044e-07,1.20000014066993,3.97552974332987e-07
ENERGY,30,8,0,0,0
ENERGY,30,7,2.8672807472978e-16,9.18403361872037e-16,6.31675287142676e-16
ENERGY,30,6,1.17649857486303e-15,2.77964304833374e-15,1.60314447347035e-15
ENERGY,30,5,2.32335067531116e-15,2.55511988721207e-15,2.31769211899318e-16
ENERGY,30,4,2.9714237055161e-15,2.97205250296287e-15,6.28797446120792e-19
ENERGY,30,3,1.2489339025026e-16,1.32902545748058e-16,8.00915549790431e-18
ENERGY,30,2,2.11728145291592e-15,2.90627588879012e-15,7.88994435873062e-16
ENERGY,30,1,1.1969893966929e-14,1.28649190699242e-14,8.95025102993924e-16
ENERGY,30,0,1.33753588951805e-14,1.42679119452937e-14,8.92553050116826e-16
HPRE,31,1.18995256615017,1.1899195981288
BIASED,31,1.16805103927546,1.18666625647638,1.18675494151765,1.16796235737215
......9......8......7......6......5......4......3......2.....HCAP,31,1.16714379456193,1.16705520785614
CORECAP,31,1.28338517425238e-06,1.19999953590655,1.20000447111718,1.28485126962531e-06
HADC,31,1.17355796051008,1.17347008193807
DEADLINE,31,-0.00173671607933609,1.19761179438535
RESULT,31,1.19,0,-1,1.19e-09,5.75499999999991e-10
......9......8......7......6......5......4......3......2......RESET,31,1.36002881142316e-07,9.96171395570346e-06,9.22296808843235e-06,1.36047665951588e-07,1.19998363628856,6.77722183675488e-06
ENERGY,31,8,0,0,0
ENERGY,31,7,3.42078192707785e-16,1.05953816796811e-15,7.17459975260482e-16
ENERGY,31,6,1.17612188304866e-15,2.7806559566527e-15,1.60453407360417e-15
ENERGY,31,5,3.51607578745372e-15,3.51670896007824e-15,6.33172623288698e-19
ENERGY,31,4,2.04024765900407e-15,2.64402336155711e-15,6.03775702553113e-16
ENERGY,31,3,1.15889628589074e-16,1.26565279691331e-16,1.06756511024399e-17
ENERGY,31,2,1.72727481014549e-14,1.80811788894854e-14,8.08430788029427e-16
ENERGY,31,1,1.27540488216091e-14,1.3647906967775e-14,8.93858146166916e-16
ENERGY,31,0,1.28966669610697e-14,1.37909724606137e-14,8.94305499546605e-16
HPRE,32,1.18195063283997,1.19792698809517
BIASED,32,1.1602156389682,1.19451784278394,1.17891953992299,1.17581395276929
......9......8......7......6......5......4......3......2......1HCAP,32,1.15930932328987,1.17489009303851
CORECAP,32,1.04568955650998e-06,1.19999908189448,1.19999928523938,1.73053015081752e-06
HADC,32,1.16577415019884,1.18126947310528
DEADLINE,32,-0.00173674859184978,1.19761178332544
RESULT,32,1.19,-0.016,-1,1.18999999999999e-09,6.02999999999996e-10
......9......8......7......6......5......4......3......2......1.RESET,32,1.35982334060033e-07,9.96915285627929e-06,9.22133066947311e-06,1.36037671865735e-07,1.19998363628586,6.77721866867361e-06
ENERGY,32,8,0,0,0
ENERGY,32,7,3.42078898913139e-16,1.05942371423493e-15,7.17344815321838e-16
ENERGY,32,6,1.17631788772089e-15,2.77906603158308e-15,1.60274814386235e-15
ENERGY,32,5,3.20649015648146e-15,3.20772190318883e-15,1.2317467070318e-18
ENERGY,32,4,2.11410988208389e-15,2.59163453386116e-15,4.77524651776967e-16
ENERGY,32,3,1.15725558618441e-16,1.26404946993213e-16,1.06793883747835e-17
ENERGY,32,2,1.73116710888119e-14,1.81384796071505e-14,8.26808518339333e-16
ENERGY,32,1,1.42036188743638e-14,1.50961663597459e-14,8.92547485378882e-16
ENERGY,32,0,1.2375040612479e-14,1.32681006472591e-14,8.93060034782374e-16
HPRE,33,1.19791600188619,1.18196162102819
BIASED,33,1.17578439683324,1.17894908373387,1.19448828701133,1.16024519667273
......9......8......7......6......5......4......3......2......1..HCAP,33,1.17486072617438,1.15933897182002
CORECAP,33,1.76171958191662e-06,1.2000039367463,1.2000043445977,1.08724912086297e-06
HADC,33,1.18123989122479,1.1658037442511
DEADLINE,33,-0.00173675401429993,1.19761178075834
RESULT,33,1.19,0.016,-1,1.18999999999999e-09,6.01749999999988e-10
......9......8......7......6......5......4......3......2......1...RESET,33,1.36047625154937e-07,9.96663276040317e-06,9.2179545574344e-06,1.35971255097154e-07,1.19998363628498,6.77722125686727e-06
ENERGY,33,8,0,0,0
ENERGY,33,7,3.42079626638804e-16,1.05813160243211e-15,7.16051975793024e-16
ENERGY,33,6,1.17073445761895e-15,2.77913164030442e-15,1.60839718268575e-15
ENERGY,33,5,1.62116446633107e-15,2.58834401757144e-15,9.67179551240586e-16
ENERGY,33,4,3.69654560315719e-15,3.69728508325535e-15,7.39480102077993e-19
ENERGY,33,3,1.15725748564421e-16,1.26405088517745e-16,1.06793399533821e-17
ENERGY,33,2,1.73192728344803e-14,1.81323464715597e-14,8.13073637086709e-16
ENERGY,33,1,1.22439753697033e-14,1.31365321470098e-14,8.9255677730551e-16
ENERGY,33,0,1.43229375414103e-14,1.52158300365241e-14,8.92892495111842e-16
HPRE,34,1.19494245970287,1.19492047509179
BIASED,34,1.17291706644149,1.19156180885725,1.19162095646737,1.17285792361205
......9......8......7......6......5......4......3......2......1....HCAP,34,1.17201654390962,1.17195746079436
CORECAP,34,1.28605811924454e-06,1.19999946021218,1.20000043944324,1.26942969125931e-06
HADC,34,1.17839011923422,1.17833158851145
DEADLINE,34,-0.00173678576597926,1.19761177525949
RESULT,34,1.195,0,-1,1.18999999999999e-09,5.74249999999983e-10
......9......8......7......6......5......4......3......2......1.....RESET,34,1.35988273129497e-07,9.9617443641229e-06,9.22291129724345e-06,1.35968855836116e-07,1.19998363628885,6.77721992246884e-06
ENERGY,34,8,0,0,0
ENERGY,34,7,3.4207931687178e-16,1.05980185893013e-15,7.17722542058478e-16
ENERGY,34,6,1.16985289259144e-15,2.77995784659335e-15,1.61010495400266e-15
ENERGY,34,5,3.49997278444022e-15,3.50071431052544e-15,7.41526086149261e-19
ENERGY,34,4,2.5186232071451e-15,2.69146138273312e-15,1.72838175590609e-16
ENERGY,34,3,9.32083331610076e-17,1.04377930134632e-16,1.11695969734742e-17
ENERGY,34,2,1.73157218358669e-14,1.81203993230339e-14,8.0467748717199e-16
ENERGY,34,1,1.27643312894894e-14,1.36608951459489e-14,8.96563856465352e-16
ENERGY,34,0,1.29041513332009e-14,1.38011615108596e-14,8.9701017765815e-16
HPRE,35,1.19993094911525,1.19993094911788
BIASED,35,1.17778044888002,1.19648433727494,1.19648433743555,1.17778044852291
......9......8......7......6......5......4......3......2......1......HCAP,35,1.17688664788373,1.17688664181669
CORECAP,35,1.29609925369034e-06,1.20000378227298,1.2000043233434,1.30048220212296e-06
HADC,35,1.18321965271352,1.18321987066996
DEADLINE,35,-0.00173686328517658,1.19761175627832
RESULT,35,1.2,0,-1,1.19e-09,5.7449999999999e-10
......9......8......7......6......5......4......3......2......1......0RESET,35,1.35988166332238e-07,9.96158951031503e-06,9.22298754525387e-06,1.35969041379461e-07,1.19998363628864,6.77721944210939e-06
ENERGY,35,8,0,0,0
ENERGY,35,7,3.43270202239877e-16,1.05982843315988e-15,7.16558230920104e-16
ENERGY,35,6,1.16336785546537e-15,2.77347582139494e-15,1.61010796592884e-15
ENERGY,35,5,3.0532033553229e-15,3.05344248568406e-15,2.39130360108238e-19
ENERGY,35,4,3.05320329773469e-15,3.05344242810507e-15,2.39130368402321e-19
ENERGY,35,3,7.03031560609199e-17,8.19939345930105e-17,1.16907785321223e-17
ENERGY,35,2,1.73153477535659e-14,1.81201266907179e-14,8.04778937146142e-16
ENERGY,35,1,1.27799124482322e-14,1.3676719920264e-14,8.96807472025047e-16
ENERGY,35,0,1.29143567559523e-14,1.38116178821467e-14,8.97261126194599e-16
spectre completes with 0 errors, 9 warnings, and 8 notices.
