// Extracted original meter records; not a full Spectre log.
HPRE,0,0.600000000013037,0.600000000013037
BIASED,0,0.581583201567047,0.618416803781097,0.618416803781097,0.581583201567048
HCAP,0,0.591755822215345,0.591755821808411
CORECAP,0,2.99827970734177e-05,1.19998734249759,1.19998735058857,3.00726791871575e-05
HADC,0,0.600308808333423,0.600308726247648
DEADLINE,0,-0.00175705450878484,1.19761635295642
RESULT,0,0.6,0,-1,1.18975e-09,5.71e-10
.RESET,0,1.37240620656756e-07,1.06094700703465e-05,9.24590879853835e-06,1.3727566125722e-07,1.19998363641577,7.23582755769222e-06
ENERGY,0,8,0,0,0
ENERGY,0,7,3.32017816758556e-16,1.05900924767625e-15,7.26991430917697e-16
ENERGY,0,6,1.15750063609826e-15,2.90751454154815e-15,1.75001390544988e-15
ENERGY,0,5,-1.03077462612208e-17,1.80327028423708e-19,1.04880732896446e-17
ENERGY,0,4,-1.03076590011042e-17,1.80325192074628e-19,1.04879841931788e-17
ENERGY,0,3,5.54637513760662e-15,5.54637513760662e-15,0
ENERGY,0,2,1.72495750730541e-14,1.80867421050971e-14,8.37167032042694e-16
ENERGY,0,1,1.18500149403697e-14,1.27102407824286e-14,8.602258420588e-16
ENERGY,0,0,1.19847337056298e-14,1.28449207307052e-14,8.60187025075337e-16
HPRE,1,0.532122185067395,0.568056292967505
BIASED,1,0.516773868131267,0.587927396285999,0.553607835451451,0.551093583751483
HCAP,1,0.526978227023989,0.561324974417638
CORECAP,1,4.6072523402383e-06,1.19999670045937,1.19999311066471,1.02241143922455e-05
HADC,1,0.536358411964029,0.570225264349692
DEADLINE,1,-0.00176132522474618,1.19761262823872
RESULT,1,0.55,-0.036,-1,1.19e-09,6.19e-10
..RESET,1,1.37601293011969e-07,9.8970929043232e-06,9.24417344897601e-06,1.38058631720547e-07,1.19998363623637,6.77500294482734e-06
ENERGY,1,8,0,0,0
ENERGY,1,7,3.40834725509051e-16,1.05926612721985e-15,7.18431401710801e-16
ENERGY,1,6,1.12490126601729e-15,2.87086653260311e-15,1.74596526658584e-15
ENERGY,1,5,-1.10965755768629e-15,2.98164093782151e-19,1.10995572178007e-15
ENERGY,1,4,-2.26211822871951e-15,5.81289573896291e-19,2.26269951829335e-15
ENERGY,1,3,5.98052309497405e-15,5.98052309497405e-15,0
ENERGY,1,2,1.73375972389516e-14,1.81494761044946e-14,8.11878865542749e-16
ENERGY,1,1,1.34953187918656e-14,1.43523310029665e-14,8.57012211100871e-16
ENERGY,1,0,1.14913832407782e-14,1.23498012605013e-14,8.58418019723367e-16
HPRE,2,0.567947856239688,0.532072504242503
BIASED,2,0.550752345892834,0.553436554812127,0.587586161600137,0.516602598175316
HCAP,2,0.560983572523905,0.526807041827051
CORECAP,2,9.4925326376232e-06,1.199993340482,1.19999713128789,4.46084559694959e-06
HADC,2,0.569888421551862,0.536189141113522
DEADLINE,2,-0.00176115302589356,1.1976127937728
RESULT,2,0.55,0.036,-1,1.18975e-09,6.16e-10
...RESET,2,1.38078766193019e-07,9.8926257097083e-06,9.24144300682833e-06,1.37595447391936e-07,1.19998363623591,6.77500456450683e-06
ENERGY,2,8,0,0,0
ENERGY,2,7,3.40844965885646e-16,1.05795764858344e-15,7.17112682697789e-16
ENERGY,2,6,1.12498029952469e-15,2.87106563913841e-15,1.7460853396137e-15
ENERGY,2,5,-1.29912355686233e-15,2.00001956058014e-19,1.29932355881844e-15
ENERGY,2,4,8.8240247483194e-16,1.02204113872424e-15,1.3963866389225e-16
ENERGY,2,3,5.98838878723161e-15,5.98838878723161e-15,0
ENERGY,2,2,1.72912742390242e-14,1.81344159359502e-14,8.43141696926028e-16
ENERGY,2,1,1.13082574204359e-14,1.21659995912419e-14,8.5774217080624e-16
ENERGY,2,0,1.35292072962123e-14,1.4387935382911e-14,8.58728086698069e-16
HPRE,3,0.571999255869473,0.52802126923447
BIASED,3,0.554737127233401,0.549451324799402,0.591570918103151,0.512617352842003
HCAP,3,0.563853284267274,0.523928987788793
CORECAP,3,1.19999623630499,6.73580864540931e-06,1.19999688464609,5.21288925007878e-06
HADC,3,0.573852769701655,0.532221057530992
DEADLINE,3,1.19967107707869,8.93432908713028e-05
RESULT,3,0.55,0.044,1,0,1.19e-09
RESET,3,1.38070633240405e-07,5.87526360960605e-06,6.47897699725171e-06,1.37618989658881e-07,1.20000014155924,3.59810351971288e-07
ENERGY,3,8,0,0,0
ENERGY,3,7,2.86079934383104e-16,9.18047898079139e-16,6.31967963695997e-16
ENERGY,3,6,1.12393726572036e-15,2.87016028024056e-15,1.74622301452016e-15
ENERGY,3,5,-3.98331278723834e-16,1.32630541480839e-19,3.9846390926531e-16
ENERGY,3,4,-1.07304835369369e-17,1.17117698859585e-16,1.27848182396532e-16
ENERGY,3,3,5.98832908244876e-15,5.98832908244876e-15,0
ENERGY,3,2,2.11880378492051e-15,2.864457423398e-15,7.45653638477265e-16
ENERGY,3,1,1.11623896067699e-14,1.20229684730611e-14,8.60578866291283e-16
ENERGY,3,0,1.23157480759278e-14,1.31733510060698e-14,8.57602930141729e-16
HPRE,4,0.599956324069795,0.599884510580465
....BIASED,4,0.581432063828835,0.618057724363604,0.618265666530951,0.581224119439293
HCAP,4,0.591608230814985,0.591400186419932
CORECAP,4,2.91439672237114e-05,1.1999876223031,1.19998758165988,2.91761541727102e-05
HADC,4,0.600159513808991,0.599954240948235
DEADLINE,4,-0.00175649689008727,1.19761637033514
RESULT,4,0.6,0,-1,1.19e-09,5.69500000000001e-10
RESET,4,1.37249296863242e-07,1.0609474989969e-05,9.24584379055152e-06,1.37277200822772e-07,1.19998363639709,7.40734374521369e-06
ENERGY,4,8,0,0,0
ENERGY,4,7,3.40880891645939e-16,1.0591653113917e-15,7.18284419745735e-16
ENERGY,4,6,1.12508399027242e-15,2.87470786165283e-15,1.74962387138046e-15
ENERGY,4,5,2.09624969243662e-15,2.09904011373647e-15,2.79042129976955e-18
ENERGY,4,4,8.39172211487799e-16,8.4640685575686e-16,7.23464426913208e-18
ENERGY,4,3,5.55423271040403e-15,5.55423271040403e-15,0
ENERGY,4,2,1.72796867201062e-14,1.80894859626251e-14,8.09799242518995e-16
ENERGY,4,1,1.1736143871517e-14,1.26425204200616e-14,9.06376548544865e-16
ENERGY,4,0,1.18777590857669e-14,1.27839129956225e-14,9.06153909855181e-16
HPRE,5,0.578039654155323,0.621960743294348
BIASED,5,0.560606612176485,0.639395604589177,0.597440364619561,0.602562199485099
.....HCAP,5,0.571972809062089,0.611410414092481
CORECAP,5,2.66637617225883e-05,1.20006563391548,8.97775300162949e-05,1.19998213805752
HADC,5,0.579577529614376,0.621050728785484
DEADLINE,5,1.19967044954126,8.87315296848749e-05
RESULT,5,0.6,-0.044,1,0,1.19e-09
RESET,5,1.37067948322941e-07,1.28154894924296e-07,1.27261933185687e-07,1.3744696880712e-07,1.20000014070026,3.6006820803172e-07
ENERGY,5,8,0,0,0
ENERGY,5,7,2.86584720918977e-16,9.18292627595178e-16,6.31707906676178e-16
ENERGY,5,6,1.12492544310689e-15,2.86941977452681e-15,1.7444943314199e-15
ENERGY,5,5,7.8374285351728e-16,7.83836740449651e-16,9.38869323558654e-20
ENERGY,5,4,-7.72253707339214e-16,8.9506736725066e-20,7.72343214076021e-16
ENERGY,5,3,5.54661493055287e-15,5.54661493055287e-15,0
ENERGY,5,2,2.36110922461273e-15,3.08637906603075e-15,7.2526984141765e-16
ENERGY,5,1,1.24629806163897e-14,1.33209928415959e-14,8.58012225205588e-16
ENERGY,5,0,1.10289232587441e-14,1.18890090672771e-14,8.60085808532563e-16
HPRE,6,0.581997250272332,0.618002610670939
BIASED,6,0.564318461147185,0.635680606171747,0.60115219137263,0.598847160482064
HCAP,6,0.574410268652028,0.608965149980021
CORECAP,6,2.89634743618843e-05,1.19998915239249,1.19997884610362,5.35386867171805e-05
......HADC,6,0.583276846758561,0.617350629731912
DEADLINE,6,-0.00175704563961061,1.19761617407751
RESULT,6,0.6,-0.036,-1,1.19e-09,6.25749999999998e-10
RESET,6,1.37105945005878e-07,9.89525621712456e-06,9.241391235745e-06,1.37482582162424e-07,1.19998363628812,6.77720036781231e-06
ENERGY,6,8,0,0,0
ENERGY,6,7,3.41016466857319e-16,1.05962448868666e-15,7.18608021829357e-16
ENERGY,6,6,1.12475211819089e-15,2.87017232745889e-15,1.74542020926796e-15
ENERGY,6,5,-5.75238732602853e-17,6.98649030381659e-17,1.27388776298452e-16
ENERGY,6,4,3.24802421974328e-17,1.19227117740197e-16,8.6746875542761e-17
ENERGY,6,3,5.54669176285137e-15,5.54669176285137e-15,0
ENERGY,6,2,1.71334931375691e-14,1.81207075119262e-14,9.87214374355448e-16
ENERGY,6,1,1.3695357677532e-14,1.45528354990949e-14,8.57477821564135e-16
ENERGY,6,0,1.15843536568192e-14,1.24419386100705e-14,8.57584953252041e-16
HPRE,7,0.617939059210102,0.58206087249128
BIASED,7,0.598664991008771,0.601336346240672,0.635498436625651,0.564502616821502
HCAP,7,0.608787612143513,0.574599590296404
CORECAP,7,5.14649958649634e-05,1.1999793351306,1.19998913426484,2.88202305431724e-05
HADC,7,0.617170491752053,0.583458242513299
DEADLINE,7,-0.00175686310326401,1.19761630185332
RESULT,7,0.6,0.036,-1,1.19e-09,6.17999999999999e-10
......9RESET,7,1.37450980441185e-07,9.89186104984602e-06,9.23977062605395e-06,1.37093654937776e-07,1.19998363628864,6.77719753118268e-06
ENERGY,7,8,0,0,0
ENERGY,7,7,3.40767788044478e-16,1.05784787950973e-15,7.17080091465107e-16
ENERGY,7,6,1.12455294783752e-15,2.86990629640678e-15,1.74535334856933e-15
ENERGY,7,5,-1.20318852864907e-15,8.05869994229149e-19,1.20399439864327e-15
ENERGY,7,4,1.18928624230121e-15,1.19005842747821e-15,7.72185177028879e-19
ENERGY,7,3,5.54666458619384e-15,5.54666458619384e-15,0
ENERGY,7,2,1.72970985886739e-14,1.81382145100476e-14,8.41115921374301e-16
ENERGY,7,1,1.13825219763634e-14,1.22401773474438e-14,8.57655371080887e-16
ENERGY,7,0,1.36642953814566e-14,1.45218812025748e-14,8.57585821118237e-16
HPRE,8,0.621989219349148,0.578010917182357
BIASED,8,0.602643658034268,0.597357039866783,0.639477066981606,0.560523283692747
HCAP,8,0.611491818593086,0.571889173651405
CORECAP,8,1.19998221905378,4.35261583557345e-05,1.19999082178789,2.66145124847604e-05
HADC,8,0.621130572980013,0.57949473161407
DEADLINE,8,1.19967110945948,8.93368469215694e-05
RESULT,8,0.6,0.044,1,0,1.19e-09
......9.RESET,8,1.37400189135982e-07,7.40543276564637e-06,6.47248133750078e-06,8.90903754975001e-08,1.20000014068961,2.93206955835483e-07
ENERGY,8,8,0,0,0
ENERGY,8,7,2.85859902269655e-16,9.17893971788907e-16,6.32034069519117e-16
ENERGY,8,6,1.12460332846809e-15,2.86916395044426e-15,1.74456062197616e-15
ENERGY,8,5,-2.23102801895159e-16,6.43317787758848e-20,2.23167133674006e-16
ENERGY,8,4,2.1686163224526e-16,2.16929006425745e-16,6.73741804497416e-20
ENERGY,8,3,5.54662077334613e-15,5.54662077334613e-15,0
ENERGY,8,2,2.11930015306752e-15,2.86931271917706e-15,7.50012566110815e-16
ENERGY,8,1,1.12289577379359e-14,1.20865634730939e-14,8.57605735158089e-16
ENERGY,8,0,1.24466637042893e-14,1.3304330514056e-14,8.57666809765938e-16
HPRE,9,0.649947278939353,0.649877193482693
BIASED,9,0.629343825099649,0.665977763476921,0.666176937291015,0.62914464846763
HCAP,9,0.638927425384163,0.638727887536205
CORECAP,9,9.00841816184807e-06,1.19999691722764,1.19999624384771,8.93484320031137e-06
HADC,9,0.647446192467209,0.647249627277952
DEADLINE,9,-0.00175621616171629,1.19761655963557
RESULT,9,0.65,0,-1,1.19e-09,5.715e-10
......9..RESET,9,1.36793973830808e-07,9.97489289448703e-06,9.22612154725023e-06,1.3678073102737e-07,1.19998363628635,6.77721941293877e-06
ENERGY,9,8,0,0,0
ENERGY,9,7,3.41068124286885e-16,1.05920367228985e-15,7.1813554800304e-16
ENERGY,9,6,1.1306514368633e-15,2.87470868999259e-15,1.74405725312928e-15
ENERGY,9,5,2.51936096870575e-15,2.52051787747903e-15,1.15690877331179e-18
ENERGY,9,4,1.14899924712064e-15,1.14921415630812e-15,2.14909187413276e-19
ENERGY,9,3,5.11275450725131e-15,5.11275450725131e-15,0
ENERGY,9,2,1.7279464172306e-14,1.80886905091034e-14,8.09226336800089e-16
ENERGY,9,1,1.18312681524529e-14,1.27416582501998e-14,9.10390097748408e-16
ENERGY,9,0,1.19730332797374e-14,1.28831208255636e-14,9.10087545827571e-16
HPRE,10,0.628028388105246,0.671951693330248
BIASED,10,0.608507392280896,0.687304624582271,0.645340680622478,0.650471768042377
HCAP,10,0.619307723321833,0.658606318405232
CORECAP,10,6.69261372158528e-06,1.20007342790423,6.03129608926827e-05,1.19999438494738
HADC,10,0.626852923565635,0.668335704962457
DEADLINE,10,1.19967034951952,8.87211712784299e-05
RESULT,10,0.65,-0.044,1,0,1.19e-09
......9...RESET,10,1.36566252555692e-07,1.27582860223507e-07,1.26657108102125e-07,1.36969958027087e-07,1.19999998411905,3.09374168341987e-07
ENERGY,10,8,0,0,0
ENERGY,10,7,2.85817985815064e-16,9.17878035284948e-16,6.32060049469807e-16
ENERGY,10,6,1.13412962411647e-15,2.8655487673005e-15,1.73141914318389e-15
ENERGY,10,5,1.09511099960183e-15,1.0953383683132e-15,2.27368711353986e-19
ENERGY,10,4,-6.07720777698231e-16,1.16174128729777e-16,7.23894906427996e-16
ENERGY,10,3,5.10524181512698e-15,5.10524181512698e-15,0
ENERGY,10,2,2.36063461559017e-15,3.09101415874436e-15,7.3037954315368e-16
ENERGY,10,1,1.26157026662563e-14,1.34790994417982e-14,8.63396775543063e-16
ENERGY,10,0,1.10841309302049e-14,1.1947568882865e-14,8.63437952659345e-16
HPRE,11,0.631987224551077,0.66799217724281
BIASED,11,0.612224774927153,0.683583401943862,0.649058084956321,0.64675049739006
HCAP,11,0.621650869396359,0.656219471182193
CORECAP,11,6.92262771854646e-06,1.19999644317607,1.19999576284786,1.41901190400909e-05
HADC,11,0.63055785800074,0.664628734351235
DEADLINE,11,-0.00175786468943244,1.19761485518948
RESULT,11,0.65,-0.036,-1,1.19e-09,6.2725e-10
RESET,11,1.36584538432434e-07,9.98019593667555e-06,9.23176051158697e-06,1.36955249757719e-07,1.19998363623135,6.7750442082237e-06
ENERGY,11,8,0,0,0
ENERGY,11,7,3.41852882058879e-16,1.06017945771121e-15,7.18326575652325e-16
ENERGY,11,6,1.13368185352936e-15,2.86619709738525e-15,1.73251524385593e-15
ENERGY,11,5,1.83409878676502e-16,3.19777472341185e-16,1.36367593664612e-16
ENERGY,11,4,2.67502594708929e-16,2.67644468101501e-16,1.41873392467625e-19
ENERGY,11,3,5.1053054427488e-15,5.1053054427488e-15,0
ENERGY,11,2,1.71328517961893e-14,1.81183623743952e-14,9.85510578207288e-16
ENERGY,11,1,1.38341124840465e-14,1.4697515563213e-14,8.63403079169494e-16
ENERGY,11,0,1.16444179325744e-14,1.25078595855843e-14,8.63441653008732e-16
HPRE,12,0.667930675956852,0.632048838841987
BIASED,12,0.646577868587659,0.649233223055863,0.683410771797471,0.612399821962258
......9....HCAP,12,0.656056100068234,0.621833903369219
CORECAP,12,1.40760656459027e-05,1.19999434309493,1.19999930446592,6.96327702499431e-06
HADC,12,0.664457998971072,0.630730393275274
DEADLINE,12,-0.00175737323779985,1.19761538486303
RESULT,12,0.65,0.036,-1,1.18999999999999e-09,6.19749999999995e-10
RESET,12,1.36964031188643e-07,9.88528916024472e-06,9.22096364317935e-06,1.36565695564047e-07,1.19998333885927,8.42995188396816e-06
ENERGY,12,8,0,0,0
ENERGY,12,7,3.41812702662747e-16,1.05845532227644e-15,7.16642619613554e-16
ENERGY,12,6,1.13373395708788e-15,2.86629924829021e-15,1.73256529120241e-15
ENERGY,12,5,-1.07145107880579e-15,1.33161669470025e-16,1.20461274827583e-15
ENERGY,12,4,1.53352494652596e-15,1.5338082957237e-15,2.83349197675078e-19
ENERGY,12,3,5.10527884032948e-15,5.10527884032948e-15,0
ENERGY,12,2,1.72992412972222e-14,1.81388962481091e-14,8.39654950887409e-16
ENERGY,12,1,1.14413464244898e-14,1.23063081619974e-14,8.64961737506599e-16
ENERGY,12,0,1.38044754744115e-14,1.46695674944244e-14,8.65092020014017e-16
HPRE,13,0.67197923040155,0.628000521331564
BIASED,13,0.650548873826825,0.645261318892973,0.687381740334341,0.608427970139178
HCAP,13,0.658683709492864,0.619228681850809
CORECAP,13,1.19999464717434,1.36846716954041e-05,1.19999861544825,6.66985371149103e-06
......9.....HADC,13,0.668411265530578,0.626774060274717
DEADLINE,13,1.19967104335882,8.93234105140492e-05
RESULT,13,0.65,0.044,1,0,1.19e-09
RESET,13,1.36897122018358e-07,6.8536339382829e-06,6.46882381529724e-06,1.36565732817609e-07,1.19999998411495,3.09373093138678e-07
ENERGY,13,8,0,0,0
ENERGY,13,7,2.86458977453087e-16,9.18058131032567e-16,6.31599153579485e-16
ENERGY,13,6,1.1343729874184e-15,2.86583120280611e-15,1.73145821538794e-15
ENERGY,13,5,-1.11029486061133e-17,1.17856324962987e-16,1.28959273569046e-16
ENERGY,13,4,4.80759039378208e-16,4.8096897012462e-16,2.09930746391859e-19
ENERGY,13,3,5.10525086866614e-15,5.10525086866614e-15,0
ENERGY,13,2,2.11920126310968e-15,2.87534506828037e-15,7.56143805170934e-16
ENERGY,13,1,1.12819617920721e-14,1.21469343685957e-14,8.64972576525714e-16
ENERGY,13,0,1.25989142208481e-14,1.34638669371404e-14,8.64952716295759e-16
HPRE,14,0.699938470654241,0.699870662555107
BIASED,14,0.677254977259131,0.713899122715427,0.714087508886222,0.677066627701673
HCAP,14,0.686137504181361,0.685948828255441
CORECAP,14,4.61150768004585e-06,1.19999859916415,1.19999872245963,4.61143469172891e-06
HADC,14,0.694734388779814,0.694548542622656
DEADLINE,14,-0.00173119850308878,1.19761572054594
......9......RESULT,14,0.7,0,-1,1.19e-09,5.72999999999995e-10
RESET,14,1.36406983103324e-07,9.97006235875214e-06,9.22388855217885e-06,1.36393642892396e-07,1.19998363623363,6.77502300457741e-06
ENERGY,14,8,0,0,0
ENERGY,14,7,3.41853491119788e-16,1.05970102756328e-15,7.1784753644355e-16
ENERGY,14,6,1.16947784543592e-15,2.87047675423605e-15,1.70099890880011e-15
ENERGY,14,5,2.97901244332017e-15,2.97973969018113e-15,7.27246860899226e-19
ENERGY,14,4,1.49552228016101e-15,1.49586443981119e-15,3.42159650244246e-19
ENERGY,14,3,4.67140726912798e-15,4.67140726912798e-15,0
ENERGY,14,2,1.72785346305592e-14,1.80876674143625e-14,8.09132783800481e-16
ENERGY,14,1,1.18906749040038e-14,1.28080612471034e-14,9.17386343099295e-16
ENERGY,14,0,1.20323706476057e-14,1.29493415397064e-14,9.16970892102685e-16
HPRE,15,0.678016874364627,0.721942846577128
BIASED,15,0.656405584949421,0.7352123823715,0.693238363658763,0.698380042253206
HCAP,15,0.666579235652102,0.705796107164491
CORECAP,15,3.23237549026868e-06,1.20007633094856,5.42725216072257e-05,1.19999705999686
HADC,15,0.674127363272503,0.715619584140695
DEADLINE,15,1.19967009665307,8.86730250601137e-05
RESULT,15,0.7,-0.044,1,0,1.19e-09
......9......8RESET,15,1.36264679839814e-07,-3.49302594206987e-07,-1.94294600134765e-07,1.36430958443103e-07,1.20000014059392,3.97532718531947e-07
ENERGY,15,8,0,0,0
ENERGY,15,7,2.86395810804206e-16,9.18037504429e-16,6.31641693624523e-16
ENERGY,15,6,1.17272895157513e-15,2.86404753059595e-15,1.69131857902079e-15
ENERGY,15,5,1.44167043722314e-15,1.44270248423766e-15,1.03204701437167e-18
ENERGY,15,4,-4.05074293437713e-16,3.73987969433813e-16,7.79062262871447e-16
ENERGY,15,3,4.6639462289776e-15,4.6639462289776e-15,0
ENERGY,15,2,2.35995210945887e-15,3.09659877033537e-15,7.36646660879362e-16
ENERGY,15,1,1.27376778786263e-14,1.36081590325682e-14,8.70481153941221e-16
ENERGY,15,0,1.11218989291783e-14,1.1993822340351e-14,8.71923411173241e-16
HPRE,16,0.681977241072223,0.717981718337386
BIASED,16,0.660129638227841,0.731484244085916,0.696962389528701,0.694651902025536
HCAP,16,0.668893140937333,0.703451723069422
CORECAP,16,3.34635564048579e-06,1.19999870767609,1.19999782670114,7.28598555655014e-06
HADC,16,0.677837941389625,0.71190578120381
DEADLINE,16,-0.00176707763673159,1.19760797503444
RESULT,16,0.7,-0.036,-1,1.19e-09,6.28499999999998e-10
......9......8.RESET,16,1.36278676638712e-07,9.97757114882574e-06,9.22966914184028e-06,1.36474838799838e-07,1.19998363628952,6.77719752596635e-06
ENERGY,16,8,0,0,0
ENERGY,16,7,3.41852147529501e-16,1.06009307563868e-15,7.18240928108861e-16
ENERGY,16,6,1.17311884674923e-15,2.864427289025e-15,1.69130844227576e-15
ENERGY,16,5,4.61226610793804e-16,6.06827758149192e-16,1.45601147355213e-16
ENERGY,16,4,5.39349805103195e-16,5.39763082444305e-16,4.13277341017058e-19
ENERGY,16,3,4.66399060424531e-15,4.66399060424531e-15,0
ENERGY,16,2,1.71322243835081e-14,1.81171169412237e-14,9.84892557714858e-16
ENERGY,16,1,1.39347634783357e-14,1.48052617006144e-14,8.70498222277953e-16
ENERGY,16,0,1.16849341433328e-14,1.25554302582414e-14,8.70496114908322e-16
HPRE,17,0.717922659978956,0.682036453068154
BIASED,17,0.694490054069525,0.69712687197947,0.731322400822672,0.660294144774432
HCAP,17,0.703296475114205,0.669063230672113
CORECAP,17,7.25916388087771e-06,1.19999634102589,1.20000051123824,3.40621543717811e-06
HADC,17,0.711745694858125,0.678000221099397
DEADLINE,17,-0.00176714824083245,1.1976082931365
RESULT,17,0.7,0.036,-1,1.18999999999999e-09,6.21249999999996e-10
......9......8..RESET,17,1.36484015007071e-07,9.96370614744328e-06,9.21653496027196e-06,1.36263270773848e-07,1.19998363628663,6.77720047286196e-06
ENERGY,17,8,0,0,0
ENERGY,17,7,3.41854264885124e-16,1.05835452361565e-15,7.16500258730394e-16
ENERGY,17,6,1.17290293365994e-15,2.86431423199074e-15,1.69141129833083e-15
ENERGY,17,5,-9.00618783171455e-16,3.93401333501138e-16,1.29402011667255e-15
ENERGY,17,4,1.91203542187085e-15,1.91274673561285e-15,7.11313742097118e-19
ENERGY,17,3,4.66396924011021e-15,4.66396924011021e-15,0
ENERGY,17,2,1.73016539724276e-14,1.81393739071286e-14,8.37719934701376e-16
ENERGY,17,1,1.14833704750358e-14,1.23538380605706e-14,8.7046758553546e-16
ENERGY,17,0,1.39106282541676e-14,1.47812610815078e-14,8.70632827341657e-16
HPRE,18,0.721969265108755,0.677990079194874
BIASED,18,0.698452295827721,0.69316371138681,0.735284614876809,0.656330923744667
HCAP,18,0.705868372193236,0.666504665328862
CORECAP,18,1.19999703065151,7.07648463884497e-06,1.19999888798428,3.23395721765462e-06
HADC,18,0.715690337123265,0.674053169981887
DEADLINE,18,1.19967089906027,8.92934297503149e-05
RESULT,18,0.7,0.044,1,0,1.19e-09
RESET,18,1.36569065835989e-07,6.24458927551577e-06,6.4645128748267e-06,1.36314133833943e-07,1.20000014067049,3.97552979969871e-07
ENERGY,18,8,0,0,0
ENERGY,18,7,2.86435952577696e-16,9.1805890568285e-16,6.3162295310506e-16
ENERGY,18,6,1.17274536868715e-15,2.86408645283914e-15,1.69134108415191e-15
ENERGY,18,5,2.37043045900477e-16,3.75540239893921e-16,1.38497193993417e-16
ENERGY,18,4,7.81903022882327e-16,7.82593319066346e-16,6.90296183832875e-19
ENERGY,18,3,4.66395674379972e-15,4.66395674379972e-15,0
ENERGY,18,2,2.1193040043465e-15,2.88211661397025e-15,7.62812609623462e-16
ENERGY,18,1,1.132120145837e-14,1.21916629559397e-14,8.70461497566748e-16
ENERGY,18,0,1.2723572918329e-14,1.35940626468669e-14,8.70489728535845e-16
HPRE,19,0.749929791263218,0.749864700533705
......9......8...BIASED,19,0.725164491987915,0.761820162486241,0.761996656982114,0.724987997976032
HCAP,19,0.733546987195386,0.733370295999563
CORECAP,19,1.68685517222859e-06,1.20000426756204,1.20000023687276,1.75006532989656e-06
HADC,19,0.742015483232917,0.74184140227734
DEADLINE,19,-0.00173700422145041,1.19761155767508
RESULT,19,0.75,0,-1,1.19e-09,5.73499999999995e-10
RESET,19,1.36199562929789e-07,9.9682233321444e-06,9.22133566144981e-06,1.36191667315258e-07,1.19998363629061,6.77718109274202e-06
ENERGY,19,8,0,0,0
ENERGY,19,7,3.42138774678988e-16,1.05995956992973e-15,7.1782079525089e-16
ENERGY,19,6,1.20297484649297e-15,2.86547433723091e-15,1.66249949073763e-15
ENERGY,19,5,3.47474679583671e-15,3.47586816405668e-15,1.12136821972401e-18
ENERGY,19,4,1.87861303406861e-15,1.87925593191404e-15,6.42897845500386e-19
ENERGY,19,3,4.22978722800447e-15,4.22978722800447e-15,0
ENERGY,19,2,1.72741447987449e-14,1.80872060126739e-14,8.13061213932356e-16
ENERGY,19,1,1.19403510327675e-14,1.28616688239854e-14,9.2131779121823e-16
ENERGY,19,0,1.20819682293263e-14,1.30028178052834e-14,9.20849575955759e-16
HPRE,20,0.728005299769407,0.771933973034424
BIASED,20,0.70430184050618,0.783118247725118,0.741134111338234,0.746286164967821
......9......8....HCAP,20,0.714076047229351,0.753177025642916
CORECAP,20,1.17856817490666e-06,1.20007741909334,5.04339617304146e-05,1.19999866095022
HADC,20,0.721393738412388,0.762896566816104
DEADLINE,20,1.1996699019586,8.86363697705228e-05
RESULT,20,0.75,-0.044,1,0,1.19e-09
RESET,20,1.36160241659567e-07,-3.47875708284948e-07,-1.93881256924591e-07,-2.68133677679506e-07,1.20000014059358,3.97532653254133e-07
ENERGY,20,8,0,0,0
ENERGY,20,7,2.86687844934469e-16,9.1833079174651e-16,6.31642946811961e-16
ENERGY,20,6,1.20729768401887e-15,2.85998113770327e-15,1.6526834536848e-15
ENERGY,20,5,1.82655634338533e-15,1.82754458048828e-15,9.88237102766689e-19
ENERGY,20,4,-1.664655124738e-16,6.67880837401917e-16,8.34346349875892e-16
ENERGY,20,3,4.22239258342112e-15,4.22239258342112e-15,0
ENERGY,20,2,2.35603973865764e-15,3.10228319487475e-15,7.46243456214791e-16
ENERGY,20,1,1.28369555513426e-14,1.37128725577861e-14,8.75917006442177e-16
ENERGY,20,0,1.11572308905856e-14,1.20376662439941e-14,8.8043535340722e-16
HPRE,21,0.731967278377079,0.767971269858681
BIASED,21,0.708032687526332,0.779383671424777,0.744864936108508,0.742551596007123
HCAP,21,0.716346413923872,0.750888609515471
CORECAP,21,1.14736220923023e-06,1.19999861427846,1.20000265143318,2.82356414996763e-06
HADC,21,0.725110743497745,0.759175865035093
DEADLINE,21,-0.0017373851077844,1.19761142701425
......9......8.....RESULT,21,0.75,-0.036,-1,1.19e-09,6.28499999999998e-10
RESET,21,1.36145457840654e-07,9.97349823677469e-06,9.22640527887619e-06,1.36255582344175e-07,1.19998363629222,6.77717511224598e-06
ENERGY,21,8,0,0,0
ENERGY,21,7,3.42138875069863e-16,1.06031753946538e-15,7.18178664395724e-16
ENERGY,21,6,1.20759724589726e-15,2.86020620848133e-15,1.65260896258422e-15
ENERGY,21,5,7.74658346513459e-16,9.30429575626451e-16,1.55771229112955e-16
ENERGY,21,4,8.48939849467483e-16,8.49546694881779e-16,6.06845414052184e-19
ENERGY,21,3,4.22241887727822e-15,4.22241887727822e-15,0
ENERGY,21,2,1.71285228597289e-14,1.81166120906046e-14,9.88089230878781e-16
ENERGY,21,1,1.40123134625496e-14,1.48882243818342e-14,8.75910919282767e-16
ENERGY,21,0,1.17219945450701e-14,1.25979077065205e-14,8.7591316145055e-16
HPRE,22,0.767914680832988,0.732024037919404
BIASED,22,0.742400041523387,0.745018888195704,0.779232115455259,0.708186611070101
HCAP,22,0.75074080103381,0.71650347754893
CORECAP,22,2.8521635102081e-06,1.19999824924407,1.20000138423513,1.24257465522846e-06
HADC,22,0.759026018914967,0.725262781149551
DEADLINE,22,-0.00173738492589947,1.19761144140857
RESULT,22,0.75,0.036,-1,1.19e-09,6.21249999999996e-10
......9......8......RESET,22,1.36263900105919e-07,9.96285228636038e-06,9.21575289521955e-06,1.36135793021562e-07,1.19998363628922,6.77717998706843e-06
ENERGY,22,8,0,0,0
ENERGY,22,7,3.42139481852049e-16,1.05857634378328e-15,7.16436861931381e-16
ENERGY,22,6,1.20646606901801e-15,2.86281349913012e-15,1.65634743011164e-15
ENERGY,22,5,-6.96815484716967e-16,6.91071914099305e-16,1.38788739881597e-15
ENERGY,22,4,2.33156919855143e-15,2.333121673423e-15,1.55247487124818e-18
ENERGY,22,3,4.22240305465742e-15,4.22240305465742e-15,0
ENERGY,22,2,1.72994910946655e-14,1.81396704417764e-14,8.40179347109374e-16
ENERGY,22,1,1.15205771722937e-14,1.23964331555348e-14,8.75855983243228e-16
ENERGY,22,0,1.3992897744896e-14,1.48689543451852e-14,8.76056600290268e-16
HPRE,23,0.771959291517066,0.727979619034641
BIASED,23,0.746353834558978,0.741064223803796,0.783185883101512,0.704231963203998
HCAP,23,0.75324453543562,0.714006053894961
CORECAP,23,1.19999866394623,2.8341718287477e-06,1.19999951028941,1.18459081572308e-06
HADC,23,0.762962807799562,0.721324286297436
DEADLINE,23,1.19967077960316,8.92642121982892e-05
RESULT,23,0.75,0.044,1,0,1.19e-09
......9......8......7RESET,23,1.36275390980317e-07,6.24257864189772e-06,6.46181262072574e-06,1.3367855589054e-07,1.20000014066992,3.97552938187605e-07
ENERGY,23,8,0,0,0
ENERGY,23,7,2.86728905194291e-16,9.18365510200762e-16,6.31636605006627e-16
ENERGY,23,6,1.20247161730555e-15,2.85885645526372e-15,1.65638483795803e-15
ENERGY,23,5,5.21489114442099e-16,6.70014373305486e-16,1.48525258863308e-16
ENERGY,23,4,1.12092939810868e-15,1.12163229779338e-15,7.0289968429911e-19
ENERGY,23,3,4.22240215067775e-15,4.22240215067775e-15,0
ENERGY,23,2,2.11528037788733e-15,2.88877604875061e-15,7.734956708594e-16
ENERGY,23,1,1.13577897829401e-14,1.2233692880628e-14,8.75903097685429e-16
ENERGY,23,0,1.28254530489666e-14,1.37013867939e-14,8.75933744933913e-16
HPRE,24,0.799920944965695,0.799858634873125
BIASED,24,0.773071522096608,0.80973827856939,0.809903614147727,0.772906174407722
HCAP,24,0.781228007987942,0.781062631262994
CORECAP,24,1.00440371442454e-06,1.20000264845751,1.1999998344284,9.31163834400561e-07
HADC,24,0.78928722915507,0.789124185436838
DEADLINE,24,-0.00177454223990741,1.19760550028649
RESULT,24,0.8,0,-1,1.18999999999999e-09,5.72499999999987e-10
......9......8......7.RESET,24,1.36114891136108e-07,9.96113227828592e-06,9.22297194778445e-06,1.36097812725032e-07,1.19998363629619,6.77716138309825e-06
ENERGY,24,8,0,0,0
ENERGY,24,7,3.42138874098276e-16,1.05993957279173e-15,7.17800698693669e-16
ENERGY,24,6,1.21789944299177e-15,2.85717217005827e-15,1.63927272706656e-15
ENERGY,24,5,4.00842571094575e-15,4.00929137417137e-15,8.65663225119311e-19
ENERGY,24,4,2.29942021434663e-15,2.29978323461618e-15,3.63020269319597e-19
ENERGY,24,3,3.78784587767683e-15,3.78784587767683e-15,0
ENERGY,24,2,1.72738098377525e-14,1.80869872180712e-14,8.13177380319906e-16
ENERGY,24,1,1.19665781096833e-14,1.28916526903188e-14,9.25074580631867e-16
ENERGY,24,0,1.21076782267755e-14,1.30323302701944e-14,9.24652043421608e-16
HPRE,25,0.777993878007258,0.821924846421636
BIASED,25,0.752197155538765,0.83102223043624,0.78902920542687,0.794189971765814
HCAP,25,0.761866374914186,0.800785845405232
CORECAP,25,9.03823007131921e-07,1.20008051378228,4.91590669587981e-05,1.19999914439005
HADC,25,0.768651547407432,0.810166057022265
DEADLINE,25,1.1996698289278,8.86228929525931e-05
RESULT,25,0.8,-0.044,1,0,1.19e-09
RESET,25,1.36094512807857e-07,-3.47382798213288e-07,1.25890514863543e-07,1.35980575150288e-07,1.2000001405936,3.97532668649753e-07
ENERGY,25,8,0,0,0
ENERGY,25,7,2.86687735476119e-16,9.18336380459518e-16,6.31648644983391e-16
ENERGY,25,6,1.2185219489577e-15,2.85233284821027e-15,1.63381089925259e-15
ENERGY,25,5,2.24805962324497e-15,2.24878245444855e-15,7.22831203188819e-19
ENERGY,25,4,1.10090221739005e-16,9.98698352208421e-16,8.88608130469138e-16
ENERGY,25,3,3.78052755815004e-15,3.78052755815004e-15,0
ENERGY,25,2,2.35606756763372e-15,3.10650741222473e-15,7.50439844589413e-16
ENERGY,25,1,1.2898263714246e-14,1.37793729769238e-14,8.81109262677007e-16
ENERGY,25,0,1.11776727949123e-14,1.20660461972493e-14,8.88373402337748e-16
HPRE,26,0.781957297480337,0.817960872663149
......9......8......7..BIASED,26,0.755933911532152,0.827282638732127,0.792765962749915,0.790450416917003
HCAP,26,0.764060361045777,0.798582415293042
CORECAP,26,8.33433562475831e-07,1.20000489060731,1.1999987731521,1.67320807351185e-06
HADC,26,0.772375452386084,0.806439025187868
DEADLINE,26,-0.00177471927204057,1.19760538878204
RESULT,26,0.8,-0.036,-1,1.18999999999999e-09,6.26499999999996e-10
RESET,26,1.36086767144197e-07,9.9703329237218e-06,9.22288429010891e-06,1.36125656557734e-07,1.19998363629481,6.77715480609197e-06
ENERGY,26,8,0,0,0
ENERGY,26,7,3.41971363799798e-16,1.06011287656935e-15,7.18141512769616e-16
ENERGY,26,6,1.2187488619957e-15,2.85247423882249e-15,1.63372537682678e-15
ENERGY,26,5,1.12773824838176e-15,1.2919690378273e-15,1.64230789445648e-16
ENERGY,26,4,1.19396460517063e-15,1.1953054058704e-15,1.34080069893549e-18
ENERGY,26,3,3.78053841896759e-15,3.78053841896759e-15,0
ENERGY,26,2,1.71309360605602e-14,1.8116577508438e-14,9.85641447876426e-16
ENERGY,26,1,1.40585067895797e-14,1.49395624353551e-14,8.81055645767183e-16
ENERGY,26,0,1.1743186928924e-14,1.26242285099803e-14,8.81041581059541e-16
HPRE,27,0.817906362187026,0.782011950183966
BIASED,27,0.79030708040285,0.792911119723492,0.827139306147613,0.756079066004004
......9......8......7...HCAP,27,0.798440784219416,0.764206924047248
CORECAP,27,1.6559625185074e-06,1.19999941387453,1.19999921126696,7.5174583902638e-07
HADC,27,0.806297167334319,0.772518853914474
DEADLINE,27,-0.00177470999210793,1.19760547227174
RESULT,27,0.8,0.036,-1,1.18999999999999e-09,6.19499999999988e-10
RESET,27,1.36140362785066e-07,9.95806148544865e-06,9.21992191557318e-06,1.36075388036222e-07,1.19998363629626,6.77715834185844e-06
ENERGY,27,8,0,0,0
ENERGY,27,7,3.41972691639889e-16,1.05835279006045e-15,7.16380098420638e-16
ENERGY,27,6,1.21866613975992e-15,2.85241678998132e-15,1.63375065022139e-15
ENERGY,27,5,-4.53363156090416e-16,1.02455606680973e-15,1.4779192229008e-15
ENERGY,27,4,2.78627392626257e-15,2.78746792777749e-15,1.19400151459045e-18
ENERGY,27,3,3.78053021282937e-15,3.78053021282937e-15,0
ENERGY,27,2,1.73022840017109e-14,1.81396732304074e-14,8.37389228698216e-16
ENERGY,27,1,1.15413462768766e-14,1.24223570768735e-14,8.81010799989924e-16
ENERGY,27,0,1.4044196440725e-14,1.49253177413515e-14,8.81121300631349e-16
HPRE,28,0.821949265083926,0.777969178595811
BIASED,28,0.794254066596548,0.788963461148268,0.83108632286942,0.752131413176265
HCAP,28,0.800849699571995,0.761800436083649
CORECAP,28,1.19999914476682,1.53643764954865e-06,1.20000369187835,7.66396156335365e-07
......9......8......7....HADC,28,0.810228810936697,0.768586170604529
DEADLINE,28,1.19967074537289,8.92755341115277e-05
RESULT,28,0.8,0.044,1,0,1.18999999999999e-09
RESET,28,1.36031051585271e-07,6.24140623771029e-06,6.46046933586147e-06,1.33493581428697e-07,1.20000014066996,3.97552978136981e-07
ENERGY,28,8,0,0,0
ENERGY,28,7,2.86728895935527e-16,9.18365888045417e-16,6.31636992109521e-16
ENERGY,28,6,1.2185543146921e-15,2.85233343456814e-15,1.6337791198761e-15
ENERGY,28,5,8.44180001908047e-16,1.00141854463507e-15,1.57238542726694e-16
ENERGY,28,4,1.49629071493043e-15,1.49671720621317e-15,4.2649128312065e-19
ENERGY,28,3,3.78053453642408e-15,3.78053453642408e-15,0
ENERGY,28,2,2.11545649398794e-15,2.8935314653024e-15,7.78074971313373e-16
ENERGY,28,1,1.13771079661462e-14,1.22593520200541e-14,8.82244053907764e-16
ENERGY,28,0,1.28865577929781e-14,1.37676787424486e-14,8.81120949475569e-16
HPRE,29,0.84991172026012,0.849851749431667
BIASED,29,0.820975861042152,0.857651666394619,0.857808405951313,0.820819124954036
HCAP,29,0.829099985825493,0.828943252633083
CORECAP,29,1.11512974319231e-06,1.20000408621739,1.19999930336247,1.09186964958333e-06
HADC,29,0.836551461392166,0.836396935279699
DEADLINE,29,-0.00177463289027818,1.19760542906238
RESULT,29,0.85,0,-1,1.18999999999999e-09,5.69999999999985e-10
......9......8......7.....RESET,29,1.4113614920476e-07,9.88527791442203e-06,9.2280634616938e-06,1.41137898931459e-07,1.19998363629991,6.77715542763594e-06
ENERGY,29,8,0,0,0
ENERGY,29,7,3.41972913033205e-16,1.05976760640844e-15,7.17794693375526e-16
ENERGY,29,6,1.22083242876119e-15,2.84861131927181e-15,1.62777889051055e-15
ENERGY,29,5,4.58101272742805e-15,4.58193896384072e-15,9.26236413139871e-19
ENERGY,29,4,2.75789961344438e-15,2.75829453315175e-15,3.94919707063498e-19
ENERGY,29,3,3.34569871935934e-15,3.34569871935934e-15,0
ENERGY,29,2,1.72749675449953e-14,1.80869808373775e-14,8.12013292382622e-16
ENERGY,29,1,1.1968638005779e-14,1.28974447118163e-14,9.28806706040702e-16
ENERGY,29,0,1.21093908067965e-14,1.30380855215511e-14,9.28694714758364e-16
HPRE,30,0.82798280986993,0.871915311207546
BIASED,30,0.800093058617374,0.878924805753189,0.836925369757996,0.842091997164956
HCAP,30,0.809858449138224,0.84854587073764
CORECAP,30,1.0165684860548e-06,1.20007708916131,4.9001966659876e-05,1.19999935308604
HADC,30,0.81590426803162,0.857430431697503
DEADLINE,30,1.19966984170541,8.86261091799444e-05
RESULT,30,0.85,-0.044,1,0,1.19e-09
......9......8......7......RESET,30,1.41051292597796e-07,1.30795487342989e-07,1.30462727015338e-07,1.41006996983552e-07,1.20000014059382,3.97532706215956e-07
ENERGY,30,8,0,0,0
ENERGY,30,7,2.86687781202739e-16,9.18337664871371e-16,6.3164988366889e-16
ENERGY,30,6,1.22114609447944e-15,2.8442704361881e-15,1.62312434170863e-15
ENERGY,30,5,2.70638276949947e-15,2.70714357327393e-15,7.60803774636609e-19
ENERGY,30,4,4.23465360455344e-16,1.3665055703e-15,9.4304020984538e-16
ENERGY,30,3,3.33844749240531e-15,3.33844749240531e-15,0
ENERGY,30,2,2.35614575210388e-15,3.10915849767681e-15,7.53012745573249e-16
ENERGY,30,1,1.29164260637252e-14,1.38023547314195e-14,8.8592866769183e-16
ENERGY,30,0,1.11760559331435e-14,1.20705300777757e-14,8.94474144639009e-16
HPRE,31,0.831947253897933,0.867950550484295
BIASED,31,0.803834005300553,0.875182195545864,0.840666354513213,0.838349431936264
HCAP,31,0.81194527129738,0.846453351825997
CORECAP,31,9.3691827694975e-07,1.19999917913163,1.20000188122993,1.79183794515605e-06
HADC,31,0.819634662794013,0.853697653251452
DEADLINE,31,-0.00177469929089037,1.1976054517892
RESULT,31,0.85,-0.036,-1,1.19e-09,6.22999999999992e-10
......9......8......7......6RESET,31,1.40966576765232e-07,9.89289415985148e-06,9.22630406870829e-06,1.41109331651862e-07,1.19998363629739,6.77715333834339e-06
ENERGY,31,8,0,0,0
ENERGY,31,7,3.41971967005749e-16,1.06008132737896e-15,7.18109360373177e-16
ENERGY,31,6,1.22127178866709e-15,2.84434073344609e-15,1.62306894477892e-15
ENERGY,31,5,1.51654366636705e-15,1.68945442828654e-15,1.72910761919613e-16
ENERGY,31,4,1.5768224404384e-15,1.57824177074475e-15,1.4193303049863e-18
ENERGY,31,3,3.33844803058603e-15,3.33844803058603e-15,0
ENERGY,31,2,1.71321202702565e-14,1.81168022579596e-14,9.84681987698158e-16
ENERGY,31,1,1.40705843762538e-14,1.49565079740534e-14,8.85923597801601e-16
ENERGY,31,0,1.17421016743681e-14,1.26283256548152e-14,8.86223980448538e-16
HPRE,32,0.86789740754945,0.832000484162335
BIASED,32,0.838211235056506,0.840805581517372,0.875043986894296,0.803973231028799
HCAP,32,0.846316249155158,0.812085293185855
CORECAP,32,1.77019021903512e-06,1.1999986200149,1.20000446227845,8.81524646955067e-07
HADC,32,0.853561018131841,0.819772280142992
DEADLINE,32,-0.00177472683716222,1.19760540805932
RESULT,32,0.85,0.036,-1,1.18999999999999e-09,6.16249999999991e-10
......9......8......7......6.RESET,32,1.41094544033344e-07,9.88987147248509e-06,9.22273381154385e-06,1.40968672082896e-07,1.1999836362963,6.77715413804157e-06
ENERGY,32,8,0,0,0
ENERGY,32,7,3.41973447705366e-16,1.05832710310031e-15,7.1635365539492e-16
ENERGY,32,6,1.22121927315176e-15,2.84427394555881e-15,1.62305467240721e-15
ENERGY,32,5,-1.73293632555398e-16,1.39493399908299e-15,1.56822763163924e-15
ENERGY,32,4,3.27785896496611e-15,3.27912034104769e-15,1.26137608075925e-18
ENERGY,32,3,3.33844387367393e-15,3.33844387367393e-15,0
ENERGY,32,2,1.73031231113197e-14,1.81395426620359e-14,8.3641955071707e-16
ENERGY,32,1,1.15399534046397e-14,1.2425846387829e-14,8.85892983188968e-16
ENERGY,32,0,1.40589794236974e-14,1.49449404905812e-14,8.85961066890121e-16
HPRE,33,0.87193916257076,0.827958797636766
BIASED,33,0.84215396836556,0.836862478185555,0.878986763847759,0.800030167837996
HCAP,33,0.848607589953506,0.809795348197453
CORECAP,33,1.19999908589444,1.66369599609828e-06,1.1999994815327,8.75432264270055e-07
HADC,33,0.857491100853278,0.815841717530973
DEADLINE,33,1.19967075276294,8.92776124330523e-05
RESULT,33,0.85,0.044,1,0,1.18999999999999e-09
RESET,33,1.41442927617774e-07,6.85073445757924e-06,6.46523065255376e-06,1.41138312193381e-07,1.20000014066998,3.97552971061108e-07
ENERGY,33,8,0,0,0
ENERGY,33,7,2.86728920995609e-16,9.18368600616183e-16,6.31639679620089e-16
ENERGY,33,6,1.21559433874253e-15,2.84426880724252e-15,1.62867446849978e-15
ENERGY,33,5,1.20487086994393e-15,1.37084926871675e-15,1.65978398773148e-16
ENERGY,33,4,1.90721632210687e-15,1.90869782440526e-15,1.48150229862383e-18
ENERGY,33,3,3.33845107292301e-15,3.33845107292301e-15,0
ENERGY,33,2,2.11556386596999e-15,2.89607037725326e-15,7.80506511285893e-16
ENERGY,33,1,1.13771971782134e-14,1.22652340940712e-14,8.88036915857915e-16
ENERGY,33,0,1.29066818931318e-14,1.37926198979255e-14,8.85938004795425e-16
HPRE,34,0.899902044095422,0.89984359733779
BIASED,34,0.86887836091131,0.905559907544026,0.905711491008639,0.868726780267765
......9......8......7......6..HCAP,34,0.877051835979085,0.876900307081154
CORECAP,34,1.1133380255118e-06,1.20000136665808,1.1999992443924,1.1074728613485e-06
HADC,34,0.883811542865911,0.883662121765485
DEADLINE,34,-0.00177390962303388,1.19760545829243
RESULT,34,0.9,0,-1,1.18999999999999e-09,5.66999999999981e-10
RESET,34,1.43799302338186e-07,9.88833831556706e-06,9.23124923975939e-06,1.43807392803062e-07,1.1999836362904,6.77722106017391e-06
ENERGY,34,8,0,0,0
ENERGY,34,7,3.42077307636729e-16,1.05986664210959e-15,7.17789334472928e-16
ENERGY,34,6,1.21168500476841e-15,2.83931776731504e-15,1.62763276254698e-15
ENERGY,34,5,5.19159332738035e-15,5.192284663239e-15,6.9133585863819e-19
ENERGY,34,4,3.25525525290639e-15,3.25558860758626e-15,3.33354679664821e-19
ENERGY,34,3,2.90348092869991e-15,2.90348092869991e-15,0
ENERGY,34,2,1.727699509506e-14,1.80870422502273e-14,8.10047155168384e-16
ENERGY,34,1,1.1956787002092e-14,1.28895369203434e-14,9.32749918254054e-16
ENERGY,34,0,1.20971716307885e-14,1.30301491752208e-14,9.32977544433871e-16
HPRE,35,0.877972152356653,0.921905394926833
BIASED,35,0.847990758732732,0.926826592653521,0.884823640561395,0.889993250431883
......9......8......7......6...HCAP,35,0.857936644573506,0.896371483898788
CORECAP,35,1.018626843788e-06,1.20007634512938,4.85491380481136e-05,1.19999911770731
HADC,35,0.863155891245306,0.904692568342884
DEADLINE,35,1.19966988242613,8.86345201864816e-05
RESULT,35,0.9,-0.044,1,0,1.19e-09
RESET,35,1.38649492041953e-07,1.28379644576593e-07,1.28082677473806e-07,1.38584926242955e-07,1.20000014059376,3.9753268466659e-07
ENERGY,35,8,0,0,0
ENERGY,35,7,2.86688034300191e-16,9.18338716409099e-16,6.31650682109041e-16
ENERGY,35,6,1.20612618462612e-15,2.82957806843564e-15,1.623451883809e-15
ENERGY,35,5,3.20413958149325e-15,3.20493751067218e-15,7.97929179374734e-19
ENERGY,35,4,7.75700959793371e-16,1.77324362101054e-15,9.97542661216822e-16
ENERGY,35,3,2.89626756112435e-15,2.89626756112435e-15,0
ENERGY,35,2,2.35623928570114e-15,3.11072816535731e-15,7.5448887965245e-16
ENERGY,35,1,1.29097955100938e-14,1.3800413020956e-14,8.90617510868253e-16
ENERGY,35,0,1.11638458344342e-14,1.20633250365019e-14,8.99479202064279e-16
HPRE,36,0.881937134711586,0.91794029403735
BIASED,36,0.851733948806379,0.923082710650247,0.888566883432826,0.886249403015122
HCAP,36,0.859900215403326,0.894403319554746
CORECAP,36,8.9550150861805e-07,1.19999886893601,1.20000176058578,1.81023313062041e-06
HADC,36,0.866891712729244,0.900955166688847
DEADLINE,36,-0.00177397098233793,1.19760546043347
......9......8......7......6....RESULT,36,0.9,-0.036,-1,1.19e-09,6.185e-10
RESET,36,1.40247365729709e-07,9.89206640026551e-06,9.22641405128235e-06,1.40322833704428e-07,1.19998363621276,6.774934700768e-06
ENERGY,36,8,0,0,0
ENERGY,36,7,3.43268642978513e-16,1.06017904925987e-15,7.16910406281684e-16
ENERGY,36,6,1.20621728134204e-15,2.82958289385992e-15,1.62336561251802e-15
ENERGY,36,5,1.94468648548988e-15,2.12612727377848e-15,1.81440788288571e-16
ENERGY,36,4,1.99868822454681e-15,2.00018518703726e-15,1.49696249095007e-18
ENERGY,36,3,2.89626040752472e-15,2.89626040752472e-15,0
ENERGY,36,2,1.71351821085958e-14,1.81167178740427e-14,9.81535765446252e-16
ENERGY,36,1,1.40619731532956e-14,1.49526052917341e-14,8.90632138447976e-16
ENERGY,36,0,1.17301673177757e-14,1.26212147609759e-14,8.91047443201277e-16
HPRE,37,0.917887794886294,0.88198966667693
BIASED,37,0.886113487844246,0.888703170109212,0.922946774404607,0.85187024408404
HCAP,37,0.894268262266992,0.860037146132483
CORECAP,37,1.7689227262389e-06,1.20000169618938,1.20000037359655,1.03620584139636e-06
HADC,37,0.900820782769346,0.867026472284372
DEADLINE,37,-0.00177399329325443,1.19760543658477
RESULT,37,0.9,0.036,-1,1.18999999999999e-09,6.11999999999993e-10
......9......8......7......6.....RESET,37,1.38508030022376e-07,9.88101768697741e-06,9.22435224224731e-06,1.3847104229005e-07,1.19998363621511,6.77493663815262e-06
ENERGY,37,8,0,0,0
ENERGY,37,7,3.43265592120479e-16,1.05840955354102e-15,7.15143961420504e-16
ENERGY,37,6,1.2061605645721e-15,2.82950686900483e-15,1.62334630443262e-15
ENERGY,37,5,1.45587021325218e-16,1.80395292205781e-15,1.65836590073304e-15
ENERGY,37,4,3.80895879941674e-15,3.81028664678897e-15,1.32784737214099e-18
ENERGY,37,3,2.89625958261509e-15,2.89625958261509e-15,0
ENERGY,37,2,1.73053959821202e-14,1.81389349783892e-14,8.3353899627175e-16
ENERGY,37,1,1.15277667373048e-14,1.24183596233923e-14,8.90592886083812e-16
ENERGY,37,0,1.40519429771477e-14,1.49428256996125e-14,8.90882722459973e-16
HPRE,38,0.921928995244701,0.877948492554823
BIASED,38,0.890054333116629,0.884762218268463,0.926887676228841,0.847929336622213
HCAP,38,0.896432330596902,0.857875054096458
CORECAP,38,1.19999909687155,1.71132131911912e-06,1.19999929941455,9.18285835857997e-07
HADC,38,0.904752365224067,0.863094792260065
DEADLINE,38,1.19967077303446,8.92662140297614e-05
RESULT,38,0.9,0.044,1,0,1.18999999999999e-09
......9......8......7......6......RESET,38,1.38602657656161e-07,6.84733702299052e-06,6.46273668084975e-06,1.38661012653826e-07,1.20000014066958,3.97552934426855e-07
ENERGY,38,8,0,0,0
ENERGY,38,7,2.8793973445739e-16,9.18380711574573e-16,6.3044097711694e-16
ENERGY,38,6,1.20615326028888e-15,2.82957126158442e-15,1.62341800129488e-15
ENERGY,38,5,1.6034482825705e-15,1.77807682095448e-15,1.74628538385919e-16
ENERGY,38,4,2.35861410500664e-15,2.36017251977089e-15,1.5584147643746e-18
ENERGY,38,3,2.89626889898206e-15,2.89626889898206e-15,0
ENERGY,38,2,2.11467790039956e-15,2.89611405281662e-15,7.81436152419568e-16
ENERGY,38,1,1.136349972358e-14,1.22566101689786e-14,8.93110445399209e-16
ENERGY,38,0,1.28984345911122e-14,1.37890990431232e-14,8.90664452017321e-16
HPRE,39,0.949892008052043,0.949834270032659
BIASED,39,0.916779925304817,0.953464086619271,0.953613476906682,0.916630535876592
HCAP,39,0.925030850388339,0.924881520150656
CORECAP,39,1.13848010926716e-06,1.19999966962657,1.19999967323792,1.09355688844746e-06
HADC,39,0.931069773137049,0.930922519890656
DEADLINE,39,-0.00173746819372887,1.19761155396349
RESULT,39,0.95,0,-1,1.18999999999999e-09,5.63999999999991e-10
......9......8......7......6......5RESET,39,1.31992299469295e-07,9.88092717598929e-06,9.21522782858743e-06,1.32000622811277e-07,1.19998363621199,6.77493904733534e-06
ENERGY,39,8,0,0,0
ENERGY,39,7,3.43271016257967e-16,1.05986793729604e-15,7.16596921037705e-16
ENERGY,39,6,1.20016629297753e-15,2.82383854199751e-15,1.62367224902008e-15
ENERGY,39,5,5.83664907051831e-15,5.83739556837913e-15,7.4649786162025e-19
ENERGY,39,4,3.78708102377667e-15,3.78745098730603e-15,3.69963526771149e-19
ENERGY,39,3,2.46125194241701e-15,2.46127634694508e-15,2.44045293455313e-20
ENERGY,39,2,1.72763439477722e-14,1.808670859785e-14,8.10364650078521e-16
ENERGY,39,1,1.1940708520055e-14,1.28776774880206e-14,9.36968967961042e-16
ENERGY,39,0,1.20809007432638e-14,1.3018271145186e-14,9.37370401921849e-16
HPRE,40,0.927961796458529,0.971895244680417
BIASED,40,0.895890460798147,0.974728075253286,0.932723855402462,0.937894404837024
HCAP,40,0.906043860376823,0.944222454087342
CORECAP,40,9.19657068741667e-07,1.20007525306767,4.79651417876291e-05,1.19999912086511
HADC,40,0.910408263198292,0.951954046977231
DEADLINE,40,1.19966992592227,8.86454953842874e-05
RESULT,40,0.95,-0.044,1,0,1.19e-09
RESET,40,1.31864130326954e-07,1.22411853160523e-07,1.21950329809295e-07,1.31924521554857e-07,1.20000014059376,3.97532714328508e-07
ENERGY,40,8,0,0,0
ENERGY,40,7,2.87898796879632e-16,9.18340076422124e-16,6.30441279542375e-16
ENERGY,40,6,1.2003859309806e-15,2.820281997764e-15,1.61989606678336e-15
ENERGY,40,5,3.73667118461419e-15,3.73750539304704e-15,8.34208435095293e-19
ENERGY,40,4,1.16305445869937e-15,2.21513214483031e-15,1.05207768613047e-15
ENERGY,40,3,2.45404769105279e-15,2.45404769105418e-15,9.32872316812567e-35
ENERGY,40,2,2.35540790001022e-15,3.11091478713591e-15,7.55506887117528e-16
ENERGY,40,1,1.28920034826336e-14,1.37871810625146e-14,8.95177579873525e-16
ENERGY,40,0,1.11447427980337e-14,1.20489769746964e-14,9.04234176657179e-16
HPRE,41,0.931926956065612,0.967930075492216
......9......8......7......6......5.BIASED,41,0.899634458819074,0.970983960636524,0.936467884375167,0.934150308235019
HCAP,41,0.907879552049039,0.942381946879785
CORECAP,41,1.02788322675898e-06,1.19999945146083,1.20000321916008,1.72743225385915e-06
HADC,41,0.914148497959743,0.948212748957717
DEADLINE,41,-0.00177338567911563,1.19760553382507
RESULT,41,0.95,-0.036,-1,1.19e-09,6.14249999999988e-10
RESET,41,1.31836986646175e-07,9.88256941713078e-06,9.21667162597258e-06,1.31961342478508e-07,1.19998363621214,6.7749383812422e-06
ENERGY,41,8,0,0,0
ENERGY,41,7,3.43262515463425e-16,1.0601535511796e-15,7.16891035716482e-16
ENERGY,41,6,1.20047554839841e-15,2.82019407442786e-15,1.61971852602945e-15
ENERGY,41,5,2.40756501174796e-15,2.59738493707693e-15,1.89819925329489e-16
ENERGY,41,4,2.45567718638955e-15,2.45725088156781e-15,1.57369517790063e-18
ENERGY,41,3,2.45403561242762e-15,2.4540641147928e-15,2.85023638780543e-20
ENERGY,41,2,1.71362836102339e-14,1.81169112545428e-14,9.80627644312608e-16
ENERGY,41,1,1.40447735278931e-14,1.49399614622495e-14,8.95187934370594e-16
ENERGY,41,0,1.17113470118395e-14,1.26070326767102e-14,8.95685664871795e-16
HPRE,42,0.967877744461168,0.931979288476807
BIASED,42,0.934014917176766,0.936603311934613,0.970848569544276,0.899769885600788
......9......8......7......6......5..HCAP,42,0.942247327487262,0.908015533670031
CORECAP,42,1.74191043472663e-06,1.20000053195619,1.19999919707275,9.3612893693855e-07
HADC,42,0.948078858149693,0.914282410585396
DEADLINE,42,-0.00173754580073359,1.19761152829582
RESULT,42,0.95,0.036,-1,1.18999999999999e-09,6.07499999999987e-10
RESET,42,1.31951426605023e-07,9.8735225959776e-06,9.21698759875429e-06,1.3184966032789e-07,1.19998363621448,6.77494039351109e-06
ENERGY,42,8,0,0,0
ENERGY,42,7,3.43265887916717e-16,1.05838948285589e-15,7.1512359493982e-16
ENERGY,42,6,1.20045695687934e-15,2.82016401148231e-15,1.61970705460328e-15
ENERGY,42,5,5.01006637187565e-16,2.24791679171239e-15,1.74691015452485e-15
ENERGY,42,4,4.37346388574332e-15,4.37485723653684e-15,1.39335079423462e-18
ENERGY,42,3,2.45403614375523e-15,2.45406454261385e-15,2.83988604447646e-20
ENERGY,42,2,1.73057006558163e-14,1.81387943884759e-14,8.3309373265714e-16
ENERGY,42,1,1.15088926755044e-14,1.24040703632056e-14,8.9517768770467e-16
ENERGY,42,0,1.40352622535428e-14,1.49307508554806e-14,8.95488601942667e-16
HPRE,43,0.971918791647187,0.927938245484197
BIASED,43,0.937955336056245,0.932662895851358,0.974789006546326,0.895829502315744
HCAP,43,0.94428317074196,0.905982759366798
CORECAP,43,1.19999913231171,1.66736164512719e-06,1.19999935100999,8.57618054786489e-07
......9......8......7......6......5...HADC,43,0.952013694615157,0.910347640906259
DEADLINE,43,1.19967079591513,8.92718047647919e-05
RESULT,43,0.95,0.044,1,0,1.18999999999999e-09
RESET,43,1.31930528327788e-07,6.84110550919664e-06,6.45538484340141e-06,1.31860718716497e-07,1.20000014066996,3.97553001247707e-07
ENERGY,43,8,0,0,0
ENERGY,43,7,2.87939308543406e-16,9.18378440223588e-16,6.30439131680382e-16
ENERGY,43,6,1.20041246161387e-15,2.82029223225896e-15,1.61987977064529e-15
ENERGY,43,5,2.03647684281082e-15,2.22022622250796e-15,1.83749379696414e-16
ENERGY,43,4,2.8454838946798e-15,2.84711833810637e-15,1.63444342959722e-18
ENERGY,43,3,2.45404780080521e-15,2.45404780080531e-15,1.20370621524202e-34
ENERGY,43,2,2.11467775644919e-15,2.89642862256073e-15,7.8175086611137e-16
ENERGY,43,1,1.13445600828087e-14,1.22423101954446e-14,8.97750112636484e-16
ENERGY,43,0,1.28802570943523e-14,1.37755394630735e-14,8.95282368723683e-16
HPRE,44,0.999881790218386,0.999824234139689
BIASED,44,0.964681250349182,1.00136603173178,1.00151503220748,0.964532254130267
HCAP,44,0.973018354075925,0.972869440342771
CORECAP,44,1.09989542197907e-06,1.20000367831027,1.19999979530428,1.04566621806411e-06
HADC,44,0.97832742452605,0.978180591292155
DEADLINE,44,-0.00173675358037479,1.19761175286658
RESULT,44,1,0,-1,1.18999999999999e-09,5.61499999999988e-10
......9......8......7......6......5....RESET,44,1.31734053773392e-07,9.88081659632882e-06,9.21510772123045e-06,1.31741863028059e-07,1.19998363621123,6.77494479429999e-06
ENERGY,44,8,0,0,0
ENERGY,44,7,3.41404546197793e-16,1.05797985600186e-15,7.16575309804049e-16
ENERGY,44,6,1.19378456101096e-15,2.81395132448693e-15,1.62016676347597e-15
ENERGY,44,5,6.51706464888437e-15,6.51976575997275e-15,2.70111108891009e-18
ENERGY,44,4,4.35520653243764e-15,4.35627518268883e-15,1.06865025251446e-18
ENERGY,44,3,2.01902384809384e-15,2.02072695362316e-15,1.7031055292214e-18
ENERGY,44,2,1.72767960014028e-14,1.80872601466744e-14,8.10464145260282e-16
ENERGY,44,1,1.19286556369483e-14,1.28700521962951e-14,9.41396559345739e-16
ENERGY,44,0,1.20687433521679e-14,1.30106425903481e-14,9.41899238178942e-16
HPRE,45,0.977951594239268,1.02188498914665
BIASED,45,0.943791539038063,1.02262953982463,0.980625238869882,0.985795716020257
HCAP,45,0.95416004666289,0.992082614934704
CORECAP,45,9.13181656933818e-07,1.20007448950151,4.75127690458737e-05,1.19999922841767
HADC,45,0.957661579866816,0.9992154620097
DEADLINE,45,1.19966995226677,8.86493044526119e-05
RESULT,45,1,-0.044,1,0,1.18999999999999e-09
......9......8......7......6......5.....RESET,45,1.32158482982928e-07,1.22124175110818e-07,1.2202620080141e-07,1.3183231232191e-07,1.20000014059376,3.97532685904358e-07
ENERGY,45,8,0,0,0
ENERGY,45,7,2.87898797037311e-16,9.1834725241848e-16,6.30448455381444e-16
ENERGY,45,6,1.19398845335309e-15,2.81088317304086e-15,1.61689471968768e-15
ENERGY,45,5,4.30513158354836e-15,4.30600127423335e-15,8.69690687324655e-19
ENERGY,45,4,1.58822468627642e-15,2.6938182316999e-15,1.10559354542131e-15
ENERGY,45,3,2.01181211808555e-15,2.01186541431944e-15,5.32962316115932e-20
ENERGY,45,2,2.35548906398692e-15,3.11206957502103e-15,7.56580511026636e-16
ENERGY,45,1,1.2884102056431e-14,1.37838105076545e-14,8.99708451222856e-16
ENERGY,45,0,1.1130297814862e-14,1.20391265770823e-14,9.08828762218329e-16
HPRE,46,0.98191674580347,1.01791987340672
BIASED,46,0.947535559506659,1.01888567519457,0.984369292525784,0.98205183837521
HCAP,46,0.955866954837411,0.990370050779482
CORECAP,46,1.02012634778052e-06,1.19999952269483,1.20000330418338,1.72356789987996e-06
HADC,46,0.961405511853337,0.995470596451582
DEADLINE,46,-0.00173681003703569,1.19761173015687
RESULT,46,1,-0.036,-1,1.19e-09,6.10499999999991e-10
......9......8......7......6......5......RESET,46,1.31990802752947e-07,9.88273455544994e-06,9.2170631325813e-06,1.31850895385138e-07,1.19998363621163,6.77494230786335e-06
ENERGY,46,8,0,0,0
ENERGY,46,7,3.41395299973399e-16,1.0582670011449e-15,7.16871701171623e-16
ENERGY,46,6,1.19408761308749e-15,2.81064364286341e-15,1.61655602977647e-15
ENERGY,46,5,2.90731736137194e-15,3.10536457193051e-15,1.98047210554984e-16
ENERGY,46,4,2.94955476403959e-15,2.95120429948411e-15,1.6495354436337e-18
ENERGY,46,3,2.01179683725414e-15,2.01351490397022e-15,1.71806671505457e-18
ENERGY,46,2,1.71381466786061e-14,1.81176123333664e-14,9.79465654754092e-16
ENERGY,46,1,1.40385445876918e-14,1.49382408860311e-14,8.99696298342997e-16
ENERGY,46,0,1.16972640698603e-14,1.25975575799178e-14,9.00293510053902e-16
HPRE,47,1.01786748582744,0.981969121705647
BIASED,47,0.981916133187222,0.984504853462251,1.01874995673839,0.947671132992003
HCAP,47,0.990235092595164,0.956003103934157
CORECAP,47,1.69741652537081e-06,1.19999936837477,1.20000088264936,1.01671832655183e-06
HADC,47,0.995336423598594,0.961539607224299
DEADLINE,47,-0.0017368351085434,1.19761172386494
RESULT,47,1,0.036,-1,1.18999999999999e-09,6.0374999999999e-10
RESET,47,1.31841137769083e-07,9.87322512205995e-06,9.21644430701582e-06,1.3214544936465e-07,1.19998363621373,6.77494596028851e-06
ENERGY,47,8,0,0,0
ENERGY,47,7,3.41399723280619e-16,1.05650951473803e-15,7.15109791457292e-16
ENERGY,47,6,1.19407026119078e-15,2.81069163909923e-15,1.61662137790821e-15
ENERGY,47,5,8.91791350465628e-16,2.7286649379753e-15,1.83687358751244e-15
ENERGY,47,4,4.97631095010828e-15,4.97776891709948e-15,1.45796699159315e-18
ENERGY,47,3,2.01179849702357e-15,2.01351624018427e-15,1.71774316209122e-18
ENERGY,47,2,1.73069612248244e-14,1.81393181425559e-14,8.3235691774156e-16
ENERGY,47,1,1.14948196362931e-14,1.23945806516423e-14,8.99761015345194e-16
ENERGY,47,0,1.40290811973464e-14,1.49291239566295e-14,9.00042759273453e-16
HPRE,48,1.02190856994963,0.977928032134026
......9......8......7......6......5......4BIASED,48,0.985856801649703,0.980564261140439,1.0226906159315,0.943730567473061
HCAP,48,0.992143477682731,0.954098904689073
CORECAP,48,1.19999982851041,1.63344044468627e-06,1.20000039697961,9.5405887833201e-07
HADC,48,0.999275270956669,0.957600924440735
DEADLINE,48,1.19967080721929,8.92726034830279e-05
RESULT,48,1,0.044,1,0,1.19e-09
RESET,48,1.31835367350097e-07,6.84100814737102e-06,6.45495744795592e-06,1.32155639946238e-07,1.20000014066999,3.97553012621855e-07
ENERGY,48,8,0,0,0
ENERGY,48,7,2.87938930553955e-16,9.18379384154857e-16,6.30440453600198e-16
ENERGY,48,6,1.19399247994963e-15,2.81088669558583e-15,1.61689421563667e-15
ENERGY,48,5,2.50733888870035e-15,2.69756477654819e-15,1.90225887847337e-16
ENERGY,48,4,3.3682334653922e-15,3.36850103384929e-15,2.67568459326989e-19
ENERGY,48,3,2.01181245181849e-15,2.01186566210072e-15,5.32102803403183e-20
ENERGY,48,2,2.11471629181721e-15,2.8968297652416e-15,7.82113473432249e-16
ENERGY,48,1,1.13301899924298e-14,1.22327302782976e-14,9.02540285860257e-16
ENERGY,48,0,1.28719294576483e-14,1.37717418609094e-14,8.99812403260132e-16
HPRE,49,1.04987149302219,1.0498138573697
BIASED,49,1.01258258159116,1.04926714577996,1.04941649204263,1.01243321538141
......9......8......7......6......5......4.HCAP,49,1.0210083469499,1.02085899095079
CORECAP,49,1.10062511189045e-06,1.19999981828163,1.19999925726627,9.58878687350947e-07
HADC,49,1.02558501300631,1.0254377801671
DEADLINE,49,-0.00177151029875574,1.19760599004451
RESULT,49,1.05,0,-1,1.19e-09,5.59500000000012e-10
RESET,49,1.30764312930203e-07,9.88010063709736e-06,9.21437380166408e-06,1.30772403016604e-07,1.19998363621144,6.7749440424229e-06
ENERGY,49,8,0,0,0
ENERGY,49,7,3.4124389875321e-16,1.05781376267635e-15,7.16569863923704e-16
ENERGY,49,6,1.1871791487962e-15,2.8039587337706e-15,1.6167795849739e-15
ENERGY,49,5,7.24501542318354e-15,7.24563356297469e-15,6.18139792352027e-19
ENERGY,49,4,4.96458695626027e-15,4.96499094657178e-15,4.03990308212529e-19
ENERGY,49,3,1.57679814940416e-15,1.58139046439314e-15,4.5923149914137e-18
ENERGY,49,2,1.72781521885646e-14,1.80871878943904e-14,8.09035705834004e-16
ENERGY,49,1,1.19327792479094e-14,1.28786280382795e-14,9.45848790384929e-16
ENERGY,49,0,1.2072920766928e-14,1.30192999112611e-14,9.46379144333683e-16
HPRE,50,1.02794145269172,1.07187469703012
BIASED,50,0.991693377602148,1.07053110549618,1.02852722172724,1.03369718876685
HCAP,50,1.00227875398995,1.03994560499476
CORECAP,50,9.55800558956458e-07,1.2000740388369,4.72395013961723e-05,1.19999935970177
......9......8......7......6......5......4..HADC,50,1.00491555494187,1.04647694409529
DEADLINE,50,1.19966996787913,8.86530749858979e-05
RESULT,50,1.05,-0.044,1,0,1.19e-09
RESET,50,1.26856990593034e-07,1.17478024871334e-07,1.17583160586891e-07,1.26248797281568e-07,1.20000014059376,3.97532691300656e-07
ENERGY,50,8,0,0,0
ENERGY,50,7,2.87898790987571e-16,9.18350401993601e-16,6.30451611006207e-16
ENERGY,50,6,1.18738843604814e-15,2.8016219568122e-15,1.61423352076468e-15
ENERGY,50,5,4.91140943300871e-15,4.91231384659864e-15,9.04413590373867e-19
ENERGY,50,4,2.04937402961811e-15,3.20926596291594e-15,1.1598919332988e-15
ENERGY,50,3,1.56957175939057e-15,1.57148421155081e-15,1.91245216134912e-18
ENERGY,50,2,2.35555312378696e-15,3.11374813873449e-15,7.58195014949285e-16
ENERGY,50,1,1.29040889303797e-14,1.380833382687e-14,9.04244896511453e-16
ENERGY,50,0,1.11275596133666e-14,1.2040949646547e-14,9.13390033185316e-16
HPRE,51,1.03190652418886,1.06790967544117
BIASED,51,0.995437107580019,1.06678759324108,1.03227105085447,1.0299535940402
HCAP,51,1.00385675854129,1.03836083114487
CORECAP,51,8.691266584091e-07,1.19999958002067,1.20000317734416,1.52403307285052e-06
HADC,51,1.00866286030963,1.04272876393857
DEADLINE,51,-0.0017363200899107,1.1976118912575
RESULT,51,1.05,-0.036,-1,1.19e-09,6.07749999999994e-10
......9......8......7......6......5......4...RESET,51,1.268093203791e-07,9.87970134615544e-06,9.21379016031746e-06,1.2628556363732e-07,1.19998363621193,6.77493942770738e-06
ENERGY,51,8,0,0,0
ENERGY,51,7,3.41235149394721e-16,1.05806557208279e-15,7.16830422687689e-16
ENERGY,51,6,1.18748289284853e-15,2.80122747376581e-15,1.61374458091694e-15
ENERGY,51,5,3.44314514094755e-15,3.64993094303133e-15,2.06785802084777e-16
ENERGY,51,4,3.48114755642507e-15,3.48287205844104e-15,1.72450201612212e-18
ENERGY,51,3,1.56955489365842e-15,1.57416730260457e-15,4.61240894423136e-18
ENERGY,51,2,1.71406376240751e-14,1.81174785600137e-14,9.76840935936574e-16
ENERGY,51,1,1.40607644274621e-14,1.49649884006727e-14,9.0422397321521e-16
ENERGY,51,0,1.16956897166724e-14,1.26004744091001e-14,9.04784692431575e-16
HPRE,52,1.06785714987586,1.03195903394292
BIASED,52,1.02981742571723,1.03240707985602,1.06665134370869,0.995573209971909
HCAP,52,1.03822528748907,1.00399341634296
CORECAP,52,1.67491277488079e-06,1.20000427916306,1.20000335173493,1.00124032562523e-06
HADC,52,1.04259401436553,1.00879750384843
DEADLINE,52,-0.0017715981237065,1.19760595967521
RESULT,52,1.05,0.036,-1,1.19e-09,6.0125e-10
......9......8......7......6......5......4....RESET,52,1.26265873282698e-07,9.87607342125191e-06,9.20865284882433e-06,1.26828289488993e-07,1.19998363621023,6.77494431389868e-06
ENERGY,52,8,0,0,0
ENERGY,52,7,3.41234726172729e-16,1.05628712466446e-15,7.15052398491455e-16
ENERGY,52,6,1.18746464182947e-15,2.80130333698153e-15,1.61383869515104e-15
ENERGY,52,5,1.31945094744565e-15,3.24623988890237e-15,1.92678894145843e-15
ENERGY,52,4,5.61609210539913e-15,5.6176138846368e-15,1.52177923992359e-18
ENERGY,52,3,1.56955722874945e-15,1.57416924028041e-15,4.61201153007786e-18
ENERGY,52,2,1.73095675923088e-14,1.81395390123998e-14,8.29971420091132e-16
ENERGY,52,1,1.14932579225653e-14,1.2397519533998e-14,9.04261611434865e-16
ENERGY,52,0,1.40506591643082e-14,1.49552563722334e-14,9.04597207923628e-16
HPRE,53,1.07189834325917,1.02791783221562
BIASED,53,1.03375855034042,1.02846601068648,1.07059245680152,0.991632165283311
HCAP,53,1.0400067734649,1.0022174063797
CORECAP,53,1.19999912799603,1.61474376504334e-06,1.20000036821824,1.01056359501505e-06
HADC,53,1.04653702614845,1.00485467809328
DEADLINE,53,1.19967081640433,8.92748932161951e-05
RESULT,53,1.05,0.044,1,0,1.19e-09
......9......8......7......6......5......4.....RESET,53,1.26253222135225e-07,6.83678007752134e-06,6.45055678504903e-06,1.26845489547793e-07,1.20000014067001,3.97553025948069e-07
ENERGY,53,8,0,0,0
ENERGY,53,7,2.87938941103623e-16,9.18385314612387e-16,6.30446373508449e-16
ENERGY,53,6,1.18739358174391e-15,2.801603261519e-15,1.61420967977473e-15
ENERGY,53,5,3.01486908006104e-15,3.21321122320081e-15,1.98342143139664e-16
ENERGY,53,4,3.92812934627793e-15,3.92844095103482e-15,3.11604756440681e-19
ENERGY,53,3,1.5695720476639e-15,1.57148500656463e-15,1.91295890004902e-18
ENERGY,53,2,2.11478830451889e-15,2.89810728249582e-15,7.83318977980487e-16
ENERGY,53,1,1.13274841850295e-14,1.22345922312295e-14,9.07108046195685e-16
ENERGY,53,0,1.28914395954762e-14,1.37957712899414e-14,9.04331694468773e-16
HPRE,54,1.09986118245606,1.09980339289145
BIASED,54,1.06048408677665,1.09716794387216,1.09731797921688,1.06033403136054
HCAP,54,1.06899883385762,1.06884885243642
CORECAP,54,1.11744511513774e-06,1.19999923247167,1.20000617141473,1.05199565760434e-06
HADC,54,1.07284275823539,1.07269488937737
DEADLINE,54,-0.0017713100171544,1.19760606860858
RESULT,54,1.1,0,-1,1.19e-09,5.58749999999992e-10
......9......8......7......6......5......4......RESET,54,1.2529862382103e-07,9.87711848385733e-06,9.20987697851517e-06,1.25303461131341e-07,1.19998363621046,6.77494420402427e-06
ENERGY,54,8,0,0,0
ENERGY,54,7,3.41207036415642e-16,1.05781349089463e-15,7.16606454478622e-16
ENERGY,54,6,1.18052686817989e-15,2.79454447488088e-15,1.6140176067024e-15
ENERGY,54,5,8.00160128394268e-15,8.00228140031089e-15,6.80116368384772e-19
ENERGY,54,4,5.6074613222564e-15,5.60791658928238e-15,4.55267027849862e-19
ENERGY,54,3,1.13457389930198e-15,1.14299118873582e-15,8.41728943280665e-18
ENERGY,54,2,1.72777497397645e-14,1.80869354221281e-14,8.09185682365851e-16
ENERGY,54,1,1.19648486746271e-14,1.29152969339049e-14,9.50448259285939e-16
ENERGY,54,0,1.21052223718433e-14,1.30562115327615e-14,9.50989160917203e-16
HPRE,55,1.07793132617165,1.12186440166194
BIASED,55,1.03959555157298,1.11843270717472,1.07642950793411,1.08159882063833
HCAP,55,1.0503977902104,1.08780912477255
CORECAP,55,1.00719954334025e-06,1.20007413721484,4.72925849529581e-05,1.19999913871109
HADC,55,1.05217006371601,1.09373848862467
DEADLINE,55,1.19966997043813,8.86545514013118e-05
RESULT,55,1.1,-0.044,1,0,1.19e-09
RESET,55,1.25622013103587e-07,1.16467407296089e-07,1.16393912313158e-07,1.25222331400161e-07,1.20000014059389,3.97532726961588e-07
ENERGY,55,8,0,0,0
ENERGY,55,7,2.87899001591117e-16,9.18355046842078e-16,6.3045604525151e-16
ENERGY,55,6,1.18076590508929e-15,2.79242974542821e-15,1.61166384033928e-15
ENERGY,55,5,5.55438897882788e-15,5.55532989437019e-15,9.40915538961016e-19
ENERGY,55,4,2.54726064311436e-15,3.76129557436234e-15,1.21403493124821e-15
ENERGY,55,3,1.12733216493177e-15,1.13234817696894e-15,5.01601203595842e-18
ENERGY,55,2,2.35560725983384e-15,3.11676433312033e-15,7.61157073279348e-16
ENERGY,55,1,1.29806260364517e-14,1.38894368409233e-14,9.0881080447356e-16
ENERGY,55,0,1.11427580263499e-14,1.20606371417879e-14,9.1787911545035e-16
HPRE,56,1.08189629686394,1.11789947860076
BIASED,56,1.0433388987307,1.11468960520966,1.08017281667731,1.07785568056402
......9......8......7......6......5......4......3HCAP,56,1.05184690939465,1.08635201283155
CORECAP,56,9.93183793626981e-07,1.20000485417754,1.20000318735807,1.72154582410291e-06
HADC,56,1.05592040586997,1.08998732113475
DEADLINE,56,-0.00177138506657759,1.1976060278707
RESULT,56,1.1,-0.036,-1,1.19e-09,6.07250000000007e-10
RESET,56,1.25576721419499e-07,9.87936836602485e-06,9.2129248399779e-06,1.2527521495728e-07,1.19998363621123,6.7749435844223e-06
ENERGY,56,8,0,0,0
ENERGY,56,7,3.41237512758509e-16,1.05798835350088e-15,7.16750840742981e-16
ENERGY,56,6,1.18087638622059e-15,2.79197349810911e-15,1.61109711188889e-15
ENERGY,56,5,4.01676850298546e-15,4.22933136063512e-15,2.12562857649645e-16
ENERGY,56,4,4.04843290512865e-15,4.04875366489091e-15,3.20759758064875e-19
ENERGY,56,3,1.12731356095613e-15,1.13575587452163e-15,8.44231356807543e-18
ENERGY,56,2,1.71406587371957e-14,1.81167915160796e-14,9.76132778870873e-16
ENERGY,56,1,1.41398662661118e-14,1.50486177165922e-14,9.08751450468945e-16
ENERGY,56,0,1.17131267212851e-14,1.26224297576983e-14,9.09303036410353e-16
HPRE,57,1.11784679941182,1.08194896134029
BIASED,57,1.07771881076298,1.08030954419834,1.1145527013923,1.04347567434757
......9......8......7......6......5......4......3.HCAP,57,1.08621575610197,1.05198420547608
CORECAP,57,1.69943974267075e-06,1.2000039274742,1.19999973620826,1.02094891389812e-06
HADC,57,1.08985185449161,1.05605569811794
DEADLINE,57,-0.00177139339509656,1.19760604061194
RESULT,57,1.1,0.036,-1,1.19e-09,6.00499999999979e-10
RESET,57,1.25261286423433e-07,9.86808400597978e-06,9.21080346725924e-06,1.25593423697157e-07,1.19998363621295,6.77495021211866e-06
ENERGY,57,8,0,0,0
ENERGY,57,7,3.41398376248369e-16,1.05638132899411e-15,7.14982952746414e-16
ENERGY,57,6,1.18085832136848e-15,2.79208932621229e-15,1.61123100484501e-15
ENERGY,57,5,1.78035237981702e-15,3.80022395251807e-15,2.01987157270215e-15
ENERGY,57,4,6.29619022015886e-15,6.29770839923412e-15,1.51817907326475e-18
ENERGY,57,3,1.12731670851207e-15,1.1357585739941e-15,8.44186548279739e-18
ENERGY,57,2,1.73100279141534e-14,1.81403011757402e-14,8.30273261593183e-16
ENERGY,57,1,1.15108064690587e-14,1.24195702741678e-14,9.08763805102013e-16
ENERGY,57,0,1.41279594636856e-14,1.50371550406324e-14,9.09195576942018e-16
HPRE,58,1.12188811668862,1.07790763579211
BIASED,58,1.08166034656664,1.07636798308093,1.11849435567225,1.03953399111794
HCAP,58,1.08787056806424,1.0503361631644
CORECAP,58,1.19999931732205,1.62520611113912e-06,1.19999948886336,8.49564712997291e-07
HADC,58,1.09379884268433,1.05210890908769
DEADLINE,58,1.19967081668994,8.92750929905601e-05
......9......8......7......6......5......4......3..RESULT,58,1.1,0.044,1,0,1.19e-09
RESET,58,1.25233604669562e-07,6.83473445650535e-06,6.44961899959732e-06,1.25617743164898e-07,1.20000014066969,3.97553020155148e-07
ENERGY,58,8,0,0,0
ENERGY,58,7,2.89877474037387e-16,9.20329791652988e-16,6.30452317615936e-16
ENERGY,58,6,1.18076986801513e-15,2.79242870839242e-15,1.61165884037886e-15
ENERGY,58,5,3.55914275094647e-15,3.7654470295676e-15,2.06304278620689e-16
ENERGY,58,4,4.52472375244454e-15,4.52508227923641e-15,3.58526789169014e-19
ENERGY,58,3,1.12733257230671e-15,1.13234983369314e-15,5.01726138402296e-18
ENERGY,58,2,2.11450947081185e-15,2.90119703385523e-15,7.86687563043955e-16
ENERGY,58,1,1.134264482107e-14,1.22540117812335e-14,9.11366960161312e-16
ENERGY,58,0,1.29677032747951e-14,1.38766386444127e-14,9.08935369616873e-16
HPRE,59,1.14985088012886,1.14979292079826
BIASED,59,1.10838567308769,1.14506883885628,1.14521954259853,1.10823497083145
HCAP,59,1.1169892429829,1.11683858354571
CORECAP,59,1.08473045652607e-06,1.19999924043063,1.20000615489007,1.10252577277985e-06
HADC,59,1.1201006978093,1.11995217017598
DEADLINE,59,-0.00177146723165772,1.19760601853691
RESULT,59,1.15,0,-1,1.19e-09,5.59250000000005e-10
......9......8......7......6......5......4......3...RESET,59,1.23088537594556e-07,9.86854224669748e-06,9.21160571814625e-06,1.23082795708562e-07,1.19998363621405,6.77494475265718e-06
ENERGY,59,8,0,0,0
ENERGY,59,7,3.41238604903931e-16,1.05773940247846e-15,7.16500797575005e-16
ENERGY,59,6,1.17394326302337e-15,2.78530876136121e-15,1.61136549833782e-15
ENERGY,59,5,8.79493078130487e-15,8.795675872891e-15,7.45091587506801e-19
ENERGY,59,4,6.28706669564405e-15,6.28757612423287e-15,5.09428582940546e-19
ENERGY,59,3,6.9235251164751e-16,7.0558428068743e-16,1.32317690372662e-17
ENERGY,59,2,1.72773357169428e-14,1.80863660788659e-14,8.09030361920778e-16
ENERGY,59,1,1.20316511884126e-14,1.29866553375677e-14,9.55004149148505e-16
ENERGY,59,0,1.21723629809165e-14,1.31278469933766e-14,9.55484012449969e-16
HPRE,60,1.12792119104162,1.17185412219799
BIASED,60,1.08749784060284,1.16633433490742,1.12433172736442,1.1295004918956
HCAP,60,1.09851629642477,1.13567239233763
CORECAP,60,9.33916444240354e-07,1.20007517601881,4.77723585717344e-05,1.19999912591958
HADC,60,1.09942499795796,1.14100002265897
DEADLINE,60,1.19966996081904,8.86544615787034e-05
RESULT,60,1.15,-0.044,1,0,1.19e-09
......9......8......7......6......5......4......3....RESET,60,1.23395234053342e-07,1.14406857967845e-07,1.14392751328628e-07,1.22937818533307e-07,1.20000014059368,3.97532711523474e-07
ENERGY,60,8,0,0,0
ENERGY,60,7,2.89837379894061e-16,9.20294856858779e-16,6.30457476964204e-16
ENERGY,60,6,1.17410814635911e-15,2.78336942040905e-15,1.6092612740497e-15
ENERGY,60,5,6.23417152756034e-15,6.23515690686876e-15,9.853793082945e-19
ENERGY,60,4,3.08197754604433e-15,4.34999860123329e-15,1.26802105518684e-15
ENERGY,60,3,6.85098548266414e-16,6.94249214208054e-16,9.15066594115887e-18
ENERGY,60,2,2.35517466382988e-15,3.12075691518551e-15,7.65582251363699e-16
ENERGY,60,1,1.31217233638873e-14,1.40350428132495e-14,9.13319449358214e-16
ENERGY,60,0,1.11795830187319e-14,1.21019654571604e-14,9.22382438424908e-16
HPRE,61,1.13188606615962,1.16788928289741
BIASED,61,1.09124068410389,1.16259159112393,1.12807469383182,1.12575773454567
HCAP,61,1.09983670029336,1.13434243925135
CORECAP,61,9.26074308771861e-07,1.20000271865719,1.20000414266634,1.77889609561357e-06
HADC,61,1.10317808786288,1.13724595814308
DEADLINE,61,-0.00173628262293052,1.19761191584349
RESULT,61,1.15,-0.036,-1,1.19e-09,6.08500000000015e-10
......9......8......7......6......5......4......3.....RESET,61,1.23343734584034e-07,9.87768617697706e-06,9.21151032015765e-06,1.22982834315339e-07,1.19998363621204,6.77493922262833e-06
ENERGY,61,8,0,0,0
ENERGY,61,7,3.41235061005839e-16,1.05787440887755e-15,7.16639347871896e-16
ENERGY,61,6,1.17423768085525e-15,2.78283087306129e-15,1.60859319220674e-15
ENERGY,61,5,4.62751110192578e-15,4.84775797292785e-15,2.20246871000076e-16
ENERGY,61,4,4.6522238734507e-15,4.65272203987616e-15,4.98166424759554e-19
ENERGY,61,3,6.85080249075975e-16,6.98342617028593e-16,1.32623679519841e-17
ENERGY,61,2,1.71396042086285e-14,1.81154717546383e-14,9.75867546022033e-16
ENERGY,61,1,1.42824137815651e-14,1.51957266442293e-14,9.13312862658694e-16
ENERGY,61,0,1.17539969460871e-14,1.26678467178165e-14,9.13849771730305e-16
HPRE,62,1.16783646960451,1.13193886853768
BIASED,62,1.1256203108335,1.12821200785472,1.16245413081492,1.09137808975493
HCAP,62,1.13420579323062,1.09997463479376
CORECAP,62,1.72554272852865e-06,1.200003724985,1.20000650945319,1.01992296321319e-06
HADC,62,1.13711004164787,1.10331397718015
DEADLINE,62,-0.00177155153608461,1.19760599089353
RESULT,62,1.15,0.036,-1,1.19e-09,6.01999999999994e-10
RESET,62,1.22961827921706e-07,9.87263750037725e-06,9.20471220845448e-06,1.23363519924338e-07,1.19998363620927,6.77494841585332e-06
ENERGY,62,8,0,0,0
ENERGY,62,7,3.41400690735815e-16,1.05628814939609e-15,7.14887458660493e-16
ENERGY,62,6,1.174218512448e-15,2.78298280765818e-15,1.60876429521128e-15
ENERGY,62,5,2.28140186677081e-15,4.39122780378159e-15,2.10982593700846e-15
ENERGY,62,4,7.00965038121988e-15,7.01123900813854e-15,1.58862691836807e-18
ENERGY,62,3,6.8508310032549e-16,6.98344972556956e-16,1.32618722316605e-17
ENERGY,62,2,1.73125999425227e-14,1.81418750504618e-14,8.29275107941307e-16
ENERGY,62,1,1.1551768489512e-14,1.24651668905146e-14,9.13398400995662e-16
ENERGY,62,0,1.42680521078994e-14,1.51817298722918e-14,9.13677764396839e-16
HPRE,63,1.17187788869098,1.1278974431792
......9......8......7......6......5......4......3......BIASED,63,1.12956235420922,1.12426999569559,1.16639615447644,1.0874361121973
HCAP,63,1.13573407076891,1.09845443095201
CORECAP,63,1.19999912973313,1.58885538131637e-06,1.2000001966437,1.00588844618649e-06
HADC,63,1.14106059566944,1.09936359947578
DEADLINE,63,1.19967081370149,8.92768020911915e-05
RESULT,63,1.15,0.044,1,0,1.19e-09
RESET,63,1.2294190779271e-07,6.83259799257367e-06,6.44743408176796e-06,1.23390462076527e-07,1.20000014066972,3.97553013396942e-07
ENERGY,63,8,0,0,0
ENERGY,63,7,2.89877473438035e-16,9.20331938279498e-16,6.30454464841274e-16
ENERGY,63,6,1.17411192297769e-15,2.78337868625282e-15,1.60926676327615e-15
ENERGY,63,5,4.14082325360139e-15,4.3549352252338e-15,2.14111971631651e-16
ENERGY,63,4,5.15752093585358e-15,5.15802774551739e-15,5.06809665575302e-19
ENERGY,63,3,6.85099198719212e-16,6.94251889723038e-16,9.15269100347092e-18
ENERGY,63,2,2.11493247718837e-15,2.90739232963723e-15,7.92459852439927e-16
ENERGY,63,1,1.13793384073778e-14,1.22952644674571e-14,9.15926060088064e-16
ENERGY,63,0,1.310890127204e-14,1.40223291455813e-14,9.13427873549807e-16
HPRE,64,1.15990151499591,1.15984341584786
BIASED,64,1.11811739908576,1.15480009952268,1.15495122673562,1.11796624640954
......9......8......7......6......5......4......3......2HCAP,64,1.12673892654485,1.12658780899572
CORECAP,64,1.07002468305958e-06,1.19999975399452,1.200006139043,1.1361449577302e-06
HADC,64,1.12970166364863,1.12955269866455
DEADLINE,64,-0.00173630806134968,1.19761192673057
RESULT,64,1.16,0,-1,1.19e-09,5.59500000000012e-10
RESET,64,1.2186672790175e-07,9.86764848830199e-06,9.21070739894076e-06,1.21859601188056e-07,1.19998363621458,6.77494067109524e-06
ENERGY,64,8,0,0,0
ENERGY,64,7,3.41239164519071e-16,1.05773151147796e-15,7.16492346958352e-16
ENERGY,64,6,1.17258696569405e-15,2.78342446584266e-15,1.610837500149e-15
ENERGY,64,5,6.66156054572195e-15,6.66210714058256e-15,5.46594862867774e-19
ENERGY,64,4,4.04422979967258e-15,4.74348456983262e-15,6.99254770160829e-16
ENERGY,64,3,5.9812797486659e-16,6.12560497727462e-16,1.44325228574263e-17
ENERGY,64,2,1.72772223631985e-14,1.80862304177263e-14,8.09008054518323e-16
ENERGY,64,1,1.20832265599249e-14,1.30051410816186e-14,9.2191452168868e-16
ENERGY,64,0,1.22240415541038e-14,1.31464814112806e-14,9.22439857187689e-16
HPRE,65,1.13791916183246,1.18185206938158
BIASED,65,1.09707835171952,1.17591459456487,1.13391217717231,1.13908083160663
HCAP,65,1.10813992000558,1.14524500682721
CORECAP,65,1.01948502616451e-06,1.20007508950399,4.79030513042683e-05,1.19999928330881
......9......8......7......6......5......4......3......2.HADC,65,1.10887603167462,1.15045234483564
DEADLINE,65,1.19966994955111,8.86503128758476e-05
RESULT,65,1.16,-0.044,1,0,1.19e-09
RESET,65,1.22129993359984e-07,1.13295875936548e-07,1.1332867441689e-07,1.21634187293879e-07,1.20000014059366,3.97532699950926e-07
ENERGY,65,8,0,0,0
ENERGY,65,7,2.89837441500747e-16,9.20293886224644e-16,6.30456444723547e-16
ENERGY,65,6,1.17277621287216e-15,2.78154585457553e-15,1.60876964170334e-15
ENERGY,65,5,6.37687361204476e-15,6.37786790896964e-15,9.94296923578999e-19
ENERGY,65,4,3.19110593856286e-15,4.47192000412754e-15,1.28081406556381e-15
ENERGY,65,3,5.96653162761602e-16,6.06850771622801e-16,1.01976088580206e-17
ENERGY,65,2,2.35519100784362e-15,3.1216976511882e-15,7.66506643334582e-16
ENERGY,65,1,1.31539103235606e-14,1.40681909458771e-14,9.14280622314185e-16
ENERGY,65,0,1.11896190949691e-14,1.21129588781004e-14,9.23339783137835e-16
HPRE,66,1.14188402144436,1.17788724211211
BIASED,66,1.10082116588813,1.17217193517081,1.13765506387231,1.13533810348898
HCAP,66,1.10943462060395,1.14394047279676
CORECAP,66,1.02185308453287e-06,1.20000571424376,1.20000396260398,1.76753298821521e-06
HADC,66,1.11262966076476,1.14669772964709
DEADLINE,66,-0.00173635027476697,1.19761189430929
RESULT,66,1.16,-0.036,-1,1.19e-09,6.09000000000002e-10
......9......8......7......6......5......4......3......2..RESET,66,1.22074635864823e-07,9.87680567594549e-06,9.21064866584192e-06,1.21683072994484e-07,1.19998363621112,6.77494617724472e-06
ENERGY,66,8,0,0,0
ENERGY,66,7,3.41403597413481e-16,1.05800716511826e-15,7.16603567704061e-16
ENERGY,66,6,1.17294688542494e-15,2.7810050476783e-15,1.60805816225351e-15
ENERGY,66,5,4.75396571903267e-15,4.97573082752652e-15,2.21765108495043e-16
ENERGY,66,4,4.77751538201331e-15,4.77801576643448e-15,5.00384419645127e-19
ENERGY,66,3,5.96635045553725e-16,6.11082036292301e-16,1.4446990737733e-17
ENERGY,66,2,1.7138143075168e-14,1.81152735909103e-14,9.77130515726064e-16
ENERGY,66,1,1.43147267297002e-14,1.52289972456398e-14,9.1427051593825e-16
ENERGY,66,0,1.17649801368401e-14,1.26797953415062e-14,9.1481520468135e-16
HPRE,67,1.17783440824052,1.14193684537275
BIASED,67,1.13520062658179,1.13779248053115,1.17203442416703,1.10095858371095
HCAP,67,1.1438037040119,1.10957261983793
CORECAP,67,1.56882323498329e-06,1.20000369365115,1.20000223577591,1.01940521188066e-06
HADC,67,1.14656171964347,1.11276563585019
DEADLINE,67,-0.00173639060118916,1.1976118997654
RESULT,67,1.16,0.036,-1,1.19e-09,6.02250000000001e-10
......9......8......7......6......5......4......3......2...RESET,67,1.21667780074252e-07,9.86468679386057e-06,9.20741545587213e-06,1.2209192083221e-07,1.19998363621357,6.77494574146238e-06
ENERGY,67,8,0,0,0
ENERGY,67,7,3.41401022699026e-16,1.05625807241337e-15,7.14857049714778e-16
ENERGY,67,6,1.17289068619338e-15,2.78113272590654e-15,1.6082420397132e-15
ENERGY,67,5,2.38603557444252e-15,4.51384717274069e-15,2.12781159829701e-15
ENERGY,67,4,7.15676248417054e-15,7.15836522332885e-15,1.60273916004158e-18
ENERGY,67,3,5.96637887340898e-16,6.11084349384795e-16,1.4446462042989e-17
ENERGY,67,2,1.73131935793487e-14,1.81422481965389e-14,8.29054617203385e-16
ENERGY,67,1,1.15628386686463e-14,1.24771235211408e-14,9.14284852496438e-16
ENERGY,67,0,1.42997447134875e-14,1.52143605237711e-14,9.14615810287719e-16
HPRE,68,1.18187584471426,1.13789540330804
BIASED,68,1.13914272094922,1.13385038246358,1.1759765106278,1.09701651857133
HCAP,68,1.14530670631031,1.10807800179897
CORECAP,68,1.19999912387957,1.67202709992905e-06,1.19999934656485,1.02181910455517e-06
HADC,68,1.15051294766435,1.1088145833379
DEADLINE,68,1.19967081087438,8.92761594233908e-05
RESULT,68,1.16,0.044,1,0,1.19e-09
......9......8......7......6......5......4......3......2....RESET,68,1.21638455071471e-07,6.82926795050459e-06,6.44693331253074e-06,1.22124630116267e-07,1.20000014066962,3.97552993396813e-07
ENERGY,68,8,0,0,0
ENERGY,68,7,2.89877501553906e-16,9.20333852188305e-16,6.30456350634536e-16
ENERGY,68,6,1.17278081176864e-15,2.78155264452898e-15,1.60877183276137e-15
ENERGY,68,5,4.26147243017561e-15,4.47712739350562e-15,2.15654963326832e-16
ENERGY,68,4,5.28861615423505e-15,5.28912502994253e-15,5.08875707785615e-19
ENERGY,68,3,5.96653877584844e-16,6.06853686223022e-16,1.01998086399296e-17
ENERGY,68,2,2.11504572955202e-15,2.90874022076244e-15,7.93694491220997e-16
ENERGY,68,1,1.1389345420579e-14,1.23062310860565e-14,9.16885665480166e-16
ENERGY,68,0,1.31411641390088e-14,1.40555486937538e-14,9.14384554755816e-16
HPRE,69,1.16989947834736,1.16984135588003
BIASED,69,1.12769782062478,1.16438040573091,1.16453162811451,1.12754658275741
HCAP,69,1.1363370227915,1.13618584071723
CORECAP,69,1.11376145207135e-06,1.19999973425389,1.2000005006004,1.10993602626301e-06
HADC,69,1.13915336294454,1.13900430594313
DEADLINE,69,-0.00173636612359563,1.19761190231439
RESULT,69,1.17,0,-1,1.19e-09,5.59749999999993e-10
RESET,69,1.20918367792412e-07,9.86691439619618e-06,9.20997097470272e-06,1.20909964100772e-07,1.19998363621459,6.7749404636665e-06
ENERGY,69,8,0,0,0
ENERGY,69,7,3.41240196793207e-16,1.05772566531866e-15,7.1648546852464e-16
ENERGY,69,6,1.17125581249937e-15,2.78155845273424e-15,1.6103026402348e-15
ENERGY,69,5,6.80544590280943e-15,6.80600401665709e-15,5.58113849390851e-19
ENERGY,69,4,4.1653731298938e-15,4.87026029789242e-15,7.04887167994288e-16
ENERGY,69,3,5.09683711016947e-16,5.2544977761713e-16,1.57660665997001e-17
ENERGY,69,2,1.7277115143347e-14,1.80860948479287e-14,8.08979704586263e-16
ENERGY,69,1,1.21009219244712e-14,1.30237471274273e-14,9.22825202952025e-16
ENERGY,69,0,1.22418536348989e-14,1.31651979075145e-14,9.23344272605756e-16
......9......8......7......6......5......4......3......2.....HPRE,70,1.1479171308488,1.19185001798078
BIASED,70,1.10665867527055,1.18549496919419,1.14349260630897,1.14866119036873
HCAP,70,1.1177635114388,1.15481759031807
CORECAP,70,1.01708831404819e-06,1.20007780179507,4.80323888223865e-05,1.19999912033465
HADC,70,1.11832707038118,1.15990466510456
DEADLINE,70,1.19966994346309,8.86499637780511e-05
RESULT,70,1.17,-0.044,1,0,1.19e-09
RESET,70,1.21195437887986e-07,1.12482390302432e-07,1.12511030291155e-07,1.20636215453626e-07,1.20000014059374,3.97532723357373e-07
ENERGY,70,8,0,0,0
ENERGY,70,7,2.89837207290412e-16,9.20294893000839e-16,6.30457685708493e-16
ENERGY,70,6,1.17147358886271e-15,2.77975100002768e-15,1.60827741116569e-15
ENERGY,70,5,6.51643975055869e-15,6.51744297220086e-15,1.00322164315233e-18
ENERGY,70,4,3.30622966746327e-15,4.59552999759953e-15,1.28930033013693e-15
ENERGY,70,3,5.08208362254833e-16,5.19601843861269e-16,1.13934816064955e-17
ENERGY,70,2,2.35520265932918e-15,3.12262426659098e-15,7.67421607260956e-16
ENERGY,70,1,1.31866822150522e-14,1.41018295365666e-14,9.15147321513307e-16
ENERGY,70,0,1.12005770082396e-14,1.21247985359431e-14,9.24221527714474e-16
HPRE,71,1.15188197681287,1.18788520120832
BIASED,71,1.11040150834994,1.18175228942474,1.14723542051853,1.1449185152831
......9......8......7......6......5......4......3......2......HCAP,71,1.11903249843807,1.15353844449729
CORECAP,71,1.0243705990345e-06,1.20000264475964,1.2000039821286,1.79098654406121e-06
HADC,71,1.122081232292,1.15614950184154
DEADLINE,71,-0.00173643141365138,1.19761186875396
RESULT,71,1.17,-0.036,-1,1.19e-09,6.09500000000016e-10
RESET,71,1.21138298717655e-07,9.87616405534716e-06,9.20998920763916e-06,1.20734441916035e-07,1.19998363621123,6.77494493728731e-06
ENERGY,71,8,0,0,0
ENERGY,71,7,3.413974077345e-16,1.0579692510342e-15,7.16571843300803e-16
ENERGY,71,6,1.17158185259123e-15,2.77921605025847e-15,1.60763419766554e-15
ENERGY,71,5,4.8818939800605e-15,5.1051711347449e-15,2.2327715468164e-16
ENERGY,71,4,4.90428106584955e-15,4.90478363059581e-15,5.02564744302018e-19
ENERGY,71,3,5.08190484651048e-16,5.23971750064479e-16,1.57812654150952e-17
ENERGY,71,2,1.71375778057107e-14,1.81148848268994e-14,9.77307021174338e-16
ENERGY,71,1,1.43470792772574e-14,1.52622795461844e-14,9.15200268928252e-16
ENERGY,71,0,1.17768557010983e-14,1.26925334708875e-14,9.15677769804095e-16
HPRE,72,1.1878323488235,1.15193482011277
BIASED,72,1.14478094735222,1.14737292480694,1.1816147165201,1.11053905764275
HCAP,72,1.15340165147283,1.11917063933354
CORECAP,72,1.75306358725366e-06,1.19999932442606,1.20000118551644,9.39442462334725e-07
......9......8......7......6......5......4......3......2......1HADC,72,1.15601342023221,1.12221730109543
DEADLINE,72,-0.00173644842449604,1.19761187554456
RESULT,72,1.17,0.036,-1,1.19e-09,6.02750000000015e-10
RESET,72,1.20719549967075e-07,9.86388255859363e-06,9.20660738599108e-06,1.21155570895244e-07,1.19998363621358,6.77494558898905e-06
ENERGY,72,8,0,0,0
ENERGY,72,7,3.41400074685399e-16,1.05618382145175e-15,7.14783746765187e-16
ENERGY,72,6,1.17156297782809e-15,2.77931695049778e-15,1.60775397266981e-15
ENERGY,72,5,2.49596696956755e-15,4.63793477842063e-15,2.14196780885673e-15
ENERGY,72,4,7.30163651597252e-15,7.30325337476287e-15,1.61685878801224e-18
ENERGY,72,3,5.08193288315641e-16,5.23974052547336e-16,1.57807642310331e-17
ENERGY,72,2,1.73138084669177e-14,1.81426460512792e-14,8.28837584363277e-16
ENERGY,72,1,1.15747930383163e-14,1.24899379242344e-14,9.15144885914034e-16
ENERGY,72,0,1.43316481383921e-14,1.52471888688265e-14,9.15540730440447e-16
HPRE,73,1.19187380076555,1.14789336316785
BIASED,73,1.14872309277388,1.14343077475527,1.18555686675896,1.10659690104834
HCAP,73,1.15487935883672,1.11770156447034
CORECAP,73,1.19999912261826,1.62400149164641e-06,1.20000024314163,9.405466154085e-07
HADC,73,1.15996529738995,1.11826558124392
DEADLINE,73,1.1996708018944,8.92721169234349e-05
RESULT,73,1.17,0.044,1,0,1.19e-09
......9......8......7......6......5......4......3......2......1.RESET,73,1.20640562365962e-07,6.82846170550803e-06,6.44613181262042e-06,1.21189439464651e-07,1.20000014066965,3.97553026280837e-07
ENERGY,73,8,0,0,0
ENERGY,73,7,2.89877477043366e-16,9.20333729624539e-16,6.30456252581435e-16
ENERGY,73,6,1.17144367302075e-15,2.77976235652547e-15,1.60831868350586e-15
ENERGY,73,5,4.3835959403927e-15,4.60078770901288e-15,2.17191768618348e-16
ENERGY,73,4,5.42118468929222e-15,5.42169559362732e-15,5.10904335945091e-19
ENERGY,73,3,5.08209124583127e-16,5.19604929400908e-16,1.13958048157266e-17
ENERGY,73,2,2.11515793534639e-15,2.91006600075757e-15,7.94908065412273e-16
ENERGY,73,1,1.14002458543826e-14,1.23179913181035e-14,9.17745463719053e-16
ENERGY,73,0,1.31738517357198e-14,1.40891002293097e-14,9.15248493595994e-16
HPRE,74,1.17490505429886,1.17484691170295
BIASED,74,1.13250695145091,1.16918944192998,1.16934080613412,1.1323556552338
HCAP,74,1.14115505952478,1.14100379188133
CORECAP,74,9.71529434136635e-07,1.20000364831562,1.20000248720619,1.11193392755104e-06
HADC,74,1.14389792186906,1.14374879473189
DEADLINE,74,-0.00173641721927936,1.19761188571334
RESULT,74,1.175,0,-1,1.19e-09,5.59749999999993e-10
......9......8......7......6......5......4......3......2......1..RESET,74,1.25092342375293e-07,9.8697304133308e-06,9.21278352266924e-06,1.25086217188527e-07,1.19998363621466,6.77494022955542e-06
ENERGY,74,8,0,0,0
ENERGY,74,7,3.41238937860243e-16,1.05773744642725e-15,7.16498508566794e-16
ENERGY,74,6,1.18243703622728e-15,2.78063395960466e-15,1.59819692337788e-15
ENERGY,74,5,6.57758110353998e-15,6.58162683147154e-15,4.04572793306661e-18
ENERGY,74,4,3.92165259102817e-15,4.93506758348077e-15,1.01341499244667e-15
ENERGY,74,3,4.64738572979309e-16,4.81224197565527e-16,1.64856245874409e-17
ENERGY,74,2,1.72770291919293e-14,1.80859873037075e-14,8.0895811177433e-16
ENERGY,74,1,1.21112653418395e-14,1.30304289609578e-14,9.19163619116583e-16
ENERGY,74,0,1.22521957461917e-14,1.31718827323146e-14,9.19686986129273e-16
HPRE,75,1.15291611533171,1.19684899260678
BIASED,75,1.11144894933022,1.19028512458153,1.14828281700111,1.15345132667934
HCAP,75,1.12257527944658,1.15960386271002
CORECAP,75,1.01863256909371e-06,1.20007541810016,4.7874176450734e-05,1.19999911695993
HADC,75,1.12305259439857,1.1646308249661
DEADLINE,75,1.19966994226637,8.86523834962048e-05
RESULT,75,1.175,-0.044,1,0,1.19e-09
......9......8......7......6......5......4......3......2......1...RESET,75,1.20498572521711e-07,1.15943169478506e-07,1.15900969198692e-07,1.24885116221732e-07,1.20000014059368,3.97532709046841e-07
ENERGY,75,8,0,0,0
ENERGY,75,7,2.89837249161665e-16,9.20294922018299e-16,6.30457672857918e-16
ENERGY,75,6,1.17077332996337e-15,2.77888333494455e-15,1.60811000498068e-15
ENERGY,75,5,6.58791689081394e-15,6.58892457725185e-15,1.00768643907558e-18
ENERGY,75,4,3.36320368143512e-15,4.65788555569238e-15,1.29468187426021e-15
ENERGY,75,3,4.63986189798451e-16,4.76027499188786e-16,1.20413093897092e-17
ENERGY,75,2,2.35514024889144e-15,3.12307667468132e-15,7.67936425790323e-16
ENERGY,75,1,1.32029799634971e-14,1.41185830368128e-14,9.15603073303732e-16
ENERGY,75,0,1.1206295941713e-14,1.21309587546381e-14,9.24662812950714e-16
HPRE,76,1.15688095453583,1.19288418075415
BIASED,76,1.11519172021225,1.18654249627719,1.1520256232309,1.14970865337746
HCAP,76,1.12383145684816,1.15833744603279
CORECAP,76,9.09110698881272e-07,1.2000009974751,1.20000399847198,1.80710209768944e-06
HADC,76,1.12680702380127,1.16087539180852
DEADLINE,76,-0.00173647582183979,1.19761185524302
RESULT,76,1.175,-0.036,-1,1.19e-09,6.09749999999997e-10
......9......8......7......6......5......4......3......2......1....RESET,76,1.20439595212412e-07,9.87901859675035e-06,9.21281812138399e-06,1.24926432506217e-07,1.19998363621128,6.77494465094514e-06
ENERGY,76,8,0,0,0
ENERGY,76,7,3.41406056623888e-16,1.05797336690923e-15,7.16567310284858e-16
ENERGY,76,6,1.17091825673543e-15,2.77829815628852e-15,1.60737989955256e-15
ENERGY,76,5,4.94641064635279e-15,5.17044151024302e-15,2.24030863885577e-16
ENERGY,76,4,4.96821649216663e-15,4.96872013325068e-15,5.03641084918079e-19
ENERGY,76,3,4.63968444660493e-16,4.8046704472575e-16,1.64986000655946e-17
ENERGY,76,2,1.71376111482861e-14,1.81148536204312e-14,9.77242472146168e-16
ENERGY,76,1,1.43632041796271e-14,1.5278860200048e-14,9.15656020432807e-16
ENERGY,76,0,1.17831178451086e-14,1.26992449710425e-14,9.16127125930493e-16
HPRE,77,1.19283131982169,1.15693380698996
BIASED,77,1.14957110663908,1.15216314583322,1.18640482236185,1.11532928418554
HCAP,77,1.15820063249098,1.1239696547516
CORECAP,77,1.76938829591608e-06,1.20000377206584,1.19999932219078,1.00909257233028e-06
HADC,77,1.16073927359307,1.12694313321194
DEADLINE,77,-0.00173649307737179,1.19761186089897
RESULT,77,1.175,0.036,-1,1.19e-09,6.02999999999996e-10
RESET,77,1.24913192000905e-07,9.86661244611596e-06,9.20942138084736e-06,1.20457101088618e-07,1.19998363621363,6.77494527607753e-06
ENERGY,77,8,0,0,0
ENERGY,77,7,3.41398653714601e-16,1.05617183931906e-15,7.14773185604364e-16
ENERGY,77,6,1.1708984708762e-15,2.77843963458778e-15,1.60754116371069e-15
ENERGY,77,5,2.54959018937285e-15,4.70052897752248e-15,2.1509387881539e-15
ENERGY,77,4,7.37646532523028e-15,7.37808924679992e-15,1.62392156730046e-18
ENERGY,77,3,4.63971207114715e-16,4.80469292901907e-16,1.64980857870299e-17
ENERGY,77,2,1.73140830856082e-14,1.81428216446931e-14,8.28738559093032e-16
ENERGY,77,1,1.15810457453117e-14,1.24966460662023e-14,9.15600320863463e-16
ENERGY,77,0,1.43476105805303e-14,1.52636078526929e-14,9.15997272177364e-16
HPRE,78,1.19687277890595,1.15289234293546
BIASED,78,1.15351326742492,1.14822093399561,1.19034703884699,1.11138708141551
......9......8......7......6......5......4......3......2......1.....HCAP,78,1.15966564773114,1.12251331996956
CORECAP,78,1.19999912006096,1.61526582410773e-06,1.20000013753708,1.02545020322828e-06
HADC,78,1.16469147347951,1.1229910858851
DEADLINE,78,1.19967080017326,8.92717230889101e-05
RESULT,78,1.175,0.044,1,0,1.19e-09
RESET,78,1.24842999673648e-07,6.83156891654789e-06,6.44928512453921e-06,1.2049221482222e-07,1.2000001406695,3.97552959454488e-07
ENERGY,78,8,0,0,0
ENERGY,78,7,2.86371999936066e-16,9.16828678980407e-16,6.30456679044039e-16
ENERGY,78,6,1.17077738103456e-15,2.77889605138631e-15,1.60811867035224e-15
ENERGY,78,5,4.44521054029991e-15,4.66316840323302e-15,2.17957862933429e-16
ENERGY,78,4,5.48802136544796e-15,5.48853326986623e-15,5.11904419873401e-19
ENERGY,78,3,4.63986971567055e-16,4.76030700801217e-16,1.20437292375724e-17
ENERGY,78,2,2.11624322964165e-15,2.91174322549906e-15,7.95499995840604e-16
ENERGY,78,1,1.14059839554496e-14,1.23241842345762e-14,9.18200279144042e-16
ENERGY,78,0,1.31902218907e-14,1.41059265329736e-14,9.157046422841e-16
HPRE,79,1.17790708201741,1.17784892975541
BIASED,79,1.13538868317355,1.17207117833376,1.17222249046947,1.13523732102627
......9......8......7......6......5......4......3......2......1......HCAP,79,1.14404204515055,1.14389074570545
CORECAP,79,1.08025590829743e-06,1.19999972759868,1.20000613587947,1.14254581027934e-06
HADC,79,1.14674093692886,1.14659177433774
DEADLINE,79,-0.00173644580237495,1.19761187651642
RESULT,79,1.178,0,-1,1.19e-09,5.6e-10
RESET,79,1.24609317431679e-07,9.86934845793053e-06,9.2124003467579e-06,1.24602828615938e-07,1.19998363621372,6.77494754009948e-06
ENERGY,79,8,0,0,0
ENERGY,79,7,3.4140605366517e-16,1.05789858707547e-15,7.16492533408909e-16
ENERGY,79,6,1.19475976977456e-15,2.79281160423962e-15,1.59805183446478e-15
ENERGY,79,5,6.50152000886685e-15,6.50527864676713e-15,3.75863790261936e-18
ENERGY,79,4,3.8344498782014e-15,4.97329204949267e-15,1.13884217128901e-15
ENERGY,79,3,4.37915996850355e-16,4.54851027810721e-16,1.69350309616124e-17
ENERGY,79,2,1.72757085234869e-14,1.80859388518141e-14,8.10230328332209e-16
ENERGY,79,1,1.21153328721507e-14,1.30341198719293e-14,9.18786999807551e-16
ENERGY,79,0,1.22563014037009e-14,1.31756048773021e-14,9.19303473587056e-16
HPRE,80,1.15591551315126,1.19984837016029
BIASED,80,1.11432310079376,1.19315919873263,1.15115695624328,1.15632543712069
HCAP,80,1.12546237337415,1.16247563033542
CORECAP,80,1.01450613939385e-06,1.2000754774432,4.79179843929479e-05,1.19999927814143
HADC,80,1.12588793658628,1.16746651209587
DEADLINE,80,1.19966993838417,8.8647500725596e-05
......9......8......7......6......5......4......3......2......1......0RESULT,80,1.178,-0.044,1,0,1.19e-09
RESET,80,1.24830081765747e-07,1.15516166403571e-07,1.15484143099828e-07,1.24390802770109e-07,1.20000014059358,3.97532640573597e-07
ENERGY,80,8,0,0,0
ENERGY,80,7,2.86331598630117e-16,9.16789348101095e-16,6.30457749468586e-16
ENERGY,80,6,1.18309750725562e-15,2.79110619580933e-15,1.60800868855325e-15
ENERGY,80,5,6.62773684596125e-15,6.6311125846469e-15,3.37573869600784e-18
ENERGY,80,4,3.40069145006627e-15,4.69749419906036e-15,1.29680274899956e-15
ENERGY,80,3,4.37452712601735e-16,4.49900681604202e-16,1.24479690036887e-17
ENERGY,80,2,2.35622358970375e-15,3.1243566271903e-15,7.68133037481326e-16
ENERGY,80,1,1.32095047307425e-14,1.41263844017379e-14,9.1687967098499e-16
ENERGY,80,0,1.12066571510273e-14,1.21325227649262e-14,9.25865613898368e-16
spectre completes with 0 errors, 9 warnings, and 8 notices.
