// Extracted original meter records; not a full Spectre log.
HPRE,0,0.600000000013206,0.600000000013206
BIASED,0,0.590648075007324,0.609351930435581,0.60935193043558,0.590648075007324
HCAP,0,0.591546807688728,0.591546802108708
CORECAP,0,2.92612220365762e-05,1.19998701415238,1.19998696724555,2.92139732660421e-05
HADC,0,0.600134046743291,0.600133973536857
DEADLINE,0,-0.00175714416340318,1.19761637944691
RESULT,0,0.6,0,-1,1.18975e-09,5.865e-10
.RESET,0,1.37409309443133e-07,1.06071316777211e-05,9.24526811424728e-06,1.37320647480422e-07,1.19998363641568,7.23582786307123e-06
ENERGY,0,8,0,0,0
ENERGY,0,7,3.31975020749249e-16,1.0588440670339e-15,7.26869046284648e-16
ENERGY,0,6,1.15750736041796e-15,2.9078687728758e-15,1.75036141245784e-15
ENERGY,0,5,-5.52174556025983e-18,9.6412866555316e-20,5.61815842681512e-18
ENERGY,0,4,-5.52166079247713e-18,9.64103946235239e-20,5.61807118710068e-18
ENERGY,0,3,2.8170103134445e-15,2.8170103134445e-15,0
ENERGY,0,2,1.72463316813984e-14,1.80837552798761e-14,8.37423598477657e-16
ENERGY,0,1,1.22960299432604e-14,1.31562156099163e-14,8.60185666655868e-16
ENERGY,0,0,1.24315653800735e-14,1.32918115793719e-14,8.60246199298245e-16
HPRE,1,0.00109034497115237,0.00109034470963
BIASED,1,0.00703804358944722,0.025741965420898,0.025741965947537,0.00703804305984116
HCAP,1,0.00728228703415582,0.0072822799013892
CORECAP,1,-2.47176270513406e-07,1.20000000370129,1.20000367929396,-1.24945490245974e-07
HADC,1,0.0205498566458945,0.0205495755280529
DEADLINE,1,-0.00178836254174603,1.19760809549849
RESULT,1,0,0,-1,1.19e-09,6.1475e-10
..RESET,1,1.33279310778164e-07,9.89169688616224e-06,9.22687487116093e-06,1.33287337308893e-07,1.19998363623273,6.77479347920307e-06
ENERGY,1,8,0,0,0
ENERGY,1,7,3.41017146610286e-16,1.05830529733881e-15,7.17288150728508e-16
ENERGY,1,6,1.12279641710437e-15,2.8658531472843e-15,1.74305673017985e-15
ENERGY,1,5,-8.91538987153224e-15,4.45371299639548e-34,8.91538987153221e-15
ENERGY,1,4,-8.91538992733283e-15,3.73148926725027e-34,8.91538992733283e-15
ENERGY,1,3,5.51487071650351e-15,5.51487071650351e-15,0
ENERGY,1,2,1.73159538275025e-14,1.81170382689016e-14,8.01084441399666e-16
ENERGY,1,1,1.38255223500272e-14,1.46871207254931e-14,8.61598375465346e-16
ENERGY,1,0,1.39602945530778e-14,1.48231720236881e-14,8.62877470610408e-16
HPRE,2,0.0050529670606274,0.00505296706105661
BIASED,2,0.00831979209194848,0.027023714274511,0.0270237142695795,0.00831979208576207
HCAP,2,0.00856637727535144,0.00856638029495691
CORECAP,2,-2.82812650136618e-08,1.20000002807211,1.20000453265087,1.37531238329154e-07
HADC,2,0.0218227393484281,0.0218224587390005
DEADLINE,2,-0.00178835359956734,1.19760804696367
RESULT,2,0.005,0,-1,1.18975e-09,6.145e-10
...RESET,2,1.34810646170589e-07,9.89308480586981e-06,9.22824627240272e-06,1.34818664059258e-07,1.19998363623273,6.77479349682896e-06
ENERGY,2,8,0,0,0
ENERGY,2,7,3.4082768404359e-16,1.05841650541773e-15,7.17588821374114e-16
ENERGY,2,6,1.12342253588972e-15,2.86667986059649e-15,1.74325732470673e-15
ENERGY,2,5,-1.10540782008884e-17,7.79418903364759e-19,1.18334971047268e-17
ENERGY,2,4,-1.10540780943149e-17,7.79418902417905e-19,1.18334969973629e-17
ENERGY,2,3,5.54278529895663e-15,5.54278529895663e-15,0
ENERGY,2,2,1.73125766053282e-14,1.81132221238766e-14,8.00645518548778e-16
ENERGY,2,1,1.31813018719891e-14,1.40494598306192e-14,8.68157958629841e-16
ENERGY,2,0,1.3316052805254e-14,1.41854102652455e-14,8.6935745999148e-16
HPRE,3,0.010052449400694,0.0100524494011065
BIASED,3,0.0132130819714996,0.0319170037403555,0.0319170037353236,0.0132130819651267
HCAP,3,0.0134685194558624,0.0134683815976223
CORECAP,3,-2.27912624381559e-08,1.19999932357714,1.20000006073709,-5.58161389750857e-08
HADC,3,0.0266820449616132,0.0266816324097672
DEADLINE,3,-0.00178863199848349,1.19760781715896
RESULT,3,0.01,0,-1,1.19e-09,6.13249999999999e-10
RESET,3,1.35065930161992e-07,9.89366851780127e-06,9.22861576297992e-06,1.35074312131122e-07,1.19998363623001,6.77481310220232e-06
ENERGY,3,8,0,0,0
ENERGY,3,7,3.40285374189758e-16,1.05812991402352e-15,7.17844539833793e-16
ENERGY,3,6,1.12174615925311e-15,2.86628729868389e-15,1.74454113943071e-15
ENERGY,3,5,-2.15387334990069e-17,2.15211403280143e-18,2.36908475315983e-17
ENERGY,3,4,-2.15388041342009e-17,2.15211492049662e-18,2.36909190544579e-17
ENERGY,3,3,5.51987332768883e-15,5.51987332768883e-15,0
ENERGY,3,2,1.73169433799828e-14,1.81176839541719e-14,8.00740574189642e-16
ENERGY,3,1,1.31352579905261e-14,1.40030201374914e-14,8.67762146965569e-16
ENERGY,3,0,1.32700140309487e-14,1.4138996505867e-14,8.6898247491848e-16
HPRE,4,0.00207632937153784,0.0180460419751924
....BIASED,4,0.00545917756375722,0.0397316753176774,0.0241630998572215,0.0210277530794001
HCAP,4,0.0057028546880453,0.0212991308453267
CORECAP,4,-1.94952863765693e-07,1.19999900988649,1.19999881077977,1.33887924607829e-07
HADC,4,0.0189842178134502,0.0344439222143485
DEADLINE,4,-0.00178836933679508,1.19760811681902
RESULT,4,0.01,-0.016,-1,1.19e-09,6.5075e-10
RESET,4,1.35243934218048e-07,9.89426766190017e-06,9.22959590561972e-06,1.35050771789562e-07,1.19998363623095,6.77480593031632e-06
ENERGY,4,8,0,0,0
ENERGY,4,7,3.41018026133474e-16,1.0581349401495e-15,7.17116914016011e-16
ENERGY,4,6,1.12236789742159e-15,2.86480246765385e-15,1.74243457023227e-15
ENERGY,4,5,-3.42273418838427e-17,5.95725180189333e-18,4.01845936858806e-17
ENERGY,4,4,-7.19155055509671e-18,2.8753636584507e-20,7.2203041915636e-18
ENERGY,4,3,5.51957051063873e-15,5.51957051063873e-15,0
ENERGY,4,2,1.73222363548289e-14,1.81426746038964e-14,8.20438249066607e-16
ENERGY,4,1,1.45115846651537e-14,1.53733976914912e-14,8.618130263374e-16
ENERGY,4,0,1.27845359641287e-14,1.36479435962913e-14,8.6340763216172e-16
HPRE,5,0.0180317251682075,0.00209064192543546
BIASED,5,0.0209827919105931,0.0242080717274635,0.039686712992468,0.00550414938932616
.....HCAP,5,0.0212540201967749,0.00574784069832629
CORECAP,5,-1.49113082564652e-07,1.20000006180099,1.20000139657362,-2.0141634774633e-07
HADC,5,0.0343994985960728,0.0190285381609233
DEADLINE,5,-0.00178868279184945,1.19760801262035
RESULT,5,0.01,0.016,-1,1.19e-09,6.4925e-10
RESET,5,1.35039573780129e-07,9.89285720295885e-06,9.22784903828367e-06,1.35254744925941e-07,1.19998363622946,6.77481436690423e-06
ENERGY,5,8,0,0,0
ENERGY,5,7,3.40828994821456e-16,1.05675909278714e-15,7.15930097965699e-16
ENERGY,5,6,1.12202266390937e-15,2.86576451226514e-15,1.74374184835573e-15
ENERGY,5,5,-1.29104445138806e-17,4.4180545615752e-20,1.29546250595277e-17
ENERGY,5,4,-3.16248026616248e-17,8.48267898561528e-18,4.01074816471386e-17
ENERGY,5,3,5.51956746507791e-15,5.51956746507791e-15,0
ENERGY,5,2,1.7319299103187e-14,1.81408293200172e-14,8.21530216830919e-16
ENERGY,5,1,1.26516877457525e-14,1.35147082092275e-14,8.6302046347559e-16
ENERGY,5,0,1.46204363651868e-14,1.54842457891897e-14,8.63809424004706e-16
HPRE,6,0.0120717959887866,0.0120431673169003
BIASED,6,0.0152335820248957,0.0338475700503953,0.0339375035363773,0.0151436485768685
HCAP,6,0.0154925294408606,0.015402575011876
CORECAP,6,-2.28325314228316e-07,1.19999999912976,1.19999997189347,-5.23373198326556e-08
......HADC,6,0.0286883711202702,0.0285989225692737
DEADLINE,6,-0.00178866073464486,1.19760773238619
RESULT,6,0.012,0,-1,1.19e-09,6.12499999999996e-10
RESET,6,1.35262946921825e-07,9.89389639534857e-06,9.22884455514368e-06,1.35265613838907e-07,1.19998363622951,6.77481399577163e-06
ENERGY,6,8,0,0,0
ENERGY,6,7,3.40791406170551e-16,1.05846958383211e-15,7.17678177661649e-16
ENERGY,6,6,1.1220282230635e-15,2.86733011380596e-15,1.74530189074249e-15
ENERGY,6,5,-2.45646308969787e-17,3.83453109055988e-18,2.83991619876443e-17
ENERGY,6,4,-3.331094232346e-17,1.48812125366749e-19,3.34597544486813e-17
ENERGY,6,3,5.51045469117438e-15,5.51045469117438e-15,0
ENERGY,6,2,1.73166103121191e-14,1.8117232215145e-14,8.00621903026445e-16
ENERGY,6,1,1.31154670284795e-14,1.39804181524227e-14,8.64951123943203e-16
ENERGY,6,0,1.32579234906975e-14,1.41240853605472e-14,8.66161869849822e-16
HPRE,7,8.36943728230029e-05,0.0240382654128688
BIASED,7,0.00352436223002856,0.0455811706137801,0.0222282848230024,0.0268772505015427
HCAP,7,0.00351300056447949,0.0273994489744376
CORECAP,7,-1.33764869695478e-07,1.20009185077839,5.5084411323683e-05,1.20000045439973
HADC,7,0.0170531458014699,0.0402623556112279
DEADLINE,7,1.19966929122897,8.84629415698576e-05
RESULT,7,0.012,-0.024,1,0,1.19e-09
......9RESET,7,1.35294558796953e-07,1.2608487733649e-07,1.25806241183425e-07,1.35079559927862e-07,1.20000014060807,2.93209505429941e-07
ENERGY,7,8,0,0,0
ENERGY,7,7,2.85818099276691e-16,9.17849011795921e-16,6.320309125192e-16
ENERGY,7,6,1.12183863568148e-15,2.86462248930502e-15,1.74278385362361e-15
ENERGY,7,5,-4.07914958364254e-17,1.12186954527355e-17,5.20101912890411e-17
ENERGY,7,4,-3.83087711080615e-18,-1.69481835106077e-32,3.83087711081246e-18
ENERGY,7,3,5.51038178863464e-15,5.51038178863464e-15,0
ENERGY,7,2,2.35936454084341e-15,3.09626695844011e-15,7.36902417596418e-16
ENERGY,7,1,1.37054424242978e-14,1.45676220075956e-14,8.62179583297669e-16
ENERGY,7,0,1.21782865086695e-14,1.30599372830151e-14,8.81650774344731e-16
HPRE,8,0.004054647869923,0.0200673021139462
BIASED,8,0.00734903452929502,0.0417564182443666,0.0260529560306509,0.023052497339691
HCAP,8,0.00759608914788771,0.0233275188511595
CORECAP,8,6.21154714289515e-08,1.20000277518736,1.19999857827375,2.88016596953088e-08
HADC,8,0.0208609810886102,0.0364546611638992
DEADLINE,8,-0.00178867065935615,1.19760776332208
RESULT,8,0.012,-0.016,-1,1.19e-09,6.54999999999998e-10
......9.RESET,8,1.35273067179277e-07,9.89466998472473e-06,9.22961198108078e-06,1.35255451362537e-07,1.19998363623017,6.77480901952123e-06
ENERGY,8,8,0,0,0
ENERGY,8,7,3.40921892738285e-16,1.0586375694073e-15,7.17715676668943e-16
ENERGY,8,6,1.12183564421226e-15,2.86581025851244e-15,1.74397461430012e-15
ENERGY,8,5,-4.924818433167e-17,2.06776359626187e-19,4.94549606912969e-17
ENERGY,8,4,-8.64077236048003e-18,4.51743188166803e-19,9.09251554879619e-18
ENERGY,8,3,5.51040894468539e-15,5.51040894468539e-15,0
ENERGY,8,2,1.71486536116186e-14,1.81183628484564e-14,9.69709236837999e-16
ENERGY,8,1,1.45834863238277e-14,1.54460322724562e-14,8.62545948630985e-16
ENERGY,8,0,1.28368892300101e-14,1.37010227607597e-14,8.64133530748815e-16
HPRE,9,0.0200315196631218,0.00409043276468361
BIASED,9,0.0229401072733997,0.0261653726316417,0.0416440282256183,0.00746145044638369
HCAP,9,0.0232148607907528,0.00770865493095282
CORECAP,9,-1.59384273600341e-07,1.20000012431671,1.20000167842437,-2.12584983495694e-07
HADC,9,0.036343226436021,0.0209722361269292
DEADLINE,9,-0.00178869505018766,1.19760793087056
RESULT,9,0.012,0.016,-1,1.19e-09,6.48500000000001e-10
......9..RESET,9,1.35241639954516e-07,9.89313037174941e-06,9.22790749200757e-06,1.35289781244465e-07,1.1999836362265,6.77484005896447e-06
ENERGY,9,8,0,0,0
ENERGY,9,7,3.40920664994212e-16,1.05692822897084e-15,7.16007563976557e-16
ENERGY,9,6,1.12002794012978e-15,2.86580428980911e-15,1.74577634967918e-15
ENERGY,9,5,-1.91032863239019e-17,8.83249470726424e-20,1.91916112711136e-17
ENERGY,9,4,-3.43223151638335e-17,1.01203583471552e-17,4.44426735110376e-17
ENERGY,9,3,5.51040217701337e-15,5.51040217701337e-15,0
ENERGY,9,2,1.73192700831099e-14,1.81404087284861e-14,8.21138645375183e-16
ENERGY,9,1,1.26365538350368e-14,1.34995293677173e-14,8.62975532682408e-16
ENERGY,9,0,1.4595427020593e-14,1.54592049436827e-14,8.63777923090158e-16
HPRE,10,0.0240525777648999,6.93798304291279e-05
BIASED,10,0.026922179258884,0.0221833049269818,0.0456261001153967,0.00347938236314802
HCAP,10,0.0274443489025662,0.00346782233274501
CORECAP,10,1.20000045403273,-5.76988968971738e-08,1.20000231395077,1.36647751190799e-07
HADC,10,0.0403064032911404,0.0170078406094639
DEADLINE,10,1.19967048154247,8.91686207658184e-05
RESULT,10,0.012,0.024,1,0,1.19e-09
......9...RESET,10,1.35078948657816e-07,6.88469573925067e-06,6.49676125463536e-06,1.3529207818351e-07,1.20000014068412,2.93204966795103e-07
ENERGY,10,8,0,0,0
ENERGY,10,7,2.85859468383474e-16,9.17875779345509e-16,6.32016310962067e-16
ENERGY,10,6,1.11848894379831e-15,2.86303996699406e-15,1.74455102319576e-15
ENERGY,10,5,-4.87163840516318e-19,5.39363612560138e-22,4.87703204107419e-19
ENERGY,10,4,-4.74583144394588e-17,4.59806032768086e-18,5.20563747671237e-17
ENERGY,10,3,5.51037983338347e-15,5.51037983338347e-15,0
ENERGY,10,2,2.12067798435063e-15,2.88274937101404e-15,7.62071386662608e-16
ENERGY,10,1,1.2374413771404e-14,1.32429965975317e-14,8.68582826127865e-16
ENERGY,10,0,1.36919161990429e-14,1.45571524717938e-14,8.65236272749819e-16
HPRE,11,0.0150768923537349,0.0150339512246194
BIASED,11,0.0181859502262544,0.0367549766337252,0.0368898715923509,0.018051055170392
HCAP,11,0.0184503571817299,0.0183152271185341
CORECAP,11,-8.03793992242654e-08,1.20000338008554,1.20000006235539,-1.28535805747619e-07
HADC,11,0.0316203757179636,0.0314861404247067
DEADLINE,11,-0.00178868386341753,1.19760761066867
RESULT,11,0.015,0,-1,1.19e-09,6.13249999999997e-10
RESET,11,1.34991162483472e-07,9.89351968291735e-06,9.22843979364385e-06,1.34990644390587e-07,1.19998363622653,6.77483984387176e-06
ENERGY,11,8,0,0,0
ENERGY,11,7,3.41852696689935e-16,1.05883969324684e-15,7.16986996557007e-16
ENERGY,11,6,1.11848379813814e-15,2.86587582555906e-15,1.74739202742109e-15
ENERGY,11,5,-2.7274307398e-17,6.26479678125166e-18,3.35391041791763e-17
ENERGY,11,4,-4.29358934869914e-17,2.29184044712079e-19,4.3165077531694e-17
ENERGY,11,3,5.49679188545299e-15,5.49679188545299e-15,0
ENERGY,11,2,1.7273565163876e-14,1.80778973573334e-14,8.04332193453899e-16
ENERGY,11,1,1.30846561655241e-14,1.39530429034964e-14,8.68386737971554e-16
ENERGY,11,0,1.32310516726195e-14,1.41006413257757e-14,8.6958965315598e-16
HPRE,12,0.00308338151946189,0.0270379560760026
BIASED,12,0.0064603256148505,0.0485171536880151,0.0251642478122279,0.0298132339315248
......9....HCAP,12,0.00646044444785794,0.0303345651268246
CORECAP,12,-7.17533842000053e-09,1.20009124071664,5.5238743602697e-05,1.19999962255072
HADC,12,0.0199686453717785,0.043177972216718
DEADLINE,12,1.19966929598025,8.84632019984763e-05
RESULT,12,0.015,-0.024,1,0,1.18999999999999e-09
RESET,12,1.35016275518288e-07,1.26228421740019e-07,1.2557378763786e-07,1.35456326162042e-07,1.20000014061373,2.93211446601743e-07
ENERGY,12,8,0,0,0
ENERGY,12,7,2.86235086837084e-16,9.17850860569758e-16,6.31615773732587e-16
ENERGY,12,6,1.11849646594972e-15,2.86347315524086e-15,1.74497668929122e-15
ENERGY,12,5,-4.53646233269092e-17,1.28803449422034e-17,5.82449682690252e-17
ENERGY,12,4,-1.24334709366732e-17,3.38200883744017e-20,1.24672910250274e-17
ENERGY,12,3,5.49663403436786e-15,5.49663403436786e-15,0
ENERGY,12,2,2.35889637372627e-15,3.09497828904668e-15,7.36081915317674e-16
ENERGY,12,1,1.36645075627143e-14,1.45290681305674e-14,8.64560567852006e-16
ENERGY,12,0,1.21547453038538e-14,1.30386782161666e-14,8.8393291231127e-16
HPRE,13,0.00705433735206295,0.0230669904689128
BIASED,13,0.0102849971887736,0.0446923840925701,0.0289889190376385,0.0259884633710131
HCAP,13,0.0105374003728072,0.026268828213181
CORECAP,13,-2.43311472494582e-07,1.20000347309507,1.19999896004068,-1.82821785634219e-07
......9.....HADC,13,0.0237765481003976,0.0393702312482597
DEADLINE,13,-0.00178868112621919,1.19760763754402
RESULT,13,0.015,-0.016,-1,1.19e-09,6.54e-10
RESET,13,1.34998775360587e-07,9.89509053560492e-06,9.22923262707487e-06,1.35463060176403e-07,1.19998363622657,6.77483994374789e-06
ENERGY,13,8,0,0,0
ENERGY,13,7,3.41857950147e-16,1.05931481755629e-15,7.17456867409319e-16
ENERGY,13,6,1.11849415367109e-15,2.8645782326851e-15,1.74608407901373e-15
ENERGY,13,5,-5.62929173222024e-17,2.37469308239877e-19,5.65303866303997e-17
ENERGY,13,4,-1.48135181735528e-17,1.07375311888838e-18,1.58872712923514e-17
ENERGY,13,3,5.49666112505947e-15,5.49666112505947e-15,0
ENERGY,13,2,1.7148538051918e-14,1.81181003807721e-14,9.69562328852508e-16
ENERGY,13,1,1.45435222151215e-14,1.54084425697183e-14,8.64920354596763e-16
ENERGY,13,0,1.28118652973928e-14,1.36783508920517e-14,8.6648559465794e-16
HPRE,14,0.023031210938823,0.00709011918046717
BIASED,14,0.0258760891228676,0.0291013296060411,0.0445800085056878,0.0103974080201066
HCAP,14,0.0261561227470256,0.0106498634193221
CORECAP,14,1.97555594681215e-07,1.20000335849439,1.20000272309282,-6.77831959870867e-08
HADC,14,0.0392588119204538,0.0238877811394768
DEADLINE,14,-0.00178872053997579,1.1976078094012
......9......RESULT,14,0.015,0.016,-1,1.19e-09,6.475e-10
RESET,14,1.35453344986994e-07,9.89268242721452e-06,9.22813065588467e-06,1.35014623788289e-07,1.19998363622644,6.77484046417941e-06
ENERGY,14,8,0,0,0
ENERGY,14,7,3.41856826839265e-16,1.05748878137407e-15,7.15631954534792e-16
ENERGY,14,6,1.11849267497546e-15,2.86460132290374e-15,1.7461086479286e-15
ENERGY,14,5,-2.83339420815336e-17,1.54473834018995e-19,2.8488415915545e-17
ENERGY,14,4,-3.83100316104584e-17,1.2577027690683e-17,5.0887059301022e-17
ENERGY,14,3,5.49665445671194e-15,5.49665445671194e-15,0
ENERGY,14,2,1.73183336029874e-14,1.81398427386609e-14,8.21509135675284e-16
ENERGY,14,1,1.26109951510682e-14,1.34763378971897e-14,8.65342746121346e-16
ENERGY,14,0,1.45553997006248e-14,1.5421568750572e-14,8.66169049947107e-16
HPRE,15,0.0270522672523104,0.00306906816645743
BIASED,15,0.0298581536960641,0.0251192689828934,0.0485620742403847,0.00641534672115318
HCAP,15,0.0303794644870042,0.00641524590552223
CORECAP,15,1.19999962380778,-6.420713070434e-08,1.20000313832177,9.805727050225e-08
HADC,15,0.0432220394767831,0.0199233356980355
DEADLINE,15,1.19967048462072,8.91686126765633e-05
RESULT,15,0.015,0.024,1,0,1.19e-09
......9......8RESET,15,1.35460389122477e-07,6.88441293830327e-06,6.49692110857037e-06,1.35016409060184e-07,1.20000014067018,3.97552892097718e-07
ENERGY,15,8,0,0,0
ENERGY,15,7,2.86436858260389e-16,9.18034809551636e-16,6.3159795129126e-16
ENERGY,15,6,1.11849441816805e-15,2.86340381288149e-15,1.7449093947135e-15
ENERGY,15,5,-7.88446856981611e-18,1.06923301158498e-20,7.8951608998332e-18
ENERGY,15,4,-5.32366193382087e-17,5.04088082104112e-18,5.82775001593699e-17
ENERGY,15,3,5.49663197539269e-15,5.49663197539269e-15,0
ENERGY,15,2,2.1200569581467e-15,2.88105178040737e-15,7.609948222576e-16
ENERGY,15,1,1.23529173332639e-14,1.32211493186436e-14,8.68231985382302e-16
ENERGY,15,0,1.36529191683036e-14,1.45181263272905e-14,8.65207158987496e-16
HPRE,16,0.0200728793606378,0.0200299413066346
BIASED,16,0.0230670783391076,0.0416361295500576,0.0417709993804058,0.0229322082671336
HCAP,16,0.023340287720986,0.0232051678345316
CORECAP,16,-3.24163761941799e-08,1.19999934383213,1.20000005634972,-1.27029047323309e-07
HADC,16,0.0364676075587022,0.0363333912821136
DEADLINE,16,-0.00178868552832718,1.19760742926399
RESULT,16,0.02,0,-1,1.19e-09,6.11999999999999e-10
......9......8.RESET,16,1.35241561690188e-07,9.8939610926105e-06,9.22887287721587e-06,1.35241391460349e-07,1.19998363622642,6.77484050899356e-06
ENERGY,16,8,0,0,0
ENERGY,16,7,3.41854120485278e-16,1.05887694492614e-15,7.17022824440888e-16
ENERGY,16,6,1.11850332306816e-15,2.86636066538952e-15,1.74785734232112e-15
ENERGY,16,5,-3.40709162481775e-17,1.03369119841142e-17,4.44078282321634e-17
ENERGY,16,4,-5.30685162930229e-17,2.66515284316035e-19,5.3335031577319e-17
ENERGY,16,3,5.47404917541684e-15,5.47404917541684e-15,0
ENERGY,16,2,1.72738184377764e-14,1.8078470309546e-14,8.0465187177013e-16
ENERGY,16,1,1.30387806916842e-14,1.39092130223137e-14,8.70432330625421e-16
ENERGY,16,0,1.31849455320877e-14,1.40565536178465e-14,8.71608085757061e-16
HPRE,17,0.00808286028032889,0.0320374406583078
BIASED,17,0.0113535828714081,0.0534104239133489,0.030057504648338,0.0347065036518737
HCAP,17,0.0113728128847317,0.0352264306465712
CORECAP,17,7.82914817599053e-08,1.20009032009955,5.43124737628558e-05,1.1999997059798
HADC,17,0.0248277977016594,0.0480373999217952
DEADLINE,17,1.19966930258659,8.8464539985607e-05
RESULT,17,0.02,-0.024,1,0,1.18999999999999e-09
......9......8..RESET,17,1.35415712733569e-07,1.26177114560656e-07,1.25752962413079e-07,1.35203883367748e-07,1.20000014059395,3.97532592531294e-07
ENERGY,17,8,0,0,0
ENERGY,17,7,2.86563409744588e-16,9.18177928186149e-16,6.31614518441685e-16
ENERGY,17,6,1.11850619661791e-15,2.86399751428995e-15,1.74549131767197e-15
ENERGY,17,5,-5.25417357223626e-17,1.59169743932562e-17,6.84587101157383e-17
ENERGY,17,4,-2.66163805203779e-17,9.02064702614573e-20,2.67065869906004e-17
ENERGY,17,3,5.47372105665809e-15,5.47372105665809e-15,0
ENERGY,17,2,2.35700671384192e-15,3.09358079922351e-15,7.36574085381601e-16
ENERGY,17,1,1.36016641422535e-14,1.44661666429857e-14,8.64502500732583e-16
ENERGY,17,0,1.21196376445417e-14,1.30036041884119e-14,8.8396654386783e-16
HPRE,18,0.0120538200740243,0.0280664711042977
BIASED,18,0.0151782861780874,0.0495856688180725,0.0338822096479474,0.0308817484062973
HCAP,18,0.0154394744527276,0.0311709273801131
CORECAP,18,1.66269771172722e-08,1.19999718600892,1.19999917916154,5.68796820265644e-08
HADC,18,0.0286358222509835,0.0442295178313517
DEADLINE,18,-0.00178867613026031,1.19760770328053
RESULT,18,0.02,-0.016,-1,1.19e-09,6.52249999999998e-10
RESET,18,1.35393634735435e-07,9.89485776522661e-06,9.22966142311072e-06,1.35214067594865e-07,1.19998363622644,6.77484078800939e-06
ENERGY,18,8,0,0,0
ENERGY,18,7,3.42019129408053e-16,1.05954583515906e-15,7.17526705751004e-16
ENERGY,18,6,1.11850417050313e-15,2.8651620731441e-15,1.74665790264071e-15
ENERGY,18,5,-6.68597445390604e-17,1.00136218111978e-19,6.69598807569908e-17
ENERGY,18,4,-2.44972556776962e-17,2.02802015226146e-18,2.65252758299836e-17
ENERGY,18,3,5.47374810639871e-15,5.47374810639871e-15,0
ENERGY,18,2,1.71469594787087e-14,1.81185603314037e-14,9.71600852696325e-16
ENERGY,18,1,1.44822801145265e-14,1.53471447142302e-14,8.64864599702417e-16
ENERGY,18,0,1.27744990387114e-14,1.3640910073911e-14,8.66411035200235e-16
HPRE,19,0.02803069645882,0.0120895966969721
......9......8...BIASED,19,0.0307693856084779,0.0339945920176146,0.0494733082264492,0.0152906703518764
HCAP,19,0.0310582738972043,0.0155519606189814
CORECAP,19,-1.68677499201537e-07,1.20000414528538,1.19999890558798,9.81264447884457e-08
HADC,19,0.0441181298664843,0.0287470377563946
DEADLINE,19,-0.00178872744696931,1.19760760022305
RESULT,19,0.02,0.016,-1,1.19e-09,6.45749999999998e-10
RESET,19,1.35198221335918e-07,9.89317986122339e-06,9.22811308788818e-06,1.35253911436721e-07,1.19998363622625,6.77484171180459e-06
ENERGY,19,8,0,0,0
ENERGY,19,7,3.42142049611158e-16,1.05782559308054e-15,7.15683543469445e-16
ENERGY,19,6,1.11850306906078e-15,2.865129228099e-15,1.74662615903801e-15
ENERGY,19,5,-4.31132284126591e-17,1.81588781140822e-19,4.32948171938378e-17
ENERGY,19,4,-4.37866678531124e-17,1.64846030854684e-17,6.0271270938669e-17
ENERGY,19,3,5.47374146910575e-15,5.47374146910575e-15,0
ENERGY,19,2,1.73132334198279e-14,1.81394019125445e-14,8.26168492717662e-16
ENERGY,19,1,1.25735770036016e-14,1.34388550279726e-14,8.65278024373686e-16
ENERGY,19,0,1.44947986221455e-14,1.53609085933275e-14,8.6610997118477e-16
HPRE,20,0.032051749487565,0.00806854880107833
BIASED,20,0.0347514385472767,0.03001254535642,0.0534553589814222,0.0113086234894229
......9......8....HCAP,20,0.0352713449248892,0.0113276666622216
CORECAP,20,1.1999997028111,4.65903194669937e-08,1.20000147010317,2.58599464246693e-08
HADC,20,0.0480814338857993,0.0247825040020532
DEADLINE,20,1.19967049856685,8.91844599720117e-05
RESULT,20,0.02,0.024,1,0,1.19e-09
RESET,20,1.35206564807801e-07,6.88458893852431e-06,6.49679885035899e-06,1.35415606002334e-07,1.20000014067013,3.97552928399571e-07
ENERGY,20,8,0,0,0
ENERGY,20,7,2.86729087621868e-16,9.18326523400065e-16,6.31597435778274e-16
ENERGY,20,6,1.11850498400067e-15,2.86397124044681e-15,1.74546625644612e-15
ENERGY,20,5,-2.00585800855757e-17,2.85323342001637e-20,2.00871124196695e-17
ENERGY,20,4,-6.24216791458195e-17,6.04669383036788e-18,6.8468372976244e-17
ENERGY,20,3,5.47371901020888e-15,5.47371901020888e-15,0
ENERGY,20,2,2.11597314107823e-15,2.87924521766514e-15,7.6327207659141e-16
ENERGY,20,1,1.23178849287736e-14,1.31860515192247e-14,8.68166590450365e-16
ENERGY,20,0,1.35899908869002e-14,1.44551363876108e-14,8.65145500710988e-16
HPRE,21,0.022077908707256,0.0220349774707042
BIASED,21,0.0250425967871576,0.0436116753361592,0.0437465176502596,0.0249077524449239
HCAP,21,0.0253193793745238,0.0251842924701035
CORECAP,21,1.35295575143916e-07,1.20000150712509,1.20000005093271,-5.29295065260811e-08
HADC,21,0.0384294077025417,0.0382952228919959
DEADLINE,21,-0.00178869299244544,1.19760732120341
......9......8.....RESULT,21,0.022,0,-1,1.19e-09,6.11499999999999e-10
RESET,21,1.35426196458749e-07,9.89415571119946e-06,9.22906339228689e-06,1.35426317261e-07,1.19998363622637,6.77484088922819e-06
ENERGY,21,8,0,0,0
ENERGY,21,7,3.42139159989805e-16,1.05916831701501e-15,7.17029157025263e-16
ENERGY,21,6,1.12110483499685e-15,2.86655485179024e-15,1.74545001679374e-15
ENERGY,21,5,-3.77589746566446e-17,1.09759650060322e-17,4.87349396626888e-17
ENERGY,21,4,-6.27436785227602e-17,3.56674258026709e-19,6.31003527809561e-17
ENERGY,21,3,5.4646305939182e-15,5.4646305939182e-15,0
ENERGY,21,2,1.72697768343745e-14,1.80786886471418e-14,8.08911812771307e-16
ENERGY,21,1,1.30231280204901e-14,1.38903463075956e-14,8.67218287105137e-16
ENERGY,21,0,1.31692034019675e-14,1.40376230548265e-14,8.68419652856648e-16
HPRE,22,0.0100826517385868,0.0340372344352919
BIASED,22,0.0133108900359073,0.0553677426895264,0.0320148116651368,0.0366638225427093
HCAP,22,0.0133377635556376,0.0371831533222712
CORECAP,22,1.38748274529385e-07,1.20009057358412,5.41490319853687e-05,1.19999979805008
HADC,22,0.0267714632043482,0.0499811575667465
DEADLINE,22,1.19966930522165,8.84650722617384e-05
RESULT,22,0.022,-0.024,1,0,1.19e-09
......9......8......RESET,22,1.3496197448996e-07,1.2620292159916e-07,1.25519249708147e-07,1.35240173996217e-07,1.20000014059396,3.9753259615056e-07
ENERGY,22,8,0,0,0
ENERGY,22,7,2.86687756687093e-16,9.18303495277017e-16,6.3161573858967e-16
ENERGY,22,6,1.12010104644124e-15,2.86694923872812e-15,1.74684819228719e-15
ENERGY,22,5,-5.50751012895511e-17,1.74103073601962e-17,7.24854086497768e-17
ENERGY,22,4,-3.25111907197551e-17,1.1276786122271e-19,3.26239585807795e-17
ENERGY,22,3,5.46455605080882e-15,5.46455605080882e-15,0
ENERGY,22,2,2.35500973686425e-15,3.09308712187249e-15,7.38077385007021e-16
ENERGY,22,1,1.35761156398984e-14,1.44405853464612e-14,8.6446970655803e-16
ENERGY,22,0,1.21047040432099e-14,1.29885529685946e-14,8.83848925382991e-16
HPRE,23,0.0140536133307487,0.0300662634645724
BIASED,23,0.0171356052157173,0.0515429751078741,0.0358395265381013,0.0328390552659609
HCAP,23,0.0174003272246237,0.0331317854354197
CORECAP,23,9.06857126642842e-08,1.20000050015164,1.19999898836568,1.95564670155971e-07
HADC,23,0.0305795378985349,0.0461732363657902
DEADLINE,23,-0.0017886833411791,1.19760759705968
RESULT,23,0.022,-0.016,-1,1.19e-09,6.51749999999998e-10
......9......8......7RESET,23,1.34949309364348e-07,9.89490831043381e-06,9.22987668752418e-06,1.35409532950936e-07,1.19998363622641,6.7748410116516e-06
ENERGY,23,8,0,0,0
ENERGY,23,7,3.42142651542367e-16,1.05967646142639e-15,7.17533809884056e-16
ENERGY,23,6,1.12008817008869e-15,2.86804279424769e-15,1.74795462415852e-15
ENERGY,23,5,-7.13688424836241e-17,1.07318022775613e-19,7.14761605063817e-17
ENERGY,23,4,-2.84217057119378e-17,2.42933679015789e-18,3.08510425020924e-17
ENERGY,23,3,5.46458305238167e-15,5.46458305238167e-15,0
ENERGY,23,2,1.71450868629897e-14,1.81188102739941e-14,9.73723411005815e-16
ENERGY,23,1,1.44573034611189e-14,1.53221370346378e-14,8.64833573514418e-16
ENERGY,23,0,1.27587934523399e-14,1.36251868292748e-14,8.66393376937919e-16
HPRE,24,0.0300304906198379,0.0140893877403618
BIASED,24,0.032726709713552,0.0359518967718534,0.0514306281857333,0.0172479752869367
HCAP,24,0.0330191593920031,0.0175128128360682
CORECAP,24,-1.64581849045077e-07,1.20000003915932,1.19999902792922,6.78663906234899e-08
HADC,24,0.0460618566925487,0.0306907379855497
DEADLINE,24,-0.00178870437485158,1.19760759819213
RESULT,24,0.022,0.016,-1,1.18999999999999e-09,6.45249999999984e-10
......9......8......7.RESET,24,1.35393320627222e-07,9.89338651389146e-06,9.22814986491788e-06,1.34964895401163e-07,1.19998363622621,6.7748420361943e-06
ENERGY,24,8,0,0,0
ENERGY,24,7,3.42142763239332e-16,1.05783855432472e-15,7.15695791085734e-16
ENERGY,24,6,1.11624701849792e-15,2.86422307872447e-15,1.7479760602263e-15
ENERGY,24,5,-4.90761067396279e-17,2.11867281115705e-19,4.9287974020615e-17
ENERGY,24,4,-4.62581165201725e-17,1.81096204848682e-17,6.43677370048761e-17
ENERGY,24,3,5.46457645597427e-15,5.46457645597427e-15,0
ENERGY,24,2,1.73128217377196e-14,1.81392247037579e-14,8.26402966038022e-16
ENERGY,24,1,1.25588612932875e-14,1.34241016576794e-14,8.65240364393538e-16
ENERGY,24,0,1.44711733306435e-14,1.53372492487563e-14,8.66075918114155e-16
HPRE,25,0.0340515424603323,0.0100683410588457
BIASED,25,0.0367087549557291,0.0319698564755458,0.0554126794420794,0.0132659349965341
HCAP,25,0.0372280626196111,0.013292614474175
CORECAP,25,1.19999979438922,3.81775066203679e-08,1.20000049872252,9.69228306549443e-08
HADC,25,0.0500251879144994,0.0267261697325066
DEADLINE,25,1.19967050008296,8.91848183559695e-05
RESULT,25,0.022,0.024,1,0,1.19e-09
RESET,25,1.35402454365543e-07,6.88431668894681e-06,6.4968184456927e-06,1.34968455929273e-07,1.20000014067013,3.97552930083039e-07
ENERGY,25,8,0,0,0
ENERGY,25,7,2.86729043492974e-16,9.18330300784795e-16,6.31601257291656e-16
ENERGY,25,6,1.11624943165849e-15,2.86303607569553e-15,1.74678664403679e-15
ENERGY,25,5,-2.48740743418392e-17,3.56751560013104e-20,2.49097494978355e-17
ENERGY,25,4,-6.60416602312462e-17,6.44923365583846e-18,7.24908938871842e-17
ENERGY,25,3,5.46455400334296e-15,5.46455400334296e-15,0
ENERGY,25,2,2.11595775187674e-15,2.87855764898649e-15,7.6259989711157e-16
ENERGY,25,1,1.23041010891853e-14,1.31722212775509e-14,8.68120188366616e-16
ENERGY,25,0,1.35653987512634e-14,1.44305210988091e-14,8.65122347543506e-16
HPRE,26,0.0250758503032207,0.0250329210268258
......9......8......7..BIASED,26,0.0279724891369673,0.0465415781976354,0.0466764158527511,0.027837690187792
HCAP,26,0.0282545972971853,0.0281195262908995
CORECAP,26,1.30765800358575e-07,1.19999942888395,1.20000261689138,1.27043555271354e-07
HADC,26,0.0413389540976025,0.0412047831690945
DEADLINE,26,-0.00178867042251444,1.1976072772451
RESULT,26,0.025,0,-1,1.18999999999999e-09,6.10999999999991e-10
RESET,26,1.35166119914143e-07,9.89390437149714e-06,9.22881589354439e-06,1.35166082956888e-07,1.19998363622631,6.77484135391607e-06
ENERGY,26,8,0,0,0
ENERGY,26,7,3.42139575158666e-16,1.05917347832475e-15,7.17033903165986e-16
ENERGY,26,6,1.1162538909624e-15,2.86569140353556e-15,1.74943751257325e-15
ENERGY,26,5,-4.03207234209234e-17,1.36955956754768e-17,5.40163190965412e-17
ENERGY,26,4,-6.7770723785539e-17,3.80839832884639e-19,6.81515636183833e-17
ENERGY,26,3,5.45096818502014e-15,5.45096818502014e-15,0
ENERGY,26,2,1.72698707386317e-14,1.80789411126893e-14,8.09070374057866e-16
ENERGY,26,1,1.29984081965431e-14,1.38666311505319e-14,8.68222953989692e-16
ENERGY,26,0,1.31443759394407e-14,1.40138000156487e-14,8.6942407621265e-16
HPRE,27,0.0130823388737441,0.0370369250980485
BIASED,27,0.0162468505556121,0.0583037203817512,0.0349507719582859,0.0395998004079893
......9......8......7...HCAP,27,0.0162852302698137,0.040118305760558
CORECAP,27,7.97059059152799e-08,1.20008973425856,5.41956831625611e-05,1.20000008946899
HADC,27,0.0296869536044841,0.0528968103926625
DEADLINE,27,1.19966930931635,8.84658989246051e-05
RESULT,27,0.025,-0.024,1,0,1.18999999999999e-09
RESET,27,1.35337537895655e-07,1.26375243367214e-07,1.25688812679857e-07,1.3513182834905e-07,1.20000014059397,3.9753259807607e-07
ENERGY,27,8,0,0,0
ENERGY,27,7,2.86687823347062e-16,9.18307231553322e-16,6.31619408206244e-16
ENERGY,27,6,1.11625691571463e-15,2.86341881298165e-15,1.74716189726773e-15
ENERGY,27,5,-5.83782455559745e-17,1.90001659052859e-17,7.73784114610855e-17
ENERGY,27,4,-4.02591154914846e-17,1.46617345380593e-19,4.04057328366067e-17
ENERGY,27,3,5.45080837773949e-15,5.45080837773949e-15,0
ENERGY,27,2,2.35504641199966e-15,3.09234013609686e-15,7.37293724102837e-16
ENERGY,27,1,1.35411980682548e-14,1.44056282929696e-14,8.64430224713964e-16
ENERGY,27,0,1.20856212031166e-14,1.29693428743085e-14,8.83721671193659e-16
HPRE,28,0.0170533042554456,0.0330659522067682
BIASED,28,0.0200715749357324,0.0544789382009141,0.0387754961466386,0.0357750180664348
HCAP,28,0.0203416019761954,0.0360730692138356
CORECAP,28,1.37515334843747e-07,1.20000279767068,1.19999915381887,1.93090786137137e-07
......9......8......7....HADC,28,0.0334951051803076,0.0490888140692016
DEADLINE,28,-0.00178866100949801,1.19760755369025
RESULT,28,0.025,-0.016,-1,1.18999999999999e-09,6.5074999999999e-10
RESET,28,1.35166967447964e-07,9.89479485602734e-06,9.22963893336046e-06,1.35142453467615e-07,1.19998363622019,6.77488899237174e-06
ENERGY,28,8,0,0,0
ENERGY,28,7,3.42082014306585e-16,1.05964404585389e-15,7.17562031547276e-16
ENERGY,28,6,1.11625396825861e-15,2.86450186068006e-15,1.74824789242135e-15
ENERGY,28,5,-7.80745455389214e-17,1.18098079103739e-19,7.81926436180523e-17
ENERGY,28,4,-3.42503945464776e-17,3.03154196782014e-18,3.72819365141855e-17
ENERGY,28,3,5.45083536183568e-15,5.45083536183568e-15,0
ENERGY,28,2,1.71486624211358e-14,1.81190765709065e-14,9.70414149772916e-16
ENERGY,28,1,1.44233498398137e-14,1.52881381892636e-14,8.64788349454563e-16
ENERGY,28,0,1.27383440575985e-14,1.36046832645647e-14,8.66339206970277e-16
HPRE,29,0.0330301818569839,0.0170890742249356
BIASED,29,0.0356626903707634,0.038887853847588,0.0543666105720438,0.0201839325375476
HCAP,29,0.0359604166093125,0.020454024580534
CORECAP,29,4.79703464521655e-08,1.20000016008893,1.19999897473214,1.41149368505013e-07
HADC,29,0.048977445573473,0.0336062866713132
DEADLINE,29,-0.00178870641836857,1.19760747504585
RESULT,29,0.025,0.016,-1,1.18999999999999e-09,6.44249999999983e-10
......9......8......7.....RESET,29,1.35126971797976e-07,9.89303951367959e-06,9.22798047647934e-06,1.35183031821704e-07,1.19998363622007,6.77488954739986e-06
ENERGY,29,8,0,0,0
ENERGY,29,7,3.42082190917135e-16,1.05781402640035e-15,7.15731835483662e-16
ENERGY,29,6,1.11625316849144e-15,2.86454048849895e-15,1.7482873200076e-15
ENERGY,29,5,-5.85149223299048e-17,2.57292411376282e-19,5.87722147415577e-17
ENERGY,29,4,-4.96125298310946e-17,2.08383560024168e-17,7.04508858333322e-17
ENERGY,29,3,5.45082881187307e-15,5.45082881187307e-15,0
ENERGY,29,2,1.73156298935912e-14,1.81389722613476e-14,8.23342367753002e-16
ENERGY,29,1,1.2537382308822e-14,1.34025808045578e-14,8.6519849574024e-16
ENERGY,29,0,1.4436573008496e-14,1.53025997966576e-14,8.66026788159409e-16
HPRE,30,0.0370512319330248,0.0130680293701476
BIASED,30,0.0396447294848346,0.0349058225225322,0.0583486494592309,0.0162019009755266
HCAP,30,0.0401631682225558,0.0162400670264987
CORECAP,30,1.20000009058628,-9.42318956425808e-08,1.20000259610999,1.39192280932039e-07
HADC,30,0.0529408284734244,0.0296416695055765
DEADLINE,30,1.19967050232261,8.91853450704762e-05
RESULT,30,0.025,0.024,1,0,1.19e-09
......9......8......7......RESET,30,1.35134558205139e-07,6.8844835080783e-06,6.49655247953951e-06,1.35334865999687e-07,1.20000014067013,3.97552928380138e-07
ENERGY,30,8,0,0,0
ENERGY,30,7,2.86728886415842e-16,9.18330058755144e-16,6.31601172339664e-16
ENERGY,30,6,1.11624366600385e-15,2.8633742303169e-15,1.74713056431356e-15
ENERGY,30,5,-3.16375345410647e-17,4.63967076258077e-20,3.16839312487454e-17
ENERGY,30,4,-7.03184786738075e-17,7.05327279016482e-18,7.73717514641097e-17
ENERGY,30,3,5.45080633724262e-15,5.45080633724262e-15,0
ENERGY,30,2,2.11592172921221e-15,2.87753358721354e-15,7.61611858000182e-16
ENERGY,30,1,1.22839578566638e-14,1.31520444943512e-14,8.68086637679538e-16
ENERGY,30,0,1.35293609777797e-14,1.43944363643237e-14,8.65075386543728e-16
HPRE,31,0.0300718392041238,0.0300289114171385
BIASED,31,0.0328536279622608,0.0514227337219505,0.0515575483794473,0.0327188133508605
HCAP,31,0.0331445579998139,0.0330095071887951
CORECAP,31,1.32339858714649e-07,1.20000154510354,1.20000009870387,-5.81771695303567e-08
HADC,31,0.0461861952760472,0.0460520423558474
DEADLINE,31,-0.00178867212623999,1.19760707161051
RESULT,31,0.03,0,-1,1.19e-09,6.09749999999997e-10
......9......8......7......6RESET,31,1.35260482609452e-07,9.89401479493812e-06,9.22892376319711e-06,1.35260090495663e-07,1.19998363622148,6.77487866718542e-06
ENERGY,31,8,0,0,0
ENERGY,31,7,3.41970290993115e-16,1.05916591184589e-15,7.17195620853266e-16
ENERGY,31,6,1.11626468708466e-15,2.86618470224796e-15,1.74992001516297e-15
ENERGY,31,5,-4.54741184307454e-17,1.88363412092817e-17,6.43104596398333e-17
ENERGY,31,4,-7.66459600889245e-17,1.93894125798444e-19,7.68398542147441e-17
ENERGY,31,3,5.42822569311479e-15,5.42822569311479e-15,0
ENERGY,31,2,1.72734648037369e-14,1.80794952846967e-14,8.06030480956601e-16
ENERGY,31,1,1.29556250202923e-14,1.38258769530736e-14,8.70251932780767e-16
ENERGY,31,0,1.31014326111247e-14,1.39728788274639e-14,8.7144621634289e-16
HPRE,32,0.0180818174364052,0.0420364095760848
BIASED,32,0.0211401177975698,0.0631970177949184,0.0398440388469172,0.0444930978752392
HCAP,32,0.0211976520892535,0.0450101457357896
CORECAP,32,-2.01148133063475e-07,1.20008893399976,5.34630352153487e-05,1.19999974283725
HADC,32,0.0345461126390652,0.0577562241193873
DEADLINE,32,1.19966931317806,8.84658988940346e-05
RESULT,32,0.03,-0.024,1,0,1.18999999999999e-09
......9......8......7......6.RESET,32,1.35267085485871e-07,1.26322410381789e-07,1.25761959018131e-07,1.35535600975845e-07,1.20000014059412,3.97532638419074e-07
ENERGY,32,8,0,0,0
ENERGY,32,7,2.86687766245028e-16,9.18309328018347e-16,6.31621561773032e-16
ENERGY,32,6,1.11626735679263e-15,2.8639657173256e-15,1.74769836053313e-15
ENERGY,32,5,-6.50390317237669e-17,2.2048053391451e-17,8.70870851151415e-17
ENERGY,32,4,-5.39235589561927e-17,2.03052461573107e-19,5.41266114181137e-17
ENERGY,32,3,5.42789572295761e-15,5.42789572295761e-15,0
ENERGY,32,2,2.35509260401048e-15,3.09112508069174e-15,7.36032476674762e-16
ENERGY,32,1,1.34832285792479e-14,1.43475840594978e-14,8.64355480250969e-16
ENERGY,32,0,1.20529482188951e-14,1.29365077130418e-14,8.83559494149254e-16
HPRE,33,0.0220527864923529,0.0380654330200256
BIASED,33,0.0249648615002408,0.0593722153748904,0.0436687823772171,0.0406682954071227
HCAP,33,0.0252436793087446,0.0409751693805451
CORECAP,33,1.40546816420714e-07,1.20000442237547,1.20000004747005,1.88596912199992e-07
HADC,33,0.0383543856771532,0.0539481096251152
DEADLINE,33,-0.00178866359219906,1.1976073487484
RESULT,33,0.03,-0.016,-1,1.18999999999999e-09,6.49249999999988e-10
RESET,33,1.3524978314462e-07,9.89526868845261e-06,9.22973381726887e-06,1.3507832461743e-07,1.19998363622011,6.77488964266898e-06
ENERGY,33,8,0,0,0
ENERGY,33,7,3.42082508027405e-16,1.05969350545348e-15,7.17610997425827e-16
ENERGY,33,6,1.116264690726e-15,2.86498668578021e-15,1.74872199505359e-15
ENERGY,33,5,-8.80031798477728e-17,1.36084080314134e-19,8.81392639278205e-17
ENERGY,33,4,-4.31604277991219e-17,4.03582658540825e-18,4.71962543843678e-17
ENERGY,33,3,5.42792268372679e-15,5.42792268372679e-15,0
ENERGY,33,2,1.7149241463552e-14,1.811969343497e-14,9.7045197141895e-16
ENERGY,33,1,1.43669990048739e-14,1.52317119470834e-14,8.64712942205664e-16
ENERGY,33,0,1.27036179056866e-14,1.35698847053452e-14,8.66266799660844e-16
HPRE,34,0.038029666943342,0.0220885521376032
BIASED,34,0.0405559896243207,0.0437811144162236,0.0592599096726181,0.0250771936407153
......9......8......7......6..HCAP,34,0.040862574696376,0.0253561208095584
CORECAP,34,1.66197889277304e-07,1.20000455841442,1.19999934474888,1.41091468706341e-07
HADC,34,0.0538367650163869,0.038465548370057
DEADLINE,34,-0.00178870895356947,1.19760726950309
RESULT,34,0.03,0.016,-1,1.18999999999999e-09,6.42749999999981e-10
RESET,34,1.35534737003507e-07,9.89320400085476e-06,9.22831206219717e-06,1.35265336585019e-07,1.19998363622132,6.7748798051024e-06
ENERGY,34,8,0,0,0
ENERGY,34,7,3.42082386587664e-16,1.05789019473686e-15,7.15807808149147e-16
ENERGY,34,6,1.11626388133057e-15,2.86498161459403e-15,1.74871773326367e-15
ENERGY,34,5,-7.23858597923556e-17,4.63026201534959e-20,7.24321624126213e-17
ENERGY,34,4,-5.41459754373218e-17,2.46873062586072e-17,7.88332816959531e-17
ENERGY,34,3,5.42791617317964e-15,5.42791617317964e-15,0
ENERGY,34,2,1.73147416469463e-14,1.81385790438415e-14,8.23837396894267e-16
ENERGY,34,1,1.25025959085677e-14,1.33677132339495e-14,8.65117325389399e-16
ENERGY,34,0,1.43807431147011e-14,1.52466897516078e-14,8.65946636911128e-16
HPRE,35,0.0420507167725956,0.0180675105511447
BIASED,35,0.0445380192360162,0.0397990982806224,0.0632419389900518,0.0210951771903597
......9......8......7......6...HCAP,35,0.0450550097965216,0.0211524973729508
CORECAP,35,1.1999997400466,-4.19306006832124e-08,1.20000260288952,1.40270461945747e-07
HADC,35,0.0578001653269446,0.0345008017313537
DEADLINE,35,1.19967050630818,8.91863651292943e-05
RESULT,35,0.03,0.024,1,0,1.19e-09
RESET,35,1.35538181158915e-07,6.88451371562152e-06,6.4968852133592e-06,1.35265403340687e-07,1.20000014067012,3.97552924830795e-07
ENERGY,35,8,0,0,0
ENERGY,35,7,2.86728919346522e-16,9.18327780815757e-16,6.31598861469382e-16
ENERGY,35,6,1.11064155142616e-15,2.86387147689053e-15,1.75322992546474e-15
ENERGY,35,5,-4.32829312855274e-17,6.42855232373253e-20,4.33472168085203e-17
ENERGY,35,4,-7.89981494242028e-17,8.06061497495819e-18,8.70587643989824e-17
ENERGY,35,3,5.42789359889755e-15,5.42789359889755e-15,0
ENERGY,35,2,2.11584403922722e-15,2.87588156392194e-15,7.60037524689476e-16
ENERGY,35,1,1.22539161717144e-14,1.31219613348115e-14,8.68045163091122e-16
ENERGY,35,0,1.34740470177036e-14,1.43390419882357e-14,8.64994970536265e-16
HPRE,36,0.0400620728930039,0.0400191522908791
BIASED,36,0.0426098386309573,0.0611789870575742,0.0613137584991022,0.0424750672457471
HCAP,36,0.0429184273226557,0.0427834190784978
CORECAP,36,-1.30645101311374e-07,1.20000461547626,1.20000010699272,6.4591713653242e-08
HADC,36,0.0558746648792746,0.0557405535930303
DEADLINE,36,-0.0017883773478021,1.1976066847896
......9......8......7......6....RESULT,36,0.04,0,-1,1.19e-09,6.07499999999987e-10
RESET,36,1.4585368822695e-07,9.90125690181383e-06,9.2364891638292e-06,1.4586503523879e-07,1.1999836362216,6.77488097320806e-06
ENERGY,36,8,0,0,0
ENERGY,36,7,3.43271008628666e-16,1.05919661717341e-15,7.15925608544891e-16
ENERGY,36,6,1.10487142083987e-15,2.86119314398455e-15,1.75632172314395e-15
ENERGY,36,5,-5.13231046989546e-17,3.30075427810122e-17,8.43306474795731e-17
ENERGY,36,4,-8.8831034264456e-17,6.57802255626369e-20,8.88968144900915e-17
ENERGY,36,3,5.38282535463328e-15,5.38282535463328e-15,0
ENERGY,36,2,1.72737223115316e-14,1.80800159299911e-14,8.06293618469963e-16
ENERGY,36,1,1.28778880976097e-14,1.37532609056073e-14,8.75372807999995e-16
ENERGY,36,0,1.30233886690532e-14,1.38999573960877e-14,8.76568727041591e-16
HPRE,37,0.0280807744334995,0.0520353784644386
BIASED,37,0.0309266502731727,0.0729836082611139,0.0496305708039235,0.0542796889065492
HCAP,37,0.031022502132888,0.0547937490929905
CORECAP,37,1.39566425962354e-07,1.20008761419357,5.31479613258597e-05,1.19999958829031
HADC,37,0.0442644260180129,0.0674750596219365
DEADLINE,37,1.19966932766871,8.84685434467231e-05
RESULT,37,0.04,-0.024,1,0,1.18999999999999e-09
......9......8......7......6.....RESET,37,1.45835238840668e-07,1.26362444951655e-07,1.35024422108832e-07,1.3541025677215e-07,1.20000014059402,3.97532638751748e-07
ENERGY,37,8,0,0,0
ENERGY,37,7,2.87898710483367e-16,9.18305226883509e-16,6.30406516399979e-16
ENERGY,37,6,1.10487355538842e-15,2.85901687835007e-15,1.75414332296112e-15
ENERGY,37,5,-7.95279105278563e-17,2.81667624807401e-17,1.07694673008581e-16
ENERGY,37,4,-8.22725557318468e-17,4.38220038791385e-20,8.23163777355566e-17
ENERGY,37,3,5.38207063265985e-15,5.38207063265985e-15,0
ENERGY,37,2,2.35416639605054e-15,3.08787874542204e-15,7.3371234937691e-16
ENERGY,37,1,1.33782415737518e-14,1.42424593587621e-14,8.64217785006708e-16
ENERGY,37,0,1.1995175252943e-14,1.28784296123993e-14,8.83254359457907e-16
HPRE,38,0.0320517497264478,0.0480643929304893
BIASED,38,0.0347514331284409,0.0691587642497968,0.0534553534269818,0.0504548449295175
HCAP,38,0.0350479106495582,0.0507794412700081
CORECAP,38,1.15421438503025e-07,1.19999934524062,1.19999959257848,4.43961863643432e-08
HADC,38,0.0480729551221839,0.0636667042002666
DEADLINE,38,-0.00178836969278323,1.19760697054061
RESULT,38,0.04,-0.016,-1,1.18999999999999e-09,6.46249999999985e-10
......9......8......7......6......RESET,38,1.45832722133883e-07,9.89476533294307e-06,9.23740303679814e-06,1.35442544019832e-07,1.19998363622188,6.7748800945553e-06
ENERGY,38,8,0,0,0
ENERGY,38,7,3.43272123742819e-16,1.05978716061065e-15,7.16515036867703e-16
ENERGY,38,6,1.10487137313143e-15,2.86007488530359e-15,1.75520351217261e-15
ENERGY,38,5,-1.12645363632731e-16,1.72129920932148e-19,1.12817493553268e-16
ENERGY,38,4,-6.37783245651585e-17,6.04669646459006e-18,6.98250210299036e-17
ENERGY,38,3,5.38209751857822e-15,5.38209751857822e-15,0
ENERGY,38,2,1.71498406286318e-14,1.81203336653385e-14,9.70493036701338e-16
ENERGY,38,1,1.4265087772579e-14,1.5129648411577e-14,8.64560638996331e-16
ENERGY,38,0,1.2641994750743e-14,1.35080887854276e-14,8.66094034687688e-16
HPRE,39,0.0480286380645771,0.0320875071005484
BIASED,39,0.0503425936175162,0.0535676376448461,0.0690465133169247,0.0348637172903025
HCAP,39,0.0506668159727293,0.03516021291223
CORECAP,39,-4.23521822123675e-08,1.1999985529439,1.19999897190494,2.44763408994048e-08
HADC,39,0.0635552366377967,0.0481839342885858
DEADLINE,39,-0.00178873302134429,1.19760654152354
RESULT,39,0.04,0.016,-1,1.18999999999999e-09,6.39999999999985e-10
......9......8......7......6......5RESET,39,1.35426794197686e-07,9.90043259724999e-06,9.22836778539715e-06,1.45833726903229e-07,1.19998363622133,6.77488139161134e-06
ENERGY,39,8,0,0,0
ENERGY,39,7,3.43314031620749e-16,1.05798666121137e-15,7.14672629590459e-16
ENERGY,39,6,1.10473191016605e-15,2.85996417628567e-15,1.75523226611952e-15
ENERGY,39,5,-1.0336498054274e-16,6.73804752524054e-20,1.03432361018127e-16
ENERGY,39,4,-6.84094255138561e-17,3.28494602425266e-17,1.01258885756573e-16
ENERGY,39,3,5.38209160521106e-15,5.38209160521106e-15,0
ENERGY,39,2,1.7313062264812e-14,1.81375140058503e-14,8.24451741033673e-16
ENERGY,39,1,1.24453502035966e-14,1.33058667927812e-14,8.60516589191152e-16
ENERGY,39,0,1.42843881077603e-14,1.51457197759041e-14,8.61331668128958e-16
HPRE,40,0.052049679672641,0.0280664706981682
BIASED,40,0.0543245864816102,0.0495856513900757,0.0730285057609669,0.0308817309498259
HCAP,40,0.0548385360941978,0.0309773149516632
CORECAP,40,1.19999959404822,1.63743425150788e-07,1.20000265643588,2.33877003496422e-08
HADC,40,0.0675189748946311,0.0442190960365535
DEADLINE,40,1.19967051443125,8.91881185906024e-05
RESULT,40,0.04,0.024,1,0,1.19e-09
RESET,40,1.35413868788136e-07,6.89282131097218e-06,6.49684801283704e-06,1.4586155833695e-07,1.20000014067023,3.97552862799775e-07
ENERGY,40,8,0,0,0
ENERGY,40,7,2.87941258879347e-16,9.18326930310471e-16,6.30385671430307e-16
ENERGY,40,6,1.10473371390592e-15,2.85883826034212e-15,1.7541045464362e-15
ENERGY,40,5,-6.72981829102488e-17,1.0013618947703e-19,6.73983191001067e-17
ENERGY,40,4,-9.80795579022148e-17,1.00775988009895e-17,1.08157156703299e-16
ENERGY,40,3,5.38206907382771e-15,5.38206907382771e-15,0
ENERGY,40,2,2.11490091214432e-15,2.87189955394654e-15,7.56998641799997e-16
ENERGY,40,1,1.21981011695589e-14,1.30614798241243e-14,8.63378654577247e-16
ENERGY,40,0,1.33709198213147e-14,1.42313004452907e-14,8.60380623975853e-16
HPRE,41,0.0500610286534351,0.050018123448175
......9......8......7......6......5.BIASED,41,0.0523963955468403,0.0709656148390845,0.071100312500849,0.0522616929022397
HCAP,41,0.0527226514722352,0.0525877028899288
CORECAP,41,1.16749052529733e-07,1.19999944354081,1.20000017242789,1.02001807178372e-07
HADC,41,0.0655930674975473,0.0654590064262594
DEADLINE,41,-0.00178831843942439,1.1976062273816
RESULT,41,0.05,0,-1,1.19e-09,6.05499999999998e-10
RESET,41,1.45653523501489e-07,9.90099709072837e-06,9.23647051804424e-06,1.45675738568299e-07,1.19998363622117,6.77488605922377e-06
ENERGY,41,8,0,0,0
ENERGY,41,7,3.43263324173512e-16,1.05925775158288e-15,7.15994427409459e-16
ENERGY,41,6,1.10475381132745e-15,2.86173893395732e-15,1.75698512263037e-15
ENERGY,41,5,-6.16455116645349e-17,4.42557732688475e-17,1.05901284933352e-16
ENERGY,41,4,-1.11383539505344e-16,8.24669539935905e-20,1.11466006459379e-16
ENERGY,41,3,5.33700307816253e-15,5.33700307816253e-15,0
ENERGY,41,2,1.72740341108851e-14,1.8080773968148e-14,8.06739857253194e-16
ENERGY,41,1,1.28108911710137e-14,1.36816313542976e-14,8.70740183287773e-16
ENERGY,41,0,1.29561088966674e-14,1.38280554152567e-14,8.71946518593723e-16
HPRE,42,0.0380797315081494,0.0620343475182511
BIASED,42,0.0407131829272997,0.0827702023153729,0.0594171027230845,0.0640662833803277
......9......8......7......6......5..HCAP,42,0.0408474046843616,0.0645773015078055
CORECAP,42,1.40271118336898e-07,1.20008641862413,5.1889857328928e-05,1.19999960372109
HADC,42,0.0539826666648296,0.0771938371374399
DEADLINE,42,1.19966934180266,8.84714221579901e-05
RESULT,42,0.05,-0.024,1,0,1.18999999999999e-09
RESET,42,1.45668185198354e-07,1.35545350243638e-07,1.3486153077298e-07,1.4570258115947e-07,1.20000014059405,3.97532652577078e-07
ENERGY,42,8,0,0,0
ENERGY,42,7,2.87899019047973e-16,9.18308209285782e-16,6.30409190238012e-16
ENERGY,42,6,1.1047565728154e-15,2.85971121012711e-15,1.7549546373119e-15
ENERGY,42,5,-9.18714581901639e-17,3.42722134697429e-17,1.26143671659737e-16
ENERGY,42,4,-1.0885794682436e-16,5.95097827023319e-20,1.08917456607007e-16
ENERGY,42,3,5.33624679591725e-15,5.33624679591725e-15,0
ENERGY,42,2,2.35426793491713e-15,3.08578642217249e-15,7.31518487268784e-16
ENERGY,42,1,1.32819161117466e-14,1.41415259968615e-14,8.59609885127643e-16
ENERGY,42,0,1.19417967115689e-14,1.28203729166774e-14,8.78576205110729e-16
HPRE,43,0.0420507155020778,0.0580633538530404
BIASED,43,0.0445380123869806,0.0789453125533793,0.0632419318115358,0.0602413935591468
HCAP,43,0.0448521100974516,0.0605836477265136
CORECAP,43,1.45158511836627e-07,1.19999933013217,1.19999912017967,1.14954115139592e-07
......9......8......7......6......5...HADC,43,0.0577914604087987,0.0733852260997011
DEADLINE,43,-0.0017883377947128,1.1976065125545
RESULT,43,0.05,-0.016,-1,1.18999999999999e-09,6.43499999999989e-10
RESET,43,1.45640762947429e-07,9.90200794887249e-06,9.23734286589251e-06,1.45718779179594e-07,1.19998363622126,6.77488508548679e-06
ENERGY,43,8,0,0,0
ENERGY,43,7,3.43268518629234e-16,1.05987764454917e-15,7.16609125919632e-16
ENERGY,43,6,1.1047540821011e-15,2.86070950288913e-15,1.75595542078917e-15
ENERGY,43,5,-1.32322871591352e-16,2.08273031493776e-19,1.32531144622424e-16
ENERGY,43,4,-8.0914296551295e-17,8.06061590766337e-18,8.89749124590304e-17
ENERGY,43,3,5.33627363853783e-15,5.33627363853783e-15,0
ENERGY,43,2,1.71506994904309e-14,1.81211686700507e-14,9.70469179626852e-16
ENERGY,43,1,1.41717080542732e-14,1.50316550017732e-14,8.59946947497904e-16
ENERGY,43,0,1.25851420880167e-14,1.34466169755764e-14,8.61474887559309e-16
HPRE,44,0.0580276090048521,0.0420864620573111
BIASED,44,0.0601292000719806,0.0633541578649586,0.0788331191100571,0.0446502380228633
HCAP,44,0.0604711464164264,0.0449644273095396
CORECAP,44,1.28854126858718e-07,1.19999957298256,1.19999915012135,-2.15276665216185e-07
HADC,44,0.0732739915031177,0.0579025242958112
DEADLINE,44,-0.00178838460490077,1.19760618456169
RESULT,44,0.05,0.016,-1,1.18999999999999e-09,6.37249999999988e-10
......9......8......7......6......5....RESET,44,1.45698988946486e-07,9.90031489737422e-06,9.23549332897589e-06,1.45656178298083e-07,1.19998363622065,6.77488681941673e-06
ENERGY,44,8,0,0,0
ENERGY,44,7,3.41401350639015e-16,1.0561944313274e-15,7.14793080688202e-16
ENERGY,44,6,1.1047530247111e-15,2.86067412532659e-15,1.75592110061547e-15
ENERGY,44,5,-1.30857897499098e-16,8.84781704439056e-20,1.30946375669465e-16
ENERGY,44,4,-7.77315041831585e-17,4.10148203893448e-17,1.18746324572551e-16
ENERGY,44,3,5.33626734183428e-15,5.33626734183428e-15,0
ENERGY,44,2,1.73123043340201e-14,1.8137535609057e-14,8.25231275030916e-16
ENERGY,44,1,1.23839463414683e-14,1.32442823305313e-14,8.60335989053411e-16
ENERGY,44,0,1.41875206865523e-14,1.50487004267613e-14,8.61179740211769e-16
HPRE,45,0.0620486447152837,0.0380654317850774
BIASED,45,0.0641111573408563,0.0593722062855046,0.0828150762509158,0.0406682863321023
HCAP,45,0.0646221225429375,0.0408022979268241
CORECAP,45,1.19999960636445,9.7868987418905e-08,1.2000032870772,1.08368756954291e-08
HADC,45,0.0772378086572387,0.0539374390364435
DEADLINE,45,1.19967052223748,8.91910185270138e-05
RESULT,45,0.05,0.024,1,0,1.18999999999999e-09
......9......8......7......6......5.....RESET,45,1.45695709081248e-07,6.89256482074955e-06,6.50474460590002e-06,1.45681129047269e-07,1.20000014067024,3.97552903119941e-07
ENERGY,45,8,0,0,0
ENERGY,45,7,2.87939568593286e-16,9.18324661770001e-16,6.30385093176741e-16
ENERGY,45,6,1.10475581560391e-15,2.85966125628685e-15,1.75490544068262e-15
ENERGY,45,5,-8.97400467744004e-17,1.360843078035e-19,8.98761310823879e-17
ENERGY,45,4,-1.1456777086184e-16,1.20976354242447e-17,1.26665406286e-16
ENERGY,45,3,5.33624480219995e-15,5.33624480219995e-15,0
ENERGY,45,2,2.1148087575308e-15,2.86911869055625e-15,7.54309933025447e-16
ENERGY,45,1,1.21403641478714e-14,1.30035821752997e-14,8.63218027434143e-16
ENERGY,45,0,1.3270056106266e-14,1.41302842363073e-14,8.60228130041239e-16
HPRE,46,0.0999858560448835,0.0999429551081502
BIASED,46,0.101086379028304,0.119655717627667,0.119790297396376,0.100951799140406
HCAP,46,0.101500954838431,0.101366135594838
CORECAP,46,-5.51276011584358e-08,1.19999995689732,1.20000021705928,1.30933104680717e-08
HADC,46,0.113945276348566,0.113811356389754
DEADLINE,46,-0.00178805304790588,1.1976043506596
RESULT,46,0.1,0,-1,1.19e-09,5.96999999999989e-10
......9......8......7......6......5......RESET,46,1.4471621471814e-07,9.90240424709767e-06,9.23751387006132e-06,1.44717995171931e-07,1.19998363622058,6.77488873964887e-06
ENERGY,46,8,0,0,0
ENERGY,46,7,3.41237111771256e-16,1.05740073808137e-15,7.16163626310296e-16
ENERGY,46,6,1.10487129416996e-15,2.86421148521494e-15,1.75934019104525e-15
ENERGY,46,5,3.59677026642397e-17,2.23628035616215e-16,1.87660332951717e-16
ENERGY,46,4,-2.93463177775077e-17,1.59108466444058e-16,1.88454784221809e-16
ENERGY,46,3,5.11127974737295e-15,5.11127974737295e-15,0
ENERGY,46,2,1.72774225328432e-14,1.80846754432413e-14,8.07252910393101e-16
ENERGY,46,1,1.24818763393578e-14,1.33940449890048e-14,9.12168649641382e-16
ENERGY,46,0,1.26260521250714e-14,1.35394036518935e-14,9.13351526822721e-16
HPRE,47,0.0880745153931343,0.112029193784152
BIASED,47,0.0896458214465843,0.131703161566262,0.10834973992927,0.112999242752286
HCAP,47,0.0899733624916996,0.113494504569034
CORECAP,47,1.39921153788389e-07,1.20008228748984,5.01218319652548e-05,1.20000031169285
HADC,47,0.102574327969583,0.125788199085868
DEADLINE,47,1.19966942353398,8.84896118728666e-05
RESULT,47,0.1,-0.024,1,0,1.18999999999999e-09
RESET,47,1.44764282633417e-07,1.34781461734612e-07,1.3384328924557e-07,1.44816334075671e-07,1.20000014053336,3.9754257186843e-07
ENERGY,47,8,0,0,0
ENERGY,47,7,2.87898739138792e-16,9.18314728363697e-16,6.30415989225189e-16
ENERGY,47,6,1.10487496930366e-15,2.86244391334363e-15,1.75756894403954e-15
ENERGY,47,5,-1.42353155044392e-16,6.48475906900367e-17,2.0720074573444e-16
ENERGY,47,4,-2.30554248606737e-16,1.38239456320525e-19,2.30692488062929e-16
ENERGY,47,3,5.10713337430278e-15,5.10713337430278e-15,0
ENERGY,47,2,2.35453976985739e-15,3.07775613921489e-15,7.23216369366585e-16
ENERGY,47,1,1.28833226318359e-14,1.37421920504884e-14,8.58869418644826e-16
ENERGY,47,0,1.17056854371152e-14,1.25830641967752e-14,8.77378759655031e-16
HPRE,48,0.0920455398303777,0.108058158280919
......9......8......7......6......5......4BIASED,48,0.0934708611339291,0.12787804539696,0.112174779758757,0.109174127075106
HCAP,48,0.0938735178224473,0.109605151575601
CORECAP,48,1.43714873570013e-07,1.1999998476793,1.20000015189446,-2.339036913109e-07
HADC,48,0.106384496276932,0.121978360441555
DEADLINE,48,-0.00178803510881793,1.19760437112626
RESULT,48,0.1,-0.016,-1,1.19e-09,6.32749999999996e-10
RESET,48,1.44765328812282e-07,9.90367781504391e-06,9.2386049428188e-06,1.44823872457389e-07,1.19998363622057,6.7748891764047e-06
ENERGY,48,8,0,0,0
ENERGY,48,7,3.41237773582774e-16,1.05815359645854e-15,7.16915822876167e-16
ENERGY,48,6,1.10487229151117e-15,2.8632067340055e-15,1.75833444249421e-15
ENERGY,48,5,-2.25770388513318e-16,5.31881257137108e-20,2.25823576638961e-16
ENERGY,48,4,-1.59679558872996e-16,1.7831704276131e-17,1.77511263149253e-16
ENERGY,48,3,5.10716015987433e-15,5.10716015987433e-15,0
ENERGY,48,2,1.71562779699981e-14,1.81253534007161e-14,9.69075430716228e-16
ENERGY,48,1,1.37877459142183e-14,1.46469647480336e-14,8.59218833816685e-16
ENERGY,48,0,1.23354280838218e-14,1.31961357615761e-14,8.60707677755894e-16
HPRE,49,0.108022465483967,0.0920812353866003
BIASED,49,0.109062207022601,0.112286733624885,0.127766125596433,0.0935828152470391
......9......8......7......6......5......4.HCAP,49,0.109492954590594,0.0939855987266016
CORECAP,49,7.35075781420736e-08,1.20000132615519,1.20000154665241,-2.14330577088827e-07
HADC,49,0.121867400379991,0.106495307139843
DEADLINE,49,-0.00178806615947206,1.19760429805624
RESULT,49,0.1,0.016,-1,1.19e-09,6.26500000000009e-10
RESET,49,1.44803969457411e-07,9.90147348910623e-06,9.23654791542412e-06,1.44759935130309e-07,1.19998363622028,6.77488949128055e-06
ENERGY,49,8,0,0,0
ENERGY,49,7,3.41236060354978e-16,1.05644010752825e-15,7.15204047173057e-16
ENERGY,49,6,1.1048701116154e-15,2.86325996353087e-15,1.75838985191562e-15
ENERGY,49,5,-2.61414978701505e-16,1.94255616155126e-19,2.61609234317255e-16
ENERGY,49,4,-1.19370458104049e-16,8.18903675354884e-17,2.01260825639554e-16
ENERGY,49,3,5.10715421802915e-15,5.10715421802915e-15,0
ENERGY,49,2,1.73090677721752e-14,1.81362870481652e-14,8.27219275994281e-16
ENERGY,49,1,1.21339617621071e-14,1.29935227534423e-14,8.59560991338994e-16
ENERGY,49,0,1.38071003792278e-14,1.46675446680451e-14,8.60444288810886e-16
HPRE,50,0.112043470150217,0.0880602363663295
BIASED,50,0.113043999058778,0.10830494744926,0.131747917364155,0.0896010301793629
HCAP,50,0.113539230981476,0.0899283751179795
CORECAP,50,1.19999968009834,-3.18889688707729e-07,1.20000032513236,1.46253872474524e-08
......9......8......7......6......5......4..HADC,50,0.125832064406462,0.102529209721749
DEADLINE,50,1.19967056534385,8.92012983914476e-05
RESULT,50,0.1,0.024,1,0,1.19e-09
RESET,50,1.44833389834663e-07,6.89132967416626e-06,6.50347987701162e-06,1.44840521159043e-07,1.20000014067023,3.97552904604008e-07
ENERGY,50,8,0,0,0
ENERGY,50,7,2.87940435290592e-16,9.18329167771689e-16,6.30388732481476e-16
ENERGY,50,6,1.10487365682547e-15,2.86237400387727e-15,1.7575003470516e-15
ENERGY,50,5,-1.90412135090447e-16,3.17286896201592e-19,1.90729421986664e-16
ENERGY,50,4,-1.86168959549843e-16,2.18253080005052e-17,2.07994267550363e-16
ENERGY,50,3,5.10713144326403e-15,5.10713144326403e-15,0
ENERGY,50,2,2.11447091494778e-15,2.85886678339809e-15,7.44395868445708e-16
ENERGY,50,1,1.19046875289191e-14,1.27671100356302e-14,8.62422506719812e-16
ENERGY,50,0,1.28714300671699e-14,1.37309113873461e-14,8.59481320171234e-16
HPRE,51,0.149980781483643,0.149937970209812
BIASED,51,0.150019791538418,0.168589554037128,0.168723710511434,0.149885634316887
HCAP,51,0.150523069702928,0.150388661058939
CORECAP,51,6.6301111032404e-08,1.2000007129512,1.20000034414607,1.44534084327133e-08
HADC,51,0.162539282453296,0.162405679820817
DEADLINE,51,-0.00178765084980215,1.19760265380337
RESULT,51,0.15,0,-1,1.19e-09,5.91000000000008e-10
......9......8......7......6......5......4...RESET,51,1.42381379562745e-07,9.90117237613016e-06,9.2362825911866e-06,1.42388346466025e-07,1.1999836362199,6.77489357422599e-06
ENERGY,51,8,0,0,0
ENERGY,51,7,3.41238504899053e-16,1.05753311159525e-15,7.16294606695637e-16
ENERGY,51,6,1.10499844041458e-15,2.86532504919611e-15,1.76032660878165e-15
ENERGY,51,5,1.29501954583242e-16,3.83460375085077e-16,2.53958420501619e-16
ENERGY,51,4,1.78489704430908e-18,2.56885755659341e-16,2.55100858614939e-16
ENERGY,51,3,4.88217791102828e-15,4.88217791102828e-15,0
ENERGY,51,2,1.72787438265149e-14,1.80868373650862e-14,8.08093538568436e-16
ENERGY,51,1,1.22835158933652e-14,1.31949595478115e-14,9.11443654442047e-16
ENERGY,51,0,1.24271081962808e-14,1.33397265245869e-14,9.12618328308095e-16
HPRE,52,0.138069296458875,0.162024043518972
BIASED,52,0.138578417763911,0.180636102541887,0.157282332061094,0.161932182721138
HCAP,52,0.13910108017401,0.162409789738155
CORECAP,52,-2.21863246546583e-07,1.20007947857717,4.84352959864024e-05,1.20000036131872
HADC,52,0.151166030577721,0.174382861292437
DEADLINE,52,1.19966950907842,8.85071439556326e-05
RESULT,52,0.15,-0.024,1,0,1.19e-09
......9......8......7......6......5......4....RESET,52,1.42573994372256e-07,1.32774331813338e-07,1.31835220633719e-07,1.42446137992691e-07,1.20000014059431,3.97532714538783e-07
ENERGY,52,8,0,0,0
ENERGY,52,7,2.87899295832379e-16,9.18330647258235e-16,6.30431351424998e-16
ENERGY,52,6,1.10500070375074e-15,2.86374441444201e-15,1.75874371069114e-15
ENERGY,52,5,-1.74521233915734e-16,9.55031471849249e-17,2.70024381100786e-16
ENERGY,52,4,-3.33897573082011e-16,2.17455234386743e-19,3.34115028316529e-16
ENERGY,52,3,4.87803053784061e-15,4.87803053784061e-15,0
ENERGY,52,2,2.35488225991369e-15,3.07296230095118e-15,7.18080041041436e-16
ENERGY,52,1,1.26197425734433e-14,1.34781868789815e-14,8.58444305538796e-16
ENERGY,52,0,1.15367070170646e-14,1.24130603188078e-14,8.76353301740683e-16
HPRE,53,0.142040365959981,0.158052961476255
BIASED,53,0.142403687282462,0.176810750608005,0.161107606555339,0.158106830799569
HCAP,53,0.142894957039969,0.158626415921612
CORECAP,53,-1.51895507084273e-08,1.20000499281253,1.1999995459538,1.06578702634448e-07
HADC,53,0.15497760226641,0.170571664489029
DEADLINE,53,-0.00178762908673464,1.19760267309396
RESULT,53,0.15,-0.016,-1,1.19e-09,6.25250000000001e-10
......9......8......7......6......5......4.....RESET,53,1.42364173878288e-07,9.90242672350158e-06,9.23736953039954e-06,1.4242936895145e-07,1.19998363621996,6.77489354577862e-06
ENERGY,53,8,0,0,0
ENERGY,53,7,3.41235432663114e-16,1.05837523017486e-15,7.1713979751086e-16
ENERGY,53,6,1.1049986131483e-15,2.86442319161756e-15,1.75942457846886e-15
ENERGY,53,5,-3.00847800633009e-16,7.85788871072329e-20,3.00926379520267e-16
ENERGY,53,4,-2.20061275523829e-16,2.78434342550511e-17,2.47904709778869e-16
ENERGY,53,3,4.87805857424344e-15,4.87805857424344e-15,0
ENERGY,53,2,1.71582419464238e-14,1.81274685906904e-14,9.69226644270573e-16
ENERGY,53,1,1.35400428134019e-14,1.4398631187441e-14,8.58588374040194e-16
ENERGY,53,0,1.21593234059279e-14,1.30193466403568e-14,8.60023234428103e-16
HPRE,54,0.158017337346054,0.142075992669954
BIASED,54,0.157995254661704,0.161219227390593,0.176699173345448,0.142515308397247
HCAP,54,0.158514516937096,0.143006668407861
CORECAP,54,-2.13449868805226e-07,1.19999947672714,1.19999940943249,1.19546046861508e-07
HADC,54,0.170461060520145,0.155088137237065
DEADLINE,54,-0.00178763983738123,1.19760260491785
RESULT,54,0.15,0.016,-1,1.19e-09,6.19249999999994e-10
......9......8......7......6......5......4......RESET,54,1.42418695629293e-07,9.90013550590018e-06,9.23519556311142e-06,1.42368822520464e-07,1.19998363621955,6.77489458668438e-06
ENERGY,54,8,0,0,0
ENERGY,54,7,3.41236211741888e-16,1.05662821815285e-15,7.15392006411532e-16
ENERGY,54,6,1.10498729185507e-15,2.86444547321017e-15,1.75945818135519e-15
ENERGY,54,5,-3.73549926248489e-16,8.89266945195343e-20,3.73638852943083e-16
ENERGY,54,4,-1.42600400029914e-16,1.22628892205972e-16,2.65229292236062e-16
ENERGY,54,3,4.87805287668801e-15,4.87805287668801e-15,0
ENERGY,54,2,1.73068245226936e-14,1.81358564296181e-14,8.29031906918464e-16
ENERGY,54,1,1.19576956720203e-14,1.28165940477038e-14,8.58898375680502e-16
ENERGY,54,0,1.35610995540488e-14,1.44209040334088e-14,8.59804479363035e-16
HPRE,55,0.162038296774573,0.138055040101497
BIASED,55,0.161976824216107,0.15723766309976,0.180680744204147,0.138533744187409
HCAP,55,0.162454389129346,0.139056204999804
CORECAP,55,1.20000036424905,-2.81427308427184e-07,1.19999969324304,-8.93506674122549e-08
HADC,55,0.174426745802596,0.151121084883654
DEADLINE,55,1.19967060312144,8.91975305303088e-05
RESULT,55,0.15,0.024,1,0,1.19e-09
RESET,55,1.42430448243448e-07,6.88903554883435e-06,6.50084931922137e-06,1.42503282370967e-07,1.20000014067677,3.97557135768596e-07
ENERGY,55,8,0,0,0
ENERGY,55,7,2.87939543688925e-16,9.18324243773238e-16,6.30384700084657e-16
ENERGY,55,6,1.10500025283249e-15,2.86368891327961e-15,1.75868866044693e-15
ENERGY,55,5,-2.73341037678103e-16,6.83642689508823e-20,2.73409401946877e-16
ENERGY,55,4,-2.3865898391424e-16,3.1870607577444e-17,2.70529591491839e-16
ENERGY,55,3,4.87802873843843e-15,4.87802873843843e-15,0
ENERGY,55,2,2.11429221692275e-15,2.85314552909155e-15,7.38853312168236e-16
ENERGY,55,1,1.17359467679977e-14,1.25977087197277e-14,8.61761951732561e-16
ENERGY,55,0,1.26080297641195e-14,1.34670488508026e-14,8.5901908667499e-16
HPRE,56,0.19997568486934,0.199932934472263
BIASED,56,0.198953119275187,0.217523219388505,0.217657041997504,0.198819295850476
......9......8......7......6......5......4......3HCAP,56,0.199543712653838,0.199409645040745
CORECAP,56,4.40026938987214e-08,1.2000024645966,1.20000044532506,1.24036607568789e-07
HADC,56,0.211133291851139,0.211000259764483
DEADLINE,56,-0.00178654689586053,1.1976014832596
RESULT,56,0.2,0,-1,1.19e-09,5.8649999999999e-10
RESET,56,1.41928798033698e-07,9.90092729950744e-06,9.23606468643575e-06,1.41937801252557e-07,1.19998363621765,6.77491173782686e-06
ENERGY,56,8,0,0,0
ENERGY,56,7,3.41406495252245e-16,1.05781775205173e-15,7.16411256799637e-16
ENERGY,56,6,1.1052645442633e-15,2.86588434544595e-15,1.7606198011835e-15
ENERGY,56,5,2.41914967276159e-16,5.431205579079e-16,3.01205590631927e-16
ENERGY,56,4,5.20748523929993e-17,3.54624755088051e-16,3.02549902694874e-16
ENERGY,56,3,4.65308548432665e-15,4.65308548432665e-15,0
ENERGY,56,2,1.72787554508446e-14,1.8088269095968e-14,8.09513645123725e-16
ENERGY,56,1,1.21443770704683e-14,1.30597286763177e-14,9.15351605847367e-16
ENERGY,56,0,1.22876166375164e-14,1.32041628419097e-14,9.16546204391003e-16
HPRE,57,0.188064066246173,0.212018904893233
BIASED,57,0.187510942261812,0.22956908680291,0.206214863952482,0.210865162785697
......9......8......7......6......5......4......3.HCAP,57,0.188230458616691,0.211320589409684
CORECAP,57,5.35158767234272e-08,1.20007783412532,4.76046689912196e-05,1.1999999584068
HADC,57,0.199758066868543,0.22297806604002
DEADLINE,57,1.19966959712971,8.85242906568634e-05
RESULT,57,0.2,-0.024,1,0,1.19e-09
RESET,57,1.41927218653744e-07,1.32243953053303e-07,1.31537995473178e-07,1.41992225182905e-07,1.20000014059413,3.9753269201648e-07
ENERGY,57,8,0,0,0
ENERGY,57,7,2.87899022606583e-16,9.18332370595754e-16,6.30433347988486e-16
ENERGY,57,6,1.1052698663556e-15,2.86443977142472e-15,1.75916990506885e-15
ENERGY,57,5,-1.8698715042308e-16,1.26163457621858e-16,3.13150608044969e-16
ENERGY,57,4,-4.17630145210214e-16,2.87581832870679e-19,4.17917727043117e-16
ENERGY,57,3,4.6489380320054e-15,4.6489380320054e-15,0
ENERGY,57,2,2.35501872658434e-15,3.0701608863447e-15,7.15142159768428e-16
ENERGY,57,1,1.24431840679166e-14,1.3305483785526e-14,8.62299717609851e-16
ENERGY,57,0,1.14139460893433e-14,1.22940112993621e-14,8.80065210021707e-16
HPRE,58,0.192035197508314,0.20804775873778
BIASED,58,0.191336520223755,0.225743416900204,0.210040442505517,0.207039493201654
HCAP,58,0.191915388486591,0.207646020800024
CORECAP,58,1.13369416155861e-07,1.20000040313682,1.20000044995848,2.9186377747254e-08
HADC,58,0.203571321184395,0.219165291956732
DEADLINE,58,-0.00178653037958869,1.19760149664993
......9......8......7......6......5......4......3..RESULT,58,0.2,-0.016,-1,1.19e-09,6.20500000000002e-10
RESET,58,1.4192024310779e-07,9.90237943972222e-06,9.23731106916388e-06,1.41987951551219e-07,1.19998363621768,6.77491192002149e-06
ENERGY,58,8,0,0,0
ENERGY,58,7,3.41387836200519e-16,1.05867396400623e-15,7.17286127805436e-16
ENERGY,58,6,1.10526673515492e-15,2.86508811647673e-15,1.75982138132153e-15
ENERGY,58,5,-3.56449339809758e-16,3.55846703644155e-19,3.56805186513235e-16
ENERGY,58,4,-2.60729512499302e-16,3.82984935550941e-17,2.99028006054363e-16
ENERGY,58,3,4.64896738281877e-15,4.64896738281877e-15,0
ENERGY,58,2,1.7157687803895e-14,1.81284390132683e-14,9.70751209380911e-16
ENERGY,58,1,1.33802032995485e-14,1.42427880014265e-14,8.62584701881958e-16
ENERGY,58,0,1.20320415612172e-14,1.28960161821429e-14,8.63974620925204e-16
HPRE,59,0.208012205426161,0.192070754112397
BIASED,59,0.206928282566461,0.210151704335462,0.225632202617103,0.191447782332687
HCAP,59,0.207534512124919,0.192026760501184
CORECAP,59,-2.20622378859651e-07,1.19999995710113,1.20000353352483,7.68389177724945e-08
HADC,59,0.219055018003013,0.203681457784685
DEADLINE,59,-0.00178653950267973,1.19760144815653
RESULT,59,0.2,0.016,-1,1.19e-09,6.14500000000022e-10
......9......8......7......6......5......4......3...RESET,59,1.4197755221331e-07,9.89974229732948e-06,9.23483988981848e-06,1.41925259883961e-07,1.19998363621737,6.77491232394123e-06
ENERGY,59,8,0,0,0
ENERGY,59,7,3.41359835277544e-16,1.05697935144834e-15,7.1561951616995e-16
ENERGY,59,6,1.10526531529375e-15,2.86509715115008e-15,1.75983183585684e-15
ENERGY,59,5,-4.66162732410462e-16,1.20948509362238e-19,4.662836809195e-16
ENERGY,59,4,-1.46243921150595e-16,1.63619344608849e-16,3.09863265758966e-16
ENERGY,59,3,4.64896179459168e-15,4.64896179459168e-15,0
ENERGY,59,2,1.73042362883576e-14,1.81359293916016e-14,8.31693103248229e-16
ENERGY,59,1,1.18303605593746e-14,1.26931813321587e-14,8.62820772782846e-16
ENERGY,59,0,1.34019453023731e-14,1.42657324016024e-14,8.63787099235933e-16
HPRE,60,0.21203312729085,0.188049840185327
BIASED,60,0.210909649910524,0.206170346600888,0.22961357427066,0.187466424937346
HCAP,60,0.211364993337861,0.188185709947187
CORECAP,60,1.19999970967764,1.37905472835641e-07,1.19999970511601,9.34155262231451e-08
HADC,60,0.223021666629604,0.1997132310507
DEADLINE,60,1.19967065593857,8.92104294490207e-05
RESULT,60,0.2,0.024,1,0,1.19e-09
......9......8......7......6......5......4......3....RESET,60,1.42016590459691e-07,6.88751393012628e-06,6.50013501831991e-06,1.42024214731491e-07,1.20000014067003,3.97552930045863e-07
ENERGY,60,8,0,0,0
ENERGY,60,7,2.89877115156717e-16,9.20257718738739e-16,6.30380603582218e-16
ENERGY,60,6,1.10526881595969e-15,2.86438668908354e-15,1.75911787312463e-15
ENERGY,60,5,-3.36380308670459e-16,3.21296830734092e-19,3.36701605501117e-16
ENERGY,60,4,-2.71868253081437e-16,4.22455871210709e-17,3.14113840202758e-16
ENERGY,60,3,4.64893633748452e-15,4.64893633748452e-15,0
ENERGY,60,2,2.11372039857056e-15,2.84956059263357e-15,7.35840194069309e-16
ENERGY,60,1,1.16133363102106e-14,1.24790182407699e-14,8.65681930552657e-16
ENERGY,60,0,1.24317139880894e-14,1.32945802998499e-14,8.62866311763027e-16
HPRE,61,0.249970618705574,0.249927947473122
BIASED,61,0.247886610722092,0.266457138988674,0.266590539309421,0.247753210176257
HCAP,61,0.248560531547495,0.248426906166044
CORECAP,61,-5.00211521835355e-09,1.2000012368739,1.20000093472838,-1.84836625596179e-07
HADC,61,0.25972800874527,0.259595271923294
DEADLINE,61,-0.00178477265237376,1.19760078440909
RESULT,61,0.25,0,-1,1.19e-09,5.83500000000013e-10
......9......8......7......6......5......4......3.....RESET,61,1.43568424968147e-07,9.9020357093671e-06,9.23671564331852e-06,1.43587889475503e-07,1.19998363629405,6.77719033588561e-06
ENERGY,61,8,0,0,0
ENERGY,61,7,3.41239430882702e-16,1.0577386984492e-15,7.16499267566828e-16
ENERGY,61,6,1.10541396723776e-15,2.86604446144205e-15,1.76063049420439e-15
ENERGY,61,5,3.71895986268698e-16,7.02525781574818e-16,3.30629795305978e-16
ENERGY,61,4,1.20019589098788e-16,4.52199485279787e-16,3.32179896180792e-16
ENERGY,61,3,4.42400280086797e-15,4.42400280086797e-15,0
ENERGY,61,2,1.72804325745308e-14,1.80890458367138e-14,8.08613262172718e-16
ENERGY,61,1,1.20542937905802e-14,1.2968989595932e-14,9.14695805338815e-16
ENERGY,61,0,1.21973522181959e-14,1.31132141846399e-14,9.15861966435942e-16
HPRE,62,0.238058834047066,0.262013769199388
BIASED,62,0.236443437101592,0.27850208953924,0.255147364511304,0.259798158634024
HCAP,62,0.237360866922243,0.26022196403077
CORECAP,62,1.31161779924569e-07,1.20007676138312,4.68253704069327e-05,1.19999985244593
HADC,62,0.24835016381112,0.271573382620654
DEADLINE,62,1.19966970456916,8.85495130923127e-05
RESULT,62,0.25,-0.024,1,0,1.19e-09
RESET,62,1.43884650159476e-07,1.33797157514622e-07,1.32792531394441e-07,1.44029315107259e-07,1.20000014053321,3.97542560856205e-07
ENERGY,62,8,0,0,0
ENERGY,62,7,2.89837746138047e-16,9.20279850273807e-16,6.30442104135302e-16
ENERGY,62,6,1.10541896431877e-15,2.86463851348096e-15,1.75921954916248e-15
ENERGY,62,5,-1.81594358357531e-16,1.56983057461822e-16,3.38577415819409e-16
ENERGY,62,4,-4.83456939683655e-16,3.63665555136408e-19,4.83820605238783e-16
ENERGY,62,3,4.41985767378596e-15,4.41985767378596e-15,0
ENERGY,62,2,2.35461716948073e-15,3.06805022865273e-15,7.1343305917727e-16
ENERGY,62,1,1.23310929209812e-14,1.31928566157624e-14,8.617636947894e-16
ENERGY,62,0,1.13318502384567e-14,1.2210937163725e-14,8.79086925280956e-16
HPRE,63,0.24203002603974,0.258042558647451
......9......8......7......6......5......4......3......BIASED,63,0.240269339604066,0.274676078208983,0.258973263482956,0.255972147571771
HCAP,63,0.240932235268347,0.256661038164348
CORECAP,63,1.95058711306824e-08,1.19999966061659,1.20000100819185,1.49502383723759e-07
HADC,63,0.252164908608942,0.267759102839849
DEADLINE,63,-0.00178476365102071,1.19760079328986
RESULT,63,0.25,-0.016,-1,1.19e-09,6.17499999999999e-10
RESET,63,1.43621203820258e-07,9.90337670744849e-06,9.23805885086193e-06,1.4372297094501e-07,1.19998363629435,6.7771897922053e-06
ENERGY,63,8,0,0,0
ENERGY,63,7,3.41236111012028e-16,1.05860068611318e-15,7.17364575101483e-16
ENERGY,63,6,1.10541525583174e-15,2.86527952093566e-15,1.75986426510462e-15
ENERGY,63,5,-3.93819950313631e-16,4.4252603851014e-19,3.9426247635234e-16
ENERGY,63,4,-2.83766633484403e-16,4.83897648398447e-17,3.32156398323825e-16
ENERGY,63,3,4.41988818420472e-15,4.41988818420472e-15,0
ENERGY,63,2,1.71588102344207e-14,1.81291278811559e-14,9.70317646732708e-16
ENERGY,63,1,1.32841267611188e-14,1.41461848440611e-14,8.62058082948987e-16
ENERGY,63,0,1.19475989861949e-14,1.28110183394467e-14,8.63419353250871e-16
HPRE,64,0.258007084291193,0.242065504719699
BIASED,64,0.255861350699661,0.259084119761329,0.274565281739015,0.240380191185884
......9......8......7......6......5......4......3......2HCAP,64,0.256549998507164,0.241043209141526
CORECAP,64,1.34183764043235e-08,1.19999937180759,1.19999952783741,1.30894240618385e-07
HADC,64,0.267649244744929,0.252274780803037
DEADLINE,64,-0.00178474699799173,1.19760077474352
RESULT,64,0.25,0.016,-1,1.19e-09,6.11499999999992e-10
RESET,64,1.43703087156614e-07,9.9006580258471e-06,9.23555133486959e-06,1.43624029449506e-07,1.1999836362939,6.77719102188287e-06
ENERGY,64,8,0,0,0
ENERGY,64,7,3.41235652451134e-16,1.05687945047841e-15,7.15643798027555e-16
ENERGY,64,6,1.10541410211661e-15,2.86533197624756e-15,1.75991787413062e-15
ENERGY,64,5,-5.41199605422676e-16,1.46298180382363e-19,5.41345903603221e-16
ENERGY,64,4,-1.31613413385627e-16,2.05077142351639e-16,3.36690555737533e-16
ENERGY,64,3,4.41988263680508e-15,4.41988263680508e-15,0
ENERGY,64,2,1.73042877543235e-14,1.8135880314458e-14,8.3159256013615e-16
ENERGY,64,1,1.17458938823595e-14,1.26081748410451e-14,8.62280958685684e-16
ENERGY,64,0,1.33059337463625e-14,1.41692013929173e-14,8.63267646551036e-16
HPRE,65,0.262027959070649,0.238044639505785
BIASED,65,0.259842476977418,0.255103010811903,0.278546406213168,0.236399083152582
HCAP,65,0.260266231280451,0.237316307957539
CORECAP,65,1.19999968747358,4.1611178737306e-08,1.19999964234062,1.35549171950252e-07
......9......8......7......6......5......4......3......2.HADC,65,0.271616824721199,0.248305497079128
DEADLINE,65,1.1996707136251,8.9224894561043e-05
RESULT,65,0.25,0.024,1,0,1.19e-09
RESET,65,1.44105505333892e-07,6.88763102675982e-06,6.49913039255228e-06,1.43891660373248e-07,1.20000014067664,3.97557189539122e-07
ENERGY,65,8,0,0,0
ENERGY,65,7,2.89877056459369e-16,9.20263768633761e-16,6.30386712173338e-16
ENERGY,65,6,1.10542520435608e-15,2.86462087208068e-15,1.75919566772409e-15
ENERGY,65,5,-3.8148688208562e-16,4.07800098368532e-19,3.81894682184416e-16
ENERGY,65,4,-2.87193930341697e-16,5.25013747945046e-17,3.39695305135904e-16
ENERGY,65,3,4.41985604348723e-15,4.41985604348723e-15,0
ENERGY,65,2,2.11364593526523e-15,2.84782245434529e-15,7.34176519089452e-16
ENERGY,65,1,1.15313072763676e-14,1.23965215650687e-14,8.65214288688959e-16
ENERGY,65,0,1.23197979634956e-14,1.31820526863502e-14,8.62254722859072e-16
HPRE,66,0.299965610192604,0.29992302213687
BIASED,66,0.296820327358773,0.315391393845648,0.31552426506395,0.296687456033765
HCAP,66,0.297570222313843,0.297437150714042
CORECAP,66,4.86963568812086e-08,1.19999959378593,1.20000015542054,1.42205303388431e-07
HADC,66,0.308323124304756,0.308190922246523
DEADLINE,66,-0.00178260873880268,1.19760076350455
RESULT,66,0.3,0,-1,1.19e-09,5.81749999999991e-10
......9......8......7......6......5......4......3......2..RESET,66,1.40134189601327e-07,9.99125208563095e-06,9.23485956683582e-06,1.40100802855761e-07,1.19998363628919,6.77720810978851e-06
ENERGY,66,8,0,0,0
ENERGY,66,7,3.41364225853079e-16,1.05798085740954e-15,7.16616631556739e-16
ENERGY,66,6,1.10558577042953e-15,2.86614738318557e-15,1.76056161275623e-15
ENERGY,66,5,5.22927413146629e-16,8.62548993900003e-16,3.39621580753249e-16
ENERGY,66,4,2.08819973356473e-16,5.50185372669817e-16,3.41365399313254e-16
ENERGY,66,3,4.19493380118316e-15,4.19493380118316e-15,0
ENERGY,66,2,1.72794054806451e-14,1.80894337939134e-14,8.10028313267141e-16
ENERGY,66,1,1.19960342632832e-14,1.29101979931497e-14,9.14163729861008e-16
ENERGY,66,0,1.21389721215322e-14,1.30542867822868e-14,9.15314660757526e-16
HPRE,67,0.288053589045935,0.312008647526066
BIASED,67,0.285375857228754,0.327435152515884,0.304079788980886,0.308731212578372
HCAP,67,0.286491867967331,0.309107998095924
CORECAP,67,1.33916390817608e-07,1.20007603508408,4.60283815128412e-05,1.19999962803535
HADC,67,0.296942544308117,0.320169135946477
DEADLINE,67,1.19966981643426,8.85734077299859e-05
RESULT,67,0.3,-0.024,1,0,1.19e-09
......9......8......7......6......5......4......3......2...RESET,67,1.42727017044101e-07,1.32800502498367e-07,1.31927446548272e-07,1.42990248901781e-07,1.20000014059386,3.97532673325572e-07
ENERGY,67,8,0,0,0
ENERGY,67,7,2.89837717461621e-16,9.20268847119596e-16,6.30431129657252e-16
ENERGY,67,6,1.10559136414327e-15,2.86469239534961e-15,1.75910103120632e-15
ENERGY,67,5,-1.55023007992195e-16,1.87925556373018e-16,3.4294856436515e-16
ENERGY,67,4,-5.28130989255539e-16,4.39578514420042e-19,5.28570567770078e-16
ENERGY,67,3,4.19079283139771e-15,4.19079283139771e-15,0
ENERGY,67,2,2.3547096830259e-15,3.06707406242454e-15,7.12364379408775e-16
ENERGY,67,1,1.22594853692223e-14,1.3120662768779e-14,8.61177399564288e-16
ENERGY,67,0,1.12773542841633e-14,1.21553495658073e-14,8.77995281641184e-16
HPRE,68,0.292024860040307,0.308037352087515
BIASED,68,0.289202160178661,0.323608688745545,0.307906091635712,0.304904749790218
HCAP,68,0.289942288870057,0.305667922439043
CORECAP,68,1.35154140218185e-08,1.20000111905463,1.20000137395823,1.08061428778322e-07
HADC,68,0.300759112264714,0.316353046381451
DEADLINE,68,-0.00178260494571961,1.19760075709085
RESULT,68,0.3,-0.016,-1,1.19e-09,6.15749999999977e-10
......9......8......7......6......5......4......3......2....RESET,68,1.42599612959583e-07,9.9028812711778e-06,9.23729011401047e-06,1.42677448940507e-07,1.19998363629227,6.77720713104319e-06
ENERGY,68,8,0,0,0
ENERGY,68,7,3.41405015396575e-16,1.05883648033579e-15,7.17431464938964e-16
ENERGY,68,6,1.10558772777168e-15,2.86535646673726e-15,1.7597687389659e-15
ENERGY,68,5,-4.10159061436709e-16,5.29650988188794e-19,4.10688712424995e-16
ENERGY,68,4,-2.85513594484658e-16,5.86949603610751e-17,3.44208554845701e-16
ENERGY,68,3,4.19082468927203e-15,4.19082468927203e-15,0
ENERGY,68,2,1.7157083085122e-14,1.81292690276855e-14,9.72185942564538e-16
ENERGY,68,1,1.32268992335318e-14,1.40884327040879e-14,8.61533470560002e-16
ENERGY,68,0,1.18919640604548e-14,1.27548400716137e-14,8.62876011173598e-16
HPRE,69,0.308001980978459,0.292060237215843
BIASED,69,0.304794512469076,0.30801641697051,0.323498452390009,0.289312480630209
HCAP,69,0.305557515787233,0.290052675219087
CORECAP,69,1.2548245601142e-07,1.19999932534212,1.19999965575886,3.76157837819927e-09
HADC,69,0.316243826763371,0.300868347586865
DEADLINE,69,-0.00178257107854193,1.19760076545426
RESULT,69,0.3,0.016,-1,1.19e-09,6.0949999999999e-10
RESET,69,1.42702439695697e-07,9.89994847938615e-06,9.23462301594225e-06,1.42567826025462e-07,1.19998363629187,6.77720760992759e-06
ENERGY,69,8,0,0,0
ENERGY,69,7,3.41402581096329e-16,1.05712325513472e-15,7.15720674039149e-16
ENERGY,69,6,1.10558622106498e-15,2.86535812002508e-15,1.7597718989605e-15
ENERGY,69,5,-5.94360718309305e-16,1.76192813813039e-19,5.94536911123176e-16
ENERGY,69,4,-9.65220362882949e-17,2.45977132055644e-16,3.42499168343908e-16
ENERGY,69,3,4.19081894830486e-15,4.19081894830486e-15,0
ENERGY,69,2,1.73021837490763e-14,1.81357651419068e-14,8.33581392828996e-16
ENERGY,69,1,1.16902172081165e-14,1.25519310617632e-14,8.61713853634069e-16
ENERGY,69,0,1.32486819053147e-14,1.41114246908304e-14,8.62742785515258e-16
......9......8......7......6......5......4......3......2.....HPRE,70,0.312022795658384,0.288039434925547
BIASED,70,0.308775303646492,0.304035642423325,0.327479244099162,0.285331706680087
HCAP,70,0.309152003727618,0.286447512101955
CORECAP,70,1.19999963567625,-2.12082161708983e-07,1.19999967617488,4.8456896083769e-08
HADC,70,0.320212361852633,0.296898093581812
DEADLINE,70,1.19967077503425,8.92405723130633e-05
RESULT,70,0.3,0.024,1,0,1.19e-09
RESET,70,1.43096046571474e-07,6.88489954876053e-06,6.49648809235926e-06,1.42754032972096e-07,1.2000001406766,3.97557154192245e-07
ENERGY,70,8,0,0,0
ENERGY,70,7,2.89877101238475e-16,9.20269251156392e-16,6.30392149917769e-16
ENERGY,70,6,1.10559004521725e-15,2.86465699318898e-15,1.75906694797222e-15
ENERGY,70,5,-4.05447179534456e-16,4.94747933862126e-19,4.0594192746819e-16
ENERGY,70,4,-2.8133353146e-16,6.28401948526171e-17,3.44173726312614e-16
ENERGY,70,3,4.19079131342127e-15,4.19079131342127e-15,0
ENERGY,70,2,2.11358800498471e-15,2.84685525864215e-15,7.33267253656153e-16
ENERGY,70,1,1.14768888528398e-14,1.23416303978085e-14,8.647415449534e-16
ENERGY,70,0,1.22485616876268e-14,1.31102865480087e-14,8.61724860383012e-16
HPRE,71,0.349960601652681,0.349918144328036
BIASED,71,0.345754273050306,0.364326046550779,0.364458221523352,0.345622097712155
......9......8......7......6......5......4......3......2......HCAP,71,0.346569835185022,0.34643750105476
CORECAP,71,-1.03808443928593e-07,1.1999997776883,1.19999962394606,-8.43571117487637e-08
HADC,71,0.356918976934131,0.356787474781092
DEADLINE,71,-0.00177983905774842,1.19760164455359
RESULT,71,0.35,0,-1,1.19e-09,5.8050000000001e-10
RESET,71,1.3984529288852e-07,9.99022742282668e-06,9.23455590429586e-06,1.39819444132694e-07,1.19998363628542,6.7772318827348e-06
ENERGY,71,8,0,0,0
ENERGY,71,7,3.41398091859788e-16,1.0580247314896e-15,7.16626639629593e-16
ENERGY,71,6,1.10578416362517e-15,2.86612891472588e-15,1.76034475109948e-15
ENERGY,71,5,6.91692482124818e-16,1.02302512269174e-15,3.31332640567018e-16
ENERGY,71,4,3.15372167373299e-16,6.48652078208123e-16,3.33279910834809e-16
ENERGY,71,3,3.96588307638705e-15,3.96588307638705e-15,0
ENERGY,71,2,1.72798583330604e-14,1.80894840777454e-14,8.09625744689462e-16
ENERGY,71,1,1.19631591450884e-14,1.28765030949868e-14,9.13343949903669e-16
ENERGY,71,0,1.21059949021426e-14,1.30205866726296e-14,9.14591770478799e-16
HPRE,72,0.338048323823422,0.362003547818488
BIASED,72,0.334308151426819,0.376368335400283,0.353012097348089,0.357664401008965
HCAP,72,0.33562262602733,0.357973767849092
CORECAP,72,1.41136696999747e-07,1.20007550373337,4.63135017562943e-05,1.19999969333613
......9......8......7......6......5......4......3......2......1HADC,72,0.345535301841858,0.368765519544404
DEADLINE,72,1.19966993166203,8.85982658471401e-05
RESULT,72,0.35,-0.024,1,0,1.19e-09
RESET,72,1.39720599710622e-07,-3.59913715914772e-07,1.29606922800635e-07,-1.11891626139399e-07,1.20000014059379,3.97532660668462e-07
ENERGY,72,8,0,0,0
ENERGY,72,7,2.89837748260392e-16,9.20282521101417e-16,6.30444772839628e-16
ENERGY,72,6,1.10579083703248e-15,2.8647037933103e-15,1.75891295627693e-15
ENERGY,72,5,-1.12216458202843e-16,2.19106771016596e-16,3.31323229219072e-16
ENERGY,72,4,-5.56580585951388e-16,6.12801923553809e-19,5.57193387874536e-16
ENERGY,72,3,3.96174860335447e-15,3.96174860335447e-15,0
ENERGY,72,2,2.35475428436179e-15,3.06662201912539e-15,7.1186773476527e-16
ENERGY,72,1,1.22194548371095e-14,1.30801798631647e-14,8.60725026053701e-16
ENERGY,72,0,1.12450888929261e-14,1.21218219933057e-14,8.76733100385775e-16
HPRE,73,0.342019701223387,0.358032137903032
BIASED,73,0.338135004502263,0.372541255682164,0.356838957742035,0.353837304249448
HCAP,73,0.338942330524089,0.354664530792803
CORECAP,73,1.27979544616403e-07,1.19999925865095,1.20000098216588,5.26604284413178e-08
HADC,73,0.349353535604893,0.364947897693825
DEADLINE,73,-0.00177984383753675,1.19760163100713
RESULT,73,0.35,-0.016,-1,1.19e-09,6.15000000000009e-10
......9......8......7......6......5......4......3......2......1.RESET,73,1.39800232467066e-07,9.99191137543493e-06,9.23584180517922e-06,1.39857924073915e-07,1.19998363628553,6.77723159704205e-06
ENERGY,73,8,0,0,0
ENERGY,73,7,3.41407681775603e-16,1.05888238880057e-15,7.17474707024326e-16
ENERGY,73,6,1.1057859762157e-15,2.86538405543614e-15,1.75959807922119e-15
ENERGY,73,5,-4.10238524743774e-16,7.16800763310809e-19,4.10955325506703e-16
ENERGY,73,4,-2.71000124260677e-16,6.9182492361155e-17,3.4018261662188e-16
ENERGY,73,3,3.96178079115294e-15,3.96178079115294e-15,0
ENERGY,73,2,1.71567015655034e-14,1.81290452364281e-14,9.72343670933668e-16
ENERGY,73,1,1.31994693231444e-14,1.40606100768455e-14,8.61140753711452e-16
ENERGY,73,0,1.1859378068668e-14,1.27217116257236e-14,8.62333557029944e-16
HPRE,74,0.357996905800177,0.342054941481977
BIASED,74,0.353727796234338,0.35694856994899,0.37243174686513,0.338244622060122
HCAP,74,0.354554787323883,0.339052127226793
CORECAP,74,-4.9749116601458e-08,1.19999946394093,1.19999949319979,1.41468829480799e-07
HADC,74,0.364839282632999,0.349462225572483
DEADLINE,74,-0.00177978393407343,1.19760166763213
RESULT,74,0.35,0.016,-1,1.19e-09,6.08749999999995e-10
......9......8......7......6......5......4......3......2......1..RESET,74,1.39886049209854e-07,9.98822778893888e-06,9.23314739374819e-06,1.39767330910099e-07,1.19998363628513,6.77723207854947e-06
ENERGY,74,8,0,0,0
ENERGY,74,7,3.41401066818859e-16,1.05715248286623e-15,7.15751416048489e-16
ENERGY,74,6,1.10578561665334e-15,2.86540120144916e-15,1.75961558479701e-15
ENERGY,74,5,-6.3165614932476e-16,3.06100808333257e-19,6.31962250132754e-16
ENERGY,74,4,-4.48229862526709e-17,2.87443847236582e-16,3.32266833489338e-16
ENERGY,74,3,3.96177497779899e-15,3.96177497779899e-15,0
ENERGY,74,2,1.73017979312266e-14,1.81355639202308e-14,8.33765989013072e-16
ENERGY,74,1,1.16576566297305e-14,1.25188510233878e-14,8.61194393651672e-16
ENERGY,74,0,1.32209611291608e-14,1.40832913544623e-14,8.62330225312261e-16
HPRE,75,0.362017639468945,0.33803422368144
BIASED,75,0.357708158692731,0.352968227359823,0.376412110361041,0.33426428120674
HCAP,75,0.358017495854725,0.335578571372873
CORECAP,75,1.20000001136336,-1.05570245327019e-07,1.19999973147596,1.00963344372216e-07
HADC,75,0.368808448442026,0.345491139468477
DEADLINE,75,1.19967084897693,8.92746671148099e-05
RESULT,75,0.35,0.024,1,0,1.19e-09
......9......8......7......6......5......4......3......2......1...RESET,75,1.39882938498658e-07,6.22760384200661e-06,6.49326727037122e-06,1.39717807795873e-07,1.20000014067643,3.9755713406911e-07
ENERGY,75,8,0,0,0
ENERGY,75,7,2.89877035971345e-16,9.20264485745861e-16,6.30387449774749e-16
ENERGY,75,6,1.10578921505313e-15,2.86466006071987e-15,1.75887084566714e-15
ENERGY,75,5,-4.13174047339162e-16,6.79895410982985e-19,4.13853942750337e-16
ENERGY,75,4,-2.59237727614362e-16,7.33540123024858e-17,3.32591739916823e-16
ENERGY,75,3,3.9617472108257e-15,3.9617472108257e-15,0
ENERGY,75,2,2.11355909465101e-15,2.84640312498584e-15,7.32844030337993e-16
ENERGY,75,1,1.14446917115673e-14,1.23088306608837e-14,8.64138949291013e-16
ENERGY,75,0,1.22087074272398e-14,1.30699206306317e-14,8.61213203372947e-16
HPRE,76,0.399955713654709,0.399913411628444
BIASED,76,0.394688799593763,0.413261466826715,0.413392759972575,0.394557506802776
HCAP,76,0.395557932887652,0.395426591907918
CORECAP,76,1.4561636532573e-07,1.19999981390708,1.19999968007291,3.96350436391743e-09
HADC,76,0.405516019046468,0.405385492066915
DEADLINE,76,-0.00177455740140192,1.19760376034478
RESULT,76,0.4,0,-1,1.19e-09,5.80250000000003e-10
......9......8......7......6......5......4......3......2......1....RESET,76,1.39462785800398e-07,9.98868201482616e-06,9.23363109360437e-06,1.39473123709602e-07,1.19998363629116,6.77718461667282e-06
ENERGY,76,8,0,0,0
ENERGY,76,7,3.41298715779283e-16,1.05792201492253e-15,7.16623299142774e-16
ENERGY,76,6,1.10601265422598e-15,2.86597576000828e-15,1.75996310578122e-15
ENERGY,76,5,8.8090070192182e-16,1.18321164391367e-15,3.02310941991971e-16
ENERGY,76,4,4.42454155713966e-16,7.46891414372695e-16,3.04437258658219e-16
ENERGY,76,3,3.73685346925561e-15,3.73685346925561e-15,0
ENERGY,76,2,1.72777413709562e-14,1.80893613465023e-14,8.11619975543807e-16
ENERGY,76,1,1.19533679628178e-14,1.28662349248674e-14,9.12866962043939e-16
ENERGY,76,0,1.20962308446948e-14,1.30102836834205e-14,9.14052838714865e-16
HPRE,77,0.388043027786055,0.411998482611576
BIASED,77,0.383240275580437,0.42530163983683,0.401944234532092,0.40659767605578
HCAP,77,0.384752044914621,0.40681682658483
CORECAP,77,1.41760361711675e-07,1.20007520389555,4.59249401430239e-05,1.19999961611746
HADC,77,0.394128564352682,0.417362645191682
DEADLINE,77,1.19967005458038,8.8628555007756e-05
RESULT,77,0.4,-0.024,1,0,1.19e-09
RESET,77,1.39363127330428e-07,2.08180559250932e-07,1.29265186567548e-07,-2.11107130882033e-07,1.20000014053238,3.97543438455962e-07
ENERGY,77,8,0,0,0
ENERGY,77,7,2.89837485634056e-16,9.20279749703533e-16,6.30442264067972e-16
ENERGY,77,6,1.10602038494263e-15,2.8645719714854e-15,1.75855158654317e-15
ENERGY,77,5,-4.79114028945462e-17,2.50369456179967e-16,2.98280859074186e-16
ENERGY,77,4,-5.63449835144681e-16,7.2594217300439e-19,5.64175777317364e-16
ENERGY,77,3,3.7327295122057e-15,3.7327295122057e-15,0
ENERGY,77,2,2.35476140161078e-15,3.06678809598007e-15,7.12026694364197e-16
ENERGY,77,1,1.22099029902282e-14,1.30703305660891e-14,8.60427575857733e-16
ENERGY,77,0,1.12329706180889e-14,1.21084544117088e-14,8.75483793618851e-16
HPRE,78,0.39201455236283,0.408026912142752
BIASED,78,0.387067872052623,0.421473734588361,0.405771866736484,0.402769770201459
......9......8......7......6......5......4......3......2......1.....HCAP,78,0.387930738663413,0.403648535270716
CORECAP,78,9.6088112113732e-08,1.20000233357935,1.19999940459911,1.31656901898465e-07
HADC,78,0.39794888698072,0.413543106372716
DEADLINE,78,-0.0017745692959612,1.19760373908556
RESULT,78,0.4,-0.016,-1,1.19e-09,6.14999999999983e-10
RESET,78,1.39424569318368e-07,9.99028868477604e-06,9.23485537515111e-06,1.39527871441788e-07,1.19998363629122,6.77718433807549e-06
ENERGY,78,8,0,0,0
ENERGY,78,7,3.4130077482307e-16,1.05877473133915e-15,7.17473956515856e-16
ENERGY,78,6,1.10601640014199e-15,2.865215110207e-15,1.75919871006495e-15
ENERGY,78,5,-3.88812437807757e-16,8.39155240813581e-19,3.8965159304849e-16
ENERGY,78,4,-2.34983896217104e-16,7.96861240270815e-17,3.14670020244044e-16
ENERGY,78,3,3.73276149292902e-15,3.73276149292902e-15,0
ENERGY,78,2,1.71537356732398e-14,1.81285398431549e-14,9.74804169920526e-16
ENERGY,78,1,1.32009126150188e-14,1.40616856644355e-14,8.6077304942547e-16
ENERGY,78,0,1.18476530099388e-14,1.27096482885801e-14,8.61995278623888e-16
HPRE,79,0.407991869918078,0.392049605773952
BIASED,79,0.40266128461404,0.405880493841467,0.421365251125032,0.387176533768727
......9......8......7......6......5......4......3......2......1......HCAP,79,0.40353982592586,0.388039412705191
CORECAP,79,1.95929382904896e-07,1.1999995617393,1.19999950413325,8.90924269904254e-08
HADC,79,0.41343547227485,0.398056497392659
DEADLINE,79,-0.00177448859412185,1.19760380274303
RESULT,79,0.4,0.016,-1,1.19e-09,6.08749999999995e-10
RESET,79,1.39523760978819e-07,9.98691851690045e-06,9.23240365136263e-06,1.39396241023949e-07,1.19998363629095,6.77718532097642e-06
ENERGY,79,8,0,0,0
ENERGY,79,7,3.41294907648611e-16,1.05707283004897e-15,7.15777922401146e-16
ENERGY,79,6,1.10601513591033e-15,2.86523365098017e-15,1.75921851507143e-15
ENERGY,79,5,-6.47430190030689e-16,9.32839865608945e-19,6.48363029896421e-16
ENERGY,79,4,2.83331382702186e-17,3.29508330587507e-16,3.01175192316961e-16
ENERGY,79,3,3.73275599265605e-15,3.73275599265605e-15,0
ENERGY,79,2,1.72992902878906e-14,1.81352540209676e-14,8.35963733072372e-16
ENERGY,79,1,1.16459549855582e-14,1.25067850270556e-14,8.60830041486079e-16
ENERGY,79,0,1.32222252850761e-14,1.40842300915969e-14,8.62004806537197e-16
HPRE,80,0.412012495522773,0.388029002730578
BIASED,80,0.406641049760815,0.401900751315048,0.425345013527698,0.383196791821769
HCAP,80,0.406860103669705,0.384708357852358
CORECAP,80,1.19999981698919,1.95903571488816e-07,1.19999961611738,1.42763424609425e-07
HADC,80,0.417405162408016,0.394084791838027
DEADLINE,80,1.19967091153195,8.92784003118786e-05
......9......8......7......6......5......4......3......2......1......0RESULT,80,0.4,0.024,1,0,1.19e-09
RESET,80,1.39555245277682e-07,6.22647007965179e-06,6.48977492226742e-06,1.39351298573882e-07,1.20000014066973,3.97552815609257e-07
ENERGY,80,8,0,0,0
ENERGY,80,7,2.86371678559996e-16,9.16760929007902e-16,6.30389250447944e-16
ENERGY,80,6,1.10603749891785e-15,2.86453942249926e-15,1.75850192358173e-15
ENERGY,80,5,-3.9933755525253e-16,8.05251023737312e-19,4.00142806276108e-16
ENERGY,80,4,-2.15636020830334e-16,8.38840266700447e-17,2.9952004750031e-16
ENERGY,80,3,3.7327281120507e-15,3.7327281120507e-15,0
ENERGY,80,2,2.11457060328391e-15,2.84758336189323e-15,7.33012758597173e-16
ENERGY,80,1,1.14325372346789e-14,1.22964322150365e-14,8.63894980372164e-16
ENERGY,80,0,1.21994010606491e-14,1.30603638892449e-14,8.60962828600435e-16
spectre completes with 0 errors, 9 warnings, and 8 notices.
