// Extracted original meter records; not a full Spectre log.
HPRE,0,0.600000000013206,0.600000000013206
BIASED,0,0.590648075007324,0.609351930435581,0.60935193043558,0.590648075007324
.HCAP,0,0.591546807688728,0.591546802108708
CORECAP,0,2.92612220365762e-05,1.19998701415238,1.19998696724555,2.92139732660421e-05
HADC,0,0.600134046743291,0.600133973536857
DEADLINE,0,-0.00175714416340318,1.19761637944691
RESULT,0,0.6,0,-1,1.18975e-09,5.865e-10
...RESET,0,1.37409309443133e-07,1.06071316777211e-05,9.24526811424728e-06,1.37320647480422e-07,1.19998363641568,7.23582786307123e-06
ENERGY,0,8,0,0,0
ENERGY,0,7,3.31975020749249e-16,1.0588440670339e-15,7.26869046284648e-16
ENERGY,0,6,1.15750736041796e-15,2.9078687728758e-15,1.75036141245784e-15
ENERGY,0,5,-5.52174556025983e-18,9.6412866555316e-20,5.61815842681512e-18
ENERGY,0,4,-5.52166079247713e-18,9.64103946235239e-20,5.61807118710068e-18
ENERGY,0,3,2.8170103134445e-15,2.8170103134445e-15,0
ENERGY,0,2,1.72463316813984e-14,1.80837552798761e-14,8.37423598477657e-16
ENERGY,0,1,1.22960299432604e-14,1.31562156099163e-14,8.60185666655868e-16
ENERGY,0,0,1.24315653800735e-14,1.32918115793719e-14,8.60246199298245e-16
HPRE,1,0.0260441349192324,0.0260441346420717
BIASED,1,0.0313507463939745,0.0500546663559596,0.0500546670127796,0.0313507457371793
HCAP,1,0.0316388888514988,0.0316388993800559
CORECAP,1,-1.10532219821423e-07,1.20000508193885,1.2000026503003,1.04542655749367e-07
....HADC,1,0.0446936858252114,0.0446934162898391
DEADLINE,1,-0.00178866347562343,1.19760712424358
RESULT,1,0.025,0,-1,1.19e-09,6.085e-10
.....RESET,1,1.3425758414143e-07,9.89275207348939e-06,9.22790576604211e-06,1.34265756895661e-07,1.19998363623129,6.77480468701863e-06
ENERGY,1,8,0,0,0
ENERGY,1,7,3.40817891535987e-16,1.05845779488961e-15,7.17639903353617e-16
ENERGY,1,6,1.12283572377878e-15,2.86845520758431e-15,1.74561948380549e-15
ENERGY,1,5,-8.98796966361315e-15,8.66317775305988e-20,8.98805629539079e-15
ENERGY,1,4,-8.98796970711448e-15,8.6631802184005e-20,8.98805633891681e-15
ENERGY,1,3,5.40243336292087e-15,5.40243336292087e-15,0
ENERGY,1,2,1.7316732721725e-14,1.81195425609756e-14,8.02809839250263e-16
ENERGY,1,1,1.35771758785156e-14,1.44384231107653e-14,8.61247232249747e-16
ENERGY,1,0,1.37116978498818e-14,1.45741874651932e-14,8.6248961531141e-16
HPRE,2,0.0130823388033159,0.0370369250397038
......BIASED,2,0.0162468511027312,0.058303723636511,0.0349507726242427,0.0395998035516902
HCAP,2,0.0162852299151737,0.0401183053965251
CORECAP,2,7.97057483110183e-08,1.20008973423398,5.41956701097025e-05,1.20000008946317
HADC,2,0.0296869530218508,0.0528968078244348
DEADLINE,2,1.19966930816609,8.84673648994605e-05
......9RESULT,2,0.025,-0.024,1,0,1.18975e-09
......9.RESET,2,1.35337972287172e-07,1.25965286480378e-07,1.25714301174747e-07,1.35131806531689e-07,1.20000014070031,3.60068188393032e-07
ENERGY,2,8,0,0,0
ENERGY,2,7,2.85906142769505e-16,9.17880190294355e-16,6.31974047524842e-16
ENERGY,2,6,1.12346366155798e-15,2.86644327651177e-15,1.74297961495374e-15
ENERGY,2,5,-5.83782406169873e-17,1.9000167511986e-17,7.73784081288645e-17
ENERGY,2,4,-4.0259115042375e-17,1.46617274705892e-19,4.04057323172286e-17
ENERGY,2,3,5.45080807073914e-15,5.45080807073914e-15,0
ENERGY,2,2,2.35543369485622e-15,3.08937613275884e-15,7.33942437902887e-16
ENERGY,2,1,1.35420701151822e-14,1.44039663094139e-14,8.6189619423195e-16
ENERGY,2,0,1.20865180725761e-14,1.29676879108146e-14,8.81169838238174e-16
HPRE,3,0.0170533040934457,0.0330659521550485
BIASED,3,0.0200715756125093,0.0544789381265713,0.0387754961492852,0.0357750180682202
......9..HCAP,3,0.0203416020220134,0.0360730692737624
CORECAP,3,1.37515343016345e-07,1.20000279768967,1.19999915381885,1.93090884994744e-07
HADC,3,0.0334951040274682,0.0490888129202635
DEADLINE,3,-0.00178865888445123,1.19760755499276
RESULT,3,0.025,-0.016,-1,1.19e-09,6.50749999999998e-10
......9....RESET,3,1.35166979368385e-07,9.89470455325816e-06,9.22958916313018e-06,1.35142443085845e-07,1.19998363622968,6.77481572963318e-06
ENERGY,3,8,0,0,0
ENERGY,3,7,3.40485558726046e-16,1.05843693211772e-15,7.17951373391652e-16
ENERGY,3,6,1.12177259639585e-15,2.86655561202072e-15,1.74478301562494e-15
ENERGY,3,5,-7.80745439400834e-17,1.18098079093235e-19,7.81926420188514e-17
ENERGY,3,4,-3.42503937330437e-17,3.03154196253637e-18,3.72819356956918e-17
ENERGY,3,3,5.45083504487173e-15,5.45083504487173e-15,0
ENERGY,3,2,1.7149196554032e-14,1.81194497622027e-14,9.70253208170045e-16
ENERGY,3,1,1.44259200967092e-14,1.52878832407059e-14,8.61963143996761e-16
ENERGY,3,0,1.27408453266078e-14,1.36043913804922e-14,8.63546053884885e-16
HPRE,4,0.0330301818569855,0.0170890742249369
BIASED,4,0.0356626903707609,0.0388878538475844,0.054366610572042,0.0201839325375368
......9.....HCAP,4,0.0359604167055919,0.0204540246584042
CORECAP,4,4.79697617220571e-08,1.20000016009921,1.19999897473131,1.41149371511459e-07
HADC,4,0.0489774444616157,0.0336062855444955
DEADLINE,4,-0.00178871807060373,1.19760747450381
RESULT,4,0.025,0.016,-1,1.19e-09,6.44249999999999e-10
......9......RESET,4,1.3512698076164e-07,9.89297927342668e-06,9.22796084675898e-06,1.35183016994277e-07,1.19998363622982,6.77481130730862e-06
ENERGY,4,8,0,0,0
ENERGY,4,7,3.41055629126981e-16,1.05698754352379e-15,7.15931914396799e-16
ENERGY,4,6,1.12239361297378e-15,2.86646149542073e-15,1.744067882447e-15
ENERGY,4,5,-5.85149215257226e-17,2.57292411391979e-19,5.87722139372099e-17
ENERGY,4,4,-4.96125282925019e-17,2.0838356002428e-17,7.04508842947584e-17
ENERGY,4,3,5.45082845699704e-15,5.45082845699704e-15,0
ENERGY,4,2,1.73160841357503e-14,1.81392526071073e-14,8.23168471356979e-16
ENERGY,4,1,1.25400276532607e-14,1.3402023685001e-14,8.6199603174019e-16
ENERGY,4,0,1.44392199522372e-14,1.53020419042469e-14,8.62821952010015e-16
......9......8HPRE,5,0.0370512319330253,0.013068029370148
BIASED,5,0.0396447294848387,0.0349058225225272,0.0583486494592324,0.0162019009755238
HCAP,5,0.0401631683213821,0.0162400670970722
CORECAP,5,1.20000009058817,-9.42328380744219e-08,1.20000259612305,1.39192280747623e-07
......9......8.HADC,5,0.0529408285948369,0.0296416695931835
DEADLINE,5,1.19967050098286,8.91861377016084e-05
RESULT,5,0.025,0.024,1,0,1.19e-09
......9......8..RESET,5,1.35134900242949e-07,6.88449877255593e-06,6.49658252953231e-06,1.35334878573632e-07,1.20000014155943,3.59810384146814e-07
ENERGY,5,8,0,0,0
ENERGY,5,7,2.86623973513531e-16,9.18286152141484e-16,6.31662178627934e-16
ENERGY,5,6,1.12205569852159e-15,2.86626117466486e-15,1.74420547614331e-15
ENERGY,5,5,-3.16375346603389e-17,4.63967076276935e-20,3.1683931367988e-17
ENERGY,5,4,-7.03184787218665e-17,7.0532727901486e-18,7.73717515121734e-17
ENERGY,5,3,5.45080611436642e-15,5.45080611436642e-15,0
ENERGY,5,2,2.11991949126399e-15,2.87812506048587e-15,7.58205569222608e-16
ENERGY,5,1,1.228582107704e-14,1.31517798204082e-14,8.65958743368434e-16
ENERGY,5,0,1.35313461176762e-14,1.43939543997128e-14,8.62608282038153e-16
HPRE,6,0.199757273688257,0.199714343995245
BIASED,6,0.198196497700892,0.216765929529914,0.216900420772623,0.198062005357066
......9......8...HCAP,6,0.198785796636091,0.198651058779071
CORECAP,6,1.02905426966405e-08,1.20000125672085,1.20000063457439,4.33339095087213e-08
HADC,6,0.210381915466348,0.210248225869981
DEADLINE,6,-0.00178656387564666,1.19760149897736
RESULT,6,0.2,0,-1,1.19e-09,5.86749999999997e-10
......9......8.....RESET,6,1.44576836720021e-07,9.90255708606611e-06,9.23586345347802e-06,1.44589293197085e-07,1.1999836363023,6.77711658725966e-06
ENERGY,6,8,0,0,0
ENERGY,6,7,3.4101663270859e-16,1.05883443046599e-15,7.17817797757458e-16
ENERGY,6,6,1.12258268172288e-15,2.87465346933053e-15,1.75207078760776e-15
ENERGY,6,5,7.69347168191901e-16,1.06244687800123e-15,2.93099709809258e-16
ENERGY,6,4,7.27857923038089e-16,1.02258549197385e-15,2.94727568935737e-16
ENERGY,6,3,4.66365366102739e-15,4.66365366102739e-15,0
ENERGY,6,2,1.72790017740241e-14,1.80884452649394e-14,8.0944349091397e-16
ENERGY,6,1,1.20108567237347e-14,1.30556540954804e-14,1.04479737174495e-15
ENERGY,6,0,1.21541765597592e-14,1.32001027176609e-14,1.045926157902e-15
HPRE,7,0.188064063331982,0.212018907628707
BIASED,7,0.187510934414433,0.229569095368426,0.206214856260705,0.210865171336633
......9......8......HCAP,7,0.188230448350763,0.21132059678389
CORECAP,7,5.35157563987059e-08,1.20007783416959,4.76046930432609e-05,1.19999995841877
HADC,7,0.199758056719202,0.222978073226821
DEADLINE,7,1.19966959625434,8.85248156418344e-05
RESULT,7,0.2,-0.024,1,0,1.19e-09
......9......8......7.RESET,7,1.41925860574726e-07,1.32315346641245e-07,1.31537381916694e-07,1.41992480623686e-07,1.20000014060811,2.93209509782044e-07
ENERGY,7,8,0,0,0
ENERGY,7,7,2.85818536919279e-16,9.17880929445242e-16,6.32062392525846e-16
ENERGY,7,6,1.12239276295078e-15,2.87301200110142e-15,1.75061923815072e-15
ENERGY,7,5,-1.86755654966715e-16,1.26181951373143e-16,3.12937606339714e-16
ENERGY,7,4,-4.17827936237062e-16,8.58302615501156e-20,4.17913766498625e-16
ENERGY,7,3,4.64893813470219e-15,4.64893813470219e-15,0
ENERGY,7,2,2.36040897959661e-15,3.07164416947229e-15,7.1123518987522e-16
ENERGY,7,1,1.24406747616863e-14,1.3300425878836e-14,8.59751117150865e-16
ENERGY,7,0,1.14113331348028e-14,1.22889184538237e-14,8.77585319020533e-16
HPRE,8,0.192035195409864,0.208047760827255
BIASED,8,0.191336511895671,0.225743423585619,0.210040435803391,0.207039499762988
HCAP,8,0.19191538231674,0.207646027754074
CORECAP,8,1.13369433576605e-07,1.20000040314908,1.20000044996885,2.91852585923662e-08
......9......8......7..HADC,8,0.203571315007,0.219165298773866
DEADLINE,8,-0.00178652634208668,1.19760149704511
RESULT,8,0.2,-0.016,-1,1.19e-09,6.20499999999999e-10
......9......8......7...RESET,8,1.41920503199418e-07,9.90233541780691e-06,9.2373931406615e-06,1.4198766496453e-07,1.19998363622778,6.77483254227223e-06
ENERGY,8,8,0,0,0
ENERGY,8,7,3.40955177614432e-16,1.05964887660422e-15,7.18693698989915e-16
ENERGY,8,6,1.12238998396579e-15,2.87366124827245e-15,1.75127126430666e-15
ENERGY,8,5,-3.56279686374009e-16,1.07802553368331e-19,3.56387488927267e-16
ENERGY,8,4,-2.6087084630194e-16,3.79226303640285e-17,2.98793476665855e-16
ENERGY,8,3,4.6489674918137e-15,4.6489674918137e-15,0
ENERGY,8,2,1.71589697232227e-14,1.81289225270501e-14,9.69952803827694e-16
ENERGY,8,1,1.33776206003653e-14,1.42377133443541e-14,8.60092743989033e-16
ENERGY,8,0,1.20294636696897e-14,1.28909539510396e-14,8.61490281350827e-16
HPRE,9,0.208012205426167,0.192070754112403
BIASED,9,0.206928282566496,0.210151704335452,0.225632202617038,0.191447782332665
......9......8......7....HCAP,9,0.207534512529688,0.192026760882879
CORECAP,9,-2.20622434191271e-07,1.19999995710124,1.20000353352597,7.68388709310659e-08
HADC,9,0.219055018323145,0.20368145809918
DEADLINE,9,-0.00178653550847363,1.19760144864553
......9......8......7.....RESULT,9,0.2,0.016,-1,1.19e-09,6.14499999999999e-10
......9......8......7......RESET,9,1.41977552606307e-07,9.89974218773694e-06,9.23483978954267e-06,1.4192525979829e-07,1.19998363622366,6.77486361582644e-06
ENERGY,9,8,0,0,0
ENERGY,9,7,3.41060228691095e-16,1.05810221681572e-15,7.17041988124663e-16
ENERGY,9,6,1.12058173220885e-15,2.87367157869894e-15,1.75308984649013e-15
ENERGY,9,5,-4.66162735484432e-16,1.20948509125579e-19,4.662836839935e-16
ENERGY,9,4,-1.46243924553572e-16,1.63619344607222e-16,3.09863269160783e-16
ENERGY,9,3,4.64896188689518e-15,4.64896188689518e-15,0
ENERGY,9,2,1.73051334529998e-14,1.8136027128412e-14,8.30893675411073e-16
ENERGY,9,1,1.1828258776074e-14,1.26886100806086e-14,8.60351304535875e-16
ENERGY,9,0,1.33998637572419e-14,1.42611641214328e-14,8.61300364191683e-16
HPRE,10,0.21203312729085,0.188049840185327
BIASED,10,0.210909649910523,0.206170346600888,0.22961357427066,0.187466424937347
......9......8......7......6HCAP,10,0.211364993338684,0.188185709948011
CORECAP,10,1.19999970967766,1.37905470774355e-07,1.19999970511602,9.34155189270777e-08
HADC,10,0.223021666492754,0.199713231063247
DEADLINE,10,1.19967065506224,8.92109575578364e-05
RESULT,10,0.2,0.024,1,0,1.19e-09
......9......8......7......6..RESET,10,1.42024632917143e-07,6.88757496047631e-06,6.49945505222437e-06,1.4202423752605e-07,1.20000014068419,2.93204969969948e-07
ENERGY,10,8,0,0,0
ENERGY,10,7,2.85859051753889e-16,9.1786583471147e-16,6.32006782957669e-16
ENERGY,10,6,1.11894502824221e-15,2.87132109280648e-15,1.75237606456423e-15
ENERGY,10,5,-3.36118944608252e-16,3.2129683069603e-19,3.36440241438843e-16
ENERGY,10,4,-2.72151684673468e-16,4.19621534656939e-17,3.14113838139147e-16
ENERGY,10,3,4.64893646643954e-15,4.64893646643954e-15,0
ENERGY,10,2,2.11983216418624e-15,2.85152451450812e-15,7.31692350320989e-16
ENERGY,10,1,1.16092879528288e-14,1.24750747547036e-14,8.65786801875365e-16
ENERGY,10,0,1.24277407056139e-14,1.32905280382046e-14,8.62787332590829e-16
HPRE,11,0.599333767576935,0.599290731806562
BIASED,11,0.588406924255239,0.606978603881879,0.607110783905518,0.588274743514581
HCAP,11,0.589316222005812,0.589184034202127
CORECAP,11,2.62140354446372e-05,1.19998789991936,1.19998798882445,2.60324057332858e-05
......9......8......7......6...HADC,11,0.597908043378987,0.597776674156812
DEADLINE,11,-0.00175670012999439,1.19761640547336
RESULT,11,0.6,0,-1,1.19e-09,5.84999999999998e-10
......9......8......7......6....RESET,11,1.37410863329336e-07,9.97724867841127e-06,9.22807608763083e-06,1.37393766848472e-07,1.19998363628396,6.77723126265384e-06
ENERGY,11,8,0,0,0
ENERGY,11,7,3.41853299913733e-16,1.05964012585954e-15,7.17786825945859e-16
ENERGY,11,6,1.12094211549606e-15,2.8742125243039e-15,1.7532704088079e-15
ENERGY,11,5,8.60810475510967e-15,8.61056540531146e-15,2.46065020168997e-18
ENERGY,11,4,8.33632863113253e-15,8.33893647420176e-15,2.60784306921703e-18
ENERGY,11,3,2.85026684807698e-15,2.85026684807698e-15,0
ENERGY,11,2,1.72779119433344e-14,1.8086768097595e-14,8.08856154263752e-16
ENERGY,11,1,1.18062308767071e-14,1.30826031855105e-14,1.27637230880242e-15
ENERGY,11,0,1.19501788479053e-14,1.32266112996201e-14,1.27643245171334e-15
HPRE,12,0.588021086527139,0.611979034975537
......9......8......7......6.....BIASED,12,0.578963834744876,0.621037005728931,0.597667713734689,0.6023331772517
HCAP,12,0.581139208289224,0.601905860142191
CORECAP,12,2.8950517465716e-05,1.20006566802867,9.27670038820287e-05,1.19998155916186
HADC,12,0.588509617657277,0.611761247501036
DEADLINE,12,1.19967046326459,8.87356965982123e-05
......9......8......7......6......RESULT,12,0.6,-0.024,1,0,1.18999999999999e-09
......9......8......7......6......5RESET,12,1.37265024176773e-07,6.89275462078739e-07,1.27249901314247e-07,1.37419842463002e-07,1.20000140997887,1.0306850218392e-06
ENERGY,12,8,0,0,0
ENERGY,12,7,2.86234826308494e-16,9.17885863305797e-16,6.31651036997268e-16
ENERGY,12,6,1.12099862498018e-15,2.86731447462278e-15,1.74631584964285e-15
ENERGY,12,5,3.98086032346407e-16,3.98455923286968e-16,3.69890940515928e-19
ENERGY,12,4,-4.00567846648337e-16,3.79819611504396e-19,4.00947666259884e-16
ENERGY,12,3,2.81707597337475e-15,2.81707597337475e-15,0
ENERGY,12,2,2.35996842999125e-15,3.07991691381487e-15,7.19948483822918e-16
ENERGY,12,1,1.25253812967402e-14,1.33858043068709e-14,8.60423010128648e-16
ENERGY,12,0,1.14065920889574e-14,1.22734789516374e-14,8.66886862682036e-16
HPRE,13,0.591994201685598,0.608005726042464
BIASED,13,0.582799251511715,0.617200435158371,0.601503123023015,0.598496596788542
......9......8......7......6......5.HCAP,13,0.583669456505669,0.599369764573644
CORECAP,13,2.8167456519068e-05,1.19998720361712,1.19997970750248,4.95488238965425e-05
HADC,13,0.592339597289228,0.607931269942919
DEADLINE,13,-0.00175654905248131,1.1976165180479
RESULT,13,0.6,-0.016,-1,1.19e-09,6.20750000000002e-10
......9......8......7......6......5...RESET,13,1.37313991565729e-07,9.97167000058693e-06,1.01876659732196e-05,1.3746378913257e-07,1.19998363639438,7.40736207276859e-06
ENERGY,13,8,0,0,0
ENERGY,13,7,3.41852229578476e-16,1.06037638789155e-15,7.18524158313178e-16
ENERGY,13,6,1.12099445994594e-15,2.86785570073804e-15,1.74686124079218e-15
ENERGY,13,5,-1.13883461939445e-16,1.20367937679364e-17,1.25920255707329e-16
ENERGY,13,4,9.91384774518431e-17,1.22025180901146e-16,2.28867034493626e-17
ENERGY,13,3,2.81709861479024e-15,2.81709861479024e-15,0
ENERGY,13,2,1.71534271919969e-14,1.81246805741427e-14,9.71253382146006e-16
ENERGY,13,1,1.35323519470132e-14,1.43927867741072e-14,8.60434827092631e-16
ENERGY,13,0,1.20334739465076e-14,1.28940267584454e-14,8.60552811938221e-16
HPRE,14,0.607972786955838,0.592027196690941
BIASED,14,0.598398746366686,0.601601600888408,0.617102583485108,0.582897730387881
HCAP,14,0.599273428198916,0.583769749057504
CORECAP,14,4.86927510408439e-05,1.19997987987142,1.19998758630524,2.82178473187009e-05
......9......8......7......6......5....HADC,14,0.607833882581176,0.592437281999758
DEADLINE,14,-0.00175648087440294,1.19761656363061
RESULT,14,0.6,0.016,-1,1.19e-09,6.14749999999996e-10
......9......8......7......6......5.....RESET,14,1.37431657910618e-07,9.96462117945748e-06,1.0191023874469e-05,1.37299941837917e-07,1.19998363639397,7.40736233693084e-06
ENERGY,14,8,0,0,0
ENERGY,14,7,3.41854034910478e-16,1.05863987075416e-15,7.16785835843688e-16
ENERGY,14,6,1.12099155629642e-15,2.86775011794885e-15,1.74675856165243e-15
ENERGY,14,5,-5.2005729932809e-16,6.46165506008143e-19,5.20703464834165e-16
ENERGY,14,4,5.09999483540195e-16,5.1045877887727e-16,4.59295337249219e-19
ENERGY,14,3,2.8170933133686e-15,2.8170933133686e-15,0
ENERGY,14,2,1.73037115824135e-14,1.81335167860032e-14,8.29805203587481e-16
ENERGY,14,1,1.18318717592437e-14,1.26923704671208e-14,8.60498707875567e-16
ENERGY,14,0,1.35548763110284e-14,1.44153489005889e-14,8.6047258956061e-16
HPRE,15,0.61199220171431,0.588007873781148
......9......8......7......6......5......BIASED,15,0.602372228308719,0.597628226873526,0.621076056807064,0.578924349304305
HCAP,15,0.601945130387057,0.581099876604824
CORECAP,15,1.19998145700822,4.52336012984258e-05,1.19998776095465,2.89201205016687e-05
HADC,15,0.611799516242803,0.588469870415335
DEADLINE,15,1.19967111604635,8.93389346071291e-05
......9......8......7......6......5......4RESULT,15,0.6,0.024,1,0,1.19e-09
......9......8......7......6......5......4.RESET,15,1.3738837875535e-07,6.24862207130196e-06,7.38282131994277e-06,-1.07873307510263e-08,1.20000141073173,1.13688496403718e-06
ENERGY,15,8,0,0,0
ENERGY,15,7,2.86604910489884e-16,9.1820645824478e-16,6.31601547754981e-16
ENERGY,15,6,1.12101530957314e-15,2.8673747421265e-15,1.74635943255342e-15
ENERGY,15,5,-1.53393222245212e-16,5.21996675112894e-19,1.53915218920313e-16
ENERGY,15,4,1.47493734292172e-16,1.47839697119063e-16,3.45962826980117e-19
ENERGY,15,3,2.81707570723699e-15,2.81707570723699e-15,0
ENERGY,15,2,2.11730558225265e-15,2.85823823782675e-15,7.40932655573567e-16
ENERGY,15,1,1.16058194202031e-14,1.24672351670638e-14,8.61415746860665e-16
ENERGY,15,0,1.25157472585466e-14,1.33762418184638e-14,8.60494559919659e-16
HPRE,16,0.999405014646055,0.999365768891533
BIASED,16,0.980442356548474,0.999041402561812,0.999146265807686,0.980337493770018
......9......8......7......6......5......4..HCAP,16,0.979273944867807,0.979169212165863
CORECAP,16,1.22584557598043e-06,1.1999995658918,1.20000623803393,1.22065115281223e-06
HADC,16,0.987255666564012,0.987151692920458
DEADLINE,16,-0.00173652854422727,1.19761182782803
RESULT,16,1,0,-1,1.19e-09,5.75249999999997e-10
......9......8......7......6......5......4....RESET,16,1.36050952447424e-07,9.96623315204341e-06,9.22012294383887e-06,1.36043335467158e-07,1.19998363629042,6.77717946807093e-06
ENERGY,16,8,0,0,0
ENERGY,16,7,3.41852811257988e-16,1.05947733700947e-15,7.17624525751463e-16
ENERGY,16,6,1.20481894837605e-15,2.81892677889818e-15,1.61410783052203e-15
ENERGY,16,5,1.86216089097484e-14,1.86252805543103e-14,3.6716445615456e-18
ENERGY,16,4,1.78536726736225e-14,1.78569633618889e-14,3.29068826644421e-18
ENERGY,16,3,1.01648631882816e-15,1.01750405109987e-15,1.01773227167671e-18
ENERGY,16,2,1.72752010438741e-14,1.80839813872592e-14,8.08780343383863e-16
ENERGY,16,1,1.21217316273739e-14,1.33682149313185e-14,1.24648330394135e-15
ENERGY,16,0,1.22647880296226e-14,1.35116193843377e-14,1.24683135471381e-15
HPRE,17,0.98797609116869,1.01194093175157
BIASED,17,0.970382979556849,1.01248564075599,0.989086879646343,0.99378172361532
......9......8......7......6......5......4.....HCAP,17,0.97134125798856,0.990479167752488
CORECAP,17,9.98747195733751e-07,1.20007797314183,4.86822142289279e-05,1.19999910977494
HADC,17,0.97724119683514,1.00052789176925
DEADLINE,17,1.19966997654577,8.8654574272403e-05
RESULT,17,1,-0.024,1,0,1.18999999999999e-09
......9......8......7......6......5......4......RESET,17,1.36053037702498e-07,-3.45674137420009e-07,-1.34429338973798e-07,1.3591476064508e-07,1.20000014059372,3.97532676676368e-07
ENERGY,17,8,0,0,0
ENERGY,17,7,2.86563419238605e-16,9.18230529564797e-16,6.31667110326177e-16
ENERGY,17,6,1.20468751019745e-15,2.81509262039002e-15,1.61040511019257e-15
ENERGY,17,5,2.20171823016145e-15,2.20380140080474e-15,2.0831706430057e-18
ENERGY,17,4,8.37096472457428e-16,1.44517797252248e-15,6.08081500065045e-16
ENERGY,17,3,9.86182870218311e-16,9.86287674900466e-16,1.04804681502285e-19
ENERGY,17,2,2.35819619711034e-15,3.10999290958931e-15,7.51796712479789e-16
ENERGY,17,1,1.29612106998023e-14,1.38445973058894e-14,8.83386606087177e-16
ENERGY,17,0,1.1584365324313e-14,1.24767878107962e-14,8.92422486479655e-16
......9......8......7......6......5......4......3HPRE,18,0.991953902612348,1.0079631338612
BIASED,18,0.97423909847615,1.00862957936877,0.992943002353625,0.989925664373051
HCAP,18,0.973074784605028,0.9887431301451
CORECAP,18,1.08263296451009e-06,1.19999925181547,1.20000029097227,1.62548115178552e-06
......9......8......7......6......5......4......3.HADC,18,0.981093294256677,0.996675137187897
DEADLINE,18,-0.00173653789337697,1.19761181976588
RESULT,18,1,-0.016,-1,1.19e-09,6.065e-10
......9......8......7......6......5......4......3..RESET,18,1.36041492123904e-07,9.96701141225094e-06,9.22087526471329e-06,1.36045481880366e-07,1.19998363629047,6.77717948979444e-06
ENERGY,18,8,0,0,0
ENERGY,18,7,3.42015302067412e-16,1.06029117971008e-15,7.18275877642586e-16
ENERGY,18,6,1.20472205876628e-15,2.81455490306708e-15,1.60983284430094e-15
ENERGY,18,5,1.3490385192287e-15,1.55225084283646e-15,2.03212323607001e-16
ENERGY,18,4,1.67732087116109e-15,1.67953126198511e-15,2.21039082364772e-18
ENERGY,18,3,9.86176595865439e-16,9.87242319815377e-16,1.06572394946203e-18
ENERGY,18,2,1.7161738852666e-14,1.81225930221162e-14,9.60854169450879e-16
ENERGY,18,1,1.38956694045559e-14,1.47791091080808e-14,8.83439703524653e-16
ENERGY,18,0,1.22331339957621e-14,1.31170233684711e-14,8.83889372713628e-16
HPRE,19,1.00793591143858,0.991981120288022
BIASED,19,0.989852823761864,0.993015801846239,1.00855673494393,0.974311900765981
......9......8......7......6......5......4......3...HCAP,19,0.988670666612052,0.97314774314087
CORECAP,19,1.65182143100563e-06,1.19999931518369,1.20000130048366,1.04865992909199e-06
HADC,19,0.996602585866654,0.981165810285404
DEADLINE,19,-0.00173654752206279,1.19761181941467
RESULT,19,1,0.016,-1,1.19e-09,6.0075e-10
......9......8......7......6......5......4......3.....RESET,19,1.36053322230336e-07,9.96536882874426e-06,9.21936079502835e-06,1.36044391279529e-07,1.19998363629031,6.77718010230802e-06
ENERGY,19,8,0,0,0
ENERGY,19,7,3.42139403861823e-16,1.05858775156747e-15,7.16448347705718e-16
ENERGY,19,6,1.20473503527254e-15,2.81464590375068e-15,1.6099108684781e-15
ENERGY,19,5,6.46346127362802e-16,1.46259690308514e-15,8.16250775721745e-16
ENERGY,19,4,2.38477741204023e-15,2.38591997541922e-15,1.14256337866383e-18
ENERGY,19,3,9.8617667857387e-16,9.87242332609552e-16,1.0656540350483e-18
ENERGY,19,2,1.73096159474889e-14,1.81309702862818e-14,8.21354338793853e-16
ENERGY,19,1,1.20306995366499e-14,1.29140780417242e-14,8.83378505070889e-16
ENERGY,19,0,1.39263665689135e-14,1.48101841847167e-14,8.83817615805465e-16
HPRE,20,1.01195182412353,0.987965203208538
BIASED,20,0.993810871086056,0.989057754412323,1.01251478750058,0.970353854718869
......9......8......7......6......5......4......3......HCAP,20,0.99050826202407,0.971312124234679
CORECAP,20,1.19999933431652,1.66439975062237e-06,1.20000070890396,1.11258657618475e-06
HADC,20,1.00055635138161,0.97721181013201
DEADLINE,20,1.1996708225538,8.92758076534919e-05
RESULT,20,1,0.024,1,0,1.19e-09
......9......8......7......6......5......4......3......2.RESET,20,1.35970715084338e-07,6.24161149294002e-06,6.45959005895416e-06,1.33713342163006e-07,1.20000014066972,3.97552925459891e-07
ENERGY,20,8,0,0,0
ENERGY,20,7,2.86728135225004e-16,9.18377421529721e-16,6.31649286304655e-16
ENERGY,20,6,1.20726244802975e-15,2.81508140324328e-15,1.6078189552137e-15
ENERGY,20,5,1.24863550463236e-15,1.44809683869588e-15,1.99461334062907e-16
ENERGY,20,4,1.78657227075813e-15,1.78884116885881e-15,2.26889810034734e-18
ENERGY,20,3,9.86183170479484e-16,9.86288236300208e-16,1.05065820617817e-19
ENERGY,20,2,2.11590980674128e-15,2.88772743981228e-15,7.71817633073663e-16
ENERGY,20,1,1.17831668938627e-14,1.26692583666162e-14,8.86091472757711e-16
ENERGY,20,0,1.29539602429205e-14,1.3837457650746e-14,8.83497407823468e-16
HPRE,21,1.17471829838337,1.17468564659035
BIASED,21,1.15267320400595,1.17128939440501,1.17137711058244,1.15258548734798
HCAP,21,1.151744792604,1.15165717148614
CORECAP,21,1.22175704415937e-06,1.19999952439123,1.20000598258665,1.2560780344235e-06
......9......8......7......6......5......4......3......2..HADC,21,1.1582871274745,1.15820021219895
DEADLINE,21,-0.00173651772490892,1.19761185600104
RESULT,21,1.175,0,-1,1.19e-09,5.74999999999997e-10
......9......8......7......6......5......4......3......2...RESET,21,1.36067750395054e-07,9.96171682627553e-06,9.22302922179432e-06,1.36048771497285e-07,1.19998363629456,6.7771748509284e-06
ENERGY,21,8,0,0,0
ENERGY,21,7,3.42138750808698e-16,1.05960820749477e-15,7.17469456686147e-16
ENERGY,21,6,1.18315769211372e-15,2.78414389053526e-15,1.60098619842143e-15
ENERGY,21,5,1.30538579523122e-14,1.30591746271991e-14,5.31667488707896e-18
ENERGY,21,4,1.1804479417436e-14,1.18091212864207e-14,4.64186898463866e-18
ENERGY,21,3,1.97501560986559e-16,2.06765204504833e-16,9.26364351819877e-18
ENERGY,21,2,1.72695625612254e-14,1.8081566268321e-14,8.12003707093198e-16
ENERGY,21,1,1.25651767434429e-14,1.36087825927064e-14,1.04360584926838e-15
ENERGY,21,0,1.27076067275116e-14,1.37516596241985e-14,1.04405289668504e-15
HPRE,22,1.16295809163824,1.18692263719433
BIASED,22,1.141637143207,1.18373858036353,1.16034105756675,1.16503468981894
......9......8......7......6......5......4......3......2....HCAP,22,1.14330947250002,1.16149878901707
CORECAP,22,1.01602969803836e-06,1.20007799897274,4.92744415472932e-05,1.19999909785768
HADC,22,1.14729667983786,1.17059419072317
DEADLINE,22,1.19966995550402,8.86509810768015e-05
......9......8......7......6......5......4......3......2.....RESULT,22,1.175,-0.024,1,0,1.19e-09
......9......8......7......6......5......4......3......2......RESET,22,1.36053135830898e-07,-3.47376492199368e-07,-1.49478407358625e-07,1.35911424045818e-07,1.20000014059386,3.97532704291367e-07
ENERGY,22,8,0,0,0
ENERGY,22,7,2.8668764647351e-16,9.18364146488474e-16,6.31676500014863e-16
ENERGY,22,6,1.18213222255689e-15,2.78540124405182e-15,1.60326902149469e-15
ENERGY,22,5,3.37607106154599e-15,3.37788959379401e-15,1.81853224849257e-18
ENERGY,22,4,1.7637818044555e-15,2.47506071724485e-15,7.11278912789348e-16
ENERGY,22,3,1.84447078483323e-16,1.9139191111995e-16,6.94483263802547e-18
ENERGY,22,2,2.35634346943165e-15,3.12376658100036e-15,7.67423111569317e-16
ENERGY,22,1,1.3337623909111e-14,1.42294828424971e-14,8.9185893338495e-16
ENERGY,22,0,1.17454687644347e-14,1.26462690361031e-14,9.0080027166989e-16
HPRE,23,1.16693570393136,1.18294503299168
BIASED,23,1.1454924281114,1.17988332242304,1.16419634048353,1.16117944369455
......9......8......7......6......5......4......3......2......1HCAP,23,1.14456591704595,1.16023529068778
CORECAP,23,1.07131911161253e-06,1.19999904294938,1.19999984552338,1.6662482066893e-06
HADC,23,1.1511534216674,1.16673677513215
DEADLINE,23,-0.00173655631031836,1.19761183780843
RESULT,23,1.175,-0.016,-1,1.19e-09,6.0675e-10
......9......8......7......6......5......4......3......2......1..RESET,23,1.36051136851702e-07,9.96912409808254e-06,9.22133841256174e-06,1.36039938499477e-07,1.19998363629165,6.77717342125579e-06
ENERGY,23,8,0,0,0
ENERGY,23,7,3.42139024970037e-16,1.06011983813766e-15,7.17980813167634e-16
ENERGY,23,6,1.17838981029789e-15,2.78121631328819e-15,1.6028265029901e-15
ENERGY,23,5,2.37404430483365e-15,2.60861955827488e-15,2.34575253442195e-16
ENERGY,23,4,2.75336532306156e-15,2.75534414880722e-15,1.97882574566397e-18
ENERGY,23,3,1.84440972922312e-16,1.93768096901503e-16,9.32712397926081e-18
ENERGY,23,2,1.71594835140584e-14,1.81196106846964e-14,9.60127170635299e-16
ENERGY,23,1,1.42482991435882e-14,1.51400974019443e-14,8.91798258354816e-16
ENERGY,23,0,1.2414832457347e-14,1.33071206365065e-14,8.92288179159177e-16
HPRE,24,1.18291756413063,1.16696316713902
BIASED,24,1.16110556913771,1.16427014064511,1.17980947051217,1.14556627815904
HCAP,24,1.16016178465705,1.14463991290224
CORECAP,24,1.72212105118685e-06,1.20000392525105,1.19999958222428,1.07078067504073e-06
......9......8......7......6......5......4......3......2......1...HADC,24,1.166663150158,1.15122702717343
DEADLINE,24,-0.00173656407499508,1.1976118397645
RESULT,24,1.175,0.016,-1,1.18999999999999e-09,6.0099999999998e-10
......9......8......7......6......5......4......3......2......1....RESET,24,1.36048947193295e-07,9.96664983654179e-06,9.21810086650427e-06,1.36041871499275e-07,1.19998363629102,6.77717435749314e-06
ENERGY,24,8,0,0,0
ENERGY,24,7,3.42139517549833e-16,1.05823454320991e-15,7.1609502566017e-16
ENERGY,24,6,1.17838024456683e-15,2.78133555453959e-15,1.60295530997283e-15
ENERGY,24,5,1.54152825593502e-15,2.49662735431213e-15,9.55099098377462e-16
ENERGY,24,4,3.5906459053057e-15,3.59136229517332e-15,7.16389866389444e-19
ENERGY,24,3,1.84441627469917e-16,1.93768636154865e-16,9.32700868394697e-18
ENERGY,24,2,1.73152558303002e-14,1.81321160182974e-14,8.16860187996156e-16
ENERGY,24,1,1.2212819650718e-14,1.3104602785321e-14,8.91783134609629e-16
ENERGY,24,0,1.42762724436865e-14,1.51684677770246e-14,8.92195333342067e-16
HPRE,25,1.18693362713518,1.162947104108
......9......8......7......6......5......4......3......2......1.....BIASED,25,1.16506424743639,1.16031150666985,1.18376813808076,1.14160759188429
HCAP,25,1.16152825238565,1.1432799005386
CORECAP,25,1.19999910053992,1.68675293252628e-06,1.19999949667343,1.05175345686372e-06
HADC,25,1.17062304548915,1.14726685938858
DEADLINE,25,1.19967080925136,8.92739397582519e-05
......9......8......7......6......5......4......3......2......1......RESULT,25,1.175,0.024,1,0,1.19e-09
......9......8......7......6......5......4......3......2......1......0RESET,25,1.35972511652525e-07,6.23890552819596e-06,6.45889293269124e-06,1.01823693703278e-07,1.20000014066989,3.97552952705448e-07
ENERGY,25,8,0,0,0
ENERGY,25,7,2.8672804340609e-16,9.18399330222156e-16,6.3167128681617e-16
ENERGY,25,6,1.17829205095312e-15,2.7815750289296e-15,1.60328297797663e-15
ENERGY,25,5,2.24766559261894e-15,2.47864286844268e-15,2.3097727582189e-16
ENERGY,25,4,2.88857993119947e-15,2.89059055832901e-15,2.01062712954746e-18
ENERGY,25,3,1.84447380769508e-16,1.91393443072707e-16,6.94606230360582e-18
ENERGY,25,2,2.11710596671724e-15,2.90460272086744e-15,7.87496754147354e-16
ENERGY,25,1,1.19459525253138e-14,1.28402949214225e-14,8.9434239611062e-16
ENERGY,25,0,1.33320913097205e-14,1.42240545660182e-14,8.91963256293575e-16
spectre completes with 0 errors, 9 warnings, and 8 notices.
