// Extracted original meter records; not a full Spectre log.
HPRE,0,0.6,0.6
BIASED,0,0,0,0,0
.HCAP,0,0.6,0.6
CORECAP,0,0,0,0,0
HADC,0,0.6,0.6
DEADLINE,0,0,0
RESULT,0,0.6,0,0,1.18975e-09,1.18975e-09
...RESET,0,0,0,0,0,0,0
ENERGY,0,8,0,0,0
ENERGY,0,7,0,0,0
ENERGY,0,6,0,0,0
ENERGY,0,5,-2.35000685017499e-28,1.87108230610697e-27,2.10608299112451e-27
ENERGY,0,4,-2.35000685017499e-28,1.87108230610697e-27,2.10608299112451e-27
ENERGY,0,3,0,0,0
ENERGY,0,2,0,0,0
ENERGY,0,1,0,0,0
ENERGY,0,0,0,0,0
HPRE,1,0.025,0.025
BIASED,1,0,0,0,0
HCAP,1,0.025,0.025
CORECAP,1,0,0,0,0
....HADC,1,0.025,0.025
DEADLINE,1,0,0
RESULT,1,0.025,0,0,1.19e-09,1.19e-09
.....RESET,1,0,0,0,0,0,0
ENERGY,1,8,0,0,0
ENERGY,1,7,0,0,0
ENERGY,1,6,0,0,0
ENERGY,1,5,-8.70906391726336e-15,1.29545084174736e-19,8.70919346234753e-15
ENERGY,1,4,-8.70906391726336e-15,1.29545084174736e-19,8.70919346234753e-15
ENERGY,1,3,0,0,0
ENERGY,1,2,0,0,0
ENERGY,1,1,0,0,0
ENERGY,1,0,0,0,0
HPRE,2,0.013,0.037
......BIASED,2,0,0,0,0
HCAP,2,0.013,0.037
CORECAP,2,0,0,0,0
HADC,2,0.013,0.037
DEADLINE,2,0,0
......9RESULT,2,0.025,-0.024,0,1.18975e-09,1.18975e-09
......9.RESET,2,0,0,0,0,0,0
ENERGY,2,8,0,0,0
ENERGY,2,7,0,0,0
ENERGY,2,6,0,0,0
ENERGY,2,5,1.83165033333425e-17,1.87605033333408e-17,4.4399999999737e-19
ENERGY,2,4,-1.11626633333399e-17,1.55999999999612e-19,1.1318663333326e-17
ENERGY,2,3,0,0,0
ENERGY,2,2,0,0,0
ENERGY,2,1,0,0,0
ENERGY,2,0,0,0,0
HPRE,3,0.017,0.033
BIASED,3,0,0,0,0
......9..HCAP,3,0.017,0.033
CORECAP,3,0,0,0,0
HADC,3,0.017,0.033
DEADLINE,3,0,0
RESULT,3,0.025,-0.016,0,1.19e-09,1.19e-09
......9....RESET,3,0,0,0,0,0,0
ENERGY,3,8,0,0,0
ENERGY,3,7,0,0,0
ENERGY,3,6,0,0,0
ENERGY,3,5,-6.98512000000457e-18,1.3200000000398e-19,7.11711999999185e-18
ENERGY,3,4,3.01487999999993e-18,3.08288000000038e-18,6.79999999972235e-20
ENERGY,3,3,0,0,0
ENERGY,3,2,0,0,0
ENERGY,3,1,0,0,0
ENERGY,3,0,0,0,0
HPRE,4,0.033,0.017
BIASED,4,0,0,0,0
......9.....HCAP,4,0.033,0.017
CORECAP,4,0,0,0,0
HADC,4,0.033,0.017
DEADLINE,4,0,0
RESULT,4,0.025,0.016,0,1.19e-09,1.19e-09
......9......RESET,4,0,0,0,0,0,0
ENERGY,4,8,0,0,0
ENERGY,4,7,0,0,0
ENERGY,4,6,0,0,0
ENERGY,4,5,-2.00299199999973e-17,2.72000000000576e-19,2.0301920000002e-17
ENERGY,4,4,1.99700800000018e-17,2.04980800000054e-17,5.27999999998024e-19
ENERGY,4,3,0,0,0
ENERGY,4,2,0,0,0
ENERGY,4,1,0,0,0
ENERGY,4,0,0,0,0
......9......8HPRE,5,0.037,0.013
BIASED,5,0,0,0,0
HCAP,5,0.037,0.013
CORECAP,5,0,0,0,0
......9......8.HADC,5,0.037,0.013
DEADLINE,5,0,0
RESULT,5,0.025,0.024,0,1.19e-09,1.19e-09
......9......8..RESET,5,0,0,0,0,0,0
ENERGY,5,8,0,0,0
ENERGY,5,7,0,0,0
ENERGY,5,6,0,0,0
ENERGY,5,5,-2.98511999999583e-18,5.19999999992106e-20,3.03711999999908e-18
ENERGY,5,4,7.01488000000237e-18,7.16288000000162e-18,1.47999999998597e-19
ENERGY,5,3,0,0,0
ENERGY,5,2,0,0,0
ENERGY,5,1,0,0,0
ENERGY,5,0,0,0,0
HPRE,6,0.2,0.2
BIASED,6,0,0,0,0
......9......8...HCAP,6,0.2,0.2
CORECAP,6,0,0,0,0
HADC,6,0.2,0.2
DEADLINE,6,0,0
RESULT,6,0.2,0,0,1.19e-09,1.19e-09
......9......8.....RESET,6,0,0,0,0,0,0
ENERGY,6,8,0,0,0
ENERGY,6,7,0,0,0
ENERGY,6,6,0,0,0
ENERGY,6,5,1.02486575295876e-15,1.02627232569918e-15,1.40657274041678e-18
ENERGY,6,4,9.87857789261875e-16,9.89083839297641e-16,1.22605003576394e-18
ENERGY,6,3,0,0,0
ENERGY,6,2,0,0,0
ENERGY,6,1,0,0,0
ENERGY,6,0,0,0,0
HPRE,7,0.188,0.212
BIASED,7,0,0,0,0
......9......8......HCAP,7,0.188,0.212
CORECAP,7,0,0,0,0
HADC,7,0.188,0.212
DEADLINE,7,0,0
RESULT,7,0.2,-0.024,0,1.19e-09,1.19e-09
......9......8......7.RESET,7,0,0,0,0,0,0
ENERGY,7,8,0,0,0
ENERGY,7,7,0,0,0
ENERGY,7,6,0,0,0
ENERGY,7,5,1.23963738088479e-16,1.2406603147669e-16,1.02293388109195e-19
ENERGY,7,4,-1.16470859047671e-16,9.07130046313997e-20,1.16561572052216e-16
ENERGY,7,3,0,0,0
ENERGY,7,2,0,0,0
ENERGY,7,1,0,0,0
ENERGY,7,0,0,0,0
HPRE,8,0.192,0.208
BIASED,8,0,0,0,0
HCAP,8,0.192,0.208
CORECAP,8,0,0,0,0
......9......8......7..HADC,8,0.192,0.208
DEADLINE,8,0,0
RESULT,8,0.2,-0.016,0,1.19e-09,1.19e-09
......9......8......7...RESET,8,0,0,0,0,0,0
ENERGY,8,8,0,0,0
ENERGY,8,7,-2.95822839455756e-45,5.91645678914306e-45,8.87468518370063e-45
ENERGY,8,6,0,0,0
ENERGY,8,5,-4.19807395212488e-17,1.04440299616995e-19,4.20851798208615e-17
ENERGY,8,4,3.80192604787825e-17,3.81156669093066e-17,9.64064304075565e-20
ENERGY,8,3,0,0,0
ENERGY,8,2,0,0,0
ENERGY,8,1,0,0,0
ENERGY,8,0,0,0,0
HPRE,9,0.208,0.192
BIASED,9,0,0,0,0
......9......8......7....HCAP,9,0.208,0.192
CORECAP,9,0,0,0,0
HADC,9,0.208,0.192
DEADLINE,9,0,0
......9......8......7.....RESULT,9,0.2,0.016,0,1.19e-09,1.19e-09
......9......8......7......RESET,9,0,0,0,0,0,0
ENERGY,9,8,0,0,0
ENERGY,9,7,-2.48920611114446e-60,3.73380916671669e-60,-6.22301527786114e-60
ENERGY,9,6,0,0,0
ENERGY,9,5,-1.59762841588906e-16,1.48958966044747e-19,1.59911800554826e-16
ENERGY,9,4,1.60237158411442e-16,1.60398530624537e-16,1.61372213104439e-19
ENERGY,9,3,0,0,0
ENERGY,9,2,0,0,0
ENERGY,9,1,0,0,0
ENERGY,9,0,0,0,0
HPRE,10,0.212,0.188
BIASED,10,0,0,0,0
......9......8......7......6HCAP,10,0.212,0.188
CORECAP,10,0,0,0,0
HADC,10,0.212,0.188
DEADLINE,10,0,0
RESULT,10,0.2,0.024,0,1.19e-09,1.19e-09
......9......8......7......6..RESET,10,0,0,0,0,0,0
ENERGY,10,8,0,0,0
ENERGY,10,7,0,-2.48920611114446e-60,0
ENERGY,10,6,0,0,0
ENERGY,10,5,-3.79807395212511e-17,9.43979631893091e-20,3.80751374843732e-17
ENERGY,10,4,4.20192604787896e-17,4.21257092457899e-17,1.06448766910776e-19
ENERGY,10,3,0,0,0
ENERGY,10,2,0,0,0
ENERGY,10,1,0,0,0
ENERGY,10,0,0,0,0
HPRE,11,0.6,0.6
BIASED,11,0,0,0,0
HCAP,11,0.6,0.6
CORECAP,11,0,0,0,0
......9......8......7......6...HADC,11,0.6,0.6
DEADLINE,11,0,0
RESULT,11,0.6,0,0,1.19e-09,1.19e-09
......9......8......7......6....RESET,11,0,0,0,0,0,0
ENERGY,11,8,0,0,0
ENERGY,11,7,-9.95682444457783e-60,1.12014275001501e-59,1.24460305557223e-60
ENERGY,11,6,0,0,0
ENERGY,11,5,8.25808028765843e-15,8.25812192307969e-15,4.16354212323945e-20
ENERGY,11,4,8.00199943214247e-15,8.00203864219951e-15,3.92100570654494e-20
ENERGY,11,3,0,0,0
ENERGY,11,2,0,0,0
ENERGY,11,1,0,0,0
ENERGY,11,0,0,0,0
HPRE,12,0.588,0.612
......9......8......7......6.....BIASED,12,0,0,0,0
HCAP,12,0.588,0.612
CORECAP,12,0,0,0,0
HADC,12,0.588,0.612
DEADLINE,12,0,0
......9......8......7......6......RESULT,12,0.6,-0.024,0,1.18999999999999e-09,1.18999999999999e-09
......9......8......7......6......5RESET,12,0,0,0,0,0,0
ENERGY,12,8,0,0,0
ENERGY,12,7,-8.7122213890056e-60,9.95682444457783e-60,2.61366641670168e-59
ENERGY,12,6,0,0,0
ENERGY,12,5,3.63542042219186e-16,3.63818241958065e-16,2.76199738911466e-19
ENERGY,12,4,-3.56103154257553e-16,2.65368376569565e-19,3.56368522634169e-16
ENERGY,12,3,0,0,0
ENERGY,12,2,0,0,0
ENERGY,12,1,0,0,0
ENERGY,12,0,0,0,0
HPRE,13,0.592,0.608
BIASED,13,0,0,0,0
......9......8......7......6......5.HCAP,13,0.592,0.608
CORECAP,13,0,0,0,0
HADC,13,0.592,0.608
DEADLINE,13,0,0
RESULT,13,0.6,-0.016,0,1.19e-09,1.19e-09
......9......8......7......6......5...RESET,13,0,0,0,0,0,0
ENERGY,13,8,0,0,0
ENERGY,13,7,3.73380916671669e-60,-4.97841222228891e-60,-1.36906336112945e-59
ENERGY,13,6,0,0,0
ENERGY,13,5,-1.2198672137924e-16,1.36285054510206e-19,1.22123006433888e-16
ENERGY,13,4,1.18013278620885e-16,1.18145977226649e-16,1.32698605710212e-19
ENERGY,13,3,0,0,0
ENERGY,13,2,0,0,0
ENERGY,13,1,0,0,0
ENERGY,13,0,0,0,0
HPRE,14,0.608,0.592
BIASED,14,0,0,0,0
HCAP,14,0.608,0.592
CORECAP,14,0,0,0,0
......9......8......7......6......5....HADC,14,0.608,0.592
DEADLINE,14,0,0
RESULT,14,0.6,0.016,0,1.19e-09,1.19e-09
......9......8......7......6......5.....RESET,14,0,0,0,0,0,0
ENERGY,14,8,0,0,0
ENERGY,14,7,-4.3561106945028e-60,2.24028550003001e-59,1.12014275001501e-59
ENERGY,14,6,0,0,0
ENERGY,14,5,-4.79787465012423e-16,3.56231471461219e-19,4.80143696483833e-16
ENERGY,14,4,4.80212534986898e-16,4.80578394336187e-16,3.6585934936843e-19
ENERGY,14,3,0,0,0
ENERGY,14,2,0,0,0
ENERGY,14,1,0,0,0
ENERGY,14,0,0,0,0
HPRE,15,0.612,0.588
......9......8......7......6......5......BIASED,15,0,0,0,0
HCAP,15,0.612,0.588
CORECAP,15,0,0,0,0
HADC,15,0.612,0.588
DEADLINE,15,0,0
......9......8......7......6......5......4RESULT,15,0.6,0.024,0,1.19e-09,1.19e-09
......9......8......7......6......5......4.RESET,15,0,0,0,0,0,0
ENERGY,15,8,0,0,0
ENERGY,15,7,-8.08991986121948e-60,6.22301527786114e-60,9.95682444457783e-60
ENERGY,15,6,0,0,0
ENERGY,15,5,-1.17986721379004e-16,1.31801993628149e-19,1.18118523372672e-16
ENERGY,15,4,1.22013278621039e-16,1.22150460287899e-16,1.37181666918858e-19
ENERGY,15,3,0,0,0
ENERGY,15,2,0,0,0
ENERGY,15,1,0,0,0
ENERGY,15,0,0,0,0
HPRE,16,1,1
BIASED,16,0,0,0,0
......9......8......7......6......5......4..HCAP,16,1,1
CORECAP,16,0,0,0,0
HADC,16,1,1
DEADLINE,16,0,0
RESULT,16,1,0,0,1.19e-09,1.19e-09
......9......8......7......6......5......4....RESET,16,0,0,0,0,0,0
ENERGY,16,8,0,0,0
ENERGY,16,7,-3.73380916671669e-60,-7.46761833343337e-60,-1.24460305557223e-60
ENERGY,16,6,0,0,0
ENERGY,16,5,1.64961029444288e-14,1.65080175372913e-14,1.19145928627752e-17
ENERGY,16,4,1.57601935495622e-14,1.57714140884712e-14,1.12205389095979e-17
ENERGY,16,3,0,0,0
ENERGY,16,2,0,0,0
ENERGY,16,1,0,0,0
ENERGY,16,0,0,0,0
HPRE,17,0.988,1.012
BIASED,17,0,0,0,0
......9......8......7......6......5......4.....HCAP,17,0.988,1.012
CORECAP,17,0,0,0,0
HADC,17,0.988,1.012
DEADLINE,17,0,0
RESULT,17,1,-0.024,0,1.18999999999999e-09,1.18999999999999e-09
......9......8......7......6......5......4......RESET,17,0,0,0,0,0,0
ENERGY,17,8,0,0,0
ENERGY,17,7,6.22301527786114e-61,-6.22301527786114e-60,-4.97841222228891e-60
ENERGY,17,6,0,0,0
ENERGY,17,5,6.02207244050572e-16,6.037316707329e-16,1.52442668150678e-18
ENERGY,17,4,-5.94751420397807e-16,1.48827426950639e-18,5.9623969466696e-16
ENERGY,17,3,0,0,0
ENERGY,17,2,0,0,0
ENERGY,17,1,0,0,0
ENERGY,17,0,0,0,0
......9......8......7......6......5......4......3HPRE,18,0.992,1.008
BIASED,18,0,0,0,0
HCAP,18,0.992,1.008
CORECAP,18,0,0,0,0
......9......8......7......6......5......4......3.HADC,18,0.992,1.008
DEADLINE,18,0,0
RESULT,18,1,-0.016,0,1.19e-09,1.19e-09
......9......8......7......6......5......4......3..RESET,18,0,0,0,0,0,0
ENERGY,18,8,0,0,0
ENERGY,18,7,2.48920611114446e-60,-1.24460305557223e-60,-3.73380916671669e-60
ENERGY,18,6,0,0,0
ENERGY,18,5,-2.01985992842237e-16,1.774907359901e-18,2.03760900202339e-16
ENERGY,18,4,1.98014007157972e-16,1.9976069455911e-16,1.74668740115404e-18
ENERGY,18,3,0,0,0
ENERGY,18,2,0,0,0
ENERGY,18,1,0,0,0
ENERGY,18,0,0,0,0
HPRE,19,1.008,0.992
BIASED,19,0,0,0,0
......9......8......7......6......5......4......3...HCAP,19,1.008,0.992
CORECAP,19,0,0,0,0
HADC,19,1.008,0.992
DEADLINE,19,0,0
RESULT,19,1,0.016,0,1.19e-09,1.19e-09
......9......8......7......6......5......4......3.....RESET,19,0,0,0,0,0,0
ENERGY,19,8,0,0,0
ENERGY,19,7,-6.22301527786114e-60,8.7122213890056e-60,1.36906336112945e-59
ENERGY,19,6,0,0,0
ENERGY,19,5,-8.01199909452717e-16,6.38207805427097e-19,8.01838117258179e-16
ENERGY,19,4,8.01697404788813e-16,8.02345906268971e-16,6.48501480366903e-19
ENERGY,19,3,0,0,0
ENERGY,19,2,0,0,0
ENERGY,19,1,0,0,0
ENERGY,19,0,0,0,0
HPRE,20,1.012,0.988
BIASED,20,0,0,0,0
......9......8......7......6......5......4......3......HCAP,20,1.012,0.988
CORECAP,20,0,0,0,0
HADC,20,1.012,0.988
DEADLINE,20,0,0
RESULT,20,1,0.024,0,1.19e-09,1.19e-09
......9......8......7......6......5......4......3......2.RESET,20,0,0,0,0,0,0
ENERGY,20,8,0,0,0
ENERGY,20,7,1.86690458335834e-60,-1.24460305557223e-60,-9.95682444457783e-60
ENERGY,20,6,0,0,0
ENERGY,20,5,-1.97985992842376e-16,1.73969141236785e-18,1.99725684254394e-16
ENERGY,20,4,2.02014007157801e-16,2.03795910508138e-16,1.78190334957702e-18
ENERGY,20,3,0,0,0
ENERGY,20,2,0,0,0
ENERGY,20,1,0,0,0
ENERGY,20,0,0,0,0
HPRE,21,1.175,1.175
BIASED,21,0,0,0,0
HCAP,21,1.175,1.175
CORECAP,21,0,0,0,0
......9......8......7......6......5......4......3......2..HADC,21,1.175,1.175
DEADLINE,21,0,0
RESULT,21,1.175,0,0,1.19e-09,1.19e-09
......9......8......7......6......5......4......3......2...RESET,21,0,0,0,0,0,0
ENERGY,21,8,0,0,0
ENERGY,21,7,-6.22301527786114e-61,-2.48920611114446e-60,-1.24460305557223e-60
ENERGY,21,6,0,0,0
ENERGY,21,5,1.01390987133942e-14,1.01464359868757e-14,7.33727348164819e-18
ENERGY,21,4,8.9322750906014e-15,8.93867068192494e-15,6.39559132352112e-18
ENERGY,21,3,0,0,0
ENERGY,21,2,0,0,0
ENERGY,21,1,0,0,0
ENERGY,21,0,0,0,0
HPRE,22,1.163,1.187
BIASED,22,0,0,0,0
......9......8......7......6......5......4......3......2....HCAP,22,1.163,1.187
CORECAP,22,0,0,0,0
HADC,22,1.163,1.187
DEADLINE,22,0,0
......9......8......7......6......5......4......3......2.....RESULT,22,1.175,-0.024,0,1.19e-09,1.19e-09
......9......8......7......6......5......4......3......2......RESET,22,0,0,0,0,0,0
ENERGY,22,8,0,0,0
ENERGY,22,7,3.11150763893057e-60,-9.95682444457783e-60,-1.36906336112945e-59
ENERGY,22,6,0,0,0
ENERGY,22,5,7.08746205244378e-16,7.09318951714885e-16,5.72746470356487e-19
ENERGY,22,4,-7.01253794753994e-16,5.61166086244842e-19,7.01814960841395e-16
ENERGY,22,3,0,0,0
ENERGY,22,2,0,0,0
ENERGY,22,1,0,0,0
ENERGY,22,0,0,0,0
HPRE,23,1.167,1.183
BIASED,23,0,0,0,0
......9......8......7......6......5......4......3......2......1HCAP,23,1.167,1.183
CORECAP,23,0,0,0,0
HADC,23,1.167,1.183
DEADLINE,23,0,0
RESULT,23,1.175,-0.016,0,1.19e-09,1.19e-09
......9......8......7......6......5......4......3......2......1..RESET,23,0,0,0,0,0,0
ENERGY,23,8,0,0,0
ENERGY,23,7,2.48920611114446e-60,-2.48920611114446e-60,-7.46761833343337e-60
ENERGY,23,6,0,0,0
ENERGY,23,5,-2.35379401664392e-16,2.08304690667648e-18,2.37462448567869e-16
ENERGY,23,4,2.31439627487826e-16,2.33494454440987e-16,2.05482694890771e-18
ENERGY,23,3,0,0,0
ENERGY,23,2,0,0,0
ENERGY,23,1,0,0,0
ENERGY,23,0,0,0,0
HPRE,24,1.183,1.167
BIASED,24,0,0,0,0
HCAP,24,1.183,1.167
CORECAP,24,0,0,0,0
......9......8......7......6......5......4......3......2......1...HADC,24,1.183,1.167
DEADLINE,24,0,0
RESULT,24,1.175,0.016,0,1.18999999999999e-09,1.18999999999999e-09
......9......8......7......6......5......4......3......2......1....RESET,24,0,0,0,0,0,0
ENERGY,24,8,0,0,0
ENERGY,24,7,1.86690458335834e-60,2.48920611114446e-60,0
ENERGY,24,6,0,0,0
ENERGY,24,5,-9.4145342445454e-16,7.50794867933362e-19,9.42204219324094e-16
ENERGY,24,4,9.41950919778736e-16,9.42712008333657e-16,7.61088551337646e-19
ENERGY,24,3,0,0,0
ENERGY,24,2,0,0,0
ENERGY,24,1,0,0,0
ENERGY,24,0,0,0,0
HPRE,25,1.187,1.163
......9......8......7......6......5......4......3......2......1.....BIASED,25,0,0,0,0
HCAP,25,1.187,1.163
CORECAP,25,0,0,0,0
HADC,25,1.187,1.163
DEADLINE,25,0,0
......9......8......7......6......5......4......3......2......1......RESULT,25,1.175,0.024,0,1.19e-09,1.19e-09
......9......8......7......6......5......4......3......2......1......0RESET,25,0,0,0,0,0,0
ENERGY,25,8,0,0,0
ENERGY,25,7,-1.86690458335834e-60,9.95682444457783e-60,4.97841222228891e-60
ENERGY,25,6,0,0,0
ENERGY,25,5,-2.34560258633745e-16,5.83961868914607e-19,2.35144220504364e-16
ENERGY,25,4,2.38620712236801e-16,2.39216724919352e-16,5.96012684255403e-19
ENERGY,25,3,0,0,0
ENERGY,25,2,0,0,0
ENERGY,25,1,0,0,0
ENERGY,25,0,0,0,0
spectre completes with 0 errors, 2 warnings, and 13 notices.
