// Extracted original meter records; not a full Spectre log.
BIASED,0,0.590648074270886,0.609351929698874,0.609351929698874,0.590648074270886
CORECAP,0,3.73983403738996e-05,1.19998539454767,1.1999854689891,3.75226341742513e-05
DEADLINE,0,-0.00175608301719203,1.19761725345975
RESULT,0,0.6,0,-1,1.18975e-09,5.8625e-10
.RESET,0,1.37404313986497e-07,1.06054511870487e-05,9.24531615552356e-06,1.37324544125881e-07,1.19998363641537,7.2358300514932e-06
ENERGY,0,8,0,0,0
ENERGY,0,7,3.31981910847153e-16,1.05885980631034e-15,7.2687789546319e-16
ENERGY,0,6,1.15757085881776e-15,2.90760197131777e-15,1.75003111250003e-15
ENERGY,0,5,1.17042169118061e-20,4.02875976215794e-16,4.02864271998885e-16
ENERGY,0,4,1.16917953646325e-20,4.02878036509545e-16,4.02866344714184e-16
ENERGY,0,3,2.80557870589914e-15,2.80557870589914e-15,0
ENERGY,0,2,1.72462484670271e-14,1.80837359965845e-14,8.37487529557445e-16
ENERGY,0,1,1.23063004369356e-14,1.31663645315891e-14,8.60064094653527e-16
ENERGY,0,0,1.2441313293243e-14,1.33014254209543e-14,8.60112127711235e-16
BIASED,1,5.35606102498122e-08,0.0187039078399897,0.0187039078387658,5.35591004513202e-08
CORECAP,1,5.46009764938873e-08,1.19999925891784,1.2000000497081,-1.12750537860705e-07
DEADLINE,1,-0.00178828350980306,1.19760811973949
RESULT,1,0,0,-1,1.19e-09,6.145e-10
..RESET,1,1.4110443817677e-07,1.06428440262229e-05,9.25757104366302e-06,1.4105866657238e-07,1.19998363641433,7.40727023088925e-06
ENERGY,1,8,0,0,0
ENERGY,1,7,3.40817910206777e-16,1.05830662202636e-15,7.17488711819583e-16
ENERGY,1,6,1.12273588346194e-15,2.86615995002871e-15,1.74342406656675e-15
ENERGY,1,5,-2.19923868683496e-16,4.45740286766633e-20,2.19968442712172e-16
ENERGY,1,4,-2.19923867349524e-16,4.4574028603595e-20,2.19968441378126e-16
ENERGY,1,3,5.57316324804136e-15,5.57316324804136e-15,0
ENERGY,1,2,1.73162811841301e-14,1.81175034797548e-14,8.01222295625298e-16
ENERGY,1,1,1.38172145155312e-14,1.46745603133584e-14,8.57345797827157e-16
ENERGY,1,0,1.39516948738758e-14,1.4810039437939e-14,8.58344564063242e-16
BIASED,2,0.00492211811792128,0.0236259723935979,0.0236259724038042,0.00492211812783339
CORECAP,2,1.07109517152617e-07,1.20000028597556,1.19999996705356,1.06407461253817e-07
DEADLINE,2,-0.00178829556501756,1.19760792207686
RESULT,2,0.005,0,-1,1.18975e-09,6.1325e-10
...RESET,2,1.41123742122896e-07,1.06428488986626e-05,9.25756704967751e-06,1.41072286343109e-07,1.19998363641425,7.40727054580203e-06
ENERGY,2,8,0,0,0
ENERGY,2,7,3.40845280241886e-16,1.05846451620168e-15,7.17619235959825e-16
ENERGY,2,6,1.12341761734872e-15,2.8673509526378e-15,1.74393333528906e-15
ENERGY,2,5,-1.1444959702262e-17,3.14522993809269e-18,1.45901896403467e-17
ENERGY,2,4,-1.14449602633684e-17,3.14522718355844e-18,1.45901874469255e-17
ENERGY,2,3,5.58809471855561e-15,5.58809471855561e-15,0
ENERGY,2,2,1.7312810126757e-14,1.81139288209878e-14,8.0111869423197e-16
ENERGY,2,1,1.31386821820123e-14,1.40010193895781e-14,8.62337207565866e-16
ENERGY,2,0,1.32733995722123e-14,1.41368792191902e-14,8.63479646977961e-16
BIASED,3,0.00984418453770803,0.0285480388310599,0.0285480388411124,0.00984418454752644
CORECAP,3,1.44481603067741e-07,1.20000011528189,1.20000242113067,-5.00816734222321e-08
DEADLINE,3,-0.00178858984274215,1.19760769627174
RESULT,3,0.01,0,-1,1.19e-09,6.11999999999999e-10
RESET,3,1.41114980383004e-07,1.06427565234358e-05,9.25755781758861e-06,1.41062492613555e-07,1.19998363641169,7.40728246487309e-06
ENERGY,3,8,0,0,0
ENERGY,3,7,3.40509281518593e-16,1.05815010702923e-15,7.17640825510646e-16
ENERGY,3,6,1.12172674127469e-15,2.86695039736207e-15,1.74522365608738e-15
ENERGY,3,5,-2.27971373130671e-17,6.30645344842582e-18,2.91035907615005e-17
ENERGY,3,4,-2.27971370735332e-17,6.30644769857601e-18,2.91035847721043e-17
ENERGY,3,3,5.56471487194114e-15,5.56471487194114e-15,0
ENERGY,3,2,1.73169862475623e-14,1.81181936870329e-14,8.01207439470126e-16
ENERGY,3,1,1.30944224322402e-14,1.39564317301127e-14,8.62009297872076e-16
ENERGY,3,0,1.32291063528928e-14,1.40922608064497e-14,8.63154453557535e-16
....BIASED,4,0.00196887750177774,0.0364233459369703,0.0206727317737524,0.0177194916234782
CORECAP,4,1.44194194453507e-07,1.19999737896361,1.19999883166427,-1.57484314465145e-07
DEADLINE,4,-0.00178829590499348,1.19760799922914
RESULT,4,0.01,-0.016,-1,1.19e-09,6.5075e-10
RESET,4,1.41097677164069e-07,1.06392809327198e-05,9.26010442536022e-06,1.41050081960219e-07,1.19998363641111,7.40727828470632e-06
ENERGY,4,8,0,0,0
ENERGY,4,7,3.40852979027172e-16,1.05816603796176e-15,7.17313058934608e-16
ENERGY,4,6,1.12247661648333e-15,2.86564544158377e-15,1.74316882510031e-15
ENERGY,4,5,-4.04097924790518e-17,1.13768642669336e-17,5.17866567459888e-17
ENERGY,4,4,-4.9124431709065e-18,1.26128763331237e-18,6.17373080421823e-18
ENERGY,4,3,5.56439691356787e-15,5.56439691356787e-15,0
ENERGY,4,2,1.73230717045687e-14,1.81431375078187e-14,8.20065803249816e-16
ENERGY,4,1,1.44935713441358e-14,1.53507438074767e-14,8.57172463341438e-16
ENERGY,4,0,1.27484286993476e-14,1.36067570690438e-14,8.58328369695615e-16
BIASED,5,0.0177194929415332,0.0206727317955785,0.0364233464635846,0.00196887802522921
.....CORECAP,5,-1.61016420940813e-07,1.19999716309547,1.20000088361756,-2.10828911271199e-07
DEADLINE,5,-0.00178862767723979,1.19760789010429
RESULT,5,0.01,0.016,-1,1.19e-09,6.49750000000001e-10
RESET,5,1.41130729448758e-07,1.06418200684319e-05,9.25685392989623e-06,1.41046148141515e-07,1.1999836364103,7.40728363669661e-06
ENERGY,5,8,0,0,0
ENERGY,5,7,3.4082780713365e-16,1.05678031431304e-15,7.15952507179352e-16
ENERGY,5,6,1.12214579746128e-15,2.86658524712752e-15,1.74443944966625e-15
ENERGY,5,5,-5.23811730620622e-18,1.26129300014561e-18,6.49941030635572e-18
ENERGY,5,4,-4.00718192706841e-17,1.14935863851862e-17,5.15654056558731e-17
ENERGY,5,3,5.56439704175174e-15,5.56439704175174e-15,0
ENERGY,5,2,1.73180805186033e-14,1.8141570434809e-14,8.23489916205788e-16
ENERGY,5,1,1.26137508631445e-14,1.34716593385962e-14,8.57908475451276e-16
ENERGY,5,0,1.46222042096031e-14,1.54812570893e-14,8.59052879697146e-16
BIASED,6,0.0118130113371385,0.0305168656341762,0.0305168656458429,0.0118130113436084
CORECAP,6,1.34159547590747e-07,1.20000114751236,1.2000000785064,-5.444467054448e-08
......DEADLINE,6,-0.00178860326387144,1.19760761780105
RESULT,6,0.012,0,-1,1.19e-09,6.11499999999999e-10
RESET,6,1.41110834224181e-07,1.06427655063605e-05,9.25754036809942e-06,1.41030323648761e-07,1.19998363641036,7.40728337857389e-06
ENERGY,6,8,0,0,0
ENERGY,6,7,3.40798299745387e-16,1.05850357650584e-15,7.17705276760407e-16
ENERGY,6,6,1.12215189474523e-15,2.86808779586526e-15,1.74593590111999e-15
ENERGY,6,5,-2.71009681768617e-17,7.61319476458956e-18,3.47141629414397e-17
ENERGY,6,4,-2.7786080292738e-17,7.57502418151473e-18,3.5361104474249e-17
ENERGY,6,3,5.555172308433e-15,5.555172308433e-15,0
ENERGY,6,2,1.73169775206457e-14,1.81183205507731e-14,8.01343030126077e-16
ENERGY,6,1,1.30793469507374e-14,1.39389857020421e-14,8.596387513032e-16
ENERGY,6,0,1.32140280428034e-14,1.40748133220422e-14,8.6078527923756e-16
BIASED,7,5.07569722691358e-08,0.0423298262780708,0.0187039055025117,0.0236259724284738
CORECAP,7,1.40511639727429e-07,1.20009030375332,5.45555092334743e-05,1.20000008794238
DEADLINE,7,1.19966929677434,8.84644839160083e-05
RESULT,7,0.012,-0.024,1,0,1.19e-09
......9RESET,7,9.15047419147909e-09,-8.69233410900668e-07,1.34288793205032e-07,-2.22411836405775e-07,1.20000141003226,1.03070828317444e-06
ENERGY,7,8,0,0,0
ENERGY,7,7,2.85844861900688e-16,9.17848187706794e-16,6.32003325806019e-16
ENERGY,7,6,1.12205138239099e-15,2.86545059575918e-15,1.74339921336807e-15
ENERGY,7,5,-5.31464560392445e-17,1.53068556729158e-17,6.84533117121528e-17
ENERGY,7,4,-3.61995642419287e-19,2.14309139837971e-22,3.62209951558385e-19
ENERGY,7,3,5.5550451076677e-15,5.5550451076677e-15,0
ENERGY,7,2,2.35959843681973e-15,3.09277430200224e-15,7.33175865183424e-16
ENERGY,7,1,1.35869710432669e-14,1.44444955773581e-14,8.57524534090894e-16
ENERGY,7,0,1.21452932198322e-14,1.30207178712223e-14,8.75424651389938e-16
BIASED,8,0.00393770467670576,0.038392173119404,0.0226415590486077,0.019688318887593
CORECAP,8,6.86369376940842e-08,1.20000004072069,1.19999897775943,2.06546196482016e-07
DEADLINE,8,-0.00178832910951242,1.197607667607
RESULT,8,0.012,-0.016,-1,1.19e-09,6.5375e-10
......9.RESET,8,1.41088991854889e-07,1.06392927104167e-05,9.26010151213166e-06,1.41045561810853e-07,1.19998363641173,7.40727540943438e-06
ENERGY,8,8,0,0,0
ENERGY,8,7,3.40959321016925e-16,1.05866454434489e-15,7.17705223327998e-16
ENERGY,8,6,1.12196168721462e-15,2.86665052850422e-15,1.74468884128956e-15
ENERGY,8,5,-4.54488476027873e-17,1.26175307631111e-17,5.80663783658952e-17
ENERGY,8,4,-9.17659247316454e-18,2.52504812040599e-18,1.17016405935728e-17
ENERGY,8,3,5.55504514263744e-15,5.55504514263744e-15,0
ENERGY,8,2,1.71489652852072e-14,1.81187626151565e-14,9.69797329949237e-16
ENERGY,8,1,1.4536020388849e-14,1.53939289001491e-14,8.57908511298276e-16
ENERGY,8,0,1.28048614207326e-14,1.36639333479589e-14,8.5907192722752e-16
BIASED,9,0.0196883197122412,0.0226415585639165,0.0383921732376649,0.00393770478636706
CORECAP,9,1.33839387413996e-07,1.19999963202236,1.20000506468822,-9.98904630402263e-08
DEADLINE,9,-0.00178863978856599,1.19760781391294
RESULT,9,0.012,0.016,-1,1.19e-09,6.49000000000001e-10
......9..RESET,9,1.41099781556581e-07,9.9876133687464e-06,1.02262789301899e-05,1.4101889942324e-07,1.19998363640779,7.407298740836e-06
ENERGY,9,8,0,0,0
ENERGY,9,7,3.40923999025175e-16,1.056990773183e-15,7.1606677415785e-16
ENERGY,9,6,1.12014452832549e-15,2.86658534044936e-15,1.74644081212377e-15
ENERGY,9,5,-9.9255862747517e-18,2.52505485306792e-18,1.24506411278155e-17
ENERGY,9,4,-4.43934048537231e-17,1.27927686775033e-17,5.71861735312166e-17
ENERGY,9,3,5.55504509574451e-15,5.55504509574451e-15,0
ENERGY,9,2,1.73180599806467e-14,1.81411451637233e-14,8.23085183074522e-16
ENERGY,9,1,1.2599287223634e-14,1.34571992262308e-14,8.57912002594191e-16
ENERGY,9,0,1.45978998374024e-14,1.5456948219384e-14,8.59048381982855e-16
BIASED,10,0.023625973729778,0.0187039055065823,0.0423298268066792,5.12801821504654e-08
CORECAP,10,1.20000001166777,1.87163821345767e-07,1.20000143347599,-2.22736088252301e-07
DEADLINE,10,1.19967048533226,8.91696882820036e-05
RESULT,10,0.012,0.024,1,0,1.19e-09
......9...RESET,10,-2.2237420526644e-07,5.87213862563628e-06,6.50444894854468e-06,2.04545748054629e-08,1.20000141074539,1.03094724775929e-06
ENERGY,10,8,0,0,0
ENERGY,10,7,2.85886853750115e-16,9.17874059181729e-16,6.31987205431486e-16
ENERGY,10,6,1.11811868838761e-15,2.86339317254028e-15,1.74527448415267e-15
ENERGY,10,5,-1.02256668470919e-19,3.93989706161998e-23,1.02296067442522e-19
ENERGY,10,4,-5.36086859355107e-17,1.5159815270195e-17,6.87685012057008e-17
ENERGY,10,3,5.55504497973099e-15,5.55504497973099e-15,0
ENERGY,10,2,2.12080455785242e-15,2.8789146825307e-15,7.58110124678102e-16
ENERGY,10,1,1.23464449920817e-14,1.32069660511953e-14,8.60521059113013e-16
ENERGY,10,0,1.35946517215787e-14,1.44517293427305e-14,8.57077621150852e-16
BIASED,11,0.0147662519320399,0.0334701062606522,0.0334701062615156,0.014766251944757
CORECAP,11,2.43304325128712e-08,1.19999939321328,1.20000486249693,1.40074897289135e-07
DEADLINE,11,-0.00178862684530979,1.19760749360328
RESULT,11,0.015,0,-1,1.19e-09,6.12249999999999e-10
RESET,11,1.41073276501209e-07,9.9884518717181e-06,1.02272050638665e-05,1.4102889300699e-07,1.19998363640789,7.4072985213505e-06
ENERGY,11,8,0,0,0
ENERGY,11,7,3.41743063606265e-16,1.05889017553371e-15,7.17147111927449e-16
ENERGY,11,6,1.11824982500204e-15,2.86631410130648e-15,1.74806427630489e-15
ENERGY,11,5,-3.35636227935779e-17,9.58428165932047e-18,4.31479044528998e-17
ENERGY,11,4,-3.46948543142982e-17,9.48222393522612e-18,4.41770782495336e-17
ENERGY,11,3,5.54120797657409e-15,5.54120797657409e-15,0
ENERGY,11,2,1.72737398701479e-14,1.80788863524625e-14,8.05146482312673e-16
ENERGY,11,1,1.30535850289927e-14,1.3914614530951e-14,8.61029501960699e-16
ENERGY,11,0,1.31883042513838e-14,1.40504565064343e-14,8.62152255049378e-16
BIASED,12,0.00295329142203885,0.0452830669685,0.0216571456548535,0.0265792125680193
......9....CORECAP,12,-2.18671998201974e-07,1.20008982943066,5.44192241015928e-05,1.19999971567394
DEADLINE,12,1.1996693014576,8.84647378455661e-05
RESULT,12,0.015,-0.024,1,0,1.18999999999999e-09
RESET,12,8.62945676195528e-09,-8.69192498068551e-07,1.34277756554889e-07,-2.22646283738788e-07,1.20000141003233,1.03070844244622e-06
ENERGY,12,8,0,0,0
ENERGY,12,7,2.86268942495611e-16,9.17849338063537e-16,6.31580395567928e-16
ENERGY,12,6,1.11834055165265e-15,2.86389334340781e-15,1.74555279175514e-15
ENERGY,12,5,-5.94987534811054e-17,1.7249874023054e-17,7.67486275041511e-17
ENERGY,12,4,-7.4064206923354e-18,1.89304453807437e-18,9.29946523042457e-18
ENERGY,12,3,5.54101717627745e-15,5.54101717627745e-15,0
ENERGY,12,2,2.35948732036893e-15,3.09186524552913e-15,7.323779251582e-16
ENERGY,12,1,1.35501100863283e-14,1.44079924899568e-14,8.57882403629216e-16
ENERGY,12,0,1.21246196858813e-14,1.30003369469539e-14,8.75717261074764e-16
BIASED,13,0.00689094481995492,0.041345413281892,0.0255947991349063,0.022641558972282
CORECAP,13,1.44378386271679e-07,1.19999959955793,1.1999987521444,1.57748597243228e-08
......9.....DEADLINE,13,-0.00178860448338375,1.19760779476194
RESULT,13,0.015,-0.016,-1,1.19e-09,6.52749999999999e-10
RESET,13,1.41056728422407e-07,9.9893622707968e-06,1.02278583549181e-05,1.41074715476422e-07,1.19998363640792,7.4072985703165e-06
ENERGY,13,8,0,0,0
ENERGY,13,7,3.41853731066575e-16,1.0593621038607e-15,7.17508372794188e-16
ENERGY,13,6,1.11825110573882e-15,2.86504936753372e-15,1.74679826179491e-15
ENERGY,13,5,-5.19820174418125e-17,1.45307101177995e-17,6.65127275596314e-17
ENERGY,13,4,-1.60401089926382e-17,4.42530563975516e-18,2.04654146323929e-17
ENERGY,13,3,5.54101720744932e-15,5.54101720744932e-15,0
ENERGY,13,2,1.71486337240851e-14,1.81184634228668e-14,9.69829698782812e-16
ENERGY,13,1,1.4499445179459e-14,1.5357697511788e-14,8.58252332329675e-16
ENERGY,13,0,1.27827673183509e-14,1.36421648811727e-14,8.59397562820626e-16
BIASED,14,0.02264156032681,0.0255947991988935,0.041345412785933,0.00689094431689821
CORECAP,14,6.50975158658955e-08,1.19999870568002,1.20000627712038,9.72763293002009e-08
DEADLINE,14,-0.00178888191461529,1.19760756302093
......9......RESULT,14,0.015,0.016,-1,1.19e-09,6.48e-10
RESET,14,1.41092388716785e-07,9.98741874917825e-06,1.02260971793971e-05,1.41010590044859e-07,1.19998363640775,7.40729893802866e-06
ENERGY,14,8,0,0,0
ENERGY,14,7,3.418570123168e-16,1.05750737012016e-15,7.15650357803494e-16
ENERGY,14,6,1.11824686114191e-15,2.86504197726556e-15,1.7467951161239e-15
ENERGY,14,5,-1.68983419428855e-17,4.42531534624388e-18,2.13236572891196e-17
ENERGY,14,4,-5.08173495335945e-17,1.47462207635495e-17,6.55635702971341e-17
ENERGY,14,3,5.54101717235233e-15,5.54101717235233e-15,0
ENERGY,14,2,1.73170013881401e-14,1.81404314642614e-14,8.2343007612035e-16
ENERGY,14,1,1.25767069769995e-14,1.34349697918138e-14,8.58262814815796e-16
ENERGY,14,0,1.45609343563576e-14,1.54203328505104e-14,8.59398494151067e-16
BIASED,15,0.026579213889329,0.021657145658095,0.0452830669711635,0.00295329142097761
CORECAP,15,1.20000009145889,1.2337199161991e-07,1.20000048079939,9.41451575558053e-08
DEADLINE,15,1.19967048835568,8.9169674267575e-05
RESULT,15,0.015,0.024,1,0,1.19e-09
......9......8RESET,15,-2.22659764133901e-07,6.25171445625374e-06,7.44213615392458e-06,1.99328474764068e-08,1.20000141074181,1.13690332531822e-06
ENERGY,15,8,0,0,0
ENERGY,15,7,2.86470614901081e-16,9.18033346265501e-16,6.31562731364266e-16
ENERGY,15,6,1.11824410990125e-15,2.86387156023846e-15,1.74562745033718e-15
ENERGY,15,5,-7.10299670800437e-18,1.8930490968123e-18,8.99604580480898e-18
ENERGY,15,4,-6.00046231962628e-17,1.70787983078721e-17,7.70834215041381e-17
ENERGY,15,3,5.54101709323635e-15,5.54101709323635e-15,0
ENERGY,15,2,2.12048031413828e-15,2.87775598688518e-15,7.57275672746917e-16
ENERGY,15,1,1.23245457409344e-14,1.31860060967889e-14,8.61460355854105e-16
ENERGY,15,0,1.35562682259708e-14,1.44145993835682e-14,8.58331157596992e-16
BIASED,16,0.0196883187898957,0.0383921731499856,0.0383921731837332,0.0196883188597035
CORECAP,16,7.35371832993829e-09,1.20000437803942,1.20000260214595,1.05334205589624e-07
DEADLINE,16,-0.00178860858143132,1.19760736807752
RESULT,16,0.02,0,-1,1.19e-09,6.10999999999998e-10
......9......8.RESET,16,1.41064909608232e-07,9.98851930429882e-06,1.02271692303298e-05,1.4104848317026e-07,1.19998363640778,7.40729900950988e-06
ENERGY,16,8,0,0,0
ENERGY,16,7,3.41740289553962e-16,1.05892827981201e-15,7.17187990258248e-16
ENERGY,16,6,1.11848686779547e-15,2.86702684481845e-15,1.74853997702285e-15
ENERGY,16,5,-4.4352250877438e-17,1.28584775204853e-17,5.72107283979111e-17
ENERGY,16,4,-4.56469111319022e-17,1.26722607787447e-17,5.83191719106498e-17
ENERGY,16,3,5.51795545628049e-15,5.51795545628049e-15,0
ENERGY,16,2,1.72740210879967e-14,1.80793882587723e-14,8.05367170775972e-16
ENERGY,16,1,1.30073158271426e-14,1.38723756210221e-14,8.65059793879618e-16
ENERGY,16,0,1.31419958193842e-14,1.40081969043042e-14,8.66201084922001e-16
BIASED,17,0.00787535831419308,0.0502051338985834,0.0265792120340069,0.0315012789517041
CORECAP,17,-2.18556951711699e-07,1.20008930275358,5.37494494131282e-05,1.19999959208574
DEADLINE,17,1.19966930791884,8.84660419579911e-05
RESULT,17,0.02,-0.024,1,0,1.18999999999999e-09
......9......8..RESET,17,7.75770141636517e-09,-3.69754227078352e-07,1.08527650771013e-06,-2.23055987995599e-07,1.20000141003039,1.13663891839854e-06
ENERGY,17,8,0,0,0
ENERGY,17,7,2.8642912760631e-16,9.18011107190476e-16,6.31581979583829e-16
ENERGY,17,6,1.11857213926856e-15,2.86464080373237e-15,1.74606866446371e-15
ENERGY,17,5,-6.99297642731186e-17,2.04992193642661e-17,9.04289836374011e-17
ENERGY,17,4,-1.89912025853133e-17,5.06012442065296e-18,2.40513270059711e-17
ENERGY,17,3,5.51763747960518e-15,5.51763747960518e-15,0
ENERGY,17,2,2.35945800549914e-15,3.09052095714909e-15,7.310629516485e-16
ENERGY,17,1,1.34885869156019e-14,1.43484226895385e-14,8.59835773937481e-16
ENERGY,17,0,1.20889700958164e-14,1.29665623206838e-14,8.77592224867615e-16
BIASED,18,0.0118130129943044,0.0462674802176342,0.0305168655887927,0.0275636254209835
CORECAP,18,6.80409283144346e-08,1.20000059066147,1.19999893470602,5.87301277874642e-08
DEADLINE,18,-0.00178859979091494,1.19760764347863
RESULT,18,0.02,-0.016,-1,1.19e-09,6.51249999999997e-10
RESET,18,1.41044702148035e-07,9.98936944197299e-06,1.02279977642411e-05,1.41064248440273e-07,1.19998363640781,7.40729909430574e-06
ENERGY,18,8,0,0,0
ENERGY,18,7,3.42019324123617e-16,1.05957362511076e-15,7.17554300987136e-16
ENERGY,18,6,1.11848762496814e-15,2.8657827091191e-15,1.7472950841513e-15
ENERGY,18,5,-6.27145202787768e-17,1.77299216779385e-17,8.04444419566854e-17
ENERGY,18,4,-2.73233567539869e-17,7.6041205519083e-18,3.49274773059006e-17
ENERGY,18,3,5.51763750063629e-15,5.51763750063629e-15,0
ENERGY,18,2,1.71470311360717e-14,1.81190288242096e-14,9.71997688138957e-16
ENERGY,18,1,1.44384542594506e-14,1.52987236257776e-14,8.60269366329792e-16
ENERGY,18,0,1.27449226267038e-14,1.36062914799023e-14,8.61368853205429e-16
......9......8...BIASED,19,0.0275636272595723,0.0305168661255716,0.0462674797177778,0.0118130112169445
CORECAP,19,7.44937431179986e-08,1.20000407044038,1.2000005768664,1.77862876719544e-08
DEADLINE,19,-0.00178864600614176,1.19760756428316
RESULT,19,0.02,0.016,-1,1.19e-09,6.46499999999999e-10
RESET,19,1.41075651713819e-07,9.98752771048714e-06,1.02265293407844e-05,1.41031865488244e-07,1.19998363640763,7.40729946135165e-06
ENERGY,19,8,0,0,0
ENERGY,19,7,3.42142631032505e-16,1.05785751095033e-15,7.15714879917667e-16
ENERGY,19,6,1.11848700255481e-15,2.86578254625628e-15,1.7472955437017e-15
ENERGY,19,5,-2.83636230298394e-17,7.60417497613982e-18,3.59677980059993e-17
ENERGY,19,4,-6.13677737725891e-17,1.80132771820281e-17,7.93810509546232e-17
ENERGY,19,3,5.51763751272632e-15,5.51763751272632e-15,0
ENERGY,19,2,1.73119470987379e-14,1.81402706924315e-14,8.28323593690605e-16
ENERGY,19,1,1.25388369197687e-14,1.33991031535692e-14,8.60266233803177e-16
ENERGY,19,0,1.45000823016789e-14,1.53614539863506e-14,8.61371684665243e-16
BIASED,20,0.0315012808105102,0.026579212565508,0.0502051333715229,0.00787535778258245
......9......8....CORECAP,20,1.19999958352942,-7.48020392429921e-08,1.20000146275897,9.59490166099452e-08
DEADLINE,20,1.19967050229471,8.91855156263063e-05
RESULT,20,0.02,0.024,1,0,1.19e-09
RESET,20,1.41049271364924e-07,6.25175383059146e-06,7.44129930786922e-06,-9.62364525162846e-08,1.20000141074128,1.13690307771208e-06
ENERGY,20,8,0,0,0
ENERGY,20,7,2.86762999961871e-16,9.18329098996198e-16,6.31566099034297e-16
ENERGY,20,6,1.12104770887027e-15,2.86462856474935e-15,1.74358085587913e-15
ENERGY,20,5,-1.86149614924878e-17,5.06012316209796e-18,2.36750846545986e-17
ENERGY,20,4,-7.05083622740494e-17,2.0287346019597e-17,9.0795708293658e-17
ENERGY,20,3,5.51763743463216e-15,5.51763743463216e-15,0
ENERGY,20,2,2.11642017782092e-15,2.87590474702368e-15,7.59484569202248e-16
ENERGY,20,1,1.22881534081668e-14,1.31516384179628e-14,8.63485009795642e-16
ENERGY,20,0,1.34936549592641e-14,1.43539532374511e-14,8.60298278185742e-16
BIASED,21,0.0216571454640433,0.0403609998293416,0.0403609994279019,0.0216571450965359
CORECAP,21,7.23697474159565e-09,1.20000443254597,1.20000261561713,1.05216477224611e-07
DEADLINE,21,-0.00178861066578064,1.19760728697551
......9......8.....RESULT,21,0.022,0,-1,1.19e-09,6.10499999999997e-10
RESET,21,1.41055275026684e-07,9.98846113989393e-06,1.02271427649427e-05,1.41044101183891e-07,1.19998363640773,7.40729924703601e-06
ENERGY,21,8,0,0,0
ENERGY,21,7,3.4202829113725e-16,1.05922496598968e-15,7.17196674852495e-16
ENERGY,21,6,1.12106100360436e-15,2.86718954858028e-15,1.74612854497563e-15
ENERGY,21,5,-4.87756462038531e-17,1.41205310830769e-17,6.2896177286918e-17
ENERGY,21,4,-5.02401923730261e-17,1.39519886124899e-17,6.4192180985517e-17
ENERGY,21,3,5.50841280183748e-15,5.50841280183748e-15,0
ENERGY,21,2,1.72698988258162e-14,1.80795717849236e-14,8.09672959108537e-16
ENERGY,21,1,1.29932431891806e-14,1.38552530807166e-14,8.62009891534314e-16
ENERGY,21,0,1.31280352435181e-14,1.39911306713447e-14,8.63095427824024e-16
BIASED,22,0.00984418507756729,0.0521739606778091,0.0285480387952828,0.0334701057148031
CORECAP,22,1.40645779384608e-07,1.20008927523994,5.37458456934726e-05,1.19999965333834
DEADLINE,22,1.19966931056085,8.84665917327394e-05
RESULT,22,0.022,-0.024,1,0,1.19e-09
......9......8......RESET,22,7.39734873547037e-09,-3.69791891593809e-07,1.08583401967994e-06,-2.22714699003728e-07,1.20000141003026,1.13663889294204e-06
ENERGY,22,8,0,0,0
ENERGY,22,7,2.86721662168905e-16,9.18303766225451e-16,6.31582104056344e-16
ENERGY,22,6,1.12014652843497e-15,2.86757029123594e-15,1.74742376280109e-15
ENERGY,22,5,-7.40474830758587e-17,2.1802622927186e-17,9.5850106003022e-17
ENERGY,22,4,-2.35705046789343e-17,6.33098267482811e-18,2.99014873537498e-17
ENERGY,22,3,5.50828566745321e-15,5.50828566745321e-15,0
ENERGY,22,2,2.35550369455806e-15,3.09003957935668e-15,7.34535884792378e-16
ENERGY,22,1,1.34649076147122e-14,1.43248057875165e-14,8.59898172806489e-16
ENERGY,22,0,1.2075356946506e-14,1.29529591992086e-14,8.77602252703546e-16
BIASED,23,0.0137818398504396,0.0482363070835741,0.0324856923571251,0.0295324521891886
CORECAP,23,1.43853593371953e-07,1.19999737925142,1.19999932522225,-8.23419543278581e-10
DEADLINE,23,-0.00178860169614641,1.19760756287891
RESULT,23,0.022,-0.016,-1,1.19e-09,6.50500000000003e-10
......9......8......7RESET,23,1.41038184828744e-07,9.98935472169001e-06,1.022797590123e-05,1.41060224116702e-07,1.19998363640777,7.40729925072074e-06
ENERGY,23,8,0,0,0
ENERGY,23,7,3.42117592929972e-16,1.05969383286258e-15,7.17576239932764e-16
ENERGY,23,6,1.12005389349712e-15,2.86866483557497e-15,1.74861094207831e-15
ENERGY,23,5,-6.69528387675396e-17,1.90131522713977e-17,8.59659910389442e-17
ENERGY,23,4,-3.17820367168821e-17,8.87957520814158e-18,4.0661611925024e-17
ENERGY,23,3,5.50828568734134e-15,5.50828568734134e-15,0
ENERGY,23,2,1.71454480283747e-14,1.81195661978674e-14,9.74118169494334e-16
ENERGY,23,1,1.44151877678672e-14,1.5275460818675e-14,8.60273050803337e-16
ENERGY,23,0,1.27304805175119e-14,1.3591842870682e-14,8.61362353172371e-16
BIASED,24,0.0295324540717956,0.0324856929232178,0.0482363064941926,0.0137818379807443
CORECAP,24,5.09827526573038e-08,1.20000045684497,1.20000081593279,9.69764713725904e-08
DEADLINE,24,-0.00178864719817343,1.19760748333591
RESULT,24,0.022,0.016,-1,1.18999999999999e-09,6.45749999999984e-10
......9......8......7.RESET,24,1.41071587988801e-07,9.98750475223604e-06,1.02265002583707e-05,1.41027651393077e-07,1.1999836364076,7.40729962089559e-06
ENERGY,24,8,0,0,0
ENERGY,24,7,3.42142015789386e-16,1.05785831554285e-15,7.15716299753223e-16
ENERGY,24,6,1.11621788034655e-15,2.86479941715364e-15,1.74858153680767e-15
ENERGY,24,5,-3.28951194368376e-17,8.87960349740125e-18,4.17747229342354e-17
ENERGY,24,4,-6.55333438495614e-17,1.93237529624141e-17,8.48570968119637e-17
ENERGY,24,3,5.50828567408255e-15,5.50828567408255e-15,0
ENERGY,24,2,1.73116302980772e-14,1.81398847375764e-14,8.28254439504273e-16
ENERGY,24,1,1.25253953034337e-14,1.33856691648557e-14,8.60273861420606e-16
ENERGY,24,0,1.44777475770967e-14,1.53391139711087e-14,8.61366394018581e-16
BIASED,25,0.0334701075863875,0.0285480393359892,0.052173960150486,0.00984418454604706
CORECAP,25,1.19999958542493,-7.75902202225542e-08,1.19999976906792,-2.2244769091079e-07
DEADLINE,25,1.1996705037894,8.91858679483036e-05
RESULT,25,0.022,0.024,1,0,1.19e-09
RESET,25,1.4103775306652e-07,6.25175778676881e-06,7.44125444439768e-06,-9.68528425615336e-08,1.20000141074129,1.13690307877634e-06
ENERGY,25,8,0,0,0
ENERGY,25,7,2.8676295412573e-16,9.18328891593613e-16,6.31565937467894e-16
ENERGY,25,6,1.11621099345557e-15,2.8636625095174e-15,1.74745151606164e-15
ENERGY,25,5,-2.3165163001768e-17,6.33098462550521e-18,2.94961476272437e-17
ENERGY,25,4,-7.46553203872557e-17,2.15742456372398e-17,9.62295660245229e-17
ENERGY,25,3,5.50828557929148e-15,5.50828557929148e-15,0
ENERGY,25,2,2.11640227798845e-15,2.87524789304897e-15,7.58845615058463e-16
ENERGY,25,1,1.22763349208831e-14,1.31398125251904e-14,8.63477604305825e-16
ENERGY,25,0,1.34716402014252e-14,1.43319416231261e-14,8.60301421701865e-16
......9......8......7..BIASED,26,0.0246103850765242,0.0433142394575523,0.0433142396308048,0.0246103852880417
CORECAP,26,7.13149666157779e-09,1.2000047666354,1.20000009096337,7.14897217357694e-08
DEADLINE,26,-0.0017886124802618,1.19760716512973
RESULT,26,0.025,0,-1,1.18999999999999e-09,6.09749999999997e-10
RESET,26,1.41049088698028e-07,9.98843261021762e-06,1.02270748478692e-05,1.41037877491287e-07,1.19998363640768,7.4072994947553e-06
ENERGY,26,8,0,0,0
ENERGY,26,7,3.4213520369899e-16,1.05924902511768e-15,7.17113821418256e-16
ENERGY,26,6,1.11622046121905e-15,2.86635628743229e-15,1.75013582621279e-15
ENERGY,26,5,-5.51114231887193e-17,1.60970837579989e-17,7.12085069467187e-17
ENERGY,26,4,-5.66795098178365e-17,1.5875446728916e-17,7.25549565467403e-17
ENERGY,26,3,5.49444857548834e-15,5.49444857548834e-15,0
ENERGY,26,2,1.72701320401703e-14,1.80798928434533e-14,8.09760803287518e-16
ENERGY,26,1,1.29693132332866e-14,1.38323454650897e-14,8.63032231804962e-16
ENERGY,26,0,1.31040724861244e-14,1.39681966001826e-14,8.64124114061933e-16
BIASED,27,0.0127974252241307,0.0551272008474629,0.0315012789524193,0.0364233458746522
......9......8......7...CORECAP,27,1.41000395340898e-07,1.2000885096991,5.35021552677902e-05,1.20000010512837
DEADLINE,27,1.19966931448894,8.84673900809423e-05
RESULT,27,0.025,-0.024,1,0,1.18999999999999e-09
RESET,27,1.48348380150249e-09,-3.69765161830776e-07,1.08578061531817e-06,-2.22963089355028e-07,1.20000141003033,1.13663892150231e-06
ENERGY,27,8,0,0,0
ENERGY,27,7,2.86721785021046e-16,9.18303879371508e-16,6.31582094350063e-16
ENERGY,27,6,1.11630947646489e-15,2.86398043149993e-15,1.7476709550347e-15
ENERGY,27,5,-8.01659026002627e-17,2.376155017233e-17,1.03927452772593e-16
ENERGY,27,4,-3.03810780289657e-17,8.24140200181122e-18,3.86224800307271e-17
ENERGY,27,3,5.49425777853667e-15,5.49425777853667e-15,0
ENERGY,27,2,2.35553702614102e-15,3.08932513188649e-15,7.33788105744267e-16
ENERGY,27,1,1.34318516892512e-14,1.42917491001024e-14,8.59897410854052e-16
ENERGY,27,0,1.20569725536426e-14,1.29346038736868e-14,8.77631320045103e-16
BIASED,28,0.0167350800033504,0.0511895472504064,0.035438932499428,0.0324856923298587
CORECAP,28,1.43173222252123e-07,1.2000007389457,1.20000011384156,1.9073685458195e-07
......9......8......7....DEADLINE,28,-0.00178860406624268,1.19760744137101
RESULT,28,0.025,-0.016,-1,1.18999999999999e-09,6.49749999999989e-10
RESET,28,1.41031753643408e-07,9.98933755968453e-06,1.02279497747058e-05,1.41061877595524e-07,1.19998363640772,7.4072994847968e-06
ENERGY,28,8,0,0,0
ENERGY,28,7,3.42137076386146e-16,1.05973281032923e-15,7.17595733942952e-16
ENERGY,28,6,1.11622157446701e-15,2.86508186281853e-15,1.74886028835093e-15
ENERGY,28,5,-7.32521097818744e-17,2.0941650948505e-17,9.41937607303903e-17
ENERGY,28,4,-3.84117069641079e-17,1.07967875773566e-17,4.92084945414637e-17
ENERGY,28,3,5.49425780740072e-15,5.49425780740072e-15,0
ENERGY,28,2,1.71452010284934e-14,1.81193393716301e-14,9.74138343136622e-16
ENERGY,28,1,1.43825483850097e-14,1.52428189680468e-14,8.60270583039955e-16
ENERGY,28,0,1.27108772173735e-14,1.35722430262016e-14,8.61365808826362e-16
BIASED,29,0.0324856942308377,0.0354389330791514,0.0511895471138036,0.0167350785813426
CORECAP,29,1.93768860064626e-07,1.20000387208112,1.20000139837093,-2.21739068377016e-07
DEADLINE,29,-0.00178864918370265,1.19760736259123
RESULT,29,0.025,0.016,-1,1.18999999999999e-09,6.44749999999983e-10
......9......8......7.....RESET,29,1.41065453441256e-07,9.98747667960921e-06,1.02263432882359e-05,1.41022292346859e-07,1.19998363640754,7.4072998635417e-06
ENERGY,29,8,0,0,0
ENERGY,29,7,3.42141005745141e-16,1.05790243623247e-15,7.15761430487251e-16
ENERGY,29,6,1.11621729475211e-15,2.86514734256034e-15,1.74893004780791e-15
ENERGY,29,5,-3.96340155498022e-17,1.07968222867907e-17,5.04308378365894e-17
ENERGY,29,4,-7.17234268068367e-17,2.12934674202696e-17,9.30168942271213e-17
ENERGY,29,3,5.49425778272568e-15,5.49425778272568e-15,0
ENERGY,29,2,1.73110820887949e-14,1.81396342204451e-14,8.28552131647995e-16
ENERGY,29,1,1.25047981564232e-14,1.33650807970479e-14,8.60282640624262e-16
ENERGY,29,0,1.44441202818044e-14,1.53054876950149e-14,8.61367413209431e-16
BIASED,30,0.0364233477515801,0.031501279493068,0.0551272003109379,0.0127974246834356
CORECAP,30,1.19999965690549,1.70317242350328e-07,1.20000259569321,9.37806434620945e-08
DEADLINE,30,1.19967050604372,8.91864130947932e-05
RESULT,30,0.025,0.024,1,0,1.19e-09
......9......8......7......RESET,30,1.41028001779123e-07,6.2517630933527e-06,7.44062918228757e-06,-9.77600389439608e-08,1.20000141074156,1.13690314311311e-06
ENERGY,30,8,0,0,0
ENERGY,30,7,2.86762978566843e-16,9.1832712338484e-16,6.31564144818405e-16
ENERGY,30,6,1.11621558847869e-15,2.86399831382356e-15,1.7477827253449e-15
ENERGY,30,5,-2.99320618870039e-17,8.24140268978973e-18,3.81734645768015e-17
ENERGY,30,4,-8.08174342199172e-17,2.35081573652433e-17,1.04325591585135e-16
ENERGY,30,3,5.49425769117425e-15,5.49425769117425e-15,0
ENERGY,30,2,2.11637329664087e-15,2.87428579185681e-15,7.57912495217397e-16
ENERGY,30,1,1.22569733081498e-14,1.31204550256535e-14,8.63481717500103e-16
ENERGY,30,0,1.34374305185974e-14,1.42977606429368e-14,8.60330124341874e-16
BIASED,31,0.0295324520754134,0.0482363064703786,0.0482363070755426,0.0295324527199079
CORECAP,31,1.28258312442983e-07,1.20000152404309,1.20000268448775,-2.46833888278615e-07
DEADLINE,31,-0.00178832308836552,1.19760698266133
RESULT,31,0.03,0,-1,1.19e-09,6.08749999999995e-10
......9......8......7......6RESET,31,1.41076672346465e-07,9.98844809784398e-06,1.02271539142214e-05,1.4103608850681e-07,1.19998363640899,7.40729352365797e-06
ENERGY,31,8,0,0,0
ENERGY,31,7,3.42139290572612e-16,1.05926236171262e-15,7.17123071140199e-16
ENERGY,31,6,1.11624378572325e-15,2.86668181523809e-15,1.75043802951489e-15
ENERGY,31,5,-6.54740862408769e-17,1.94258285505975e-17,8.48999147914542e-17
ENERGY,31,4,-6.72055647138308e-17,1.90909428869054e-17,8.62965076007069e-17
ENERGY,31,3,5.47119591472609e-15,5.47119591472609e-15,0
ENERGY,31,2,1.72705123267278e-14,1.80804038890962e-14,8.09891562367424e-16
ENERGY,31,1,1.29281028081659e-14,1.37932154404106e-14,8.65112632246766e-16
ENERGY,31,0,1.30627760460124e-14,1.39289706351207e-14,8.66194589112527e-16
BIASED,32,0.0177194920403448,0.0600492677013329,0.036423346336571,0.0413454132633214
CORECAP,32,2.51061696029598e-08,1.20008798298965,5.32442849330714e-05,1.19999967324979
DEADLINE,32,1.19966932119688,8.84687193573644e-05
RESULT,32,0.03,-0.024,1,0,1.18999999999999e-09
......9......8......7......6.RESET,32,-1.09859867101657e-07,-3.69671419743561e-07,1.08570656600271e-06,1.41023401641538e-07,1.20000141003043,1.13663896391348e-06
ENERGY,32,8,0,0,0
ENERGY,32,7,2.86721789886232e-16,9.18305691685655e-16,6.31583901798538e-16
ENERGY,32,6,1.11632333269435e-15,2.8644621114816e-15,1.74813877878704e-15
ENERGY,32,5,-9.02074082310315e-17,2.70361663954877e-17,1.1724357462652e-16
ENERGY,32,4,-4.15761565023537e-17,1.14359723324508e-17,5.30121288347823e-17
ENERGY,32,3,5.4708779639397e-15,5.4708779639397e-15,0
ENERGY,32,2,2.35557888502618e-15,3.08816857585015e-15,7.32589690823018e-16
ENERGY,32,1,1.33769613596988e-14,1.42368526325541e-14,8.59891272857041e-16
ENERGY,32,0,1.20255870460789e-14,1.29031545124247e-14,8.7756746634859e-16
BIASED,33,0.0216571469236665,0.0561116141936566,0.0403609994254713,0.0374077592532331
CORECAP,33,1.43273431979103e-07,1.20000143141963,1.19999916784367,-5.91301046142167e-08
DEADLINE,33,-0.00178831551747144,1.19760726974264
RESULT,33,0.03,-0.016,-1,1.18999999999999e-09,6.48249999999987e-10
RESET,33,1.41021132973838e-07,9.98938213812198e-06,1.02278892630902e-05,1.41051638062666e-07,1.19998363640909,7.40729306611235e-06
ENERGY,33,8,0,0,0
ENERGY,33,7,3.42141910385968e-16,1.05978309273509e-15,7.17641182349286e-16
ENERGY,33,6,1.11623752098519e-15,2.86553961051737e-15,1.74930208953194e-15
ENERGY,33,5,-8.35950384585478e-17,2.41651276775428e-17,1.07760166136127e-16
ENERGY,33,4,-4.93053113053951e-17,1.40024355266464e-17,6.33077468320232e-17
ENERGY,33,3,5.47087798507857e-15,5.47087798507857e-15,0
ENERGY,33,2,1.71458511551936e-14,1.81200289117344e-14,9.74177756537226e-16
ENERGY,33,1,1.43282740997263e-14,1.51885385379777e-14,8.60264438256925e-16
ENERGY,33,0,1.26774922383387e-14,1.35388556682886e-14,8.61363429953771e-16
BIASED,34,0.0374077611727327,0.0403610000146851,0.0561116140632704,0.0216571454998003
......9......8......7......6..CORECAP,34,4.60890357428063e-08,1.20000460446,1.20000147711156,-2.22223099546184e-07
DEADLINE,34,-0.00178836063642735,1.19760719085394
RESULT,34,0.03,0.016,-1,1.18999999999999e-09,6.43249999999982e-10
RESET,34,1.41056528806992e-07,9.98742650431126e-06,1.02262497896374e-05,1.41019335191525e-07,1.19998363640891,7.40729343032108e-06
ENERGY,34,8,0,0,0
ENERGY,34,7,3.42141226240599e-16,1.0579610839513e-15,7.15819857710524e-16
ENERGY,34,6,1.11065195816506e-15,2.86549937027355e-15,1.75484741210716e-15
ENERGY,34,5,-5.0709713998151e-17,1.4002490737956e-17,6.4712204736118e-17
ENERGY,34,4,-8.18845539543367e-17,2.45862722664996e-17,1.06470826220829e-16
ENERGY,34,3,5.47087788458246e-15,5.47087788458246e-15,0
ENERGY,34,2,1.73102779601245e-14,1.81392225878952e-14,8.28944627767739e-16
ENERGY,34,1,1.24730180069776e-14,1.33332971880629e-14,8.60279181082032e-16
ENERGY,34,0,1.43914619532846e-14,1.52528299627911e-14,8.61368009503453e-16
BIASED,35,0.0413454146910378,0.036423346418847,0.0600492677157015,0.0177194920498596
......9......8......7......6...CORECAP,35,1.19999959396283,1.10804803395607e-07,1.19999972203988,6.33221830357934e-08
DEADLINE,35,1.19967050982368,8.91873053522853e-05
RESULT,35,0.03,0.024,1,0,1.19e-09
RESET,35,1.41050308494339e-07,6.25179358510675e-06,7.44051049987502e-06,-9.93352564999383e-08,1.20000141074154,1.13690313905732e-06
ENERGY,35,8,0,0,0
ENERGY,35,7,2.8794605526165e-16,9.18324161302993e-16,6.30378106041246e-16
ENERGY,35,6,1.11064352240035e-15,2.86442693174664e-15,1.75378340934623e-15
ENERGY,35,5,-4.10544405875213e-17,1.14359765350706e-17,5.24904171225562e-17
ENERGY,35,4,-9.09319527517414e-17,2.67404788308191e-17,1.17672431582579e-16
ENERGY,35,3,5.47087778519523e-15,5.47087778519523e-15,0
ENERGY,35,2,2.11592267159378e-15,2.87233903119967e-15,7.5641635960946e-16
ENERGY,35,1,1.2227192356004e-14,1.30906754838337e-14,8.63483127832505e-16
ENERGY,35,0,1.33838307262246e-14,1.42441588641276e-14,8.60328137908909e-16
BIASED,36,0.0393765863228025,0.0580804407541784,0.0580804409379894,0.0393765865525694
CORECAP,36,1.38448786683353e-07,1.20000212753445,1.20000434550319,1.26240423731392e-07
DEADLINE,36,-0.0017883353643282,1.19760652039731
......9......8......7......6....RESULT,36,0.04,0,-1,1.19e-09,6.065e-10
RESET,36,1.41023819329053e-07,9.98834204878016e-06,1.02270165552167e-05,1.41004135230834e-07,1.1999836364089,7.40729407459991e-06
ENERGY,36,8,0,0,0
ENERGY,36,7,3.4332105270466e-16,1.05932876760753e-15,7.16007714903206e-16
ENERGY,36,6,1.10487699571653e-15,2.86168642285288e-15,1.75680942713629e-15
ENERGY,36,5,-8.54484555427688e-17,2.62368039308973e-17,1.11685259473656e-16
ENERGY,36,4,-8.7479178860089e-17,2.55556751045295e-17,1.13034853964616e-16
ENERGY,36,3,5.4247539369109e-15,5.4247539369109e-15,0
ENERGY,36,2,1.72703716126384e-14,1.80806404861942e-14,8.10268873556989e-16
ENERGY,36,1,1.28520248668949e-14,1.37223898653851e-14,8.7036499849032e-16
ENERGY,36,0,1.29867275978423e-14,1.38581806704639e-14,8.71453072631204e-16
BIASED,37,0.0275636259740644,0.0698934017104181,0.0462674797835973,0.051189546735071
CORECAP,37,1.29791098636032e-07,1.20008656278014,5.24467835150253e-05,1.19999960640278
DEADLINE,37,1.19966933259592,8.84699603509268e-05
RESULT,37,0.04,-0.024,1,0,1.18999999999999e-09
......9......8......7......6.....RESET,37,7.52173890059337e-08,-3.69508714793911e-07,1.08518175990412e-06,1.40969519236575e-07,1.2000014100302,1.13663892529898e-06
ENERGY,37,8,0,0,0
ENERGY,37,7,2.87902919014055e-16,9.18303819114049e-16,6.30400900100289e-16
ENERGY,37,6,1.10496819070017e-15,2.85950691980609e-15,1.7545387291058e-15
ENERGY,37,5,-1.09706599754483e-16,3.3619152539726e-17,1.43325752294198e-16
ENERGY,37,4,-6.33821137018401e-17,1.7861547321479e-17,8.12436610233157e-17
ENERGY,37,3,5.42411809817493e-15,5.42411809817493e-15,0
ENERGY,37,2,2.35526280964554e-15,3.08557759750001e-15,7.30314787854187e-16
ENERGY,37,1,1.32766533941244e-14,1.41365382894834e-14,8.59884895348277e-16
ENERGY,37,0,1.19691877446104e-14,1.28466982180679e-14,8.77510473446313e-16
BIASED,38,0.0315012802593358,0.0659557475559562,0.0502051338791857,0.0472518937028529
CORECAP,38,1.42612940843613e-07,1.19999991989593,1.20000167256474,4.17592435631755e-08
DEADLINE,38,-0.00178832862425484,1.19760680679858
RESULT,38,0.04,-0.016,-1,1.18999999999999e-09,6.45249999999984e-10
......9......8......7......6......RESET,38,1.41005311233332e-07,9.98940091417096e-06,1.02275221479283e-05,1.41021345529373e-07,1.19998363640898,7.40729358504607e-06
ENERGY,38,8,0,0,0
ENERGY,38,7,3.43335636967509e-16,1.05989082607858e-15,7.1655518911082e-16
ENERGY,38,6,1.10487708014652e-15,2.86054662886592e-15,1.75566954871894e-15
ENERGY,38,5,-1.03696977563299e-16,3.06441768880063e-17,1.34341154451286e-16
ENERGY,38,4,-7.05084122915876e-17,2.04492500532567e-17,9.09576623448794e-17
ENERGY,38,3,5.42411811576933e-15,5.42411811576933e-15,0
ENERGY,38,2,1.7146552603339e-14,1.81207394842899e-14,9.74186880950393e-16
ENERGY,38,1,1.42292251017434e-14,1.50894980811728e-14,8.60272979437599e-16
ENERGY,38,0,1.2617413630396e-14,1.34787638767288e-14,8.61350246329371e-16
BIASED,39,0.0472518950656097,0.0502051338942616,0.0659557475430937,0.0315012789337873
CORECAP,39,-4.81404668520156e-08,1.19999812993257,1.19999896537377,2.16980170497569e-08
DEADLINE,39,-0.00178837188488849,1.19760672914191
RESULT,39,0.04,0.016,-1,1.18999999999999e-09,6.40499999999985e-10
......9......8......7......6......5RESET,39,1.41064924811972e-07,9.98732473530023e-06,1.02263462929601e-05,1.40997088733666e-07,1.19998363640878,7.40729392300161e-06
ENERGY,39,8,0,0,0
ENERGY,39,7,3.43328298063807e-16,1.05804519964907e-15,7.14716901585507e-16
ENERGY,39,6,1.10488578014927e-15,2.86056133211502e-15,1.75567555196553e-15
ENERGY,39,5,-7.22766770376848e-17,2.04493231894501e-17,9.27260002271598e-17
ENERGY,39,4,-1.01622443066377e-16,3.12064312649719e-17,1.32828874331335e-16
ENERGY,39,3,5.42411809666638e-15,5.42411809666638e-15,0
ENERGY,39,2,1.7308327696464e-14,1.81381955920113e-14,8.29867895553876e-16
ENERGY,39,1,1.2411383164901e-14,1.3271637941311e-14,8.60254776414397e-16
ENERGY,39,0,1.42911293430216e-14,1.5152483897489e-14,8.61354554457329e-16
BIASED,40,0.0511895480748038,0.0462674797605861,0.06989340163473,0.0275636258941956
CORECAP,40,1.19999960125081,1.01093201639686e-07,1.20000215559723,9.61660702263178e-09
DEADLINE,40,1.19967051753973,8.91891289937898e-05
RESULT,40,0.04,0.024,1,0,1.19e-09
RESET,40,1.4099809112111e-07,6.25184390321056e-06,7.44141329881286e-06,8.25862869443858e-08,1.20000141074154,1.13690313346539e-06
ENERGY,40,8,0,0,0
ENERGY,40,7,2.87946257750513e-16,9.18323642308008e-16,6.30377384557938e-16
ENERGY,40,6,1.10489356698207e-15,2.85946897256984e-15,1.75457540558747e-15
ENERGY,40,5,-6.27146410994024e-17,1.7861539538004e-17,8.05761806373962e-17
ENERGY,40,4,-1.10576206060727e-16,3.32364984988111e-17,1.43812704559494e-16
ENERGY,40,3,5.42411812401277e-15,5.42411812401277e-15,0
ENERGY,40,2,2.11583944996653e-15,2.86947622697367e-15,7.53636777000266e-16
ENERGY,40,1,1.21693185860985e-14,1.30329960000079e-14,8.63677413912158e-16
ENERGY,40,0,1.32815759008275e-14,1.41419120638257e-14,8.60336162996913e-16
......9......8......7......6......5.BIASED,41,0.0492207198045116,0.0679245742397464,0.0679245748270392,0.0492207204038073
CORECAP,41,-2.27923141264853e-07,1.19999943146066,1.20000007577304,4.9845488042439e-08
DEADLINE,41,-0.00178825592880615,1.19760613213167
RESULT,41,0.05,0,-1,1.19e-09,6.04749999999991e-10
RESET,41,1.41034740676553e-07,9.98854139677039e-06,1.02267297538768e-05,1.40979750704374e-07,1.19998363640818,7.40729732805821e-06
ENERGY,41,8,0,0,0
ENERGY,41,7,3.43329924268301e-16,1.0593300856803e-15,7.16000161411991e-16
ENERGY,41,6,1.10489857925753e-15,2.86228818758703e-15,1.7573896083296e-15
ENERGY,41,5,-1.04921010055762e-16,3.29711915783237e-17,1.37892201634034e-16
ENERGY,41,4,-1.07388394394437e-16,3.20603114509218e-17,1.39448705845336e-16
ENERGY,41,3,5.37799426446936e-15,5.37799426446936e-15,0
ENERGY,41,2,1.72710585770333e-14,1.8081752225427e-14,8.10693648388526e-16
ENERGY,41,1,1.27834396940843e-14,1.36537953204835e-14,8.70355626396655e-16
ENERGY,41,0,1.29181028475047e-14,1.37895285832624e-14,8.71425735761828e-16
BIASED,42,0.0374077597343392,0.0797375355429862,0.0561116136583782,0.0610336806176208
......9......8......7......6......5..CORECAP,42,1.40060290093737e-07,1.20008560744169,5.18498926257543e-05,1.19999960878091
DEADLINE,42,1.19966934665088,8.84727814212043e-05
RESULT,42,0.05,-0.024,1,0,1.18999999999999e-09
RESET,42,1.40924750238049e-07,-3.69180870393357e-07,1.08493378805478e-06,1.40942164835697e-07,1.2000014100303,1.13663898341036e-06
ENERGY,42,8,0,0,0
ENERGY,42,7,2.87902875005291e-16,9.18311474861775e-16,6.30408599857268e-16
ENERGY,42,6,1.10498800096612e-15,2.86023423713441e-15,1.75524623616842e-15
ENERGY,42,5,-1.28425999872181e-16,4.0242895144889e-17,1.68668895017058e-16
ENERGY,42,4,-8.44084647592365e-17,2.43303006158681e-17,1.08738765375075e-16
ENERGY,42,3,5.37735846603187e-15,5.37735846603187e-15,0
ENERGY,42,2,2.35534214242289e-15,3.08358941294632e-15,7.28247270524329e-16
ENERGY,42,1,1.31812731172748e-14,1.40411044988557e-14,8.59831381575536e-16
ENERGY,42,0,1.19136019838447e-14,1.27910860446039e-14,8.77484060770194e-16
BIASED,43,0.041345413245474,0.0757998819309139,0.0600492677496098,0.0570960275738215
CORECAP,43,-3.73713847986151e-09,1.20000130999819,1.19999968099142,1.39612237011767e-07
......9......8......7......6......5...DEADLINE,43,-0.00178824929669283,1.19760641915832
RESULT,43,0.05,-0.016,-1,1.18999999999999e-09,6.42749999999994e-10
RESET,43,1.41005218816297e-07,9.98940371214198e-06,1.02283376826798e-05,1.4099666082194e-07,1.19998363640848,7.40729674392912e-06
ENERGY,43,8,0,0,0
ENERGY,43,7,3.43321742394111e-16,1.05996558067438e-15,7.16643838280498e-16
ENERGY,43,6,1.10491047678643e-15,2.8612345038531e-15,1.75632402706638e-15
ENERGY,43,5,-1.23019089464011e-16,3.71613063617307e-17,1.60180395825747e-16
ENERGY,43,4,-9.09319225901018e-17,2.69381409231826e-17,1.17870063513336e-16
ENERGY,43,3,5.37735848626462e-15,5.37735848626462e-15,0
ENERGY,43,2,1.71474013972611e-14,1.81215190526018e-14,9.74117655356185e-16
ENERGY,43,1,1.41353998975918e-14,1.49956145188482e-14,8.6021462125654e-16
ENERGY,43,0,1.25584552927325e-14,1.34198128318148e-14,8.61357539077494e-16
BIASED,44,0.0570960284514967,0.0600492672508307,0.0757998815191302,0.0413454128356255
CORECAP,44,2.91032580691539e-08,1.20000307086763,1.20000081230675,1.15441237947246e-08
DEADLINE,44,-0.00178832281016541,1.19760609060206
RESULT,44,0.05,0.016,-1,1.18999999999999e-09,6.37999999999982e-10
......9......8......7......6......5....RESET,44,1.41053666172669e-07,9.98750439397736e-06,1.022629640583e-05,1.40958713740486e-07,1.19998363640801,7.40729781456717e-06
ENERGY,44,8,0,0,0
ENERGY,44,7,3.41461740763263e-16,1.05628233086287e-15,7.1482059009996e-16
ENERGY,44,6,1.10489862753506e-15,2.86123948725289e-15,1.7563408597182e-15
ENERGY,44,5,-9.30640657684294e-17,2.69382207538265e-17,1.20002286522291e-16
ENERGY,44,4,-1.20580789442286e-16,3.78679514815572e-17,1.58448740923866e-16
ENERGY,44,3,5.37735846322887e-15,5.37735846322887e-15,0
ENERGY,44,2,1.73078356980391e-14,1.81382299701303e-14,8.3039427208255e-16
ENERGY,44,1,1.23524749930084e-14,1.32127341177626e-14,8.60259124754742e-16
ENERGY,44,0,1.41972837901077e-14,1.50586403039841e-14,8.61356513875256e-16
BIASED,45,0.0610336824224586,0.0561116140918551,0.0797375350675986,0.0374077592546036
CORECAP,45,1.1999996087931,3.40654538540037e-09,1.20000271024561,9.45526155829296e-08
DEADLINE,45,1.19967052524907,8.91919920145187e-05
RESULT,45,0.05,0.024,1,0,1.18999999999999e-09
......9......8......7......6......5.....RESET,45,1.4099781069001e-07,6.25189943421816e-06,7.44116253322653e-06,7.96846302676475e-08,1.20000141074171,1.13690315910228e-06
ENERGY,45,8,0,0,0
ENERGY,45,7,2.87946583165786e-16,9.18323564783094e-16,6.30376981617245e-16
ENERGY,45,6,1.10489745101541e-15,2.86021060337408e-15,1.75531315235883e-15
ENERGY,45,5,-8.359544010343e-17,2.43303005793851e-17,1.07925740682856e-16
ENERGY,45,4,-1.29441163867205e-16,3.97702027503831e-17,1.69211366617607e-16
ENERGY,45,3,5.37735847220063e-15,5.37735847220063e-15,0
ENERGY,45,2,2.11587079582085e-15,2.86687787789916e-15,7.51007082077416e-16
ENERGY,45,1,1.21138202706605e-14,1.29772541169571e-14,8.6343384628889e-16
ENERGY,45,0,1.31857612707665e-14,1.40460673942367e-14,8.60306123483784e-16
BIASED,46,0.0984413900155807,0.117145244589413,0.117145244601539,0.098441390018567
CORECAP,46,1.02787344483688e-07,1.20000024730233,1.20000022371336,9.86535877737804e-08
DEADLINE,46,-0.00178782494871768,1.19760427709509
RESULT,46,0.1,0,-1,1.19e-09,5.96499999999988e-10
......9......8......7......6......5......RESET,46,1.40872319876281e-07,9.98775582523125e-06,1.02257840526336e-05,1.4085092653682e-07,1.19998363640686,7.40730339246713e-06
ENERGY,46,8,0,0,0
ENERGY,46,7,3.41292879902266e-16,1.05749759720308e-15,7.16204717300983e-16
ENERGY,46,6,1.10501314455475e-15,2.86453148595773e-15,1.75951834140307e-15
ENERGY,46,5,-1.84235884076853e-16,7.19911151102966e-17,2.56226999187174e-16
ENERGY,46,4,-1.87830500157581e-16,6.91207822462551e-17,2.56951282403822e-16
ENERGY,46,3,5.1467387453276e-15,5.1467387453276e-15,0
ENERGY,46,2,1.72743372422879e-14,1.8085417143968e-14,8.11079901685357e-16
ENERGY,46,1,1.2464888363414e-14,1.33775065386569e-14,9.12618175251668e-16
ENERGY,46,0,1.25993706592961e-14,1.35131338628977e-14,9.13763203609301e-16
BIASED,47,0.0866284293271098,0.128958205471543,0.105332283320047,0.110254350318147
CORECAP,47,6.11855637300581e-08,1.20008185526371,4.90132588383964e-05,1.19999970385956
DEADLINE,47,1.19966942197894,8.84881064715455e-05
RESULT,47,0.1,-0.024,1,0,1.18999999999999e-09
RESET,47,-1.49009373556435e-08,-3.69068803168101e-07,1.08471066676822e-06,4.77716015277805e-08,1.20000141002957,1.13663870195049e-06
ENERGY,47,8,0,0,0
ENERGY,47,7,2.87904646192214e-16,9.18325972475049e-16,6.30421326282065e-16
ENERGY,47,6,1.10502041005519e-15,2.8627571854246e-15,1.75773677536977e-15
ENERGY,47,5,-2.10333800890229e-16,7.38036646361204e-17,2.84137465526286e-16
ENERGY,47,4,-1.77849496643321e-16,5.71251844742381e-17,2.34974681117526e-16
ENERGY,47,3,5.14356029284827e-15,5.14356029284827e-15,0
ENERGY,47,2,2.35552143629321e-15,3.07615306605401e-15,7.20631629764191e-16
ENERGY,47,1,1.28049369357054e-14,1.36647765071325e-14,8.59839571412002e-16
ENERGY,47,0,1.16860339123267e-14,1.25631647494522e-14,8.77130837134432e-16
......9......8......7......6......5......4BIASED,48,0.0905660844142034,0.125020551944498,0.109269937004333,0.10631669679667
CORECAP,48,8.6342955541059e-08,1.19999987762556,1.20000164331859,3.63338823245098e-08
DEADLINE,48,-0.0017880337613406,1.19760429752434
RESULT,48,0.1,-0.016,-1,1.19e-09,6.32249999999982e-10
RESET,48,1.40847753448028e-07,9.98926140164274e-06,1.02266010899964e-05,1.40871448520672e-07,1.19998363640711,7.4073036059949e-06
ENERGY,48,8,0,0,0
ENERGY,48,7,3.41293190281548e-16,1.0582314258455e-15,7.1693823556405e-16
ENERGY,48,6,1.10501569980933e-15,2.86356847563422e-15,1.75855277582628e-15
ENERGY,48,5,-2.07939416636216e-16,7.01483873635508e-17,2.78087803999807e-16
ENERGY,48,4,-1.81359757429934e-16,5.98226418428086e-17,2.41182399272696e-16
ENERGY,48,3,5.14356032221793e-15,5.14356032221793e-15,0
ENERGY,48,2,1.71529601582236e-14,1.81255768737887e-14,9.72616715563891e-16
ENERGY,48,1,1.37685348874545e-14,1.46287124873207e-14,8.60177599865548e-16
ENERGY,48,0,1.23182673367262e-14,1.3179589501561e-14,8.61322164835576e-16
BIASED,49,0.106316698822837,0.10926993755781,0.125020551341181,0.090566082382174
......9......8......7......6......5......4.CORECAP,49,3.42296338496495e-08,1.20000165040405,1.19999989093377,-1.04681192109947e-08
DEADLINE,49,-0.00178783455857823,1.1976042351025
RESULT,49,0.1,0.016,-1,1.19e-09,6.2750000000001e-10
RESET,49,1.40889657132052e-07,9.98664813733314e-06,1.02252424708685e-05,1.40830257186553e-07,1.19998363640672,7.40730377058777e-06
ENERGY,49,8,0,0,0
ENERGY,49,7,3.41273725833443e-16,1.05643961800631e-15,7.15165892172738e-16
ENERGY,49,6,1.10501409794748e-15,2.86356750836948e-15,1.75855341042213e-15
ENERGY,49,5,-1.85309946051138e-16,5.98223757978399e-17,2.45132321849007e-16
ENERGY,49,4,-2.03683525940574e-16,7.16297796127436e-17,2.75313305553344e-16
ENERGY,49,3,5.14356029749314e-15,5.14356029749314e-15,0
ENERGY,49,2,1.73051559695821e-14,1.8137057033075e-14,8.31901063495597e-16
ENERGY,49,1,1.21124482787026e-14,1.2972624652574e-14,8.60176373875819e-16
ENERGY,49,0,1.38307897975379e-14,1.46921269411146e-14,8.61337143575759e-16
BIASED,50,0.110254352392936,0.105332283922081,0.128958204920698,0.0866284287715186
CORECAP,50,1.19999971880948,8.15876837929645e-08,1.20000033585841,8.29596836882087e-08
......9......8......7......6......5......4..DEADLINE,50,1.19967056815172,8.92022136422524e-05
RESULT,50,0.1,0.024,1,0,1.19e-09
RESET,50,4.77770658171034e-08,6.25520875541186e-06,7.43970940042273e-06,-1.24869061430693e-07,1.20000141074208,1.13690328251222e-06
ENERGY,50,8,0,0,0
ENERGY,50,7,2.87946291851132e-16,9.18322223892006e-16,6.30375932041401e-16
ENERGY,50,6,1.1050237952812e-15,2.86269575127513e-15,1.75767195599461e-15
ENERGY,50,5,-1.76309224433901e-16,5.71250407889991e-17,2.3343426522288e-16
ENERGY,50,4,-2.12075970548277e-16,7.2835307661135e-17,2.8491127820942e-16
ENERGY,50,3,5.14356030121373e-15,5.14356030121373e-15,0
ENERGY,50,2,2.11543075408279e-15,2.85749849406955e-15,7.42067739976229e-16
ENERGY,50,1,1.18864652212057e-14,1.2749840422797e-14,8.63375201584342e-16
ENERGY,50,0,1.2808043630955e-14,1.36683287720802e-14,8.60285141132682e-16
BIASED,51,0.147662060053623,0.166365914754953,0.166365914768825,0.147662060054686
CORECAP,51,1.30077244736066e-08,1.20000538609901,1.20000026960375,-5.79271694385177e-09
DEADLINE,51,-0.00178755564168937,1.1976025810147
RESULT,51,0.15,0,-1,1.19e-09,5.90499999999995e-10
......9......8......7......6......5......4...RESET,51,1.40755147169777e-07,9.98740440311056e-06,1.02250800028158e-05,1.40671838164441e-07,1.19998363640627,7.40730619454945e-06
ENERGY,51,8,0,0,0
ENERGY,51,7,3.41294953896389e-16,1.05763757385919e-15,7.16342619962174e-16
ENERGY,51,6,1.10514466696395e-15,2.86551921108282e-15,1.7603745441187e-15
ENERGY,51,5,-2.46796328339874e-16,1.10036218185092e-16,3.56832546524991e-16
ENERGY,51,4,-2.52571072691103e-16,1.05024431309533e-16,3.57595504000639e-16
ENERGY,51,3,4.91293948881256e-15,4.91293948881256e-15,0
ENERGY,51,2,1.72756439540652e-14,1.80874209720028e-14,8.11777017938066e-16
ENERGY,51,1,1.22751750500259e-14,1.31877499922146e-14,9.12574942177899e-16
ENERGY,51,0,1.24095352566953e-14,1.33232702637623e-14,9.13735007073409e-16
BIASED,52,0.135849098740005,0.178178875179855,0.15455295403669,0.15947502107106
CORECAP,52,4.69697591524443e-08,1.20007963305302,4.76212697934994e-05,1.20000042693591
DEADLINE,52,1.1996695079662,8.85057395595358e-05
RESULT,52,0.15,-0.024,1,0,1.19e-09
......9......8......7......6......5......4....RESET,52,1.40657245538382e-07,-3.67845383026492e-07,1.08110788155705e-06,3.66213724636794e-08,1.20000141003181,1.13663955504163e-06
ENERGY,52,8,0,0,0
ENERGY,52,7,2.8790561668803e-16,9.18328989691338e-16,6.3042337300345e-16
ENERGY,52,6,1.10712989751476e-15,2.86590592453596e-15,1.75877602702039e-15
ENERGY,52,5,-2.72759043591884e-16,1.07771876169642e-16,3.80530919761481e-16
ENERGY,52,4,-2.5180515791642e-16,9.02718292429399e-17,3.42076987159437e-16
ENERGY,52,3,4.90976220514383e-15,4.90976220514383e-15,0
ENERGY,52,2,2.35584940732138e-15,3.07166927590932e-15,7.15819868594785e-16
ENERGY,52,1,1.2555523372093e-14,1.34153528426852e-14,8.59829470590916e-16
ENERGY,52,0,1.15225531871342e-14,1.23994201227016e-14,8.76866935567552e-16
BIASED,53,0.139786752841751,0.174241222036993,0.158490607626265,0.155537367406878
CORECAP,53,3.951885658749e-08,1.19999950964567,1.19999939736413,1.49895970089956e-07
DEADLINE,53,-0.00178753807411455,1.19760260923241
RESULT,53,0.15,-0.016,-1,1.19e-09,6.25250000000001e-10
......9......8......7......6......5......4.....RESET,53,1.40731678910879e-07,9.98837725355677e-06,1.02271277283569e-05,1.40695917931721e-07,1.1999836364066,7.40730601545316e-06
ENERGY,53,8,0,0,0
ENERGY,53,7,3.41295525404939e-16,1.05844021934812e-15,7.17144693943077e-16
ENERGY,53,6,1.1071328028949e-15,2.86660972152014e-15,1.75947691862589e-15
ENERGY,53,5,-2.7337560538479e-16,1.03464067438206e-16,3.76839672822963e-16
ENERGY,53,4,-2.52304450872186e-16,9.30556940948552e-17,3.45360144967045e-16
ENERGY,53,3,4.90976219174738e-15,4.90976219174738e-15,0
ENERGY,53,2,1.71546610246029e-14,1.8127587882548e-14,9.72926857944179e-16
ENERGY,53,1,1.35331609658749e-14,1.43933119268813e-14,8.60150961008581e-16
ENERGY,53,0,1.21482117262989e-14,1.30095097230142e-14,8.61297996723036e-16
BIASED,54,0.155537368458672,0.158490607073907,0.174241222122662,0.139786752940897
CORECAP,54,1.54765414025426e-07,1.19999946030906,1.20000024959645,-9.01465054178216e-08
DEADLINE,54,-0.00178756579622489,1.19760253946793
RESULT,54,0.15,0.016,-1,1.19e-09,6.20500000000002e-10
......9......8......7......6......5......4......RESET,54,1.40740737078802e-07,9.98590953994735e-06,1.02215244002836e-05,1.40643271514681e-07,1.19998363640612,7.40730675525076e-06
ENERGY,54,8,0,0,0
ENERGY,54,7,3.41294265329272e-16,1.05668381783117e-15,7.15389552502236e-16
ENERGY,54,6,1.10713675011084e-15,2.86659368220776e-15,1.75945693209685e-15
ENERGY,54,5,-2.58070210799822e-16,9.30525877035351e-17,3.51122798503262e-16
ENERGY,54,4,-2.67304558775556e-16,1.05816120198787e-16,3.73120678974448e-16
ENERGY,54,3,4.90976217289237e-15,4.90976217289237e-15,0
ENERGY,54,2,1.73026095201549e-14,1.81365103706437e-14,8.3390085048617e-16
ENERGY,54,1,1.19425369317734e-14,1.28026892178596e-14,8.60152286069401e-16
ENERGY,54,0,1.35957389744975e-14,1.4457038045097e-14,8.61299070600301e-16
BIASED,55,0.159475022075983,0.154552953426973,0.178178875792681,0.1358490993495
CORECAP,55,1.20000036334645,4.61224696094634e-08,1.19999966599494,1.12952089465849e-07
DEADLINE,55,1.19967060590926,8.91984073120577e-05
RESULT,55,0.15,0.024,1,0,1.19e-09
RESET,55,3.6621377989999e-08,6.25219651260186e-06,7.43780988300243e-06,-3.49071765572745e-08,1.2000014107419,1.13690332539207e-06
ENERGY,55,8,0,0,0
ENERGY,55,7,2.87946170165055e-16,9.18320592309228e-16,6.30374422144798e-16
ENERGY,55,6,1.1071257488646e-15,2.86584870972198e-15,1.75872296085696e-15
ENERGY,55,5,-2.49538853309101e-16,9.02718159409358e-17,3.3981066925013e-16
ENERGY,55,4,-2.75227571845673e-16,1.06232847755609e-16,3.81460419601324e-16
ENERGY,55,3,4.90976217820598e-15,4.90976217820598e-15,0
ENERGY,55,2,2.11521590745376e-15,2.85236466022315e-15,7.37148752763496e-16
ENERGY,55,1,1.17239982043978e-14,1.25873709443767e-14,8.63372739967042e-16
ENERGY,55,0,1.25588998406463e-14,1.34191832884202e-14,8.60283447772187e-16
BIASED,56,0.196882730061576,0.215586584876116,0.215586585246298,0.196882730419045
......9......8......7......6......5......4......3CORECAP,56,-3.41767523429078e-08,1.20000174591707,1.20000042816767,1.21495068818e-07
DEADLINE,56,-0.00178644529647963,1.19760143150226
RESULT,56,0.2,0,-1,1.19e-09,5.8649999999999e-10
RESET,56,1.40549550355721e-07,9.9862591536114e-06,1.02242331900334e-05,1.40493800828395e-07,1.19998363640496,7.40731293088139e-06
ENERGY,56,8,0,0,0
ENERGY,56,7,3.41452350999642e-16,1.0579054433602e-15,7.16453092360842e-16
ENERGY,56,6,1.1052837806578e-15,2.86590528669277e-15,1.76062150603508e-15
ENERGY,56,5,-2.898821663285e-16,1.48298820830221e-16,4.38180987158737e-16
ENERGY,56,4,-2.97833977087724e-16,1.41110801916304e-16,4.38944779004059e-16
ENERGY,56,3,4.67914008318215e-15,4.67914008318215e-15,0
ENERGY,56,2,1.72751434402844e-14,1.80884891487708e-14,8.1334570849256e-16
ENERGY,56,1,1.21462501109997e-14,1.30589007561715e-14,9.12650645164289e-16
ENERGY,56,0,1.22805893759709e-14,1.31942486839456e-14,9.13659307985443e-16
BIASED,57,0.185069769653942,0.227399546349102,0.203773624346277,0.208695691409987
......9......8......7......6......5......4......3.CORECAP,57,1.99403273621775e-08,1.20007750152653,4.7126163085617e-05,1.20000007279413
DEADLINE,57,1.19966960259728,8.85251493538415e-05
RESULT,57,0.2,-0.024,1,0,1.19e-09
RESET,57,1.40438197502572e-07,-3.67255354718674e-07,1.081753579948e-06,1.4057211967072e-07,1.20000141003058,1.13663904215683e-06
ENERGY,57,8,0,0,0
ENERGY,57,7,2.87905871145765e-16,9.18331038108584e-16,6.30425166962024e-16
ENERGY,57,6,1.10528271650228e-15,2.86438248758743e-15,1.7590997710857e-15
ENERGY,57,5,-3.1570461753313e-16,1.41860245325175e-16,4.57564862858349e-16
ENERGY,57,4,-3.06277070012869e-16,1.23411553807291e-16,4.29688623820242e-16
ENERGY,57,3,4.67596392740372e-15,4.67596392740372e-15,0
ENERGY,57,2,2.35600325640521e-15,3.06914149381784e-15,7.13138237421296e-16
ENERGY,57,1,1.23946082714846e-14,1.32543939268403e-14,8.59785655348283e-16
ENERGY,57,0,1.14095129666872e-14,1.22861547937542e-14,8.76641827076373e-16
BIASED,58,0.189007424909596,0.223461892638342,0.207711279786626,0.204758039540534
CORECAP,58,-7.33671653547893e-08,1.19999914186968,1.19999965656517,1.28258625264535e-07
DEADLINE,58,-0.0017864374184053,1.19760145125583
......9......8......7......6......5......4......3..RESULT,58,0.2,-0.016,-1,1.19e-09,6.20749999999983e-10
RESET,58,1.40520431685427e-07,9.98771477914429e-06,1.02242463006366e-05,1.40520969021816e-07,1.19998363640528,7.40731284660469e-06
ENERGY,58,8,0,0,0
ENERGY,58,7,3.41459453634026e-16,1.05873711208635e-15,7.17277658451722e-16
ENERGY,58,6,1.10527669671556e-15,2.86507486370506e-15,1.75979816698831e-15
ENERGY,58,5,-3.19328647810866e-16,1.36805809890943e-16,4.56134457701852e-16
ENERGY,58,4,-3.03767203655331e-16,1.2629224759733e-16,4.30059451252713e-16
ENERGY,58,3,4.6759639713279e-15,4.6759639713279e-15,0
ENERGY,58,2,1.71539646436725e-14,1.81286313074557e-14,9.74666663792777e-16
ENERGY,58,1,1.33867134350809e-14,1.42469258030695e-14,8.60212367991251e-16
ENERGY,58,0,1.20301786729872e-14,1.28914471898934e-14,8.61268516912021e-16
BIASED,59,0.204758039523009,0.207711278048128,0.223461892617757,0.189007423213833
CORECAP,59,-5.06853835605239e-08,1.20000097814822,1.20000291526442,-1.6546418681129e-07
DEADLINE,59,-0.0017867919996823,1.19760136719774
RESULT,59,0.2,0.016,-1,1.19e-09,6.1600000000001e-10
......9......8......7......6......5......4......3...RESET,59,1.40578016721154e-07,9.98509460024494e-06,1.02226688607916e-05,1.40464757082284e-07,1.19998363640518,7.40731157438642e-06
ENERGY,59,8,0,0,0
ENERGY,59,7,3.414598298951e-16,1.05699233582432e-15,7.15532505928986e-16
ENERGY,59,6,1.10527870229874e-15,2.86507689467524e-15,1.7597981923766e-15
ENERGY,59,5,-3.11345493178189e-16,1.26287307841051e-16,4.37632801019403e-16
ENERGY,59,4,-3.11445682134812e-16,1.40136619834806e-16,4.51582301969522e-16
ENERGY,59,3,4.67596394768025e-15,4.67596394768025e-15,0
ENERGY,59,2,1.72999680804369e-14,1.81364918062092e-14,8.36523725783695e-16
ENERGY,59,1,1.1824538506548e-14,1.26847024363674e-14,8.60163929820275e-16
ENERGY,59,0,1.34493287384118e-14,1.4310678982222e-14,8.61350243812747e-16
BIASED,60,0.208695693216096,0.203773624419018,0.227399546246381,0.185069769548483
CORECAP,60,1.19999981787032,1.55180631111725e-07,1.199999814773,7.20662020654877e-08
DEADLINE,60,1.19967066221922,8.9223542383273e-05
RESULT,60,0.2,0.024,1,0,1.19e-09
......9......8......7......6......5......4......3....RESET,60,1.40543912618422e-07,6.25222908378804e-06,7.43675649204053e-06,-5.30876195022258e-08,1.2000014107396,1.13690255575381e-06
ENERGY,60,8,0,0,0
ENERGY,60,7,2.89882441709932e-16,9.20254553982748e-16,6.30372112273046e-16
ENERGY,60,6,1.10528203658922e-15,2.86437001938319e-15,1.75908798279359e-15
ENERGY,60,5,-3.03285325474971e-16,1.23411552795113e-16,4.26696878270215e-16
ENERGY,60,4,-3.18897387435571e-16,1.39679750929735e-16,4.58577138365219e-16
ENERGY,60,3,4.67596394986589e-15,4.67596394986589e-15,0
ENERGY,60,2,2.11495740447687e-15,2.8491225638046e-15,7.34165159331294e-16
ENERGY,60,1,1.16101640069621e-14,1.24736095894025e-14,8.63445582450818e-16
ENERGY,60,0,1.2396793426382e-14,1.32570745267637e-14,8.6028110038064e-16
BIASED,61,0.246103401057226,0.26480725596636,0.264807255975171,0.246103401052818
CORECAP,61,-1.73810405185547e-07,1.2000014000632,1.20000048497987,-1.91415714261442e-07
DEADLINE,61,-0.00178462530741936,1.19760076554162
RESULT,61,0.25,0,-1,1.19e-09,5.83500000000013e-10
......9......8......7......6......5......4......3.....RESET,61,1.40399923008439e-07,9.98531037870994e-06,1.02212617712171e-05,1.40361449850175e-07,1.19998363640314,7.40732028991459e-06
ENERGY,61,8,0,0,0
ENERGY,61,7,3.41292885438305e-16,1.05780653169099e-15,7.1651364625181e-16
ENERGY,61,6,1.10543120156912e-15,2.86601613530335e-15,1.76058493373424e-15
ENERGY,61,5,-3.13498143206542e-16,1.86653504097999e-16,5.00151647304605e-16
ENERGY,61,4,-3.23621655461554e-16,1.77257582614669e-16,5.00879238076139e-16
ENERGY,61,3,4.44534088715651e-15,4.44534088715651e-15,0
ENERGY,61,2,1.72773143393176e-14,1.80894998729373e-14,8.12185533626332e-16
ENERGY,61,1,1.20592558123354e-14,1.29722811085688e-14,9.13025296235702e-16
ENERGY,61,0,1.21938655399402e-14,1.31074552257357e-14,9.13589685795032e-16
BIASED,62,0.234290446256602,0.276620223169037,0.252994295188689,0.25791636227991
CORECAP,62,1.18563816048455e-07,1.2000763638138,4.65948182336302e-05,1.19999969855602
DEADLINE,62,1.19966971035532,8.85508751180164e-05
RESULT,62,0.25,-0.024,1,0,1.19e-09
RESET,62,-9.39152032677304e-08,-3.6647503311182e-07,1.08052114776099e-06,1.40389194095999e-07,1.20000141002862,1.1366383884187e-06
ENERGY,62,8,0,0,0
ENERGY,62,7,2.89841787519335e-16,9.20269360830462e-16,6.30427573311193e-16
ENERGY,62,6,1.10543553575549e-15,2.86455307825541e-15,1.75911754250008e-15
ENERGY,62,5,-3.39168550671838e-16,1.7596890486657e-16,5.1513745553828e-16
ENERGY,62,4,-3.412626337445e-16,1.56393990167615e-16,4.97656623912206e-16
ENERGY,62,3,4.44216574469483e-15,4.44216574469483e-15,0
ENERGY,62,2,2.35569538965468e-15,3.06714358252367e-15,7.11448192879258e-16
ENERGY,62,1,1.22879853045561e-14,1.31477299152966e-14,8.59744610740288e-16
ENERGY,62,0,1.13299768016445e-14,1.22061800249645e-14,8.76203223322421e-16
......9......8......7......6......5......4......3......BIASED,63,0.238228095597228,0.272682563341052,0.256931948732552,0.253978708465974
CORECAP,63,1.03816626833897e-07,1.20000096492326,1.20000108725033,-1.57668138618472e-07
DEADLINE,63,-0.0017847028049265,1.19760077405175
RESULT,63,0.25,-0.016,-1,1.19e-09,6.18000000000013e-10
RESET,63,1.40366149120166e-07,9.9868589101175e-06,1.02230548501032e-05,1.40397259419016e-07,1.19998363640347,7.40732015665029e-06
ENERGY,63,8,0,0,0
ENERGY,63,7,3.41300437786684e-16,1.05864921335126e-15,7.17348775564724e-16
ENERGY,63,6,1.10543591807911e-15,2.86522611945288e-15,1.75979020137332e-15
ENERGY,63,5,-3.45797033434075e-16,1.70044265170113e-16,5.15841298604234e-16
ENERGY,63,4,-3.35746947509658e-16,1.59444300477694e-16,4.95191247987462e-16
ENERGY,63,3,4.44216581355019e-15,4.44216581355019e-15,0
ENERGY,63,2,1.71550837008327e-14,1.81291564527368e-14,9.74072751901466e-16
ENERGY,63,1,1.32952850799844e-14,1.41553969460503e-14,8.6011186606305e-16
ENERGY,63,0,1.19485436135124e-14,1.2809796832518e-14,8.61253218997403e-16
BIASED,64,0.253978716085086,0.256931954642642,0.272682563569853,0.238228093986814
......9......8......7......6......5......4......3......2CORECAP,64,1.95046841134913e-08,1.19999975621601,1.19999947003273,1.1997104655117e-07
DEADLINE,64,-0.00178469111446459,1.19760075453808
RESULT,64,0.25,0.016,-1,1.19e-09,6.13249999999987e-10
RESET,64,1.4043190704972e-07,9.9834398202205e-06,1.02237743166437e-05,1.40329746646742e-07,1.199983636403,7.40732052826622e-06
ENERGY,64,8,0,0,0
ENERGY,64,7,3.41291849532989e-16,1.05692109434455e-15,7.15629244811187e-16
ENERGY,64,6,1.1054304215823e-15,2.86523178931211e-15,1.75980136772987e-15
ENERGY,64,5,-3.45133675825287e-16,1.59385071105529e-16,5.0451874693056e-16
ENERGY,64,4,-3.36106404338944e-16,1.74476409556521e-16,5.10582813895422e-16
ENERGY,64,3,4.44216578405588e-15,4.44216578405588e-15,0
ENERGY,64,2,1.73001477410554e-14,1.81364232332655e-14,8.36275492205907e-16
ENERGY,64,1,1.17429103161322e-14,1.26030417180499e-14,8.60131401922742e-16
ENERGY,64,0,1.33582841400103e-14,1.42195570012068e-14,8.61272861200233e-16
BIASED,65,0.257916369752419,0.252994300954401,0.276620217200256,0.234290440283597
CORECAP,65,1.19999969890587,-7.43858565896808e-09,1.1999996229711,1.33414469420412e-07
......9......8......7......6......5......4......3......2.DEADLINE,65,1.1996707172177,8.92259124544706e-05
RESULT,65,0.25,0.024,1,0,1.19e-09
RESET,65,1.40420903335967e-07,6.25527087119567e-06,7.47734844112798e-06,-8.49996577948013e-08,1.20000141068555,1.13689742543566e-06
ENERGY,65,8,0,0,0
ENERGY,65,7,2.89881186370314e-16,9.20253934600227e-16,6.3037274822961e-16
ENERGY,65,6,1.10543408333039e-15,2.86453331267946e-15,1.75909922934878e-15
ENERGY,65,5,-3.37547388218832e-16,1.56393900038587e-16,4.93941288257387e-16
ENERGY,65,4,-3.43084341032851e-16,1.73128323890692e-16,5.16212664923585e-16
ENERGY,65,3,4.44216577216183e-15,4.44216577216183e-15,0
ENERGY,65,2,2.11466042096468e-15,2.84754954200259e-15,7.32889121035147e-16
ENERGY,65,1,1.1530678096886e-14,1.23940546515644e-14,8.63376554666051e-16
ENERGY,65,0,1.22900403271515e-14,1.3150306133909e-14,8.60265806759419e-16
BIASED,66,0.295324071935099,0.314027926924687,0.314027926936934,0.295324071931581
CORECAP,66,4.95157547086925e-08,1.20000037447326,1.20000035606474,1.42750748127333e-07
DEADLINE,66,-0.00178240833578423,1.197600791857
RESULT,66,0.3,0,-1,1.19e-09,5.81749999999991e-10
......9......8......7......6......5......4......3......2..RESET,66,1.40365081628757e-07,9.9839887361523e-06,1.0219731035224e-05,1.40327191484229e-07,1.19998363640174,7.40732464177875e-06
ENERGY,66,8,0,0,0
ENERGY,66,7,3.41462241747971e-16,1.05803739839249e-15,7.16575156645303e-16
ENERGY,66,6,1.10560367836256e-15,2.86604841865572e-15,1.76044474029361e-15
ENERGY,66,5,-3.17643352788379e-16,2.25164242770915e-16,5.42807595559309e-16
ENERGY,66,4,-3.29935336733486e-16,2.13527778732433e-16,5.43463115465739e-16
ENERGY,66,3,4.21154090035307e-15,4.21154090035307e-15,0
ENERGY,66,2,1.72761878995134e-14,1.80898808644817e-14,8.13692964968937e-16
ENERGY,66,1,1.20030602702772e-14,1.29160129293164e-14,9.12952659037376e-16
ENERGY,66,0,1.21377051307825e-14,1.30516777313088e-14,9.13972600524804e-16
BIASED,67,0.283511110967144,0.325840888063356,0.302214965971065,0.307137033087959
CORECAP,67,-1.73413324927215e-08,1.2000756238739,4.63024539418638e-05,1.19999964395147
DEADLINE,67,1.19966982384841,8.85750857129957e-05
RESULT,67,0.3,-0.024,1,0,1.19e-09
......9......8......7......6......5......4......3......2...RESET,67,6.63065718646039e-08,-3.65043262752761e-07,1.07904953889425e-06,1.40144309113043e-07,1.20000141002824,1.13663819990232e-06
ENERGY,67,8,0,0,0
ENERGY,67,7,2.89841831559587e-16,9.20271098882597e-16,6.3042926732253e-16
ENERGY,67,6,1.10561807440423e-15,2.86461202202424e-15,1.75899394762067e-15
ENERGY,67,5,-3.43152856110761e-16,2.1015665807628e-16,5.53309514187048e-16
ENERGY,67,4,-3.56761298694145e-16,1.89258410169285e-16,5.4601970886349e-16
ENERGY,67,3,4.20836756532768e-15,4.20836756532768e-15,0
ENERGY,67,2,2.35576181563575e-15,3.06623409285796e-15,7.1047227721832e-16
ENERGY,67,1,1.22196306007187e-14,1.30794907548185e-14,8.59860154098761e-16
ENERGY,67,0,1.1276960445993e-14,1.21525848709147e-14,8.7562442491615e-16
BIASED,68,0.287448766604792,0.321903234319268,0.306152619634925,0.303199379355436
CORECAP,68,-8.29051399084321e-08,1.20000176790977,1.20000103102918,7.37091630745534e-08
DEADLINE,68,-0.00178242192063904,1.19760078326783
RESULT,68,0.3,-0.016,-1,1.19e-09,6.16249999999991e-10
......9......8......7......6......5......4......3......2....RESET,68,1.40312767179821e-07,9.98617086911206e-06,1.02210217495341e-05,1.40368550869667e-07,1.19998363640199,7.40732488803136e-06
ENERGY,68,8,0,0,0
ENERGY,68,7,3.41459402498604e-16,1.05887299336561e-15,7.17413590866487e-16
ENERGY,68,6,1.10560352835269e-15,2.86526800824256e-15,1.7596644798891e-15
ENERGY,68,5,-3.52780748908889e-16,2.03220560172697e-16,5.56001309081619e-16
ENERGY,68,4,-3.48244548723043e-16,1.92602870045103e-16,5.40847418768065e-16
ENERGY,68,3,4.20836766010882e-15,4.20836766010882e-15,0
ENERGY,68,2,1.71530235150214e-14,1.81290991855123e-14,9.76075670487536e-16
ENERGY,68,1,1.32413504954217e-14,1.41014939022329e-14,8.6014340680459e-16
ENERGY,68,0,1.18943364286319e-14,1.27556337763145e-14,8.61297347682261e-16
BIASED,69,0.303199379373079,0.306152619632685,0.321903234383445,0.287448764665779
CORECAP,69,6.41554927642788e-08,1.19999929112629,1.20000042479261,3.70803653470026e-08
DEADLINE,69,-0.0017823867229884,1.19760079295841
RESULT,69,0.3,0.016,-1,1.19e-09,6.11499999999992e-10
RESET,69,1.40407241324714e-07,9.98283608798347e-06,1.02180559978141e-05,1.40277159105326e-07,1.19998363640151,7.40732535651862e-06
ENERGY,69,8,0,0,0
ENERGY,69,7,3.41461040954588e-16,1.05717163538544e-15,7.15710594430211e-16
ENERGY,69,6,1.10561145072551e-15,2.86526644977875e-15,1.75965499905233e-15
ENERGY,69,5,-3.59433817080879e-16,1.92385124974326e-16,5.51818942055296e-16
ENERGY,69,4,-3.41288705352988e-16,2.08893160803678e-16,5.5018186615664e-16
ENERGY,69,3,4.2083676201703e-15,4.2083676201703e-15,0
ENERGY,69,2,1.72978509287731e-14,1.81362765349839e-14,8.38425606200906e-16
ENERGY,69,1,1.16888482786812e-14,1.25490027971167e-14,8.60154518451548e-16
ENERGY,69,0,1.33039203326765e-14,1.41651774550868e-14,8.61257122426179e-16
......9......8......7......6......5......4......3......2.....BIASED,70,0.307137035122713,0.302214965926096,0.325840888083114,0.283511110981226
CORECAP,70,1.19999976515341,-2.23356106277459e-07,1.19999962482637,-1.79326301331765e-08
DEADLINE,70,1.19967077938956,8.92420770198349e-05
RESULT,70,0.3,0.024,1,0,1.19e-09
RESET,70,1.40385730855e-07,6.25525450217037e-06,7.4294402851864e-06,5.12387243130716e-08,1.2000014107395,1.13690240896222e-06
ENERGY,70,8,0,0,0
ENERGY,70,7,2.8987868734913e-16,9.20264261730935e-16,6.30385574381691e-16
ENERGY,70,6,1.10560932012854e-15,2.86456562721589e-15,1.75895630708762e-15
ENERGY,70,5,-3.52325071603354e-16,1.89255736058599e-16,5.41580807661981e-16
ENERGY,70,4,-3.47789118298703e-16,2.06647668130243e-16,5.5443678642879e-16
ENERGY,70,3,4.20836759489504e-15,4.20836759489504e-15,0
ENERGY,70,2,2.11472977459401e-15,2.84683620221655e-15,7.32106427625505e-16
ENERGY,70,1,1.14777741469596e-14,1.23411217985083e-14,8.63347651556363e-16
ENERGY,70,0,1.22217268413009e-14,1.30819710071464e-14,8.60244165856746e-16
BIASED,71,0.344544742978305,0.363248598044312,0.363248598072851,0.344544743000382
......9......8......7......6......5......4......3......2......CORECAP,71,2.27262396506871e-08,1.19999956986093,1.20000056767488,2.34076856658724e-08
DEADLINE,71,-0.00177954087570663,1.19760175392118
RESULT,71,0.35,0,-1,1.19e-09,5.8050000000001e-10
RESET,71,1.39993900609206e-07,9.98268047344265e-06,1.02160843634338e-05,1.40402602341254e-07,1.1999836364002,7.40733611711338e-06
ENERGY,71,8,0,0,0
ENERGY,71,7,3.41465499253387e-16,1.05809904283387e-15,7.16633543580248e-16
ENERGY,71,6,1.10581448937379e-15,2.86599842485379e-15,1.76018393548012e-15
ENERGY,71,5,-3.02326340558862e-16,2.64038076323579e-16,5.66364416882175e-16
ENERGY,71,4,-3.16779548566851e-16,2.50134289690911e-16,5.66913838257751e-16
ENERGY,71,3,3.97773988889191e-15,3.97773988889191e-15,0
ENERGY,71,2,1.72762962248173e-14,1.80899312938101e-14,8.1363506898819e-16
ENERGY,71,1,1.19717174514959e-14,1.28839561281481e-14,9.12238676651759e-16
ENERGY,71,0,1.21060189861467e-14,1.30194035063119e-14,9.13384520163498e-16
BIASED,72,0.332731782035184,0.375061559286456,0.351435637089001,0.35635770422538
CORECAP,72,1.16857546451335e-07,1.20007518397128,4.61548041041336e-05,1.19999981388451
......9......8......7......6......5......4......3......2......1DEADLINE,72,1.19966994114041,8.86003297036132e-05
RESULT,72,0.35,-0.024,1,0,1.19e-09
RESET,72,1.39732123396233e-07,-3.63432120552982e-07,1.07586746444592e-06,-1.49820190641873e-06,1.20000141002803,1.1366380809505e-06
ENERGY,72,8,0,0,0
ENERGY,72,7,2.89844447509972e-16,9.20275730204823e-16,6.30431282693964e-16
ENERGY,72,6,1.10581138792321e-15,2.86455299090099e-15,1.75874160297786e-15
ENERGY,72,5,-3.27659646979465e-16,2.44634690958427e-16,5.7229433793795e-16
ENERGY,72,4,-3.52771622666933e-16,2.22192644819912e-16,5.74964267486732e-16
ENERGY,72,3,3.9745693699706e-15,3.9745693699706e-15,0
ENERGY,72,2,2.35572620695553e-15,3.06582189665717e-15,7.10095689690821e-16
ENERGY,72,1,1.21819611429492e-14,1.30417058396923e-14,8.59744696752399e-16
ENERGY,72,0,1.1245601468534e-14,1.21207497767244e-14,8.75148308179564e-16
BIASED,73,0.33666943567628,0.371123905523598,0.355373290754198,0.35242005047303
CORECAP,73,5.248014093575e-08,1.1999997049911,1.1999994451694,7.76818499251892e-08
DEADLINE,73,-0.00177956791275092,1.19760173102723
RESULT,73,0.35,-0.016,-1,1.19e-09,6.15250000000016e-10
......9......8......7......6......5......4......3......2......1.RESET,73,1.39819106049589e-07,9.98432917746325e-06,1.0219603256715e-05,1.4001868765191e-07,1.19998363640035,7.40733542641641e-06
ENERGY,73,8,0,0,0
ENERGY,73,7,3.41292738951253e-16,1.05876981836353e-15,7.17477079411771e-16
ENERGY,73,6,1.10580889738284e-15,2.86523124143985e-15,1.75942234405526e-15
ENERGY,73,5,-3.40278955407299e-16,2.36528505476474e-16,5.76807460884026e-16
ENERGY,73,4,-3.41260153866591e-16,2.25964423003235e-16,5.6722457686961e-16
ENERGY,73,3,3.97456953353128e-15,3.97456953353128e-15,0
ENERGY,73,2,1.71540749236035e-14,1.81288251312182e-14,9.74750207629223e-16
ENERGY,73,1,1.32163650247066e-14,1.4076479690955e-14,8.6011466625001e-16
ENERGY,73,0,1.18627412317014e-14,1.2723988820499e-14,8.61247588790954e-16
BIASED,74,0.352420050521831,0.355373290791485,0.371123905560619,0.336669435713916
CORECAP,74,-1.69934261349606e-07,1.19999958566646,1.20000483894811,-1.36293457155038e-07
DEADLINE,74,-0.00177950581164,1.19760176994515
RESULT,74,0.35,0.016,-1,1.19e-09,6.10499999999991e-10
......9......8......7......6......5......4......3......2......1..RESET,74,1.4005332440503e-07,9.98498012895485e-06,1.02181013553316e-05,1.40350456385726e-07,1.19998363640049,7.407335966487e-06
ENERGY,74,8,0,0,0
ENERGY,74,7,3.41295460515945e-16,1.05704128308188e-15,7.15745822565188e-16
ENERGY,74,6,1.10580446343736e-15,2.86525121782683e-15,1.75944675439023e-15
ENERGY,74,5,-3.54243050479805e-16,2.25470258337526e-16,5.79713308817237e-16
ENERGY,74,4,-3.26995068179296e-16,2.43600982976898e-16,5.705960511564e-16
ENERGY,74,3,3.97456947355887e-15,3.97456947355887e-15,0
ENERGY,74,2,1.72989293500289e-14,1.81360237821996e-14,8.37094432167127e-16
ENERGY,74,1,1.16572681706476e-14,1.25173818976933e-14,8.60113727045267e-16
ENERGY,74,0,1.32789236467086e-14,1.41401801473958e-14,8.61256500685053e-16
BIASED,75,0.356357706481736,0.351435637061919,0.37506155928229,0.332731782026135
CORECAP,75,1.19999993107759,1.40647248187955e-07,1.19999967650111,-7.22891700968488e-08
DEADLINE,75,1.19967085467904,8.92761730020673e-05
RESULT,75,0.35,0.024,1,0,1.19e-09
......9......8......7......6......5......4......3......2......1...RESET,75,1.39882348348384e-07,6.22162512995556e-06,7.42492945604001e-06,1.40324536469923e-07,1.20000141068492,1.13689728064478e-06
ENERGY,75,8,0,0,0
ENERGY,75,7,2.89883990723693e-16,9.20269205074988e-16,6.30385214351614e-16
ENERGY,75,6,1.10583034972655e-15,2.86452778756975e-15,1.75869743784291e-15
ENERGY,75,5,-3.47620520230043e-16,2.22179534225149e-16,5.69800054455396e-16
ENERGY,75,4,-3.33016219586324e-16,2.40426990387106e-16,5.73443209973199e-16
ENERGY,75,3,3.97456923516864e-15,3.97456923516864e-15,0
ENERGY,75,2,2.11451302279477e-15,2.84628697724852e-15,7.31773954446132e-16
ENERGY,75,1,1.14463670218812e-14,1.23096947847133e-14,8.63327762816716e-16
ENERGY,75,0,1.21840000088427e-14,1.30442055702671e-14,8.60205561400225e-16
BIASED,76,0.39376541423692,0.412469269354174,0.412469269362324,0.393765414237227
CORECAP,76,4.54734248429819e-08,1.19999977202589,1.20000059317064,5.08788197723746e-08
DEADLINE,76,-0.00177514766392115,1.19760362534531
RESULT,76,0.4,0,-1,1.19e-09,5.80250000000003e-10
......9......8......7......6......5......4......3......2......1....RESET,76,1.39523781144899e-07,9.98049394903586e-06,1.02137202073505e-05,1.39459240696367e-07,1.19998363639941,7.40733809327823e-06
ENERGY,76,8,0,0,0
ENERGY,76,7,3.41302603005015e-16,1.05794902806712e-15,7.16646425061682e-16
ENERGY,76,6,1.10604024913231e-15,2.86580420928807e-15,1.75976396015649e-15
ENERGY,76,5,-2.67564605886953e-16,3.03539521785905e-16,5.71104127672954e-16
ENERGY,76,4,-2.84166310181365e-16,2.87348511056445e-16,5.71514821237918e-16
ENERGY,76,3,3.74393834712351e-15,3.74393834712351e-15,0
ENERGY,76,2,1.72779098591618e-14,1.80897522977482e-14,8.11842438587688e-16
ENERGY,76,1,1.19634805386954e-14,1.28755420596987e-14,9.12061520985635e-16
ENERGY,76,0,1.20976369440447e-14,1.30109072180704e-14,9.13270274032151e-16
BIASED,77,0.381952453207063,0.424282230583011,0.400656308314732,0.405578375453971
CORECAP,77,-2.43940534125531e-06,1.20007526013282,4.61808695380431e-05,1.19999958716784
DEADLINE,77,1.19967006660472,8.86311673639335e-05
RESULT,77,0.4,-0.024,1,0,1.19e-09
RESET,77,1.39361819921045e-07,2.10387774979003e-07,1.07344575742416e-06,-2.11883544339341e-07,1.20000141019975,1.13663851990389e-06
ENERGY,77,8,0,0,0
ENERGY,77,7,2.89844291702692e-16,9.20274921260466e-16,6.30430629557612e-16
ENERGY,77,6,1.10604857260434e-15,2.86436950161947e-15,1.75832092901499e-15
ENERGY,77,5,-2.92692143147363e-16,2.79684559350076e-16,5.72376702497403e-16
ENERGY,77,4,-3.29290315866763e-16,2.55431107663119e-16,5.84721423530008e-16
ENERGY,77,3,3.74077116947101e-15,3.74077116947101e-15,0
ENERGY,77,2,2.35569470263099e-15,3.0662073364841e-15,7.10512633860567e-16
ENERGY,77,1,1.21749857964918e-14,1.30348095802537e-14,8.5982378376722e-16
ENERGY,77,0,1.12341709022078e-14,1.21083234222397e-14,8.7415252001284e-16
BIASED,78,0.385890109324277,0.420344576854357,0.404593961969391,0.40164072167522
......9......8......7......6......5......4......3......2......1.....CORECAP,78,1.44677467273772e-07,1.19999990729576,1.19999935917581,2.13151469497539e-07
DEADLINE,78,-0.00177518646492905,1.19760358879986
RESULT,78,0.4,-0.016,-1,1.19e-09,6.15499999999996e-10
RESET,78,1.39448282837336e-07,9.98208625957291e-06,1.02165634531031e-05,1.39525160167579e-07,1.19998363639968,7.40733799618482e-06
ENERGY,78,8,0,0,0
ENERGY,78,7,3.41289805713177e-16,1.05875670178897e-15,7.17466896075695e-16
ENERGY,78,6,1.10604088906153e-15,2.86502896695349e-15,1.75898807789179e-15
ENERGY,78,5,-3.08290689380204e-16,2.70226448960883e-16,5.78517138341039e-16
ENERGY,78,4,-3.14795297439446e-16,2.59743297373058e-16,5.74538594812597e-16
ENERGY,78,3,3.74077139988125e-15,3.74077139988125e-15,0
ENERGY,78,2,1.71531359462006e-14,1.81282724288135e-14,9.75136482613734e-16
ENERGY,78,1,1.32211679589965e-14,1.40813629455045e-14,8.6019498649641e-16
ENERGY,78,0,1.18517808694654e-14,1.27131014881224e-14,8.61320618662169e-16
BIASED,79,0.401640721777428,0.404593962054406,0.420344576851065,0.385890106895048
......9......8......7......6......5......4......3......2......1......CORECAP,79,1.62383455068664e-07,1.19999926572814,1.19999971229967,1.44602270253181e-07
DEADLINE,79,-0.00177517672515265,1.19760365199512
RESULT,79,0.4,0.016,-1,1.19e-09,6.10749999999998e-10
RESET,79,1.39585807042141e-07,9.98293607037549e-06,1.0211251628657e-05,1.3939641378197e-07,1.19998363639958,7.40733854817185e-06
ENERGY,79,8,0,0,0
ENERGY,79,7,3.41292283819613e-16,1.05704305145126e-15,7.15750767631261e-16
ENERGY,79,6,1.10603688892681e-15,2.86503260979993e-15,1.7589957208724e-15
ENERGY,79,5,-3.2955750265844e-16,2.58881211989016e-16,5.88438714647627e-16
ENERGY,79,4,-2.93229634606468e-16,2.78883438686411e-16,5.72113073292804e-16
ENERGY,79,3,3.74077132362302e-15,3.74077132362302e-15,0
ENERGY,79,2,1.72986164935621e-14,1.81357166327522e-14,8.37100139185461e-16
ENERGY,79,1,1.16463356362823e-14,1.25065445124803e-14,8.60208876198292e-16
ENERGY,79,0,1.32836768496387e-14,1.41450035176668e-14,8.61326668061281e-16
BIASED,80,0.405578377932347,0.40065630828532,0.424282230640401,0.38195245325124
CORECAP,80,1.19999973627262,1.95891172945339e-07,1.20000002292052,2.6661367554728e-08
DEADLINE,80,1.199670918756,8.92803119951599e-05
......9......8......7......6......5......4......3......2......1......0RESULT,80,0.4,0.024,1,0,1.19e-09
RESET,80,1.39558511852858e-07,6.22417901822015e-06,7.41860830121272e-06,1.39356548916738e-07,1.20000141073729,1.1369014216966e-06
ENERGY,80,8,0,0,0
ENERGY,80,7,2.86378494145772e-16,9.1675573326649e-16,6.3037723912109e-16
ENERGY,80,6,1.10606573886818e-15,2.86434127187844e-15,1.75827553301211e-15
ENERGY,80,5,-3.23427571099362e-16,2.55407708736525e-16,5.78835279836072e-16
ENERGY,80,4,-2.9876005654534e-16,2.7469401905649e-16,5.73454075601839e-16
ENERGY,80,3,3.74077104103305e-15,3.74077104103305e-15,0
ENERGY,80,2,2.1155166870445e-15,2.8474928669329e-15,7.31976179900283e-16
ENERGY,80,1,1.14348621726268e-14,1.2298257448447e-14,8.63395275830602e-16
ENERGY,80,0,1.21770631889411e-14,1.30373336596953e-14,8.60270470751721e-16
spectre completes with 0 errors, 9 warnings, and 8 notices.
