// Extracted original meter records; not a full Spectre log.
HPRE,0,0.600000000013037,0.600000000013037
BIASED,0,0.581583201567047,0.618416803781097,0.618416803781097,0.581583201567048
.HCAP,0,0.591755822215345,0.591755821808411
CORECAP,0,2.99827970734177e-05,1.19998734249759,1.19998735058857,3.00726791871575e-05
HADC,0,0.600308808333423,0.600308726247648
DEADLINE,0,-0.00175705450878484,1.19761635295642
RESULT,0,0.6,0,-1,1.18975e-09,5.71e-10
...RESET,0,1.37240620656756e-07,1.06094700703465e-05,9.24590879853835e-06,1.3727566125722e-07,1.19998363641577,7.23582755769222e-06
ENERGY,0,8,0,0,0
ENERGY,0,7,3.32017816758556e-16,1.05900924767625e-15,7.26991430917697e-16
ENERGY,0,6,1.15750063609826e-15,2.90751454154815e-15,1.75001390544988e-15
ENERGY,0,5,-1.03077462612208e-17,1.80327028423708e-19,1.04880732896446e-17
ENERGY,0,4,-1.03076590011042e-17,1.80325192074628e-19,1.04879841931788e-17
ENERGY,0,3,5.54637513760662e-15,5.54637513760662e-15,0
ENERGY,0,2,1.72495750730541e-14,1.80867421050971e-14,8.37167032042694e-16
ENERGY,0,1,1.18500149403697e-14,1.27102407824286e-14,8.602258420588e-16
ENERGY,0,0,1.19847337056298e-14,1.28449207307052e-14,8.60187025075337e-16
HPRE,1,0.0260687465490258,0.0260687462670043
BIASED,1,0.0338560577803594,0.0706899149717258,0.0706899156225674,0.0338560571331601
HCAP,1,0.0432153500133498,0.0432153545250576
CORECAP,1,-2.59403929707552e-07,1.19999960063087,1.20000173158256,2.86783506495242e-08
....HADC,1,0.0598825670858989,0.0598822187485557
DEADLINE,1,-0.00178872047463183,1.19760648781875
RESULT,1,0.025,0,-1,1.19e-09,5.88e-10
.....RESET,1,1.3048727424151e-07,9.88692089252471e-06,9.22255556969337e-06,1.30485424319399e-07,1.19998363631155,6.77706289451367e-06
ENERGY,1,8,0,0,0
ENERGY,1,7,3.40612261120765e-16,1.0586664822134e-15,7.18054221092617e-16
ENERGY,1,6,1.12281616424728e-15,2.86590648358306e-15,1.74309031933575e-15
ENERGY,1,5,-9.03830198905226e-15,2.04284319395347e-19,9.03850627337162e-15
ENERGY,1,4,-9.03830204396125e-15,2.04284353386323e-19,9.03850632831467e-15
ENERGY,1,3,1.05379045118611e-14,1.05379045118611e-14,0
ENERGY,1,2,1.73188860447397e-14,1.81245193539734e-14,8.05633309233701e-16
ENERGY,1,1,1.29597417206313e-14,1.38324948363641e-14,8.72753115732854e-16
ENERGY,1,0,1.30939296712414e-14,1.39680602552389e-14,8.74130583997864e-16
HPRE,2,0.00315993044374954,0.04707494282261
......BIASED,2,0.00968207188471358,0.0884441056672641,0.0465159257913908,0.0516102419942055
HCAP,2,0.0188155972883742,0.0611819752371535
CORECAP,2,1.31523764857305e-07,1.20008402825622,5.11008217395459e-05,1.19999959160549
HADC,2,0.0360310596715026,0.077410870795186
DEADLINE,2,1.19966931276789,8.84672636257723e-05
......9RESULT,2,0.025,-0.044,1,0,1.18975e-09
......9.RESET,2,1.22164554175076e-07,1.14319251801616e-07,1.13394425218392e-07,1.22233516086605e-07,1.20000014148448,3.59796111277329e-07
ENERGY,2,8,0,0,0
ENERGY,2,7,2.85906129890374e-16,9.17880955402515e-16,6.31974825512125e-16
ENERGY,2,6,1.12289326992551e-15,2.86237051523766e-15,1.7394772453122e-15
ENERGY,2,5,-1.51641098924992e-16,4.05567147476949e-17,1.92197813672577e-16
ENERGY,2,4,-2.96851419652347e-17,6.19153668042221e-20,2.97470573318853e-17
ENERGY,2,3,1.06313563731868e-14,1.06313563731868e-14,0
ENERGY,2,2,2.35588544066997e-15,3.09091213624141e-15,7.3502669557149e-16
ENERGY,2,1,1.33007612077821e-14,1.41747180063185e-14,8.73956798536584e-16
ENERGY,2,0,1.15336677653173e-14,1.24288706424228e-14,8.95202877104891e-16
HPRE,3,0.00711418977273008,0.0431206564541972
BIASED,3,0.0133781643956197,0.084747794454875,0.0502120260054411,0.0479139501858756
......9..HCAP,3,0.022698876186683,0.0573107690641847
CORECAP,3,-1.63569210629481e-07,1.19999787212371,1.19999861864161,1.48301349237673e-07
HADC,3,0.0396862185430042,0.0737576284083942
DEADLINE,3,-0.00178868595694983,1.19760699678984
RESULT,3,0.025,-0.036,-1,1.19e-09,6.50999999999999e-10
......9....RESET,3,1.23705148069907e-07,9.88257713034094e-06,9.21745731577382e-06,1.20596388986399e-07,1.1999836363099,6.77707340236103e-06
ENERGY,3,8,0,0,0
ENERGY,3,7,3.40489138788857e-16,1.05844315782445e-15,7.17954019035611e-16
ENERGY,3,6,1.12174395507505e-15,2.86281670968739e-15,1.7410727546124e-15
ENERGY,3,5,-1.85957713820516e-16,1.42876791202875e-19,1.8610059061168e-16
ENERGY,3,4,-2.93440631875809e-17,9.8000894624419e-19,3.03240721337624e-17
ENERGY,3,3,1.06314459422107e-14,1.06314459422107e-14,0
ENERGY,3,2,1.71307204824759e-14,1.81170348739905e-14,9.86314391515363e-16
ENERGY,3,1,1.44230649344651e-14,1.52968838231258e-14,8.73818888659903e-16
ENERGY,3,0,1.21089752765444e-14,1.29847324441005e-14,8.75757167555286e-16
HPRE,4,0.0430515629143034,0.00718328287429404
BIASED,4,0.0477040682173963,0.0504220192784441,0.0845378888751749,0.0135882299599686
......9.....HCAP,4,0.0571000125914801,0.022908866343584
CORECAP,4,-5.08734282650309e-08,1.20000448894891,1.19999920035062,1.40055002135713e-07
HADC,4,0.0735504071804378,0.0398926287337133
DEADLINE,4,-0.00178881687433683,1.19760676085472
RESULT,4,0.025,0.036,-1,1.19e-09,6.42749999999999e-10
......9......RESET,4,1.22264458911254e-07,9.8781090555636e-06,9.21442632349959e-06,1.22132798040771e-07,1.19998363630966,6.77706967928337e-06
ENERGY,4,8,0,0,0
ENERGY,4,7,3.41056041864489e-16,1.05703308696877e-15,7.15977045104314e-16
ENERGY,4,6,1.12236477330915e-15,2.86276332389331e-15,1.74039855058422e-15
ENERGY,4,5,-7.74267722905104e-17,3.32719773087699e-20,7.74600442677322e-17
ENERGY,4,4,-1.2699990286752e-16,4.70471541435751e-17,1.74047057011024e-16
ENERGY,4,3,1.06314184409089e-14,1.06314184409089e-14,0
ENERGY,4,2,1.7307369157407e-14,1.81454930198232e-14,8.38123862416617e-16
ENERGY,4,1,1.19079436607988e-14,1.27823027902513e-14,8.74359129451706e-16
ENERGY,4,0,1.43791063769854e-14,1.52539992175586e-14,8.74892840575246e-16
......9......8HPRE,5,0.0471060275961021,0.0031288319022868
BIASED,5,0.0517046408896731,0.0464214195574599,0.0885384933966649,0.00958756392079661
HCAP,5,0.0612763045029627,0.0187205779586053
CORECAP,5,1.19999966679703,-1.37850186626323e-07,1.2000000851049,-1.670192378966e-07
......9......8.HADC,5,0.0775032079864364,0.0359370483936983
DEADLINE,5,1.19967050557056,8.91869437032132e-05
RESULT,5,0.025,0.044,1,0,1.19e-09
......9......8..RESET,5,1.22242743702516e-07,6.87223382358663e-06,6.48444805294561e-06,1.22157151823724e-07,1.20000014155956,3.59810408573239e-07
ENERGY,5,8,0,0,0
ENERGY,5,7,2.86624019494206e-16,9.18289608992602e-16,6.31665589498378e-16
ENERGY,5,6,1.12203841123547e-15,2.86275045671979e-15,1.74071204548432e-15
ENERGY,5,5,-1.43912667357389e-17,9.85305671780339e-21,1.44011197924406e-17
ENERGY,5,4,-1.82000721985639e-16,8.69629672694848e-18,1.90697018712542e-16
ENERGY,5,3,1.06313505451396e-14,1.06313505451396e-14,0
ENERGY,5,2,2.11945687262562e-15,2.88395546443842e-15,7.64498591813131e-16
ENERGY,5,1,1.17381153320122e-14,1.26162609058598e-14,8.78145573847862e-16
ENERGY,5,0,1.32842624446808e-14,1.41591070210202e-14,8.74844576338694e-16
HPRE,6,0.19982425093151,0.199748246333338
BIASED,6,0.197447242075976,0.234050737203999,0.234281105406639,0.1972168803783
......9......8...HCAP,6,0.207169381017289,0.206938517913766
CORECAP,6,1.15329693351949e-07,1.19999959330874,1.20000060576695,1.09128412106976e-07
HADC,6,0.221282471321815,0.221054932776035
DEADLINE,6,-0.00178678624873584,1.19760124863273
RESULT,6,0.2,0,-1,1.19e-09,5.70999999999999e-10
......9......8.....RESET,6,1.32391602494296e-07,9.89129329904855e-06,9.2265816492152e-06,1.32383783959465e-07,1.19998363630427,6.77710725295904e-06
ENERGY,6,8,0,0,0
ENERGY,6,7,3.4102250546597e-16,1.0589830825229e-15,7.17960577056956e-16
ENERGY,6,6,1.12255722838155e-15,2.87216949963495e-15,1.74961227125356e-15
ENERGY,6,5,4.93193805528294e-16,1.06879643469677e-15,5.75602629168516e-16
ENERGY,6,4,4.16581697298121e-16,9.95660168594512e-16,5.79078471296297e-16
ENERGY,6,3,9.11153819055318e-15,9.11153819055318e-15,0
ENERGY,6,2,1.72810396302625e-14,1.80910756455433e-14,8.10036015281689e-16
ENERGY,6,1,1.15837431139712e-14,1.26320860091463e-14,1.04834289517546e-15
ENERGY,6,0,1.1725319445089e-14,1.27749487471417e-14,1.04962930205234e-15
HPRE,7,0.178123963171109,0.222039442755407
BIASED,7,0.177358751267321,0.256122970438412,0.214192609278096,0.219289092253963
......9......8......HCAP,7,0.187217765400905,0.228877143626188
CORECAP,7,-1.68841247776846e-07,1.20007447693579,4.54976900565951e-05,1.20000023717589
HADC,7,0.201451109474701,0.242852214263902
DEADLINE,7,1.19966959306365,8.85239256726153e-05
RESULT,7,0.2,-0.044,1,0,1.19e-09
......9......8......7.RESET,7,1.31371577753175e-07,1.21840670350291e-07,1.22091603444398e-07,1.30854718345547e-07,1.20000014061386,2.93211455648259e-07
ENERGY,7,8,0,0,0
ENERGY,7,7,2.85818590938194e-16,9.17877684692774e-16,6.32059093754577e-16
ENERGY,7,6,1.12237027251835e-15,2.86976765233646e-15,1.74739737981799e-15
ENERGY,7,5,-3.81334392938171e-16,2.36779074826828e-16,6.18113467765042e-16
ENERGY,7,4,-7.72790095401836e-16,1.51090403950242e-19,7.72941185805849e-16
ENERGY,7,3,9.08324247778385e-15,9.08324247778385e-15,0
ENERGY,7,2,2.36073420302789e-15,3.07714112423137e-15,7.16406921203262e-16
ENERGY,7,1,1.23532967581353e-14,1.32189430577643e-14,8.65646299628924e-16
ENERGY,7,0,1.10348176820813e-14,1.1919351875899e-14,8.84534193818609e-16
HPRE,8,0.182078492944413,0.218084872522372
BIASED,8,0.181056174338324,0.252425281703899,0.217890036647587,0.215591409477415
HCAP,8,0.190748589012388,0.225357900357555
CORECAP,8,5.20025936133419e-08,1.20000244759158,1.19999943549474,-3.44272141110095e-08
......9......8......7..HADC,8,0.20511641629345,0.239189266708279
DEADLINE,8,-0.00178673437617849,1.19760126976649
RESULT,8,0.2,-0.036,-1,1.19e-09,6.245e-10
......9......8......7...RESET,8,1.31329073112392e-07,9.89239199771425e-06,9.22789762096209e-06,1.30884925496062e-07,1.1999836363063,6.77709715375243e-06
ENERGY,8,8,0,0,0
ENERGY,8,7,3.40952389142552e-16,1.05953055961851e-15,7.18578170475914e-16
ENERGY,8,6,1.12236752465317e-15,2.87033723801534e-15,1.74796971336214e-15
ENERGY,8,5,-6.64026389185185e-16,3.66090299120039e-19,6.64392479484281e-16
ENERGY,8,4,-5.26915135493557e-16,3.51000663831811e-17,5.62015201876753e-16
ENERGY,8,3,9.08333458182251e-15,9.08333458182251e-15,0
ENERGY,8,2,1.71375253488684e-14,1.81246739857004e-14,9.87148636832756e-16
ENERGY,8,1,1.35001252314929e-14,1.43660534794308e-14,8.65928247937584e-16
ENERGY,8,0,1.15873138582732e-14,1.24549350822944e-14,8.67621224022281e-16
HPRE,9,0.218016203630788,0.182147160737184
BIASED,9,0.215383652033051,0.218097937399538,0.252217524694326,0.18126407856095
......9......8......7....HCAP,9,0.225149253738197,0.190956525103962
CORECAP,9,1.36251564929049e-08,1.20000091305911,1.19999975897905,6.07124970033455e-09
HADC,9,0.23898413276797,0.205320901437535
DEADLINE,9,-0.00178674648193411,1.19760117886994
......9......8......7.....RESULT,9,0.2,0.036,-1,1.19e-09,6.16500000000001e-10
......9......8......7......RESET,9,1.30862421496441e-07,9.88761836214866e-06,9.22217606166018e-06,1.3135127540644e-07,1.19998363629898,6.77714895466599e-06
ENERGY,9,8,0,0,0
ENERGY,9,7,3.41104633394533e-16,1.05797628962701e-15,7.1687165623254e-16
ENERGY,9,6,1.12055994912186e-15,2.87036677288606e-15,1.74980682376423e-15
ENERGY,9,5,-9.36412412994438e-16,2.8108552290422e-19,9.3669349851707e-16
ENERGY,9,4,-2.43231289807934e-16,3.6897659615318e-16,6.1220788596107e-16
ENERGY,9,3,9.08331013364106e-15,9.08331013364106e-15,0
ENERGY,9,2,1.7296676616793e-14,1.81403295770953e-14,8.43652960300879e-16
ENERGY,9,1,1.13859326336262e-14,1.22524313499305e-14,8.66498716306158e-16
ENERGY,9,0,1.34701183711797e-14,1.43373386424545e-14,8.67220271277226e-16
HPRE,10,0.22207033396482,0.178093054231986
BIASED,10,0.219382543575701,0.21409900766386,0.256216419097241,0.177265150825263
......9......8......7......6HCAP,10,0.228970473086857,0.187123636414094
CORECAP,10,1.19999996160621,5.51753475721253e-08,1.20000127133918,-5.85345488218805e-09
HADC,10,0.242943772686959,0.201358070048225
DEADLINE,10,1.1996706532303,8.92104113918381e-05
RESULT,10,0.2,0.044,1,0,1.19e-09
......9......8......7......6..RESET,10,1.30863158458625e-07,6.87812081911596e-06,6.48991411871294e-06,1.31364961647321e-07,1.20000014068408,2.93204958563759e-07
ENERGY,10,8,0,0,0
ENERGY,10,7,2.85858992077685e-16,9.17885977393507e-16,6.32026985315872e-16
ENERGY,10,6,1.11892242944086e-15,2.86810766682945e-15,1.7491852373888e-15
ENERGY,10,5,-5.94409338733498e-16,2.97673101481049e-19,5.94707011835082e-16
ENERGY,10,4,-5.77662083470151e-16,4.2729039906434e-17,6.20391123376701e-16
ENERGY,10,3,9.08323755050855e-15,9.08323755050855e-15,0
ENERGY,10,2,2.11961324508278e-15,2.86050193162482e-15,7.40888686538101e-16
ENERGY,10,1,1.12328156983137e-14,1.21049317290793e-14,8.72116030764486e-16
ENERGY,10,0,1.23313351733332e-14,1.3200191778297e-14,8.6885660496343e-16
HPRE,11,0.599373771973189,0.599297585806671
BIASED,11,0.579537364856649,0.616144730007915,0.616370983266108,0.57931110913315
HCAP,11,0.589721664124748,0.58949530927853
CORECAP,11,2.75274847776387e-05,1.19998815634887,1.19998807015536,2.75985327792948e-05
......9......8......7......6...HADC,11,0.59828966248862,0.598066323355217
DEADLINE,11,-0.00175704041426493,1.19761619368365
RESULT,11,0.6,0,-1,1.19e-09,5.69499999999997e-10
......9......8......7......6....RESET,11,1.37299569137649e-07,9.97857123326398e-06,9.22845206058636e-06,1.37281950403564e-07,1.19998363628399,6.77723105673599e-06
ENERGY,11,8,0,0,0
ENERGY,11,7,3.41853573466185e-16,1.0597607127503e-15,7.17907139284142e-16
ENERGY,11,6,1.1209354086776e-15,2.87370210953421e-15,1.75276670085648e-15
ENERGY,11,5,8.69389671583017e-15,8.69886718101242e-15,4.97046518220052e-18
ENERGY,11,4,8.19648496428287e-15,8.20195410087448e-15,5.46913659165687e-18
ENERGY,11,3,5.61055222498643e-15,5.61055222498643e-15,0
ENERGY,11,2,1.72799487321719e-14,1.80894474811416e-14,8.09498748968601e-16
ENERGY,11,1,1.1369334572205e-14,1.26386601167408e-14,1.26932554453421e-15
ENERGY,11,0,1.15113358901558e-14,1.27806510451047e-14,1.26931515494989e-15
HPRE,12,0.578039663891895,0.621960734116795
......9......8......7......6.....BIASED,12,0.560606639853237,0.639395578188967,0.597440392315525,0.602562173132497
HCAP,12,0.571972840013378,0.611410390370685
CORECAP,12,2.66553260278807e-05,1.20006564167617,8.97775722491016e-05,1.199982159174
HADC,12,0.579577553614304,0.621050698863752
DEADLINE,12,1.19967045088275,8.87307425074867e-05
......9......8......7......6......RESULT,12,0.6,-0.044,1,0,1.18999999999999e-09
......9......8......7......6......5RESET,12,1.37067948363032e-07,1.28154480264216e-07,1.27262195425084e-07,1.37446964300459e-07,1.20000014061372,2.93211454202748e-07
ENERGY,12,8,0,0,0
ENERGY,12,7,2.86234734193573e-16,9.17883764503503e-16,6.31649030309801e-16
ENERGY,12,6,1.12114046476517e-15,2.86744974968775e-15,1.74630928492254e-15
ENERGY,12,5,7.8441508835663e-16,7.84695686878863e-16,2.80598522289943e-19
ENERGY,12,4,-7.72887934408924e-16,2.89728748940659e-19,7.73177663157886e-16
ENERGY,12,3,5.5466148534173e-15,5.5466148534173e-15,0
ENERGY,12,2,2.36021735627292e-15,3.08498277712149e-15,7.24765420846666e-16
ENERGY,12,1,1.2461878332395e-14,1.33220596597974e-14,8.60181327402419e-16
ENERGY,12,0,1.10277480279008e-14,1.18899891962999e-14,8.62241168399606e-16
HPRE,13,0.581997249249383,0.618002611743949
BIASED,13,0.564318458349596,0.63568060924059,0.601152188500507,0.598847163551088
......9......8......7......6......5.HCAP,13,0.57441026564389,0.608965152498414
CORECAP,13,2.8963480031834e-05,1.1999891523882,1.19997884620227,5.35382290647319e-05
HADC,13,0.583276841314078,0.617350629899658
DEADLINE,13,-0.0017570489205653,1.19761617371846
RESULT,13,0.6,-0.036,-1,1.19e-09,6.25750000000001e-10
......9......8......7......6......5...RESET,13,1.37105498103004e-07,9.98053422955343e-06,9.22950882513847e-06,1.37482360437969e-07,1.19998363628426,6.77723108051723e-06
ENERGY,13,8,0,0,0
ENERGY,13,7,3.41852288017286e-16,1.06022116358759e-15,7.18368875570391e-16
ENERGY,13,6,1.12110114712033e-15,2.86833725992614e-15,1.74723611280586e-15
ENERGY,13,5,-5.78347038992368e-17,6.98639867235995e-17,1.276986906228e-16
ENERGY,13,4,3.29073046169848e-17,1.19639461887055e-16,8.67321572701762e-17
ENERGY,13,3,5.54669181653905e-15,5.54669181653905e-15,0
ENERGY,13,2,1.7133688206805e-14,1.81202968530309e-14,9.86608646226205e-16
ENERGY,13,1,1.36937297415277e-14,1.45539104216888e-14,8.60180680160306e-16
ENERGY,13,0,1.15827253755393e-14,1.24430217324496e-14,8.6029635691133e-16
HPRE,14,0.617939054818636,0.582060876848444
BIASED,14,0.598664978835522,0.60133635923623,0.635498424441127,0.564502629792204
HCAP,14,0.608787598614699,0.574599602462758
CORECAP,14,5.14640185916084e-05,1.19997933536814,1.19998913427702,2.88202369231695e-05
......9......8......7......6......5....HADC,14,0.617170476300085,0.583458252359323
DEADLINE,14,-0.00175687877441707,1.19761630004657
RESULT,14,0.6,0.036,-1,1.19e-09,6.17999999999999e-10
......9......8......7......6......5.....RESET,14,1.37498370025764e-07,9.97491955868041e-06,9.22723463837604e-06,1.37093394219054e-07,1.19998363628444,6.77722832406851e-06
ENERGY,14,8,0,0,0
ENERGY,14,7,3.41854144681545e-16,1.05851403240202e-15,7.16659887720466e-16
ENERGY,14,6,1.12109358432118e-15,2.8682628807053e-15,1.7471692963841e-15
ENERGY,14,5,-1.20298764940231e-15,1.0808863338394e-18,1.20406853573626e-15
ENERGY,14,4,1.18912366612029e-15,1.1901586935985e-15,1.03502747825763e-18
ENERGY,14,3,5.54666464358343e-15,5.54666464358343e-15,0
ENERGY,14,2,1.72966414922308e-14,1.81377793776776e-14,8.41137885443444e-16
ENERGY,14,1,1.13808393459643e-14,1.22412141277217e-14,8.60374781756308e-16
ENERGY,14,0,1.36625896076423e-14,1.45228807926271e-14,8.60291184985813e-16
HPRE,15,0.621989217940999,0.578010918337919
......9......8......7......6......5......BIASED,15,0.602643653955158,0.597357042951696,0.639477062909135,0.560523286802885
HCAP,15,0.611491811053088,0.571889173803656
CORECAP,15,1.19998221888028,4.35266845072256e-05,1.19999082178221,2.66145242327351e-05
HADC,15,0.621130566330232,0.579494732339245
DEADLINE,15,1.19967111033358,8.93363194212192e-05
......9......8......7......6......5......4RESULT,15,0.6,0.044,1,0,1.19e-09
......9......8......7......6......5......4.RESET,15,1.37448134761124e-07,6.21959317809016e-06,6.47322183431772e-06,8.9090361520283e-08,1.20000014066985,3.97552840596042e-07
ENERGY,15,8,0,0,0
ENERGY,15,7,2.86604948997913e-16,9.18223344646645e-16,6.31618395649009e-16
ENERGY,15,6,1.1211416115765e-15,2.86752104043627e-15,1.74637942885974e-15
ENERGY,15,5,-2.22917397753014e-16,2.05599576761196e-19,2.23122997329924e-16
ENERGY,15,4,2.16698479190759e-16,2.16888987549869e-16,1.90508359120818e-19
ENERGY,15,3,5.54662085321874e-15,5.54662085321874e-15,0
ENERGY,15,2,2.11708700666354e-15,2.86875433402893e-15,7.51667327366294e-16
ENERGY,15,1,1.12273038397001e-14,1.20875779519394e-14,8.6027411224058e-16
ENERGY,15,0,1.24448918259027e-14,1.33053921680269e-14,8.60500342123231e-16
HPRE,16,0.999399823612214,0.999330564791842
BIASED,16,0.963299209829281,0.999953777054283,1.00013298662643,0.963119992910587
......9......8......7......6......5......4..HCAP,16,0.971633750363985,0.971454587163243
CORECAP,16,1.12934364109523e-06,1.19999928882844,1.19999980485016,1.09452358814311e-06
HADC,16,0.976963970464526,0.976787301574885
DEADLINE,16,-0.00173677230622037,1.19761174694905
RESULT,16,1,0,-1,1.19e-09,5.61500000000001e-10
......9......8......7......6......5......4....RESET,16,1.30425718810291e-07,9.87988236620199e-06,9.21416047130315e-06,1.30431648740781e-07,1.19998363621753,6.77489617874384e-06
ENERGY,16,8,0,0,0
ENERGY,16,7,3.41853038697167e-16,1.05962352977705e-15,7.17770491079939e-16
ENERGY,16,6,1.20765683667886e-15,2.82120156151912e-15,1.61354472484029e-15
ENERGY,16,5,2.0314720908937e-14,2.03184989475049e-14,3.77803856749308e-18
ENERGY,16,4,1.89094637748545e-14,1.89121647926509e-14,2.70101779579921e-18
ENERGY,16,3,2.0704927209888e-15,2.07212693768707e-15,1.63421669852132e-18
ENERGY,16,2,1.72773861717796e-14,1.80873257592321e-14,8.09939587452016e-16
ENERGY,16,1,1.16080564130457e-14,1.28652238693709e-14,1.25716745632508e-15
ENERGY,16,0,1.17497081524568e-14,1.3007037085443e-14,1.257328932986e-15
HPRE,17,0.977951594225134,1.0218849891782
BIASED,17,0.943791543248907,1.02262954804316,0.980625228949049,0.985795716860783
......9......8......7......6......5......4.....HCAP,17,0.954160047646286,0.992082615487555
CORECAP,17,9.1318167118422e-07,1.20007448950118,4.75127688778046e-05,1.19999922841767
HADC,17,0.957661580379509,0.999215462534443
DEADLINE,17,1.19966995226691,8.86493045532589e-05
RESULT,17,1,-0.044,1,0,1.18999999999999e-09
......9......8......7......6......5......4......RESET,17,1.32158483093504e-07,1.22124175183849e-07,1.22026200803372e-07,1.318323126203e-07,1.20000014059376,3.97532685834944e-07
ENERGY,17,8,0,0,0
ENERGY,17,7,2.86563449501451e-16,9.18222662608225e-16,6.31659213106641e-16
ENERGY,17,6,1.2076465793389e-15,2.81781888097276e-15,1.61017230163398e-15
ENERGY,17,5,4.30339855218185e-15,4.30425116244099e-15,8.52610257969672e-19
ENERGY,17,4,1.58309597487141e-15,2.69045021124397e-15,1.10735423637158e-15
ENERGY,17,3,2.01181235200085e-15,2.01186564858767e-15,5.32965855105279e-20
ENERGY,17,2,2.35844361814601e-15,3.11299245851059e-15,7.54548840364837e-16
ENERGY,17,1,1.28803918985655e-14,1.3780100374743e-14,8.99708476177108e-16
ENERGY,17,0,1.11265969633911e-14,1.2035422687448e-14,9.08825724056092e-16
......9......8......7......6......5......4......3HPRE,18,0.981916745803469,1.01791987340671
BIASED,18,0.947535559506658,1.01888567519456,0.984369292525783,0.9820518383752
HCAP,18,0.955866955867504,0.990370051341624
CORECAP,18,1.02012629168135e-06,1.19999952269431,1.20000330417644,1.72356773818935e-06
......9......8......7......6......5......4......3.HADC,18,0.961405512634356,0.995470596756132
DEADLINE,18,-0.00173681003054944,1.19761173015849
RESULT,18,1,-0.036,-1,1.19e-09,6.10499999999997e-10
......9......8......7......6......5......4......3..RESET,18,1.31990802857395e-07,9.88273455638689e-06,9.21706313347674e-06,1.31850895781782e-07,1.19998363621791,6.77489378047415e-06
ENERGY,18,8,0,0,0
ENERGY,18,7,3.42014156123524e-16,1.06007058957956e-15,7.18056433456016e-16
ENERGY,18,6,1.20774554523145e-15,2.81757920815495e-15,1.60983366292388e-15
ENERGY,18,5,2.90360599583195e-15,3.10165320638693e-15,1.98047210554779e-16
ENERGY,18,4,2.94628278007705e-15,2.94793231552146e-15,1.64953544358006e-18
ENERGY,18,3,2.01179707127878e-15,2.01351513889949e-15,1.71806762222111e-18
ENERGY,18,2,1.71367455081788e-14,1.81174334931559e-14,9.80687984979655e-16
ENERGY,18,1,1.40348329843861e-14,1.49345290111917e-14,8.9969602680413e-16
ENERGY,18,0,1.16935638920499e-14,1.25938558221456e-14,9.00291930094241e-16
HPRE,19,1.01786748582744,0.981969121705646
BIASED,19,0.981916133187219,0.98450485346225,1.01874995673839,0.947671132992003
......9......8......7......6......5......4......3...HCAP,19,0.99023509315861,0.956003104962161
CORECAP,19,1.697416369735e-06,1.19999936837422,1.20000088264748,1.01671827136861e-06
HADC,19,0.995336423904668,0.961539608003508
DEADLINE,19,-0.00173683510197837,1.19761172386667
RESULT,19,1,0.036,-1,1.19e-09,6.03749999999996e-10
......9......8......7......6......5......4......3.....RESET,19,1.31841137583696e-07,9.87322512271024e-06,9.21644430765441e-06,1.32145449154565e-07,1.19998363621998,6.77489755075856e-06
ENERGY,19,8,0,0,0
ENERGY,19,7,3.42139121458092e-16,1.0584362554317e-15,7.16297133973816e-16
ENERGY,19,6,1.20772825092894e-15,2.81762721142262e-15,1.6098989604939e-15
ENERGY,19,5,8.86934955782298e-16,2.72541519917644e-15,1.83848024339356e-15
ENERGY,19,4,4.97415478470094e-15,4.97561275169503e-15,1.45796699338071e-18
ENERGY,19,3,2.01179873190341e-15,2.01351647597237e-15,1.71774406938477e-18
ENERGY,19,2,1.73034358662813e-14,1.81391395008367e-14,8.35703634553452e-16
ENERGY,19,1,1.14910820047066e-14,1.23908428982627e-14,8.99760893556865e-16
ENERGY,19,0,1.40253669485599e-14,1.49254094470965e-14,9.00042498534719e-16
HPRE,20,1.02190856829117,0.977928033787659
BIASED,20,0.985856797407339,0.98056426540603,1.02269061169265,0.943730571670214
......9......8......7......6......5......4......3......HCAP,20,0.992143473954815,0.954098910114418
CORECAP,20,1.19999982851348,1.6334409376513e-06,1.20000039697854,9.54058868686163e-07
HADC,20,0.999275267251379,0.957600929378673
DEADLINE,20,1.19967080721917,8.9272603531949e-05
RESULT,20,1,0.044,1,0,1.19e-09
......9......8......7......6......5......4......3......2.RESET,20,1.31835367286329e-07,6.84100815124503e-06,6.45495745071509e-06,1.32155640142286e-07,1.20000014066999,3.97553012311558e-07
ENERGY,20,8,0,0,0
ENERGY,20,7,2.86728186278269e-16,9.18379252516073e-16,6.3165106623764e-16
ENERGY,20,6,1.21022281333492e-15,2.81782226963908e-15,1.60759945630434e-15
ENERGY,20,5,2.50463173070452e-15,2.69610921172596e-15,1.91477481021054e-16
ENERGY,20,4,3.36397062272119e-15,3.36568019177437e-15,1.70956905191843e-18
ENERGY,20,3,2.01181277707879e-15,2.01186598763532e-15,5.32105563906372e-20
ENERGY,20,2,2.11562458074599e-15,2.89773812417515e-15,7.82113543430222e-16
ENERGY,20,1,1.13257474409992e-14,1.22282874440447e-14,9.02540003044818e-16
ENERGY,20,0,1.28674978567694e-14,1.37673099771072e-14,8.99812120342865e-16
HPRE,21,1.17468162945357,1.17462400098859
BIASED,21,1.13186499649893,1.16854902351682,1.16869881270869,1.13171517349401
HCAP,21,1.1405119053971,1.14036213649808
CORECAP,21,1.12713371742342e-06,1.2000036365656,1.20000247876729,9.89910470946e-07
......9......8......7......6......5......4......3......2..HADC,21,1.14326454905844,1.14311690789949
DEADLINE,21,-0.00173640553533072,1.19761188949337
RESULT,21,1.175,0,-1,1.19e-09,5.59749999999999e-10
......9......8......7......6......5......4......3......2...RESET,21,1.24497766021271e-07,9.86927964416292e-06,9.21232850080636e-06,1.24491417178468e-07,1.1999836362204,6.77489583244462e-06
ENERGY,21,8,0,0,0
ENERGY,21,7,3.41935395595059e-16,1.05968037069687e-15,7.17744975101516e-16
ENERGY,21,6,1.18691662110338e-15,2.78770971293224e-15,1.60079309182877e-15
ENERGY,21,5,1.59329063285883e-14,1.59363742215945e-14,3.46789300611424e-18
ENERGY,21,4,1.36463756593681e-14,1.36491117523867e-14,2.73609301892142e-18
ENERGY,21,3,4.89291389628512e-16,5.05679416458495e-16,1.63880268290724e-17
ENERGY,21,2,1.72733352418895e-14,1.80858512744639e-14,8.12516032575434e-16
ENERGY,21,1,1.19623308335727e-14,1.30267251033893e-14,1.06439426981526e-15
ENERGY,21,0,1.21031116570995e-14,1.31680508586094e-14,1.06493920150853e-15
HPRE,22,1.15291611519126,1.19684899269681
BIASED,22,1.11144895822923,1.19028507832987,1.14828281021779,1.1534513281389
......9......8......7......6......5......4......3......2....HCAP,22,1.12257527934717,1.15960386292203
CORECAP,22,1.0186326857797e-06,1.20007541800104,4.78741201144224e-05,1.19999911696144
HADC,22,1.12305259367318,1.16463082510347
DEADLINE,22,1.19966994226623,8.86523835422498e-05
......9......8......7......6......5......4......3......2.....RESULT,22,1.175,-0.044,1,0,1.19e-09
......9......8......7......6......5......4......3......2......RESET,22,1.20498572458457e-07,1.15943167836207e-07,1.15900967877856e-07,1.24885115971362e-07,1.20000014059387,3.97532717065238e-07
ENERGY,22,8,0,0,0
ENERGY,22,7,2.86687709735095e-16,9.18356156443231e-16,6.31668446708087e-16
ENERGY,22,6,1.18599187150774e-15,2.78852112590571e-15,1.60252925439799e-15
ENERGY,22,5,6.58249848499168e-15,6.58350617327977e-15,1.00768828744925e-18
ENERGY,22,4,3.35399706156838e-15,4.65099003004669e-15,1.2969929684771e-15
ENERGY,22,3,4.6398665623065e-16,4.76027966571732e-16,1.20413103421178e-17
ENERGY,22,2,2.35655431225342e-15,3.12449035267245e-15,7.67936040422017e-16
ENERGY,22,1,1.31987854834718e-14,1.41143883184191e-14,9.15602834950641e-16
ENERGY,22,0,1.1202081608505e-14,1.21267441064953e-14,9.24662497993757e-16
HPRE,23,1.15688095750086,1.1928841777926
BIASED,23,1.11519172522,1.18654246601723,1.1520256309461,1.14970864570754
......9......8......7......6......5......4......3......2......1HCAP,23,1.12383146457055,1.15833743839283
CORECAP,23,9.09110707207925e-07,1.20000099744454,1.20000399839236,1.8071001667475e-06
HADC,23,1.12680703115493,1.16087538396276
DEADLINE,23,-0.00173647582092193,1.19761185524311
RESULT,23,1.175,-0.036,-1,1.19e-09,6.09750000000003e-10
......9......8......7......6......5......4......3......2......1..RESET,23,1.20439595516247e-07,9.87901859396074e-06,9.21281812009423e-06,1.24926431833963e-07,1.19998363621754,6.77489624247208e-06
ENERGY,23,8,0,0,0
ENERGY,23,7,3.42138323025271e-16,1.05990002964706e-15,7.17761706621864e-16
ENERGY,23,6,1.18229629309751e-15,2.78409524994938e-15,1.60179895685171e-15
ENERGY,23,5,4.93873638116019e-15,5.16437677837098e-15,2.25640397209138e-16
ENERGY,23,4,4.96122388418931e-15,4.96313193722422e-15,1.90805303425765e-18
ENERGY,23,3,4.63968917850642e-16,4.80467519264585e-16,1.64986014123887e-17
ENERGY,23,2,1.71340521645234e-14,1.81146412743229e-14,9.8058910980279e-16
ENERGY,23,1,1.43600213748025e-14,1.5275677241574e-14,9.15655866775337e-16
ENERGY,23,0,1.17798574774961e-14,1.26959843025811e-14,9.16126825083521e-16
HPRE,24,1.19283131982169,1.15693380698996
BIASED,24,1.14957110663908,1.15216314583323,1.18640482236185,1.11532928418555
HCAP,24,1.15820063249062,1.12396965475134
CORECAP,24,1.76938830651514e-06,1.20000377206623,1.19999932219078,1.00909257864489e-06
......9......8......7......6......5......4......3......2......1...HADC,24,1.16073927333509,1.12694313296852
DEADLINE,24,-0.00173649307663875,1.19761186089899
RESULT,24,1.175,0.036,-1,1.18999999999999e-09,6.02999999999982e-10
......9......8......7......6......5......4......3......2......1....RESET,24,1.24913191622573e-07,9.86661109853084e-06,9.20942015461396e-06,1.20457100864744e-07,1.19998363621937,6.77490089158499e-06
ENERGY,24,8,0,0,0
ENERGY,24,7,3.42141846460978e-16,1.05809928658612e-15,7.15957440125086e-16
ENERGY,24,6,1.18227635929211e-15,2.78423670305766e-15,1.60196034376577e-15
ENERGY,24,5,2.54063154723494e-15,4.6938700535944e-15,2.15323850635653e-15
ENERGY,24,4,7.37050738459366e-15,7.37218542132184e-15,1.67803672681812e-18
ENERGY,24,3,4.63971680054069e-16,4.80469767059212e-16,1.64980870048215e-17
ENERGY,24,2,1.73103031993632e-14,1.81426405068262e-14,8.32337307463107e-16
ENERGY,24,1,1.15778670299729e-14,1.24934673299795e-14,9.15600300007097e-16
ENERGY,24,0,1.43444332723949e-14,1.52604314566518e-14,9.15998184260605e-16
HPRE,25,1.19687278194395,1.15289233997205
......9......8......7......6......5......4......3......2......1.....BIASED,25,1.15351326291428,1.1482209739027,1.19034704838188,1.1113870742057
HCAP,25,1.15966565536606,1.12251331228294
CORECAP,25,1.19999912006131,1.61526519121004e-06,1.200000137537,1.02545017222449e-06
HADC,25,1.16469148103505,1.12299107780298
DEADLINE,25,1.19967080017312,8.92717231322349e-05
......9......8......7......6......5......4......3......2......1......RESULT,25,1.175,0.044,1,0,1.19e-09
......9......8......7......6......5......4......3......2......1......0RESET,25,1.24842999945442e-07,6.83156891989094e-06,6.44928512848341e-06,1.20492214081165e-07,1.20000014066985,3.97553039968985e-07
ENERGY,25,8,0,0,0
ENERGY,25,7,2.86728124685096e-16,9.18395416695212e-16,6.31667292010299e-16
ENERGY,25,6,1.18215520845945e-15,2.78469312195669e-15,1.60253791349735e-15
ENERGY,25,5,4.43830778499318e-15,4.6578063514843e-15,2.19498566491678e-16
ENERGY,25,4,5.48029678050467e-15,5.48226241842548e-15,1.96563792167604e-18
ENERGY,25,3,4.63987443158177e-16,4.76031173459964e-16,1.20437303046691e-17
ENERGY,25,2,2.11661765178961e-15,2.91211751155875e-15,7.9549985977046e-16
ENERGY,25,1,1.14028088306532e-14,1.23210087796135e-14,9.18199948958472e-16
ENERGY,25,0,1.31870528276314e-14,1.41027571155482e-14,9.15704287918366e-16
spectre completes with 0 errors, 9 warnings, and 8 notices.
