// Extracted original meter records; not a full Spectre log.
BIASED,0,0.58158320085259,0.618416803066134,0.618416803066134,0.58158320085259
CORECAP,0,3.43109514466641e-05,1.19998745567948,1.19998749039423,3.4431840505874e-05
DEADLINE,0,-0.00175601898248582,1.19761718274391
RESULT,0,0.6,0,-1,1.18975e-09,5.7075e-10
.RESET,0,1.37249126776111e-07,1.0609474123582e-05,9.24606625259623e-06,1.37277897688905e-07,1.19998363641551,7.23582897027883e-06
ENERGY,0,8,0,0,0
ENERGY,0,7,3.31979121947798e-16,1.05900056192704e-15,7.2702143997924e-16
ENERGY,0,6,1.15762336577989e-15,2.9072630539734e-15,1.74963968819352e-15
ENERGY,0,5,1.14202521420337e-20,3.96511331460787e-16,3.96499911208646e-16
ENERGY,0,4,1.18567831764136e-20,3.96512303732463e-16,3.96500446949286e-16
ENERGY,0,3,5.52504110478869e-15,5.52504110478869e-15,0
ENERGY,0,2,1.72493954850422e-14,1.80865691425103e-14,8.37173657468313e-16
ENERGY,0,1,1.18567221839089e-14,1.27166642090675e-14,8.59942025158554e-16
ENERGY,0,0,1.19914397095208e-14,1.28512793425785e-14,8.59839633057788e-16
BIASED,1,5.1283266496434e-08,0.0368336525895885,0.0368336525890215,5.12825107652869e-08
CORECAP,1,-1.14253571467459e-09,1.20000110982765,1.20000331794695,9.68607489040573e-08
DEADLINE,1,-0.00178833856414848,1.19760806022637
RESULT,1,0,0,-1,1.19e-09,5.935e-10
..RESET,1,1.41095202179837e-07,1.06430984195293e-05,9.25767407018874e-06,1.41045213108287e-07,1.1999836364143,7.40727030001946e-06
ENERGY,1,8,0,0,0
ENERGY,1,7,3.40819415135968e-16,1.05856742602712e-15,7.1774801089111e-16
ENERGY,1,6,1.12269309081382e-15,2.86309517791203e-15,1.74040208709818e-15
ENERGY,1,5,-2.19976851689493e-16,4.46182279510847e-20,2.20021469917447e-16
ENERGY,1,4,-2.19976921980003e-16,4.46182307966046e-20,2.20021540210798e-16
ENERGY,1,3,1.09755908219479e-14,1.09755908219479e-14,0
ENERGY,1,2,1.73181219534343e-14,1.81224013995452e-14,8.04279446111173e-16
ENERGY,1,1,1.31758087318718e-14,1.40326842642078e-14,8.56875532335799e-16
ENERGY,1,0,1.33099732266385e-14,1.41680780310936e-14,8.58104804454988e-16
BIASED,2,0.00484657623935046,0.0416801762832387,0.0416801762949012,0.00484657625064211
CORECAP,2,-7.36912448679274e-08,1.20000478813574,1.20000509197004,6.96736941926199e-08
DEADLINE,2,-0.00178863479450864,1.1976078390944
RESULT,2,0.005,0,-1,1.18975e-09,5.925e-10
...RESET,2,1.41083520044147e-07,1.06428802199378e-05,9.25764501214171e-06,1.41035239223482e-07,1.1999836364132,7.40727540951505e-06
ENERGY,2,8,0,0,0
ENERGY,2,7,3.40859076152635e-16,1.05871814804345e-15,7.17859071890791e-16
ENERGY,2,6,1.12335682318292e-15,2.8643645415957e-15,1.74100771841285e-15
ENERGY,2,5,-2.25705162396836e-17,2.70692212333589e-18,2.52774383630125e-17
ENERGY,2,4,-2.25705159830205e-17,2.70692100906108e-18,2.52774369920781e-17
ENERGY,2,3,1.1004662054552e-14,1.1004662054552e-14,0
ENERGY,2,2,1.73146810229504e-14,1.81187000336898e-14,8.04019010739514e-16
ENERGY,2,1,1.25188386456744e-14,1.33808564834326e-14,8.62017837758283e-16
ENERGY,2,0,1.26529315320735e-14,1.35161106181268e-14,8.63179086053089e-16
BIASED,3,0.00969310254527782,0.0465267026221711,0.0465267026337545,0.00969310255646655
CORECAP,3,-6.08902590308206e-08,1.20000121012404,1.20000472736484,-5.71612003325025e-08
DEADLINE,3,-0.0017886416854083,1.19760764454359
RESULT,3,0.01,0,-1,1.19e-09,5.91499999999999e-10
RESET,3,1.41041609086958e-07,1.06428368539091e-05,9.2576028278857e-06,1.40996698477539e-07,1.19998363641172,7.40728243620883e-06
ENERGY,3,8,0,0,0
ENERGY,3,7,3.40516873964956e-16,1.05840073560188e-15,7.17883861636855e-16
ENERGY,3,6,1.12167719493896e-15,2.8638970455906e-15,1.74221985065162e-15
ENERGY,3,5,-4.49730721104983e-17,5.4369156405736e-18,5.04099877510733e-17
ENERGY,3,4,-4.49730733633364e-17,5.43691319050317e-18,5.04099865538349e-17
ENERGY,3,3,1.09586200135644e-14,1.09586200135644e-14,0
ENERGY,3,2,1.73189077332901e-14,1.81228095345191e-14,8.03901801228705e-16
ENERGY,3,1,1.24855354346345e-14,1.33472300333522e-14,8.61694598717983e-16
ENERGY,3,0,1.2619836571945e-14,1.34826822714207e-14,8.62845699476137e-16
....BIASED,4,0.0116317148031557,0.0484653136361261,0.0484653136713476,0.011631713581534
CORECAP,4,-1.25310309883065e-07,1.20000191385911,1.20000006210894,-1.35161050675518e-07
DEADLINE,4,-0.00178866000330748,1.19760756891895
RESULT,4,0.012,0,-1,1.19e-09,5.91e-10
RESET,4,1.4103731270731e-07,1.06426746307232e-05,9.25759783945503e-06,1.40992596227236e-07,1.19998363641038,7.40728334467161e-06
ENERGY,4,8,0,0,0
ENERGY,4,7,3.41009249085895e-16,1.05878413904603e-15,7.17774889960107e-16
ENERGY,4,6,1.12244090870846e-15,2.86414101497911e-15,1.7417001062706e-15
ENERGY,4,5,-5.40147367266618e-17,6.53519334136964e-18,6.05499300680357e-17
ENERGY,4,4,-5.40147366071468e-17,6.53519014981522e-18,6.05499267569562e-17
ENERGY,4,3,1.09398291236231e-14,1.09398291236231e-14,0
ENERGY,4,2,1.73186958758481e-14,1.81228586594976e-14,8.04162783648534e-16
ENERGY,4,1,1.2474924013314e-14,1.33335525082317e-14,8.58628494917741e-16
ENERGY,4,0,1.26093068914767e-14,1.34690940479418e-14,8.5978715646439e-16
BIASED,5,0.0145396293652774,0.0513732294742038,0.0513732294913813,0.0145396293814737
.....CORECAP,5,-6.62720006704578e-08,1.19999953822269,1.20000608725484,1.41400773499034e-07
DEADLINE,5,-0.00178866440484247,1.19760744962896
RESULT,5,0.015,0,-1,1.19e-09,5.90500000000001e-10
RESET,5,1.41030340188311e-07,1.06426343062184e-05,9.2575903804244e-06,1.40986289542599e-07,1.19998363641033,7.40728357081059e-06
ENERGY,5,8,0,0,0
ENERGY,5,7,3.41043196667746e-16,1.05877157851965e-15,7.17728381851952e-16
ENERGY,5,6,1.12211483480008e-15,2.86544108403411e-15,1.74332624923419e-15
ENERGY,5,5,-6.71264644794849e-17,8.18914239648887e-18,7.53156068759731e-17
ENERGY,5,4,-6.71264640799536e-17,8.1891385186831e-18,7.53156025986362e-17
ENERGY,5,3,1.0912328869517e-14,1.0912328869517e-14,0
ENERGY,5,2,1.73184443569422e-14,1.81226133550675e-14,8.04168998125281e-16
ENERGY,5,1,1.24534865267856e-14,1.33138905937584e-14,8.60404066974089e-16
ENERGY,5,0,1.25877167294427e-14,1.34492243467226e-14,8.6150761727953e-16
BIASED,6,0.0193861556274598,0.0562197557685659,0.0562197558099402,0.0193861556672513
CORECAP,6,1.41768808449693e-07,1.19999958610238,1.2000034153981,1.41367339713993e-07
......DEADLINE,6,-0.00178865581994953,1.19760732642362
RESULT,6,0.02,0,-1,1.19e-09,5.89499999999997e-10
RESET,6,1.41020299393521e-07,1.06427117387024e-05,9.25760185455792e-06,1.40975024889157e-07,1.19998363641023,7.40728401902491e-06
ENERGY,6,8,0,0,0
ENERGY,6,7,3.40977761986081e-16,1.05879935649919e-15,7.17821594513065e-16
ENERGY,6,6,1.12212889407413e-15,2.86592158114485e-15,1.7437926870707e-15
ENERGY,6,5,-8.86269715886011e-17,1.09628623871576e-17,9.95898339757539e-17
ENERGY,6,4,-8.86269938623267e-17,1.0962856756668e-17,9.95898506189988e-17
ENERGY,6,3,1.08665362990838e-14,1.08665362990838e-14,0
ENERGY,6,2,1.73184932838543e-14,1.8122868939032e-14,8.04375655178403e-16
ENERGY,6,1,1.24190106235673e-14,1.32814412837102e-14,8.62430660142447e-16
ENERGY,6,0,1.25532438577945e-14,1.34168137531652e-14,8.63569895370739e-16
BIASED,7,0.00193866096560188,0.0736672507133622,0.0387722610204367,0.036833650488043
CORECAP,7,1.44420914483895e-08,1.20000275313295,1.19999891673782,2.15474842811343e-07
DEADLINE,7,-0.00178863177416986,1.19760731091355
RESULT,7,0.02,-0.036,-1,1.19e-09,6.53999999999997e-10
......9RESET,7,1.40985748011782e-07,1.06404303648681e-05,9.26105303969254e-06,1.41013011829315e-07,1.19998363640999,7.40728389243419e-06
ENERGY,7,8,0,0,0
ENERGY,7,7,3.40725010266708e-16,1.05828253997803e-15,7.17557529711281e-16
ENERGY,7,6,1.12193606288963e-15,2.86314933369112e-15,1.74121327080161e-15
ENERGY,7,5,-1.62053494561866e-16,2.11357253384603e-17,1.83189219900305e-16
ENERGY,7,4,-1.02384137418018e-17,1.09161525240166e-18,1.13300289942206e-17
ENERGY,7,3,1.08659126573584e-14,1.08659126573584e-14,0
ENERGY,7,2,1.73429628726138e-14,1.8146233994939e-14,8.03271122327496e-16
ENERGY,7,1,1.45472254228256e-14,1.54048948629005e-14,8.57669440075117e-16
ENERGY,7,0,1.20605840075427e-14,1.29194049020788e-14,8.58820894536282e-16
BIASED,8,0.0368336504875447,0.0387722610239357,0.0736672506980803,0.00193866097041725
CORECAP,8,2.23740660173686e-07,1.2000030958069,1.20000021619394,1.50347695063404e-08
DEADLINE,8,-0.00178871690869957,1.19760745433377
RESULT,8,0.02,0.036,-1,1.19e-09,6.52499999999999e-10
......9.RESET,8,1.41055658972743e-07,1.06409359083933e-05,9.25592730608898e-06,1.40936763530072e-07,1.19998363641,7.40728488220651e-06
ENERGY,8,8,0,0,0
ENERGY,8,7,3.40914612164481e-16,1.05674040591847e-15,7.15825793753991e-16
ENERGY,8,6,1.1219372190794e-15,2.86311827856294e-15,1.74118105948363e-15
ENERGY,8,5,-1.16475866736691e-17,1.09161615516589e-18,1.27392028288233e-17
ENERGY,8,4,-1.6057646774882e-16,2.16408917597408e-17,1.8221735950855e-16
ENERGY,8,3,1.08659127789645e-14,1.08659127789645e-14,0
ENERGY,8,2,1.73106019030261e-14,1.81484184387964e-14,8.37816535771184e-16
ENERGY,8,1,1.19266276521594e-14,1.27843025151245e-14,8.57674862965237e-16
ENERGY,8,0,1.4664047434545e-14,1.55228613933558e-14,8.58813958812822e-16
BIASED,9,0.0213247662006364,0.0581583663491727,0.0581583664131436,0.0213247662554694
CORECAP,9,-8.22831452222013e-08,1.20000186581823,1.20000008669353,-7.08521597563059e-08
DEADLINE,9,-0.00178864069605363,1.19760724860948
RESULT,9,0.022,0,-1,1.19e-09,5.8925e-10
......9..RESET,9,1.41018097167988e-07,9.98847307436747e-06,1.02279596383691e-05,1.41014172902769e-07,1.19998363640792,7.40729832250352e-06
ENERGY,9,8,0,0,0
ENERGY,9,7,3.40934583726809e-16,1.05891163219514e-15,7.17977048468271e-16
ENERGY,9,6,1.12012296190251e-15,2.86588492006329e-15,1.74576195816077e-15
ENERGY,9,5,-9.61211215440568e-17,1.22160985472346e-17,1.08337220091273e-16
ENERGY,9,4,-9.90537556298321e-17,1.20779235388906e-17,1.11131679168702e-16
ENERGY,9,3,1.08477454455707e-14,1.08477454455707e-14,0
ENERGY,9,2,1.73195578208631e-14,1.81233897800598e-14,8.03831959197661e-16
ENERGY,9,1,1.24101027717095e-14,1.32694965387557e-14,8.59393767046674e-16
ENERGY,9,0,1.25443467652142e-14,1.34048603686362e-14,8.60513603420725e-16
BIASED,10,5.03946870047563e-08,0.0794830822976652,0.0368336503612205,0.042649481965068
CORECAP,10,6.12673391432217e-08,1.20008372413717,5.05952072518272e-05,1.2000001837573
DEADLINE,10,1.1996692988956,8.84646712809532e-05
RESULT,10,0.022,-0.044,1,0,1.19e-09
......9...RESET,10,6.86217186004904e-08,7.1807534925526e-07,1.34150490938395e-07,1.4102967937076e-07,1.20000140998584,1.03069929990299e-06
ENERGY,10,8,0,0,0
ENERGY,10,7,2.8584555641128e-16,9.17856840021807e-16,6.32011283610295e-16
ENERGY,10,6,1.11818928654314e-15,2.8604061932067e-15,1.74221690666366e-15
ENERGY,10,5,-1.85318450105566e-16,2.47603224609875e-17,2.10078772566549e-16
ENERGY,10,4,-1.26815467183096e-18,7.33808635997587e-22,1.26888848046942e-18
ENERGY,10,3,1.08474957424663e-14,1.08474957424663e-14,0
ENERGY,10,2,2.36015572377358e-15,3.09099680635391e-15,7.30841082578629e-16
ENERGY,10,1,1.3205876240237e-14,1.40622709292231e-14,8.56394688987074e-16
ENERGY,10,0,1.15511807502868e-14,1.24260463646245e-14,8.74865614338429e-16
BIASED,11,0.00387727148042738,0.0756058612472395,0.0407108715360797,0.038772260991133
CORECAP,11,1.19745791295581e-08,1.20000055760694,1.19999861637734,8.34059770178391e-08
DEADLINE,11,-0.00178862854910162,1.19760730598073
RESULT,11,0.022,-0.036,-1,1.19e-09,6.565e-10
RESET,11,1.40984022085843e-07,9.99056617348525e-06,1.02285096452938e-05,1.41052325674037e-07,1.19998363640808,7.40729915507841e-06
ENERGY,11,8,0,0,0
ENERGY,11,7,3.41858382539951e-16,1.05932661143293e-15,7.17468228893009e-16
ENERGY,11,6,1.11822634606767e-15,2.86144289832726e-15,1.74321655225939e-15
ENERGY,11,5,-1.72356831047403e-16,2.20357523988837e-17,1.94392583446298e-16
ENERGY,11,4,-1.80918918413565e-17,2.18674065733811e-18,2.02786324986805e-17
ENERGY,11,3,1.08474959358762e-14,1.08474959358762e-14,0
ENERGY,11,2,1.71287197620212e-14,1.81152873904524e-14,9.86567628430363e-16
ENERGY,11,1,1.45859228428351e-14,1.5443935592535e-14,8.58012749701822e-16
ENERGY,11,0,1.21221921126541e-14,1.29813585796766e-14,8.59166467023562e-16
BIASED,12,0.0387722609432146,0.0407108714801035,0.075605861141416,0.003877271376585
......9....CORECAP,12,8.24243931524267e-08,1.20000316399631,1.19999910734699,-1.52341055048598e-07
DEADLINE,12,-0.00178872224352635,1.19760737500124
RESULT,12,0.022,0.036,-1,1.18999999999999e-09,6.51749999999998e-10
RESET,12,1.41057111074404e-07,9.99070540387182e-06,1.02237858352454e-05,1.40967128042761e-07,1.19998363640783,7.40729997339678e-06
ENERGY,12,8,0,0,0
ENERGY,12,7,3.41866403297488e-16,1.05745495462935e-15,7.15588551331834e-16
ENERGY,12,6,1.11821754786849e-15,2.86143827018326e-15,1.74322072231466e-15
ENERGY,12,5,-2.08875910926777e-17,2.18674868722751e-18,2.30743397799185e-17
ENERGY,12,4,-1.6846425065379e-16,2.28412212336645e-17,1.91305471887457e-16
ENERGY,12,3,1.08474958695021e-14,1.08474958695021e-14,0
ENERGY,12,2,1.73099472506906e-14,1.81479452915511e-14,8.37998040859043e-16
ENERGY,12,1,1.19168197730698e-14,1.27748374979331e-14,8.58017724863213e-16
ENERGY,12,0,1.46423807118264e-14,1.55015499573329e-14,8.59169245508258e-16
BIASED,13,0.042649483359587,0.0368336504411507,0.0794830818430242,4.99334633304926e-08
CORECAP,13,1.19999960916497,9.29729537387355e-08,1.20000288445965,1.35099641779106e-07
......9.....DEADLINE,13,1.19967048735321,8.91693040917764e-05
RESULT,13,0.022,0.044,1,0,1.19e-09
RESET,13,1.41055726489663e-07,6.25208994736184e-06,7.43992864641457e-06,7.67074620160585e-08,1.20000141074206,1.13690339982787e-06
ENERGY,13,8,0,0,0
ENERGY,13,7,2.86470457711806e-16,9.18038846538867e-16,6.31568388827055e-16
ENERGY,13,6,1.11821713323539e-15,2.86046985507322e-15,1.74225272183776e-15
ENERGY,13,5,-1.91852615887188e-19,6.19297102536502e-23,1.91914545595371e-19
ENERGY,13,4,-1.87252049408107e-16,2.4297432423389e-17,2.11549481831486e-16
ENERGY,13,3,1.08474956541665e-14,1.08474956541665e-14,0
ENERGY,13,2,2.11998093509012e-15,2.88005994687793e-15,7.60079011788582e-16
ENERGY,13,1,1.17503456532324e-14,1.26115778262174e-14,8.61232172983692e-16
ENERGY,13,0,1.32139062008038e-14,1.40719979329172e-14,8.58091732114548e-16
BIASED,14,0.0242326817574168,0.0610662819608903,0.0610662816784529,0.0242326815087839
CORECAP,14,1.00401319944893e-07,1.19999954065178,1.2000003323582,-1.28389100099055e-07
DEADLINE,14,-0.00178866329847551,1.19760712707478
......9......RESULT,14,0.025,0,-1,1.19e-09,5.90249999999994e-10
RESET,14,1.41051696246708e-07,9.98843168566076e-06,1.02278918538132e-05,1.41007935277295e-07,1.19998363640768,7.40729929715935e-06
ENERGY,14,8,0,0,0
ENERGY,14,7,3.41853996292607e-16,1.05916801824662e-15,7.17314021954125e-16
ENERGY,14,6,1.11822048737628e-15,2.86425668581177e-15,1.74603619843529e-15
ENERGY,14,5,-1.08425744848944e-16,1.40031749783324e-17,1.22428919827283e-16
ENERGY,14,4,-1.1218963869498e-16,1.37569394686342e-17,1.2594657816362e-16
ENERGY,14,3,1.08202449249066e-14,1.08202449249066e-14,0
ENERGY,14,2,1.72761488945401e-14,1.8083947866677e-14,8.0779897213614e-16
ENERGY,14,1,1.23913886691727e-14,1.32521149817526e-14,8.60726312580076e-16
ENERGY,14,0,1.25257112151868e-14,1.3387558410553e-14,8.618471953671e-16
BIASED,15,0.00290796607670099,0.0823909980206573,0.0397415661616492,0.0455573977685049
CORECAP,15,6.35679260634988e-08,1.20008277728117,4.99996493855903e-05,1.20000020875092
DEADLINE,15,1.19966930348307,8.84649081898113e-05
RESULT,15,0.025,-0.044,1,0,1.19e-09
......9......8RESET,15,6.83373878052201e-08,-3.70127116680781e-07,1.08514473888555e-06,1.40979091552958e-07,1.20000141003056,1.13663896311877e-06
ENERGY,15,8,0,0,0
ENERGY,15,7,2.86429648426795e-16,9.18021078665415e-16,6.31591430238263e-16
ENERGY,15,6,1.11832405341409e-15,2.86085448078095e-15,1.74253042736679e-15
ENERGY,15,5,-1.96922849482209e-16,2.65185779341886e-17,2.2344142741642e-16
ENERGY,15,4,-1.51250787494969e-17,1.63962108573474e-18,1.67646998352399e-17
ENERGY,15,3,1.08198705389211e-14,1.08198705389211e-14,0
ENERGY,15,2,2.35996430134515e-15,3.09018432463775e-15,7.30220023290849e-16
ENERGY,15,1,1.31746683478764e-14,1.40323070005172e-14,8.57638652639109e-16
ENERGY,15,0,1.1535658268343e-14,1.24118299176341e-14,8.76171649291458e-16
BIASED,16,0.00678518840063405,0.0785137769573816,0.0436187873345291,0.041680176791021
CORECAP,16,1.37476767051432e-07,1.20000037806011,1.19999871631675,1.64217919804396e-08
DEADLINE,16,-0.00178863052357597,1.19760718758647
RESULT,16,0.025,-0.036,-1,1.19e-09,6.55749999999996e-10
......9......8.RESET,16,1.40961533220986e-07,9.99065718557364e-06,1.02284896981844e-05,1.41046212223649e-07,1.19998363640803,7.40729938116124e-06
ENERGY,16,8,0,0,0
ENERGY,16,7,3.41857310886951e-16,1.05934638233695e-15,7.17489071450008e-16
ENERGY,16,6,1.11845344504288e-15,2.86198664211236e-15,1.74353319706947e-15
ENERGY,16,5,-1.84279020449678e-16,2.3742311872058e-17,2.08021332321757e-16
ENERGY,16,4,-3.16306023916444e-17,3.83591681702003e-18,3.54665192086849e-17
ENERGY,16,3,1.08198709713076e-14,1.08198709713076e-14,0
ENERGY,16,2,1.71288359114145e-14,1.81155195043295e-14,9.86683592913022e-16
ENERGY,16,1,1.45517955319058e-14,1.54117630502561e-14,8.59967518349072e-16
ENERGY,16,0,1.21054010177195e-14,1.29665295117394e-14,8.61128494021404e-16
BIASED,17,0.0416801767443591,0.0436187872822267,0.078513776960831,0.00678518715891615
CORECAP,17,2.11766932277263e-07,1.20000017552772,1.19999918897538,1.39694296743358e-07
DEADLINE,17,-0.00178872403469748,1.19760725700886
RESULT,17,0.025,0.036,-1,1.18999999999999e-09,6.50999999999997e-10
......9......8..RESET,17,1.41053145568103e-07,9.99065916783688e-06,1.02234286598942e-05,1.40952621113135e-07,1.19998363640928,7.40729318966628e-06
ENERGY,17,8,0,0,0
ENERGY,17,7,3.41858263648154e-16,1.05750549088305e-15,7.15647227234948e-16
ENERGY,17,6,1.11844627412333e-15,2.86197061947586e-15,1.7435243453526e-15
ENERGY,17,5,-3.46324279471136e-17,3.83593091857579e-18,3.84683588657185e-17
ENERGY,17,4,-1.80180399131806e-16,2.46479478528453e-17,2.04828346984634e-16
ENERGY,17,3,1.0819870913491e-14,1.0819870913491e-14,0
ENERGY,17,2,1.73092123303168e-14,1.81474796897777e-14,8.38267359460117e-16
ENERGY,17,1,1.19000102662328e-14,1.27599926963402e-14,8.59982430108873e-16
ENERGY,17,0,1.46081955302659e-14,1.54693139397666e-14,8.61118409501094e-16
BIASED,18,0.0455573991681915,0.0397415662413611,0.0823909976640478,0.00290796571319429
CORECAP,18,1.20000018826723,-1.09898109857015e-07,1.2000018632374,-1.70528486175005e-07
DEADLINE,18,1.19967049970896,8.91847637358659e-05
RESULT,18,0.025,0.044,1,0,1.19e-09
RESET,18,1.41049514447124e-07,6.25210816217052e-06,7.43991997507409e-06,7.64336207487749e-08,1.20000141074156,1.1369031493274e-06
ENERGY,18,8,0,0,0
ENERGY,18,7,2.86762997037693e-16,9.18331516586562e-16,6.31568519548823e-16
ENERGY,18,6,1.11844148977685e-15,2.86104574514702e-15,1.74260425537049e-15
ENERGY,18,5,-1.39560036742294e-17,1.63962082802108e-18,1.55956245022016e-17
ENERGY,18,4,-1.98948865256717e-16,2.6012788519209e-17,2.24961653775916e-16
ENERGY,18,3,1.081987069451e-14,1.081987069451e-14,0
ENERGY,18,2,2.11591947649668e-15,2.87922101558836e-15,7.63301539092968e-16
ENERGY,18,1,1.17341243569292e-14,1.25973738261109e-14,8.63249469181335e-16
ENERGY,18,0,1.31817653357673e-14,1.40418284744383e-14,8.60063138673064e-16
......9......8...BIASED,19,0.0290792080861045,0.0659128083366852,0.0659128079836051,0.0290792077870691
CORECAP,19,-7.26838394165256e-08,1.19999960230744,1.20000005442894,-2.52024014877804e-07
DEADLINE,19,-0.00178837298416012,1.19760695068008
RESULT,19,0.03,0,-1,1.19e-09,5.8925e-10
RESET,19,1.41003436446485e-07,9.98834707764872e-06,1.02278268567982e-05,1.40997123257877e-07,1.19998363640904,7.40729341017758e-06
ENERGY,19,8,0,0,0
ENERGY,19,7,3.42139364619991e-16,1.05947373473081e-15,7.17334370110737e-16
ENERGY,19,6,1.1184494838658e-15,2.86496604272713e-15,1.74651655886111e-15
ENERGY,19,5,-1.28982589999495e-16,1.69392146719148e-17,1.45921804671388e-16
ENERGY,19,4,-1.33030043341011e-16,1.65711044090708e-17,1.49601147750049e-16
ENERGY,19,3,1.07744525265102e-14,1.07744525265102e-14,0
ENERGY,19,2,1.72724697396682e-14,1.80843127199011e-14,8.11842980232905e-16
ENERGY,19,1,1.23571595259401e-14,1.3221913490014e-14,8.64753964077589e-16
ENERGY,19,0,1.24914140595738e-14,1.33573056741685e-14,8.65891614594976e-16
BIASED,20,0.00775449247812937,0.0872375244895944,0.044588092499593,0.0504039241114053
......9......8....CORECAP,20,1.70175776986699e-08,1.20008226227777,4.96933449310234e-05,1.19999961047152
DEADLINE,20,1.19966930983895,8.84661831512188e-05
RESULT,20,0.03,-0.044,1,0,1.19e-09
RESET,20,6.51961002915845e-08,-3.69889650747677e-07,1.08520784279078e-06,1.40968757287571e-07,1.20000141003151,1.13663941016244e-06
ENERGY,20,8,0,0,0
ENERGY,20,7,2.8672389836252e-16,9.18318780669336e-16,6.31594882306635e-16
ENERGY,20,6,1.12112261383803e-15,2.86152761942749e-15,1.7404050055891e-15
ENERGY,20,5,-2.15956016443891e-16,2.94652438421805e-17,2.45421260286053e-16
ENERGY,20,4,-3.79129112265376e-17,4.38940748876097e-18,4.2302318715263e-17
ENERGY,20,3,1.07738289431516e-14,1.07738289431516e-14,0
ENERGY,20,2,2.35577618053323e-15,3.0898960657592e-15,7.34119885222988e-16
ENERGY,20,1,1.31235751084201e-14,1.39831978299691e-14,8.59622721553306e-16
ENERGY,20,0,1.15098568786958e-14,1.23879159133294e-14,8.78059034635005e-16
BIASED,21,0.0116317148067938,0.0833603034200449,0.0484653136747547,0.0465267031295419
CORECAP,21,-6.54161376567112e-08,1.20000132512849,1.19999818405277,1.78488320694196e-07
DEADLINE,21,-0.00178863109833159,1.19760698294188
......9......8.....RESULT,21,0.03,-0.036,-1,1.19e-09,6.54250000000001e-10
RESET,21,1.4098851376258e-07,9.990664398755e-06,1.02286062838418e-05,1.4102539797127e-07,1.19998363640941,7.40729281230818e-06
ENERGY,21,8,0,0,0
ENERGY,21,7,3.42140120843127e-16,1.05968243437123e-15,7.17542313528122e-16
ENERGY,21,6,1.12103620361641e-15,2.86246207235958e-15,1.74142586874325e-15
ENERGY,21,5,-2.03842638269886e-16,2.66012593061451e-17,2.3044389757604e-16
ENERGY,21,4,-5.38881810187903e-17,6.60140553506176e-18,6.04895865538051e-17
ENERGY,21,3,1.07738291020173e-14,1.07738291020173e-14,0
ENERGY,21,2,1.71250667875965e-14,1.81159389279703e-14,9.90872140373234e-16
ENERGY,21,1,1.44987899506365e-14,1.53588309355042e-14,8.60040984865859e-16
ENERGY,21,0,1.20805330701019e-14,1.29416674341857e-14,8.61134364083122e-16
BIASED,22,0.0465267029836952,0.0484653135232651,0.0833603028368684,0.0116317129715334
CORECAP,22,8.72323788670485e-08,1.20000366004255,1.19999937916254,1.3936730080713e-07
DEADLINE,22,-0.00178843430030804,1.19760709058627
RESULT,22,0.03,0.036,-1,1.19e-09,6.49499999999995e-10
......9......8......RESET,22,1.41043296432304e-07,9.99060735271015e-06,1.02233539620236e-05,1.40949521395261e-07,1.1999836364092,7.40729350200112e-06
ENERGY,22,8,0,0,0
ENERGY,22,7,3.42144346684014e-16,1.05782742217333e-15,7.15683075489164e-16
ENERGY,22,6,1.12002636140607e-15,2.86514936906993e-15,1.74512300766381e-15
ENERGY,22,5,-5.72334859085998e-17,6.60142596204515e-18,6.38349118706618e-17
ENERGY,22,4,-1.99400528956096e-16,2.76752011646355e-17,2.27075730120731e-16
ENERGY,22,3,1.0773829139001e-14,1.0773829139001e-14,0
ENERGY,22,2,1.73040934100671e-14,1.81468956115122e-14,8.42802201446704e-16
ENERGY,22,1,1.18754393627623e-14,1.27354452874719e-14,8.6000592470915e-16
ENERGY,22,0,1.455575267573e-14,1.5416895779828e-14,8.61143104101311e-16
BIASED,23,0.0504039255184486,0.0445880925775742,0.0872375244879055,0.00775449246924463
CORECAP,23,1.19999961020674,-9.78882478167761e-08,1.20000006591602,-2.27671331060413e-07
DEADLINE,23,1.19967050332558,8.91856129392964e-05
RESULT,23,0.03,0.044,1,0,1.19e-09
......9......8......7RESET,23,1.41028248549908e-07,6.25211979535167e-06,7.44097642141483e-06,7.37224095310853e-08,1.20000141074132,1.13690308514874e-06
ENERGY,23,8,0,0,0
ENERGY,23,7,2.86762922393557e-16,9.18331397517431e-16,6.31568475123749e-16
ENERGY,23,6,1.12003511732522e-15,2.86420358414237e-15,1.74416846681687e-15
ENERGY,23,5,-3.65892188108961e-17,4.38935836288404e-18,4.09785771737886e-17
ENERGY,23,4,-2.18136459180562e-16,2.88864215367954e-17,2.47022880717351e-16
ENERGY,23,3,1.07738291250573e-14,1.07738291250573e-14,0
ENERGY,23,2,2.11587558247029e-15,2.87785835811907e-15,7.61982775648584e-16
ENERGY,23,1,1.17106757595652e-14,1.25738778039873e-14,8.63202044427289e-16
ENERGY,23,0,1.31326892472634e-14,1.39927558285896e-14,8.60066581324604e-16
BIASED,24,0.0387722602876013,0.0756058605861755,0.0756058611241153,0.0387722608637599
CORECAP,24,-2.54017333110494e-07,1.19999955183784,1.20000037601671,1.81351270161738e-08
DEADLINE,24,-0.00178838520583117,1.19760649624598
RESULT,24,0.04,0,-1,1.18999999999999e-09,5.87499999999978e-10
......9......8......7.RESET,24,1.41018309553723e-07,9.98845026757719e-06,1.02268270011665e-05,1.40964819530292e-07,1.19998363640889,7.40729398499352e-06
ENERGY,24,8,0,0,0
ENERGY,24,7,3.42139404667463e-16,1.05951081076222e-15,7.17371406094798e-16
ENERGY,24,6,1.11620863883902e-15,2.86455711782473e-15,1.74834847898557e-15
ENERGY,24,5,-1.68774297885564e-16,2.29634489993887e-17,1.91737746884924e-16
ENERGY,24,4,-1.73341676467063e-16,2.22557703144058e-17,1.95597446781461e-16
ENERGY,24,3,1.06829921476002e-14,1.06829921476002e-14,0
ENERGY,24,2,1.72728746315744e-14,1.80850070943174e-14,8.12132462747892e-16
ENERGY,24,1,1.22952522366738e-14,1.31652204038272e-14,8.69968167148534e-16
ENERGY,24,0,1.24295764861689e-14,1.33006286024456e-14,8.71052116280641e-16
BIASED,25,0.0174475449992282,0.0969305771435384,0.0542811446949956,0.0600969763157542
CORECAP,25,1.3923302149115e-07,1.2000813273414,4.9620398414093e-05,1.19999961812721
DEADLINE,25,1.19966931989993,8.84674324235872e-05
RESULT,25,0.04,-0.044,1,0,1.19e-09
RESET,25,6.41362607834228e-08,-3.69738652891588e-07,1.08502387854362e-06,1.40949939854027e-07,1.20000141003173,1.13663950065597e-06
ENERGY,25,8,0,0,0
ENERGY,25,7,2.8672384122966e-16,9.18317613016386e-16,6.31593771786169e-16
ENERGY,25,6,1.1163345324736e-15,2.86131108437279e-15,1.74497655189974e-15
ENERGY,25,5,-2.52872150977108e-16,3.54142115083505e-17,2.88286362485435e-16
ENERGY,25,4,-8.23374403843789e-17,9.94988937110679e-18,9.22873297554632e-17
ENERGY,25,3,1.06817450624103e-14,1.06817450624103e-14,0
ENERGY,25,2,2.35529907025219e-15,3.08820101726677e-15,7.32901947017614e-16
ENERGY,25,1,1.30336388222227e-14,1.38933004430724e-14,8.59661620853917e-16
ENERGY,25,0,1.1467154489863e-14,1.23450748070948e-14,8.77920317230253e-16
......9......8......7..BIASED,26,0.0213247669269345,0.0930533556300341,0.0581583663611772,0.0562197558135286
CORECAP,26,5.63037178594388e-08,1.19999912561621,1.19999991798412,1.6645479361939e-07
DEADLINE,26,-0.00178834943046738,1.19760681166341
RESULT,26,0.04,-0.036,-1,1.18999999999999e-09,6.51499999999998e-10
RESET,26,1.40930447770837e-07,9.9906235855842e-06,1.02284702498453e-05,1.41001963008371e-07,1.19998363640931,7.40729342805772e-06
ENERGY,26,8,0,0,0
ENERGY,26,7,3.4214063913866e-16,1.05976625762293e-15,7.17625618484113e-16
ENERGY,26,6,1.11621926725752e-15,2.86219488723956e-15,1.74597561998155e-15
ENERGY,26,5,-2.418189136019e-16,3.23718831495561e-17,2.7419079675144e-16
ENERGY,26,4,-9.72522614948655e-17,1.21926599856579e-17,1.09444921480562e-16
ENERGY,26,3,1.06817452281686e-14,1.06817452281686e-14,0
ENERGY,26,2,1.71257961871315e-14,1.8116901084417e-14,9.91104897286982e-16
ENERGY,26,1,1.44019760646226e-14,1.52620088517025e-14,8.60032787081746e-16
ENERGY,26,0,1.20359760789421e-14,1.28970954876135e-14,8.61119408672828e-16
BIASED,27,0.0562197557722656,0.0581583663150211,0.093053355568555,0.0213247655850884
......9......8......7...CORECAP,27,-1.63156206572788e-07,1.20000404300773,1.19999868747924,9.09436331436718e-08
DEADLINE,27,-0.00178840995815947,1.19760664299228
RESULT,27,0.04,0.036,-1,1.18999999999999e-09,6.46749999999986e-10
RESET,27,1.41051187478718e-07,9.9904621069076e-06,1.02240148686514e-05,1.40915027909955e-07,1.19998363640854,7.40729653812423e-06
ENERGY,27,8,0,0,0
ENERGY,27,7,3.42143692287915e-16,1.05792212720573e-15,7.15778434917747e-16
ENERGY,27,6,1.1162050923564e-15,2.8621814966315e-15,1.74597640427453e-15
ENERGY,27,5,-1.01284520644103e-16,1.21926958924742e-17,1.13477216536591e-16
ENERGY,27,4,-2.36690333599975e-16,3.37877684891183e-17,2.70478102089034e-16
ENERGY,27,3,1.06817451497734e-14,1.06817451497734e-14,0
ENERGY,27,2,1.7302308180623e-14,1.81458784439339e-14,8.43570263315485e-16
ENERGY,27,1,1.18305149366691e-14,1.26904902121343e-14,8.5997527546742e-16
ENERGY,27,0,1.44591260975918e-14,1.5320272113155e-14,8.61146015562816e-16
BIASED,28,0.0600969777038964,0.0542811447193773,0.0969305767598434,0.0174475446087001
CORECAP,28,1.19999961677679,7.33166798019135e-08,1.200003571696,5.68073628914795e-08
......9......8......7....DEADLINE,28,1.1996705106671,8.91873379359787e-05
RESULT,28,0.04,0.044,1,0,1.18999999999999e-09
RESET,28,1.4098493692422e-07,6.25221744019875e-06,7.4405219566905e-06,8.7976863119759e-09,1.20000141074191,1.13690343355347e-06
ENERGY,28,8,0,0,0
ENERGY,28,7,2.86762998479365e-16,9.18334374780825e-16,6.31571376301379e-16
ENERGY,28,6,1.11621823573521e-15,2.86128710785606e-15,1.74506887212072e-15
ENERGY,28,5,-8.07046397210886e-17,9.94980443152842e-18,9.06544441526766e-17
ENERGY,28,4,-2.55361717890815e-16,3.46853596585846e-17,2.90047077549428e-16
ENERGY,28,3,1.06817451377663e-14,1.06817451377663e-14,0
ENERGY,28,2,2.1156979212015e-15,2.87534122134448e-15,7.59643300140827e-16
ENERGY,28,1,1.1667598790715e-14,1.25307818877378e-14,8.63183097014348e-16
ENERGY,28,0,1.30419001670154e-14,1.39019621916811e-14,8.60062024662225e-16
BIASED,29,0.0484653129536777,0.0852989133117163,0.08529891339049,0.0484653130711346
CORECAP,29,1.23581557301101e-07,1.19999966439737,1.20000132473807,-5.73853524262302e-08
DEADLINE,29,-0.00178830567541361,1.19760611643129
RESULT,29,0.05,0,-1,1.18999999999999e-09,5.85999999999989e-10
......9......8......7.....RESET,29,1.40991780589294e-07,9.9883816134791e-06,1.02269520036039e-05,1.40899557117541e-07,1.19998363640825,7.40729708889748e-06
ENERGY,29,8,0,0,0
ENERGY,29,7,3.42136445353832e-16,1.05954803537977e-15,7.1741159002584e-16
ENERGY,29,6,1.11623343316418e-15,2.86529250668456e-15,1.74905907352041e-15
ENERGY,29,5,-2.07360468096956e-16,2.89953487643494e-17,2.36355816861346e-16
ENERGY,29,4,-2.12683194068704e-16,2.80103022854775e-17,2.40693496354179e-16
ENERGY,29,3,1.05909080857052e-14,1.05909080857052e-14,0
ENERGY,29,2,1.72733132533638e-14,1.8085614389727e-14,8.12301136363201e-16
ENERGY,29,1,1.22417786281043e-14,1.31117374139125e-14,8.69958785810145e-16
ENERGY,29,0,1.23761305322787e-14,1.32471783965564e-14,8.71047864282184e-16
BIASED,30,0.0271405976396925,0.106623629913549,0.0639741979322328,0.0697900295628802
CORECAP,30,8.78801118815403e-08,1.20008041313286,4.91048047417315e-05,1.19999962199706
DEADLINE,30,1.19966933326093,8.84701644821216e-05
RESULT,30,0.05,-0.044,1,0,1.19e-09
......9......8......7......RESET,30,4.4530322778406e-08,-3.69593816465827e-07,1.08487708179758e-06,1.40926649340047e-07,1.20000141003181,1.13663958668568e-06
ENERGY,30,8,0,0,0
ENERGY,30,7,2.86719198586844e-16,9.18316334604388e-16,6.31597136017905e-16
ENERGY,30,6,1.11632022086921e-15,2.86215531203503e-15,1.74583509116565e-15
ENERGY,30,5,-2.88253911244404e-16,4.14332993277008e-17,3.29687210572073e-16
ENERGY,30,4,-1.2522720795824e-16,1.55861810196957e-17,1.40813388977888e-16
ENERGY,30,3,1.05896610276299e-14,1.05896610276299e-14,0
ENERGY,30,2,2.35625572491561e-15,3.08579061197769e-15,7.29534887062333e-16
ENERGY,30,1,1.29492735706232e-14,1.3808922959908e-14,8.59649389277672e-16
ENERGY,30,0,1.14254515301441e-14,1.23032785539073e-14,8.77827023762433e-16
BIASED,31,0.0310178200153358,0.102746408831895,0.0678514190581565,0.0659128085073598
CORECAP,31,-3.3860799392573e-09,1.20000132963868,1.20000015518411,1.58827853200408e-07
DEADLINE,31,-0.00178827022282467,1.19760643449812
RESULT,31,0.05,-0.036,-1,1.19e-09,6.48999999999995e-10
......9......8......7......6RESET,31,1.40947652995011e-07,9.99065722556765e-06,1.02292816451273e-05,1.40941283615865e-07,1.19998363640863,7.40729656717898e-06
ENERGY,31,8,0,0,0
ENERGY,31,7,3.42136618604905e-16,1.05985058379647e-15,7.17713965192125e-16
ENERGY,31,6,1.11624251290851e-15,2.86297218774117e-15,1.746729674833e-15
ENERGY,31,5,-2.78260572325177e-16,3.82077468227193e-17,3.1646831914794e-16
ENERGY,31,4,-1.39081661367275e-16,1.78589963834771e-17,1.56940657750701e-16
ENERGY,31,3,1.05896612398284e-14,1.05896612398284e-14,0
ENERGY,31,2,1.71263722781652e-14,1.8117743800767e-14,9.91371522596996e-16
ENERGY,31,1,1.43119514496281e-14,1.51719351561167e-14,8.59983706488364e-16
ENERGY,31,0,1.19928002976949e-14,1.28539219980229e-14,8.61121700332005e-16
BIASED,32,0.0659128083772423,0.0678514189227769,0.1027464089021,0.0310178188010212
CORECAP,32,1.13818413161607e-07,1.199997751151,1.19999915124777,1.38487114298161e-07
DEADLINE,32,-0.00178836388896427,1.19760626279141
RESULT,32,0.05,0.036,-1,1.18999999999999e-09,6.44249999999996e-10
......9......8......7......6.RESET,32,1.41033243724373e-07,9.99063355537529e-06,1.02242314437203e-05,1.40892434988326e-07,1.19998363640738,7.40730189801599e-06
ENERGY,32,8,0,0,0
ENERGY,32,7,3.4214454782385e-16,1.05801614400321e-15,7.15871596179809e-16
ENERGY,32,6,1.11623781601063e-15,2.86296405000552e-15,1.74672623399507e-15
ENERGY,32,5,-1.43800646011277e-16,1.78591608173538e-17,1.61659806828642e-16
ENERGY,32,4,-2.72445510057102e-16,3.99730939000595e-17,3.12418603957104e-16
ENERGY,32,3,1.05896611917215e-14,1.05896611917215e-14,0
ENERGY,32,2,1.73005104079584e-14,1.81456791877208e-14,8.45168779760678e-16
ENERGY,32,1,1.17873830264806e-14,1.26473673924189e-14,8.59984365938916e-16
ENERGY,32,0,1.43693829317484e-14,1.52305081908222e-14,8.61125259072175e-16
BIASED,33,0.0697900308680072,0.063974197866925,0.106623629504702,0.0271405972236496
CORECAP,33,1.1999998664014,8.32965715609226e-08,1.20000017173691,-1.0952170878641e-08
DEADLINE,33,1.19967051811825,8.918912244789e-05
RESULT,33,0.05,0.044,1,0,1.18999999999999e-09
RESET,33,1.4092332678689e-07,6.2522066830817e-06,7.44245972749029e-06,6.91432219532257e-09,1.20000141074171,1.13690339440424e-06
ENERGY,33,8,0,0,0
ENERGY,33,7,2.86759382699519e-16,9.18334315865335e-16,6.31574933166019e-16
ENERGY,33,6,1.1162344266339e-15,2.86209990342644e-15,1.74586547679255e-15
ENERGY,33,5,-1.23285265789952e-16,1.558617712575e-17,1.38871442915674e-16
ENERGY,33,4,-2.91052240313805e-16,4.05485316125817e-17,3.31600771926401e-16
ENERGY,33,3,1.0589661146045e-14,1.0589661146045e-14,0
ENERGY,33,2,2.11574360886368e-15,2.8730440415008e-15,7.57300432630308e-16
ENERGY,33,1,1.16260992815539e-14,1.24892775093517e-14,8.6317822779508e-16
ENERGY,33,0,1.29570453998354e-14,1.38171410019051e-14,8.60095602067785e-16
BIASED,34,0.0969305771815007,0.133764177777458,0.133764177802438,0.0969305771852731
......9......8......7......6..CORECAP,34,-6.64749810926229e-08,1.20000109159863,1.20000331051317,9.39769660913884e-08
DEADLINE,34,-0.00178803991006576,1.19760428898707
RESULT,34,0.1,0,-1,1.18999999999999e-09,5.79499999999982e-10
RESET,34,1.40821354511202e-07,9.98783501054143e-06,1.0225796254272e-05,1.40804706722593e-07,1.19998363640698,7.40730283471873e-06
ENERGY,34,8,0,0,0
ENERGY,34,7,3.41968639262442e-16,1.05949432861646e-15,7.17525689354252e-16
ENERGY,34,6,1.11272286608293e-15,2.86961223211337e-15,1.75688936603003e-15
ENERGY,34,5,-3.70699311190495e-16,6.41231406560323e-17,4.34822451846553e-16
ENERGY,34,4,-3.77994586259815e-16,5.95776247524834e-17,4.37572211012363e-16
ENERGY,34,3,1.01354740700188e-14,1.01354740700188e-14,0
ENERGY,34,2,1.72760481836123e-14,1.80880244958585e-14,8.1197631223953e-16
ENERGY,34,1,1.19826119175322e-14,1.28941952796668e-14,9.11583362128635e-16
ENERGY,34,0,1.21167148365289e-14,1.30294880792261e-14,9.12773242702358e-16
BIASED,35,0.0756058611961254,0.155088894070788,0.112439461175296,0.118255292849398
......9......8......7......6...CORECAP,35,1.3544751800692e-07,1.2000771970283,4.71650804768209e-05,1.19999963843489
DEADLINE,35,1.19966940551876,8.8484504860711e-05
RESULT,35,0.1,-0.044,1,0,1.19e-09
RESET,35,1.40689670375244e-07,-3.69066523863799e-07,1.08381359769993e-06,4.27859080691304e-08,1.20000141003053,1.13663912639808e-06
ENERGY,35,8,0,0,0
ENERGY,35,7,2.87901863330486e-16,9.18321487205705e-16,6.30419623875683e-16
ENERGY,35,6,1.11076927697197e-15,2.86492652103463e-15,1.75415724406226e-15
ENERGY,35,5,-4.42143288667048e-16,7.24028989910668e-17,5.14546187658182e-16
ENERGY,35,4,-3.16653867112356e-16,4.46955457980919e-17,3.61349412910402e-16
ENERGY,35,3,1.0129240837227e-14,1.0129240837227e-14,0
ENERGY,35,2,2.355999777211e-15,3.07903342958403e-15,7.23033652375024e-16
ENERGY,35,1,1.26170496659371e-14,1.34766768709749e-14,8.59627205037009e-16
ENERGY,35,0,1.12534607557052e-14,1.21309317686315e-14,8.77471012923624e-16
BIASED,36,0.0794830837347167,0.151211673003364,0.116316682352616,0.114378071786643
CORECAP,36,1.2653026211957e-07,1.2000006025738,1.20000136336654,1.34922800108172e-07
DEADLINE,36,-0.001787992588835,1.19760434947568
......9......8......7......6....RESULT,36,0.1,-0.036,-1,1.19e-09,6.38999999999997e-10
RESET,36,1.40771539074332e-07,9.99075039785869e-06,1.02275716210781e-05,1.4085183181597e-07,1.19998363640733,7.4073027878088e-06
ENERGY,36,8,0,0,0
ENERGY,36,7,3.43166225475925e-16,1.0599736918194e-15,7.16807466343479e-16
ENERGY,36,6,1.10497906093483e-15,2.85987222387692e-15,1.75489316294176e-15
ENERGY,36,5,-4.37449008298428e-16,6.81759911080287e-17,5.05624999406568e-16
ENERGY,36,4,-3.25208824947659e-16,4.71066512808266e-17,3.72315476228429e-16
ENERGY,36,3,1.01292407948672e-14,1.01292407948672e-14,0
ENERGY,36,2,1.71297415798375e-14,1.81210920498198e-14,9.91350469978198e-16
ENERGY,36,1,1.39658932016386e-14,1.48258338464078e-14,8.59940644771618e-16
ENERGY,36,0,1.18161997886455e-14,1.26772875179334e-14,8.61087729300091e-16
BIASED,37,0.114378072232642,0.116316682792554,0.151211672434719,0.0794830817940991
CORECAP,37,4.50801921994654e-08,1.19999912145132,1.20000090441318,1.30933577022753e-07
DEADLINE,37,-0.00178791323614084,1.19760419970371
RESULT,37,0.1,0.036,-1,1.18999999999999e-09,6.34249999999985e-10
......9......8......7......6.....RESET,37,1.40870532417425e-07,9.98955894905554e-06,1.02225238081406e-05,1.40753697652719e-07,1.19998363640703,7.40730369701711e-06
ENERGY,37,8,0,0,0
ENERGY,37,7,3.43146618621678e-16,1.05816456220589e-15,7.15017943584833e-16
ENERGY,37,6,1.10497332773597e-15,2.85986589111685e-15,1.75489256338071e-15
ENERGY,37,5,-3.33359074539991e-16,4.71072303223664e-17,3.80466304862376e-16
ENERGY,37,4,-4.28204432968508e-16,7.18019657008307e-17,5.00006398669364e-16
ENERGY,37,3,1.01292407069051e-14,1.01292407069051e-14,0
ENERGY,37,2,1.72969428285706e-14,1.81423544578495e-14,8.45411629285625e-16
ENERGY,37,1,1.16108135950421e-14,1.2470763943727e-14,8.59950348689147e-16
ENERGY,37,0,1.40243112736385e-14,1.48854011556554e-14,8.61089882026964e-16
BIASED,38,0.118255294868439,0.112439461723305,0.155088893504698,0.0756058606228723
CORECAP,38,1.20000041230529,-2.95981919958053e-07,1.20000370806796,5.19618593792571e-09
DEADLINE,38,1.19967055877158,8.91998498806694e-05
RESULT,38,0.1,0.044,1,0,1.18999999999999e-09
......9......8......7......6......RESET,38,4.28034462700846e-08,6.2554917278419e-06,6.53907879412511e-06,4.84364642814325e-08,1.20000141068811,1.13689803659745e-06
ENERGY,38,8,0,0,0
ENERGY,38,7,2.87943390994716e-16,9.18334431036988e-16,6.30391040043193e-16
ENERGY,38,6,1.10497635324445e-15,2.85911204589816e-15,1.75413569265417e-15
ENERGY,38,5,-3.13168296133576e-16,4.46955535475755e-17,3.57863849681034e-16
ENERGY,38,4,-4.46485644834113e-16,7.06453494981962e-17,5.17130994332354e-16
ENERGY,38,3,1.01292406824819e-14,1.01292406824819e-14,0
ENERGY,38,2,2.11519931443343e-15,2.86408838176977e-15,7.4888906733405e-16
ENERGY,38,1,1.1455826218843e-14,1.23189887623149e-14,8.63162543463659e-16
ENERGY,38,0,1.26246839063899e-14,1.34847793071343e-14,8.60095400751063e-16
BIASED,39,0.145395841161514,0.182229442000663,0.182229442020021,0.14539584116101
CORECAP,39,5.57818941279028e-08,1.20000162510579,1.20000517426775,-2.18495704555417e-07
DEADLINE,39,-0.00178763754413539,1.19760262552742
RESULT,39,0.15,0,-1,1.18999999999999e-09,5.7449999999999e-10
......9......8......7......6......5RESET,39,1.40665373713924e-07,9.98708040321753e-06,1.02248704202458e-05,1.40622490042516e-07,1.19998363640649,7.407305334975e-06
ENERGY,39,8,0,0,0
ENERGY,39,7,3.43159172997027e-16,1.05963292613123e-15,7.16473753134149e-16
ENERGY,39,6,1.10510271868237e-15,2.86291943883419e-15,1.75781672015132e-15
ENERGY,39,5,-4.98819009915533e-16,9.96153591839448e-17,5.98434369099518e-16
ENERGY,39,4,-5.09885600481664e-16,9.15077292304778e-17,6.013933297122e-16
ENERGY,39,3,9.67505168983148e-15,9.67505168983148e-15,0
ENERGY,39,2,1.72769115330072e-14,1.80893985614243e-14,8.12487028422089e-16
ENERGY,39,1,1.1828714034239e-14,1.27402526256896e-14,9.11538591448849e-16
ENERGY,39,0,1.19628125435032e-14,1.28754858227712e-14,9.12673279260526e-16
BIASED,40,0.12407112454185,0.203554157938357,0.160904725774557,0.166720557489455
CORECAP,40,-1.14765864143804e-08,1.20007516628866,4.59458880001687e-05,1.19999979910448
DEADLINE,40,1.19966949348344,8.85038333461641e-05
RESULT,40,0.15,-0.044,1,0,1.19e-09
RESET,40,2.71946289236917e-08,-3.67521372075519e-07,1.76276230146768e-07,-2.18238065556868e-07,1.2000014100309,1.1366392515368e-06
ENERGY,40,8,0,0,0
ENERGY,40,7,2.8790573039895e-16,9.18334847428268e-16,6.30429117029997e-16
ENERGY,40,6,1.10510606075133e-15,2.86051896478382e-15,1.75541290403351e-15
ENERGY,40,5,-5.57668053656229e-16,1.04453552283132e-16,6.62121605939375e-16
ENERGY,40,4,-4.69710412609778e-16,7.48861009162255e-17,5.44596513525976e-16
ENERGY,40,3,9.66882051682005e-15,9.66882051682005e-15,0
ENERGY,40,2,2.35621731396441e-15,3.07517783927288e-15,7.18960525311117e-16
ENERGY,40,1,1.23970754567189e-14,1.3256692878563e-14,8.59617421842071e-16
ENERGY,40,0,1.11272808947198e-14,1.20043841472441e-14,8.771032525289e-16
......9......8......7......6......5.BIASED,41,0.127948347547285,0.199676937174269,0.164781946909037,0.162843336333288
CORECAP,41,-6.48499801577812e-09,1.2000046788358,1.1999992265946,-2.09394004827099e-07
DEADLINE,41,-0.00178761538278983,1.19760268697705
RESULT,41,0.15,-0.036,-1,1.19e-09,6.32499999999989e-10
RESET,41,1.4060332095338e-07,9.98982767031073e-06,1.02267458582482e-05,1.40673554107054e-07,1.1999836364069,7.40730511423682e-06
ENERGY,41,8,0,0,0
ENERGY,41,7,3.43150186516792e-16,1.06015425728846e-15,7.17004070771516e-16
ENERGY,41,6,1.1070823809585e-15,2.86314900099448e-15,1.75606662003631e-15
ENERGY,41,5,-5.58266926325479e-16,9.90840634860034e-17,6.57350989811656e-16
ENERGY,41,4,-4.72967042107757e-16,7.74205214285834e-17,5.50387563536466e-16
ENERGY,41,3,9.66882098673033e-15,9.66882098673033e-15,0
ENERGY,41,2,1.71307620910967e-14,1.81219540224983e-14,9.91191931406503e-16
ENERGY,41,1,1.37446305707416e-14,1.4604565211577e-14,8.5993464082561e-16
ENERGY,41,0,1.16830200345015e-14,1.25441033337826e-14,8.61083299278287e-16
BIASED,42,0.162843337472182,0.164781946445936,0.199676937254712,0.127948346135821
......9......8......7......6......5..CORECAP,42,1.25055995675567e-07,1.19999894542574,1.20000087655645,9.32303966357697e-08
DEADLINE,42,-0.00178765620901901,1.19760253794596
RESULT,42,0.15,0.036,-1,1.18999999999999e-09,6.27749999999991e-10
RESET,42,1.40773836782347e-07,9.98884050347541e-06,1.02233057430269e-05,1.40559703730958e-07,1.19998363640641,7.40730651031812e-06
ENERGY,42,8,0,0,0
ENERGY,42,7,3.43162691168179e-16,1.05840955105403e-15,7.15246859885744e-16
ENERGY,42,6,1.10707651333756e-15,2.86314168238284e-15,1.75606516904645e-15
ENERGY,42,5,-4.8454374925113e-16,7.74271544369443e-17,5.61970903687863e-16
ENERGY,42,4,-5.45597655317802e-16,1.04779615427797e-16,6.50377270745417e-16
ENERGY,42,3,9.66882089654805e-15,9.66882089654805e-15,0
ENERGY,42,2,1.72940959907456e-14,1.81410748434585e-14,8.46978852722053e-16
ENERGY,42,1,1.14777433626634e-14,1.23376605262603e-14,8.59917163595039e-16
ENERGY,42,0,1.38037743865511e-14,1.46648466018052e-14,8.61072215251097e-16
BIASED,43,0.166720558993137,0.160904725683804,0.203554158492466,0.124071125085531
CORECAP,43,1.19999980164901,4.30577155238348e-09,1.20000274161484,8.76789072912918e-08
......9......8......7......6......5...DEADLINE,43,1.19967059457091,8.91952461467602e-05
RESULT,43,0.15,0.044,1,0,1.18999999999999e-09
RESET,43,-2.18208867702307e-07,6.25265902052334e-06,6.53880660569887e-06,3.60510548517102e-08,1.20000141068765,1.13689805108382e-06
ENERGY,43,8,0,0,0
ENERGY,43,7,2.87946175363131e-16,9.18340452899106e-16,6.30394277536171e-16
ENERGY,43,6,1.10510165618674e-15,2.86048537273429e-15,1.75538371654723e-15
ENERGY,43,5,-4.64682065187948e-16,7.48860985772202e-17,5.39568163765111e-16
ENERGY,43,4,-5.63550309574163e-16,1.01670095053206e-16,6.65220404627565e-16
ENERGY,43,3,9.66882067642819e-15,9.66882067642819e-15,0
ENERGY,43,2,2.11495081452058e-15,2.85915526425968e-15,7.44204449733697e-16
ENERGY,43,1,1.13281341901894e-14,1.21912872314142e-14,8.63153041237283e-16
ENERGY,43,0,1.24022778389148e-14,1.3262342995282e-14,8.6006515637992e-16
BIASED,44,0.193861105447985,0.230694706498582,0.230694706517829,0.19386110544946
CORECAP,44,1.17386209114345e-07,1.20000008951322,1.20000033585025,1.12636388943181e-07
DEADLINE,44,-0.00178657337238383,1.19760146787686
RESULT,44,0.2,0,-1,1.18999999999999e-09,5.70999999999986e-10
......9......8......7......6......5....RESET,44,1.40492654385608e-07,9.98639409799404e-06,1.02237396989803e-05,1.40436325741588e-07,1.19998363640504,7.40731248953337e-06
ENERGY,44,8,0,0,0
ENERGY,44,7,3.4146167836218e-16,1.05800816750131e-15,7.16546489139047e-16
ENERGY,44,6,1.10523272715622e-15,2.86337690448237e-15,1.75814417732598e-15
ENERGY,44,5,-5.88579681153454e-16,1.36026007836496e-16,7.24605688990078e-16
ENERGY,44,4,-6.03411979981179e-16,1.24206108437618e-16,7.27618088418919e-16
ENERGY,44,3,9.2146291545266e-15,9.2146291545266e-15,0
ENERGY,44,2,1.72772343937353e-14,1.80911047422329e-14,8.13870348495835e-16
ENERGY,44,1,1.17206598294007e-14,1.2632359545581e-14,9.11699716191205e-16
ENERGY,44,0,1.18547813407414e-14,1.27675994979439e-14,9.128181571999e-16
BIASED,45,0.172536389171169,0.252019423025619,0.209369990167298,0.215185821917931
CORECAP,45,1.30441082050144e-07,1.20007380841167,4.52449881785168e-05,1.19999983195562
DEADLINE,45,1.19966958237581,8.85218570943995e-05
RESULT,45,0.2,-0.044,1,0,1.18999999999999e-09
......9......8......7......6......5.....RESET,45,1.4033649710742e-07,-3.67589564075936e-07,1.876735712018e-07,1.40551892556334e-07,1.20000141003135,1.13663918265341e-06
ENERGY,45,8,0,0,0
ENERGY,45,7,2.87905766015897e-16,9.18344098767732e-16,6.30438332751371e-16
ENERGY,45,6,1.10524216530221e-15,2.86112097587905e-15,1.75587881057673e-15
ENERGY,45,5,-6.3482704086702e-16,1.37256609489392e-16,7.72083650356451e-16
ENERGY,45,4,-5.84394786112669e-16,1.05699087613216e-16,6.90093873725983e-16
ENERGY,45,3,9.20840047530604e-15,9.20840047530604e-15,0
ENERGY,45,2,2.35634755608086e-15,3.07285768704864e-15,7.16510130969931e-16
ENERGY,45,1,1.22508860145651e-14,1.31104370720244e-14,8.59551057445193e-16
ENERGY,45,0,1.10341724829199e-14,1.19108142784088e-14,8.76641795477723e-16
BIASED,46,0.176413611958525,0.248142201874479,0.213247213065987,0.211308602471478
CORECAP,46,-2.2295238627652e-07,1.19999932307418,1.19999942553038,-4.64886991857344e-08
DEADLINE,46,-0.00178654403002031,1.1976015114032
RESULT,46,0.2,-0.036,-1,1.19e-09,6.28249999999991e-10
......9......8......7......6......5......RESET,46,1.40414207542547e-07,9.98937340825265e-06,1.02256290584712e-05,1.40499904775095e-07,1.19998363640515,7.40731212038016e-06
ENERGY,46,8,0,0,0
ENERGY,46,7,3.41457133870902e-16,1.05859617846182e-15,7.17139044590344e-16
ENERGY,46,6,1.10523839980499e-15,2.86171405793632e-15,1.75647565813202e-15
ENERGY,46,5,-6.40717344526105e-16,1.30577938685197e-16,7.71295283211276e-16
ENERGY,46,4,-5.82358578845357e-16,1.0835999544399e-16,6.90718574289333e-16
ENERGY,46,3,9.20840082169327e-15,9.20840082169327e-15,0
ENERGY,46,2,1.71309339705096e-14,1.81236969200059e-14,9.92762949488711e-16
ENERGY,46,1,1.36110644683457e-14,1.44710350036761e-14,8.59970535328086e-16
ENERGY,46,0,1.15889328439642e-14,1.24500027369851e-14,8.61069893026781e-16
BIASED,47,0.211308602412239,0.213247213004371,0.24814220187448,0.176413610348237
CORECAP,47,1.42540334069997e-07,1.19999948460231,1.19999942964397,7.10010165737645e-08
DEADLINE,47,-0.00178656887400198,1.19760140701364
RESULT,47,0.2,0.036,-1,1.18999999999999e-09,6.23499999999992e-10
RESET,47,1.40557206177488e-07,9.98773784641917e-06,1.02197113436214e-05,1.40361216893612e-07,1.19998363640501,7.40731359705894e-06
ENERGY,47,8,0,0,0
ENERGY,47,7,3.41457155724555e-16,1.05685304980918e-15,7.15395894084201e-16
ENERGY,47,6,1.10523464980899e-15,2.8617029252246e-15,1.75646827541593e-15
ENERGY,47,5,-5.97355755825324e-16,1.08376210108754e-16,7.0573196593407e-16
ENERGY,47,4,-6.246296638859e-16,1.38574791647226e-16,7.6320445553306e-16
ENERGY,47,3,9.20840073130491e-15,9.20840073130491e-15,0
ENERGY,47,2,1.72920389921673e-14,1.81410618271879e-14,8.49022835015387e-16
ENERGY,47,1,1.13836704367955e-14,1.22435918307899e-14,8.59921393989306e-16
ENERGY,47,0,1.36699644402742e-14,1.45310810306711e-14,8.61116590385688e-16
......9......8......7......6......5......4BIASED,48,0.215185823653316,0.209369990176857,0.252019423122402,0.172536389260339
CORECAP,48,1.19999963335348,-1.04211711060405e-09,1.20000068755035,-4.04781426625353e-08
DEADLINE,48,1.19967064572221,8.92079879650477e-05
RESULT,48,0.2,0.044,1,0,1.19e-09
RESET,48,1.40571641468656e-07,6.25277633782126e-06,7.43616265772809e-06,1.40317930394776e-07,1.20000141074173,1.136903250112e-06
ENERGY,48,8,0,0,0
ENERGY,48,7,2.87943576336955e-16,9.18333459981419e-16,6.30389883644498e-16
ENERGY,48,6,1.1052442557273e-15,2.86108483593468e-15,1.7558405802077e-15
ENERGY,48,5,-5.7782679808792e-16,1.05699104408682e-16,6.83525902496588e-16
ENERGY,48,4,-6.42245843926298e-16,1.33293758339536e-16,7.75539602265967e-16
ENERGY,48,3,9.2084008938143e-15,9.2084008938143e-15,0
ENERGY,48,2,2.11496612459863e-15,2.85638544881229e-15,7.41419324213403e-16
ENERGY,48,1,1.12351648350427e-14,1.20982734059166e-14,8.63108570881084e-16
ENERGY,48,0,1.22556943760643e-14,1.3115754075814e-14,8.60059699752248e-16
BIASED,49,0.242326370001124,0.279159971233832,0.279159971246402,0.24232637000017
......9......8......7......6......5......4.CORECAP,49,-8.09872140467968e-08,1.20000150904992,1.20000050526128,-1.24289079831385e-07
DEADLINE,49,-0.001784825579443,1.19760076844749
RESULT,49,0.25,0,-1,1.19e-09,5.68250000000016e-10
RESET,49,1.40327744497368e-07,9.98527582789451e-06,1.02245495886687e-05,1.40298615116258e-07,1.19998363640323,7.40731958836166e-06
ENERGY,49,8,0,0,0
ENERGY,49,7,3.41301522340027e-16,1.05792934113232e-15,7.16627818791787e-16
ENERGY,49,6,1.10538755740644e-15,2.86350192683335e-15,1.75811436942628e-15
ENERGY,49,5,-6.39984071882474e-16,1.73196002017331e-16,8.13180073899789e-16
ENERGY,49,4,-6.58574963675336e-16,1.57520147403416e-16,8.16095111078677e-16
ENERGY,49,3,8.75420620286701e-15,8.75420620286701e-15,0
ENERGY,49,2,1.72791138639586e-14,1.8091780686438e-14,8.12666822470953e-16
ENERGY,49,1,1.16454702787663e-14,1.25568756338197e-14,9.11405355043725e-16
ENERGY,49,0,1.17795344669601e-14,1.2692073909355e-14,9.12539442398121e-16
BIASED,50,0.221001653623941,0.30048468787161,0.257835254751689,0.263651086530712
CORECAP,50,5.72659999478305e-08,1.20007287097987,4.44681510234519e-05,1.20000013947528
......9......8......7......6......5......4..DEADLINE,50,1.19966968344181,8.85447929298233e-05
RESULT,50,0.25,-0.044,1,0,1.19e-09
RESET,50,1.40175201352528e-07,-3.66596218021411e-07,1.08106743843373e-06,1.40361089822221e-07,1.20000141003075,1.13663908353768e-06
ENERGY,50,8,0,0,0
ENERGY,50,7,2.87905981279923e-16,9.18341942483785e-16,6.30435961203477e-16
ENERGY,50,6,1.10539646331597e-15,2.86132537012786e-15,1.75592890681141e-15
ENERGY,50,5,-6.73622419773035e-16,1.70695843824858e-16,8.44318263597955e-16
ENERGY,50,4,-6.60706550140996e-16,1.36904660807866e-16,7.97611210948842e-16
ENERGY,50,3,8.74798041370211e-15,8.74798041370211e-15,0
ENERGY,50,2,2.35644441182796e-15,3.07142352746222e-15,7.14979115628717e-16
ENERGY,50,1,1.21542339387511e-14,1.30137866470658e-14,8.59552708314554e-16
ENERGY,50,0,1.0967941087282e-14,1.18442186808963e-14,8.7627759360868e-16
BIASED,51,0.224878874748292,0.296607466629061,0.261712475931788,0.259773865330476
CORECAP,51,-2.45855832018056e-07,1.20000240204702,1.19999989262282,-1.57620837989391e-07
DEADLINE,51,-0.00178481660838242,1.19760078901945
RESULT,51,0.25,-0.036,-1,1.19e-09,6.25750000000015e-10
......9......8......7......6......5......4...RESET,51,1.40249325837356e-07,9.98897083404863e-06,1.02242749669467e-05,1.40379046471195e-07,1.19998363640323,7.40731935363279e-06
ENERGY,51,8,0,0,0
ENERGY,51,7,3.41292987686281e-16,1.05851705545623e-15,7.17224067769737e-16
ENERGY,51,6,1.10539816467483e-15,2.86192859597425e-15,1.75653043129904e-15
ENERGY,51,5,-6.84797482975938e-16,1.62507343715339e-16,8.47304826691232e-16
ENERGY,51,4,-6.53381755780354e-16,1.39697765543216e-16,7.93079521323585e-16
ENERGY,51,3,8.74798086784628e-15,8.74798086784628e-15,0
ENERGY,51,2,1.71322675783949e-14,1.81240923911262e-14,9.9182481272917e-16
ENERGY,51,1,1.35294171031407e-14,1.43892872699493e-14,8.59870166804311e-16
ENERGY,51,0,1.15212649338273e-14,1.23822939553063e-14,8.61029021481061e-16
BIASED,52,0.259773867250471,0.261712477850852,0.296607466685785,0.224878874821993
CORECAP,52,4.01126701172848e-08,1.20000011721432,1.2000020137483,5.10357835353981e-08
DEADLINE,52,-0.00178479344941584,1.19760074108351
RESULT,52,0.25,0.036,-1,1.19e-09,6.21000000000016e-10
......9......8......7......6......5......4....RESET,52,1.40410774294132e-07,9.98602847845009e-06,1.02188364525003e-05,1.40211560605884e-07,1.19998363640327,7.40732048315635e-06
ENERGY,52,8,0,0,0
ENERGY,52,7,3.413008632707e-16,1.05679192084295e-15,7.15491057571946e-16
ENERGY,52,6,1.10539162610162e-15,2.8619506387186e-15,1.75655901261701e-15
ENERGY,52,5,-6.71791323957281e-16,1.39728629939215e-16,8.11519953896605e-16
ENERGY,52,4,-6.65299915965665e-16,1.73067468799218e-16,8.38367384764868e-16
ENERGY,52,3,8.74798076951407e-15,8.74798076951407e-15,0
ENERGY,52,2,1.72918985540006e-14,1.81406040540621e-14,8.48705500072045e-16
ENERGY,52,1,1.13161072084971e-14,1.21759921258134e-14,8.59884917310884e-16
ENERGY,52,0,1.35882579991645e-14,1.44493164662126e-14,8.61058467038095e-16
BIASED,53,0.263651094170646,0.257835260693759,0.300484688010709,0.221001653757479
CORECAP,53,1.19999964710979,-1.55462901857016e-09,1.20000093731092,-2.11791578318668e-07
DEADLINE,53,1.19967070249571,8.92218323942562e-05
RESULT,53,0.25,0.044,1,0,1.19e-09
......9......8......7......6......5......4.....RESET,53,1.40399615163386e-07,6.222917441445e-06,7.48029524663738e-06,7.2060107572668e-08,1.20000141068541,1.13689713333659e-06
ENERGY,53,8,0,0,0
ENERGY,53,7,2.87940909216713e-16,9.18337574278566e-16,6.30396665061433e-16
ENERGY,53,6,1.10539538849374e-15,2.86132403931374e-15,1.75592865081994e-15
ENERGY,53,5,-6.52602352191051e-16,1.3690543471075e-16,7.89507786901841e-16
ENERGY,53,4,-6.82576289742088e-16,1.6536767515882e-16,8.47943964901125e-16
ENERGY,53,3,8.74798067281613e-15,8.74798067281613e-15,0
ENERGY,53,2,2.11513644336352e-15,2.85491380466551e-15,7.39777361301066e-16
ENERGY,53,1,1.11689273795888e-14,1.20320306032389e-14,8.63103223654908e-16
ENERGY,53,0,1.21589096826906e-14,1.3018947110457e-14,8.60037427761115e-16
BIASED,54,0.290791634775611,0.327625236164596,0.327625236199734,0.290791634799653
CORECAP,54,-5.01646879500856e-08,1.20000479838541,1.19999988951469,-4.92044474099068e-08
DEADLINE,54,-0.00178267807466698,1.19760072767906
RESULT,54,0.3,0,-1,1.19e-09,5.66750000000001e-10
......9......8......7......6......5......4......RESET,54,1.40289370029713e-07,9.9846384442704e-06,1.0220389664204e-05,1.40251339837891e-07,1.1999836364018,7.40732437311311e-06
ENERGY,54,8,0,0,0
ENERGY,54,7,3.41466835868192e-16,1.05813958326859e-15,7.16672747400271e-16
ENERGY,54,6,1.10556650612307e-15,2.86352430968195e-15,1.7579578035588e-15
ENERGY,54,5,-6.53037357229904e-16,2.11174130052089e-16,8.64211487282024e-16
ENERGY,54,4,-6.75377056967848e-16,1.91501334900472e-16,8.66878391868274e-16
ENERGY,54,3,8.29378250194333e-15,8.29378250194333e-15,0
ENERGY,54,2,1.72780546712734e-14,1.80920833116485e-14,8.14028640385733e-16
ENERGY,54,1,1.15957590282007e-14,1.25071680975686e-14,9.1140906936255e-16
ENERGY,54,0,1.1729841099031e-14,1.26423185472068e-14,9.1247744817864e-16
BIASED,55,0.269466918350291,0.348949952926759,0.306300519602899,0.312116351407624
CORECAP,55,1.2502582605552e-07,1.20007233818555,4.44371225799915e-05,1.19999976989159
DEADLINE,55,1.19966979415928,8.85681739565213e-05
RESULT,55,0.3,-0.044,1,0,1.19e-09
RESET,55,1.40104121577764e-07,-3.64878178078573e-07,1.07939364989774e-06,1.40528862369184e-07,1.20000141003132,1.13663933069905e-06
ENERGY,55,8,0,0,0
ENERGY,55,7,2.87905923599988e-16,9.1833988738163e-16,6.30433963780711e-16
ENERGY,55,6,1.10558091011374e-15,2.86138515835937e-15,1.75580424824628e-15
ENERGY,55,5,-6.74056457295451e-16,2.04861009533857e-16,8.7891746682941e-16
ENERGY,55,4,-6.98643874887412e-16,1.68475011107368e-16,8.67118885994366e-16
ENERGY,55,3,8.28756032722126e-15,8.28756032722126e-15,0
ENERGY,55,2,2.35650136768155e-15,3.07054046082587e-15,7.14039093157325e-16
ENERGY,55,1,1.20925067448922e-14,1.29521269246952e-14,8.59620179802492e-16
ENERGY,55,0,1.09231010244053e-14,1.17988516569174e-14,8.7575063250567e-16
BIASED,56,0.27334413944935,0.345072731624746,0.310177740843356,0.308239130227487
......9......8......7......6......5......4......3CORECAP,56,5.8562799236777e-09,1.20000118585789,1.20000103825402,7.63928225390263e-08
DEADLINE,56,-0.00178269237982384,1.19760072266903
RESULT,56,0.3,-0.036,-1,1.19e-09,6.2425e-10
RESET,56,1.40196614897653e-07,9.98785121767488e-06,1.02224416542758e-05,1.40346725248722e-07,1.19998363640195,7.40732385043152e-06
ENERGY,56,8,0,0,0
ENERGY,56,7,3.41463356346943e-16,1.05874644954928e-15,7.17283093201915e-16
ENERGY,56,6,1.10556852744517e-15,2.86198322977635e-15,1.7564147023316e-15
ENERGY,56,5,-6.90507587497752e-16,1.94910890316979e-16,8.85418477814475e-16
ENERGY,56,4,-6.86037404787015e-16,1.71423451633606e-16,8.5746085642082e-16
ENERGY,56,3,8.28756095576392e-15,8.28756095576392e-15,0
ENERGY,56,2,1.71308120515427e-14,1.81242057455608e-14,9.93393694018423e-16
ENERGY,56,1,1.34827147840794e-14,1.43426896314584e-14,8.59974847372379e-16
ENERGY,56,0,1.14755808984625e-14,1.23366411912281e-14,8.61060292775022e-16
BIASED,57,0.30823913229803,0.310177742905924,0.345072731646353,0.273344139470909
......9......8......7......6......5......4......3.CORECAP,57,7.50410351072325e-08,1.19999909982392,1.20000164034785,1.19007785483331e-07
DEADLINE,57,-0.0017826178258944,1.19760073214005
RESULT,57,0.3,0.036,-1,1.19e-09,6.19500000000001e-10
RESET,57,1.40390206999944e-07,9.98536393124673e-06,1.02166428413112e-05,1.4015274617992e-07,1.19998363640184,7.40732530271351e-06
ENERGY,57,8,0,0,0
ENERGY,57,7,3.41418837115377e-16,1.05705049578368e-15,7.15631658668431e-16
ENERGY,57,6,1.10556481247405e-15,2.86198688468277e-15,1.75642207220913e-15
ENERGY,57,5,-7.07848005127845e-16,1.71470496403294e-16,8.79318501530906e-16
ENERGY,57,4,-6.67612949657613e-16,2.08326023392172e-16,8.75938973049316e-16
ENERGY,57,3,8.28756079966579e-15,8.28756079966579e-15,0
ENERGY,57,2,1.72899792326298e-14,1.81402822137428e-14,8.50302981121732e-16
ENERGY,57,1,1.12703161079758e-14,1.21304167398936e-14,8.60100631906088e-16
ENERGY,57,0,1.35415903814945e-14,1.44030573702971e-14,8.61466988796014e-16
BIASED,58,0.312116353488557,0.306300519613781,0.348949952914047,0.269466918329161
CORECAP,58,1.19999976812188,-2.82766843104904e-08,1.19999964193616,2.02898678019974e-08
DEADLINE,58,1.1996707634972,8.92375827396243e-05
......9......8......7......6......5......4......3..RESULT,58,0.3,0.044,1,0,1.19e-09
RESET,58,1.40363942922947e-07,6.25273369463522e-06,7.47541573792586e-06,1.39495436696289e-07,1.20000141068479,1.13689715196756e-06
ENERGY,58,8,0,0,0
ENERGY,58,7,2.89883933832881e-16,9.20274697951122e-16,6.30390764118686e-16
ENERGY,58,6,1.1055729822639e-15,2.86136043208439e-15,1.75578744982069e-15
ENERGY,58,5,-6.89008616811399e-16,1.68474219950731e-16,8.57482836762112e-16
ENERGY,58,4,-6.84538422527312e-16,1.97934005322109e-16,8.82472427849186e-16
ENERGY,58,3,8.28756064405083e-15,8.28756064405083e-15,0
ENERGY,58,2,2.1143287127242e-15,2.85335105340022e-15,7.39022340675916e-16
ENERGY,58,1,1.11241034143131e-14,1.19872178042327e-14,8.6311438993232e-16
ENERGY,58,0,1.20970712428246e-14,1.29571551129079e-14,8.60083870089616e-16
BIASED,59,0.339256899755048,0.376090501271183,0.376090501257659,0.339256899739329
CORECAP,59,-1.41809417282099e-07,1.19999990091702,1.19999967359581,-1.40402119306987e-07
DEADLINE,59,-0.00177990576974691,1.19760160687496
RESULT,59,0.35,0,-1,1.19e-09,5.65750000000026e-10
......9......8......7......6......5......4......3...RESET,59,1.39783737608187e-07,9.98288362885035e-06,1.02215365114991e-05,1.40318026953908e-07,1.19998363640019,7.40733587963067e-06
ENERGY,59,8,0,0,0
ENERGY,59,7,3.41426374932948e-16,1.05818479445136e-15,7.16758419518841e-16
ENERGY,59,6,1.10576368220338e-15,2.8634916986537e-15,1.7577280164505e-15
ENERGY,59,5,-6.27747470881905e-16,2.50200582284355e-16,8.77948053166226e-16
ENERGY,59,4,-6.53821893523094e-16,2.26397357477069e-16,8.8021925099988e-16
ENERGY,59,3,7.83335760732078e-15,7.83335760732078e-15,0
ENERGY,59,2,1.72783654337891e-14,1.80921642721621e-14,8.13798838377802e-16
ENERGY,59,1,1.15672602899583e-14,1.24784881778725e-14,9.11227887915947e-16
ENERGY,59,0,1.17013064169888e-14,1.26136578166269e-14,9.12351399637621e-16
BIASED,60,0.317932183272137,0.397415218123685,0.354765784650889,0.360581616477735
CORECAP,60,1.41538517975157e-07,1.20007190339155,4.42112640369591e-05,1.19999991613293
DEADLINE,60,1.19966991051556,8.85929906252009e-05
RESULT,60,0.35,-0.044,1,0,1.19e-09
......9......8......7......6......5......4......3....RESET,60,1.39568098665657e-07,-3.64023302648534e-07,1.07581713202192e-06,-1.50033901868913e-06,1.20000141002981,1.13663883954102e-06
ENERGY,60,8,0,0,0
ENERGY,60,7,2.89844611314159e-16,9.20283648456062e-16,6.30439037141777e-16
ENERGY,60,6,1.10577919428088e-15,2.86138687549203e-15,1.75560768121062e-15
ENERGY,60,5,-6.36133234897578e-16,2.40043467153088e-16,8.76176702050438e-16
ENERGY,60,4,-6.98203732483163e-16,2.00587191888098e-16,8.98790924371285e-16
ENERGY,60,3,7.82714014864781e-15,7.82714014864781e-15,0
ENERGY,60,2,2.35605478893221e-15,3.06966579786279e-15,7.1361100893078e-16
ENERGY,60,1,1.2059326841564e-14,1.29189557074777e-14,8.59628865916245e-16
ENERGY,60,0,1.08964162793908e-14,1.17712773839415e-14,8.74861104546514e-16
BIASED,61,0.321809406428014,0.393537996739172,0.35864300591417,0.35670439529742
CORECAP,61,-1.1444344201079e-07,1.20000026195228,1.19999937279242,8.60674156834586e-08
DEADLINE,61,-0.00177994925219808,1.19760157299388
RESULT,61,0.35,-0.036,-1,1.19e-09,6.23750000000012e-10
......9......8......7......6......5......4......3.....RESET,61,1.39654001913206e-07,9.98587838168905e-06,1.02212876736546e-05,1.40435442182156e-07,1.19998363640039,7.40733510230404e-06
ENERGY,61,8,0,0,0
ENERGY,61,7,3.41459703717495e-16,1.05879691379137e-15,7.1733721007327e-16
ENERGY,61,6,1.10577004912217e-15,2.86192144594855e-15,1.75615139682545e-15
ENERGY,61,5,-6.57847252033404e-16,2.28019750071618e-16,8.85867002105378e-16
ENERGY,61,4,-6.80325908670741e-16,2.037038485307e-16,8.8402975720131e-16
ENERGY,61,3,7.82714106041441e-15,7.82714106041441e-15,0
ENERGY,61,2,1.71306194929418e-14,1.81238145571357e-14,9.93195064194373e-16
ENERGY,61,1,1.34645749692165e-14,1.43244415695941e-14,8.59866600377121e-16
ENERGY,61,0,1.14484922662372e-14,1.23095321891935e-14,8.61039922952565e-16
BIASED,62,0.356704397556946,0.358643008171972,0.393537996814315,0.321809404394213
CORECAP,62,1.15985991511226e-07,1.19999980900318,1.20000077406377,1.20943857376914e-07
DEADLINE,62,-0.00177981566487757,1.19760164583416
RESULT,62,0.35,0.036,-1,1.19e-09,6.19000000000014e-10
RESET,62,1.40031286071038e-07,9.98324474320698e-06,1.02141169334564e-05,1.39616421685536e-07,1.19998363640006,7.40733651933403e-06
ENERGY,62,8,0,0,0
ENERGY,62,7,3.41454628511691e-16,1.05707003543252e-15,7.15615406920616e-16
ENERGY,62,6,1.10577731222017e-15,2.86196506188281e-15,1.75618774966313e-15
ENERGY,62,5,-7.05519716797073e-16,2.03773393229779e-16,9.09293110026937e-16
ENERGY,62,4,-6.3157422223975e-16,2.44626806135983e-16,8.76201028375539e-16
ENERGY,62,3,7.82714085797993e-15,7.82714085797993e-15,0
ENERGY,62,2,1.72900685194031e-14,1.81398214059722e-14,8.49752886572105e-16
ENERGY,62,1,1.12433808005224e-14,1.21033040930799e-14,8.59923292551519e-16
ENERGY,62,0,1.35236157496495e-14,1.43846335472429e-14,8.61017797586561e-16
......9......8......7......6......5......4......3......BIASED,63,0.360581618782359,0.354765784687959,0.397415218094279,0.317932183233167
CORECAP,63,1.19999964587097,3.22692920880334e-08,1.20000028534889,1.14435142917006e-07
DEADLINE,63,1.1996708281918,8.92547523335527e-05
RESULT,63,0.35,0.044,1,0,1.19e-09
RESET,63,1.39858237546454e-07,6.22248801930921e-06,7.4246743381025e-06,1.39567084981228e-07,1.20000141068475,1.13689721021596e-06
ENERGY,63,8,0,0,0
ENERGY,63,7,2.89883990158553e-16,9.20267842951842e-16,6.3038385279439e-16
ENERGY,63,6,1.10579444069095e-15,2.86134077820491e-15,1.75554633751342e-15
ENERGY,63,5,-6.87047318488577e-16,2.00570941432123e-16,8.87618259920836e-16
ENERGY,63,4,-6.48137913851451e-16,2.31249334306809e-16,8.79387248157985e-16
ENERGY,63,3,7.82714024312785e-15,7.82714024312785e-15,0
ENERGY,63,2,2.11430921356734e-15,2.8529743726623e-15,7.38665159084037e-16
ENERGY,63,1,1.10973750600965e-14,1.19605397711128e-14,8.63164711033807e-16
ENERGY,63,0,1.20638453097302e-14,1.29238867644103e-14,8.60041454673293e-16
BIASED,64,0.387722164898694,0.424555766520101,0.424555766526778,0.387722164897398
......9......8......7......6......5......4......3......2CORECAP,64,1.36356601959996e-07,1.19999986480407,1.19999974703024,1.23831311665436e-07
DEADLINE,64,-0.00177458900726924,1.19760374877181
RESULT,64,0.4,0,-1,1.19e-09,5.65250000000012e-10
RESET,64,1.39411404695086e-07,9.98057392637998e-06,1.02145551303838e-05,1.39373375526226e-07,1.19998363639948,7.40733778105908e-06
ENERGY,64,8,0,0,0
ENERGY,64,7,3.41303028108648e-16,1.0580567111182e-15,7.16753683009125e-16
ENERGY,64,6,1.10600356260997e-15,2.8633346303124e-15,1.75733106770215e-15
ENERGY,64,5,-5.64129546884103e-16,2.90647075118692e-16,8.54776622003103e-16
ENERGY,64,4,-5.93916845208078e-16,2.62593915608265e-16,8.56510760816527e-16
ENERGY,64,3,7.3729307466226e-15,7.3729307466226e-15,0
ENERGY,64,2,1.72797550739156e-14,1.80919407162454e-14,8.12185642337259e-16
ENERGY,64,1,1.15584899775455e-14,1.24697066642132e-14,9.11216686663591e-16
ENERGY,64,0,1.16925076005211e-14,1.26047905068333e-14,9.12282906308447e-16
BIASED,65,0.366397448348282,0.44588048342496,0.403231049841917,0.409046881688225
CORECAP,65,1.43464073936948e-07,1.20007170101143,4.38784240576128e-05,1.19999974725393
......9......8......7......6......5......4......3......2.DEADLINE,65,1.19967003511683,8.86251694174838e-05
RESULT,65,0.4,-0.044,1,0,1.19e-09
RESET,65,1.39183794515449e-07,-3.62273665566635e-07,1.12309268326327e-06,-2.34253742940453e-07,1.20000141002824,1.1366381322966e-06
ENERGY,65,8,0,0,0
ENERGY,65,7,2.89844182955244e-16,9.2028419507847e-16,6.3044001212056e-16
ENERGY,65,6,1.10601604921917e-15,2.8616367450081e-15,1.7556206957898e-15
ENERGY,65,5,-5.59861103571425e-16,2.76632566481417e-16,8.36493670053069e-16
ENERGY,65,4,-6.59382583626016e-16,2.33526459548752e-16,8.92909043174957e-16
ENERGY,65,3,7.36671972921183e-15,7.36671972921183e-15,0
ENERGY,65,2,2.35607293464639e-15,3.06991958406116e-15,7.13846649419226e-16
ENERGY,65,1,1.20568900969007e-14,1.29165303662972e-14,8.59640269396053e-16
ENERGY,65,0,1.08882803600472e-14,1.17622092565746e-14,8.73928896527772e-16
BIASED,66,0.370274669446757,0.442003262065333,0.407108271041365,0.405169660405432
CORECAP,66,-1.14488976761679e-07,1.20000162466684,1.19999921167521,2.35049165766281e-07
DEADLINE,66,-0.00177466197777436,1.19760368263309
RESULT,66,0.4,-0.036,-1,1.19e-09,6.23999999999993e-10
......9......8......7......6......5......4......3......2..RESET,66,1.39253345095611e-07,9.98434561379437e-06,1.02181817034629e-05,1.3950279650131e-07,1.19998363639992,7.4073374505169e-06
ENERGY,66,8,0,0,0
ENERGY,66,7,3.41285573666703e-16,1.05863051059082e-15,7.17344936922815e-16
ENERGY,66,6,1.10601459531491e-15,2.86214524418722e-15,1.75613064887327e-15
ENERGY,66,5,-5.86814810040912e-16,2.62190706575429e-16,8.49005516615768e-16
ENERGY,66,4,-6.36248214840636e-16,2.36840958077846e-16,8.73089172918651e-16
ENERGY,66,3,7.36672120235244e-15,7.36672120235244e-15,0
ENERGY,66,2,1.71316453970796e-14,1.81234112826627e-14,9.91765885580265e-16
ENERGY,66,1,1.34769519902091e-14,1.43370041968948e-14,8.6005220668249e-16
ENERGY,66,0,1.14384193940094e-14,1.22994890492923e-14,8.61069655295911e-16
BIASED,67,0.405169662939929,0.407108273557899,0.442003262115345,0.37027466949287
CORECAP,67,2.6563458647439e-07,1.19999900075197,1.20000607476258,-1.75427765692213e-08
DEADLINE,67,-0.001774480007292,1.19760381546951
RESULT,67,0.4,0.036,-1,1.19e-09,6.19249999999994e-10
......9......8......7......6......5......4......3......2...RESET,67,1.39568539922957e-07,9.98127580676693e-06,1.02121190641211e-05,1.39229166923186e-07,1.19998363639954,7.40733870751337e-06
ENERGY,67,8,0,0,0
ENERGY,67,7,3.41295452760442e-16,1.05690478084957e-15,7.15609328089583e-16
ENERGY,67,6,1.10600597615379e-15,2.86217168580916e-15,1.75616570965635e-15
ENERGY,67,5,-6.64798077102676e-16,2.36922108537225e-16,9.01720185639798e-16
ENERGY,67,4,-5.57193601190577e-16,2.82372791382167e-16,8.39566392572662e-16
ENERGY,67,3,7.3667208818038e-15,7.3667208818038e-15,0
ENERGY,67,2,1.72911041053792e-14,1.8139407377903e-14,8.48303272520539e-16
ENERGY,67,1,1.12333185250251e-14,1.20932411278922e-14,8.59922602857712e-16
ENERGY,67,0,1.35355891570024e-14,1.43967165256234e-14,8.61127368625413e-16
BIASED,68,0.409046884166877,0.403231049846496,0.445880483367593,0.36639744827428
CORECAP,68,1.19999959460887,1.6295937229624e-07,1.19999974229371,1.43526868665677e-07
DEADLINE,68,1.19967090168107,8.92755388156462e-05
RESULT,68,0.4,0.044,1,0,1.19e-09
......9......8......7......6......5......4......3......2....RESET,68,1.39539238528448e-07,6.22538215748947e-06,7.41778718094218e-06,1.35629286291974e-07,1.20000141068467,1.13689691926645e-06
ENERGY,68,8,0,0,0
ENERGY,68,7,2.89884813723343e-16,9.20276627526555e-16,6.30391813802963e-16
ENERGY,68,6,1.10604269973685e-15,2.8616581738876e-15,1.75561547415049e-15
ENERGY,68,5,-6.4671436687475e-16,2.33492986905318e-16,8.80207353779667e-16
ENERGY,68,4,-5.73371243035499e-16,2.65755569886353e-16,8.39126812921572e-16
ENERGY,68,3,7.36671999886907e-15,7.36671999886907e-15,0
ENERGY,68,2,2.1144010556114e-15,2.85325195698916e-15,7.38850901387077e-16
ENERGY,68,1,1.10892843159831e-14,1.19524724210954e-14,8.63188105115062e-16
ENERGY,68,0,1.20615314110739e-14,1.29215830104157e-14,8.60051599346595e-16
BIASED,69,0.436187430180905,0.473021031883458,0.473021031872335,0.436187430154527
CORECAP,69,-4.52774150112057e-08,1.19999989873649,1.19999964992988,1.35503882289586e-07
DEADLINE,69,-0.00177102487545577,1.19760609258229
RESULT,69,0.45,0,-1,1.19e-09,5.6575e-10
RESET,69,1.38971171351043e-07,9.97797984679829e-06,1.02146123298832e-05,1.38909268903406e-07,1.19998363639774,7.40734529959811e-06
ENERGY,69,8,0,0,0
ENERGY,69,7,3.41461789894339e-16,1.05822603985487e-15,7.16764249960433e-16
ENERGY,69,6,1.10627259080936e-15,2.8638981081949e-15,1.7576255173857e-15
ENERGY,69,5,-4.62204624227773e-16,3.32849867929496e-16,7.95054492157559e-16
ENERGY,69,4,-4.9567106922312e-16,3.00452825294855e-16,7.96123894518181e-16
ENERGY,69,3,6.91250107964917e-15,6.91250107964917e-15,0
ENERGY,69,2,1.72778553903899e-14,1.80915364094973e-14,8.13681019106317e-16
ENERGY,69,1,1.1569938578107e-14,1.24808972442776e-14,9.10958666162058e-16
ENERGY,69,0,1.17040133223708e-14,1.26160383744038e-14,9.12025052039918e-16
......9......8......7......6......5......4......3......2.....BIASED,70,0.414862713479172,0.494345748747854,0.451696315130011,0.45751214698983
CORECAP,70,1.64989280015383e-07,1.2000719778926,4.45228696225137e-05,1.19999950863863
DEADLINE,70,1.19967015766677,8.86529367474738e-05
RESULT,70,0.45,-0.044,1,0,1.19e-09
RESET,70,1.38700111032586e-07,-3.60599276402264e-07,1.69403414989454e-07,4.36243741473796e-08,1.20000141002886,1.1366380692007e-06
ENERGY,70,8,0,0,0
ENERGY,70,7,2.89843972863485e-16,9.20283813820531e-16,6.3043984095703e-16
ENERGY,70,6,1.10628978042933e-15,2.86232534977634e-15,1.756035569348e-15
ENERGY,70,5,-4.45244316664938e-16,3.14989310235178e-16,7.60233626900066e-16
ENERGY,70,4,-5.82167851190718e-16,2.67555586520358e-16,8.49723437710659e-16
ENERGY,70,3,6.90629950417278e-15,6.90629950417278e-15,0
ENERGY,70,2,2.35605427970298e-15,3.07105401894829e-15,7.14999739238203e-16
ENERGY,70,1,1.20823700706201e-14,1.29420509310571e-14,8.59680860441175e-16
ENERGY,70,0,1.08929948046969e-14,1.17657698504602e-14,8.72775045766655e-16
BIASED,71,0.418739937227063,0.490468527506565,0.455573536445784,0.453634925805389
......9......8......7......6......5......4......3......2......CORECAP,71,1.29135365927405e-07,1.1999990546973,1.19999886544702,4.7272159903113e-07
DEADLINE,71,-0.00177112923087319,1.19760599945638
RESULT,71,0.45,-0.036,-1,1.19e-09,6.2500000000002e-10
RESET,71,1.38769447360659e-07,9.98176667938109e-06,1.02131087438115e-05,1.3910056107126e-07,1.19998363639819,7.40734504030402e-06
ENERGY,71,8,0,0,0
ENERGY,71,7,3.41420536978765e-16,1.0588006856992e-15,7.17380148720539e-16
ENERGY,71,6,1.10628456335202e-15,2.86285435373866e-15,1.75656979038725e-15
ENERGY,71,5,-4.77408588193259e-16,2.9770965537719e-16,7.75118243570712e-16
ENERGY,71,4,-5.53805934539493e-16,2.71285448569995e-16,8.25091383109492e-16
ENERGY,71,3,6.90630137721877e-15,6.90630137721877e-15,0
ENERGY,71,2,1.71291918522072e-14,1.81226152208841e-14,9.93423368686008e-16
ENERGY,71,1,1.35227461265621e-14,1.43827899898062e-14,8.60043863236069e-16
ENERGY,71,0,1.14453925207192e-14,1.2306617159647e-14,8.61224638916764e-16
BIASED,72,0.453634928373198,0.455573536354165,0.490468527451629,0.418739934661247
CORECAP,72,5.66566355651191e-07,1.19999906527374,1.19999957952806,-1.32462282851991e-08
......9......8......7......6......5......4......3......2......1DEADLINE,72,-0.00177090604480094,1.19760617439613
RESULT,72,0.45,0.036,-1,1.19e-09,6.20249999999995e-10
RESET,72,1.39129092012605e-07,9.9780269321044e-06,1.02094383630947e-05,1.38762711235635e-07,1.19998363639785,7.40734591515356e-06
ENERGY,72,8,0,0,0
ENERGY,72,7,3.41454556967986e-16,1.05706432778684e-15,7.15609770819269e-16
ENERGY,72,6,1.10627648110988e-15,2.86294987684055e-15,1.75667339572996e-15
ENERGY,72,5,-5.85668357542816e-16,2.71195655362152e-16,8.56864012905069e-16
ENERGY,72,4,-4.44485930194184e-16,3.21920027480341e-16,7.66405957674592e-16
ENERGY,72,3,6.90630091159131e-15,6.90630091159131e-15,0
ENERGY,72,2,1.72898232065554e-14,1.81389910631823e-14,8.49167856634416e-16
ENERGY,72,1,1.12403260704956e-14,1.21003354984086e-14,8.60009427922546e-16
ENERGY,72,0,1.35817712074252e-14,1.44430501478891e-14,8.61278940465626e-16
BIASED,73,0.457512149684653,0.451696315182426,0.494345748722096,0.414862713442846
CORECAP,73,1.19999950894751,1.77779946497283e-07,1.19999966108592,1.65014657374252e-07
DEADLINE,73,1.19967096691828,8.92939963767587e-05
RESULT,73,0.45,0.044,1,0,1.19e-09
......9......8......7......6......5......4......3......2......1.RESET,73,1.39124166060781e-07,6.22467390832612e-06,7.41332139804895e-06,1.38715336450975e-07,1.20000141068433,1.13689680460027e-06
ENERGY,73,8,0,0,0
ENERGY,73,7,2.89884202085016e-16,9.20276135879573e-16,6.30391933794645e-16
ENERGY,73,6,1.10631902182756e-15,2.8624023148969e-15,1.75608329306974e-15
ENERGY,73,5,-5.68006285182422e-16,2.67500875327838e-16,8.35507160510349e-16
ENERGY,73,4,-4.6023750761703e-16,3.02102824140732e-16,7.62340331758479e-16
ENERGY,73,3,6.90630005270894e-15,6.90630005270894e-15,0
ENERGY,73,2,2.11440400370562e-15,2.85441428925776e-15,7.40010285548579e-16
ENERGY,73,1,1.10939556386133e-14,1.19573684687497e-14,8.63412830143334e-16
ENERGY,73,0,1.20872511906585e-14,1.29474061603103e-14,8.60154969635696e-16
BIASED,74,0.484652695606262,0.521486297387713,0.521486297359787,0.484652695573623
CORECAP,74,2.28596921795476e-07,1.19999939515982,1.19999949052229,2.75249062644222e-07
DEADLINE,74,-0.00176715709017073,1.19760876172634
RESULT,74,0.5,0,-1,1.19e-09,5.66499999999994e-10
......9......8......7......6......5......4......3......2......1..RESET,74,1.38419683638393e-07,9.97884274819296e-06,1.02086369338826e-05,1.38396315826824e-07,1.19998363639607,7.40735459496737e-06
ENERGY,74,8,0,0,0
ENERGY,74,7,3.41261655190131e-16,1.05808168769234e-15,7.1682003250148e-16
ENERGY,74,6,1.10659675433401e-15,2.86521028065642e-15,1.75861352632126e-15
ENERGY,74,5,-3.22009096136008e-16,3.76950397190327e-16,6.98959493326439e-16
ENERGY,74,4,-3.59101720038104e-16,3.401553791483e-16,6.99257099186026e-16
ENERGY,74,3,6.45206712160411e-15,6.45206712160411e-15,0
ENERGY,74,2,1.72787511358747e-14,1.80910064907323e-14,8.12255354854717e-16
ENERGY,74,1,1.16038742825324e-14,1.25146435794955e-14,9.10769296956363e-16
ENERGY,74,0,1.17380231002137e-14,1.26498132101144e-14,9.11790109913049e-16
BIASED,75,0.463327978801117,0.542811014239697,0.500161580596097,0.505977412449567
CORECAP,75,5.93700929492325e-07,1.20007215749844,4.56357462956512e-05,1.19999905520711
DEADLINE,75,1.19967027832805,8.86848654608673e-05
RESULT,75,0.5,-0.044,1,0,1.19e-09
......9......8......7......6......5......4......3......2......1...RESET,75,1.38174526891572e-07,-3.57775111687049e-07,1.0667300896349e-06,-2.35001828368439e-07,1.20000141003033,1.13663885799194e-06
ENERGY,75,8,0,0,0
ENERGY,75,7,2.89843723658621e-16,9.20276724165992e-16,6.30433000505916e-16
ENERGY,75,6,1.10659261088318e-15,2.86236452711057e-15,1.75577191622614e-15
ENERGY,75,5,-2.92309290870736e-16,3.55354600472068e-16,6.47663891343296e-16
ENERGY,75,4,-4.66553931755383e-16,3.02757468198257e-16,7.6931139995394e-16
ENERGY,75,3,6.44587863162811e-15,6.44587863162811e-15,0
ENERGY,75,2,2.35598802732704e-15,3.07333869152885e-15,7.17350664197197e-16
ENERGY,75,1,1.21347128365314e-14,1.30136201601925e-14,8.78907323663842e-16
ENERGY,75,0,1.09170437923993e-14,1.17894466965217e-14,8.72402904129636e-16
BIASED,76,0.467205202269423,0.5389337925266,0.504038801826745,0.502100191195138
CORECAP,76,4.01498011623838e-07,1.19999900358572,1.19999750634121,2.34164525578547e-06
DEADLINE,76,-0.00176728917215627,1.19760864634441
RESULT,76,0.5,-0.036,-1,1.19e-09,6.26500000000009e-10
......9......8......7......6......5......4......3......2......1....RESET,76,1.38221256791957e-07,9.97792883806303e-06,1.02092568025131e-05,1.38580542849366e-07,1.19998363639589,7.40735452704086e-06
ENERGY,76,8,0,0,0
ENERGY,76,7,3.41292113040965e-16,1.05857795531388e-15,7.1728584227342e-16
ENERGY,76,6,1.10659608444014e-15,2.86304574771319e-15,1.75644966327459e-15
ENERGY,76,5,-3.29625532675289e-16,3.34694352645037e-16,6.64319885320525e-16
ENERGY,76,4,-4.33000763509258e-16,3.07370831171295e-16,7.40371594680592e-16
ENERGY,76,3,6.44588158569728e-15,6.44588158569728e-15,0
ENERGY,76,2,1.71291096083571e-14,1.81221740889233e-14,9.93064480555593e-16
ENERGY,76,1,1.36027670693437e-14,1.44629723415159e-14,8.60205272160259e-16
ENERGY,76,0,1.14710296104916e-14,1.23323480676107e-14,8.61318457129116e-16
BIASED,77,0.502100193895541,0.504038801803626,0.538933793083295,0.467205200134112
CORECAP,77,2.18312737304369e-06,1.19999723869462,1.19999916358901,5.17288439414662e-07
DEADLINE,77,-0.00176704707183928,1.19760884281636
RESULT,77,0.5,0.036,-1,1.19e-09,6.21749999999984e-10
RESET,77,1.38644265069044e-07,9.97089352380643e-06,1.02069117629549e-05,1.38226853835196e-07,1.19998363639544,7.40735518433808e-06
ENERGY,77,8,0,0,0
ENERGY,77,7,3.41292278645008e-16,1.05682724332833e-15,7.15534964683289e-16
ENERGY,77,6,1.10659410095178e-15,2.86314259385366e-15,1.75654849290205e-15
ENERGY,77,5,-4.68107885684579e-16,3.06632339321104e-16,7.74740225005873e-16
ENERGY,77,4,-2.93475105002338e-16,3.6348810736435e-16,6.56963212366687e-16
ENERGY,77,3,6.44588091863296e-15,6.44588091863296e-15,0
ENERGY,77,2,1.72919192042501e-14,1.81387704104234e-14,8.46851206184319e-16
ENERGY,77,1,1.12659392741565e-14,1.21260891055451e-14,8.60149831374753e-16
ENERGY,77,0,1.36625111571716e-14,1.45237309468114e-14,8.61219789640916e-16
BIASED,78,0.50597741504036,0.500161580455832,0.542811014182721,0.463327978723642
......9......8......7......6......5......4......3......2......1.....CORECAP,78,1.19999904886284,1.13124666362484e-06,1.1999994008324,6.01474148539088e-07
DEADLINE,78,1.19967103189251,8.93263668296484e-05
RESULT,78,0.5,0.044,1,0,1.19e-09
RESET,78,-2.3491405800761e-07,6.22377563293649e-06,7.40631735851667e-06,1.38169945530648e-07,1.20000141073664,1.13690114031781e-06
ENERGY,78,8,0,0,0
ENERGY,78,7,2.86377884097814e-16,9.16767181274196e-16,6.30389297176587e-16
ENERGY,78,6,1.10662919245114e-15,2.86247310618548e-15,1.75584391373477e-15
ENERGY,78,5,-4.50925070094467e-16,3.02677355099184e-16,7.53602425192883e-16
ENERGY,78,4,-3.0874609054806e-16,3.40206905353181e-16,6.48952995900948e-16
ENERGY,78,3,6.4458798535008e-15,6.4458798535008e-15,0
ENERGY,78,2,2.1153271586802e-15,2.85761118481361e-15,7.4228402611999e-16
ENERGY,78,1,1.1118524337024e-14,1.1981892966763e-14,8.63368629737887e-16
ENERGY,78,0,1.21490621455066e-14,1.30093409308267e-14,8.60278785315634e-16
BIASED,79,0.533117961083886,0.569951562946893,0.569951562921953,0.533117961045997
......9......8......7......6......5......4......3......2......1......CORECAP,79,4.2345211824738e-06,1.19999727821435,1.19999730325419,4.19002283159216e-06
DEADLINE,79,-0.00176045538927253,1.19761337703775
RESULT,79,0.55,0,-1,1.19e-09,5.67749999999975e-10
RESET,79,1.37843371719018e-07,9.9753864274818e-06,1.02006647811222e-05,1.37799285887619e-07,1.19998363639536,7.40735809502244e-06
ENERGY,79,8,0,0,0
ENERGY,79,7,3.41428372932958e-16,1.05823474994231e-15,7.16806377009946e-16
ENERGY,79,6,1.10694390768272e-15,2.86621589739436e-15,1.75927198971143e-15
ENERGY,79,5,-1.43595087227515e-16,4.22962046640099e-16,5.66557133867593e-16
ENERGY,79,4,-1.84230751045401e-16,3.81777541009653e-16,5.66008292054663e-16
ENERGY,79,3,5.99162723964329e-15,5.99162723964329e-15,0
ENERGY,79,2,1.72763473190259e-14,1.80901204742669e-14,8.13773155254334e-16
ENERGY,79,1,1.16629337308371e-14,1.25731234045007e-14,9.10189673676513e-16
ENERGY,79,0,1.17969891104696e-14,1.27082667774827e-14,9.11277667021083e-16
BIASED,80,0.511793244309105,0.591276279923506,0.548626845572057,0.554442677445762
CORECAP,80,9.0962119760643e-06,1.2000686510036,5.40041642571211e-05,1.19999509629166
DEADLINE,80,1.19967038526305,8.87113151460575e-05
......9......8......7......6......5......4......3......2......1......0RESULT,80,0.55,-0.044,1,0,1.19e-09
RESET,80,1.37599340980625e-07,-3.55220820436082e-07,1.06108516306764e-06,4.52819173968159e-08,1.20000141002756,1.13663736752172e-06
ENERGY,80,8,0,0,0
ENERGY,80,7,2.86335493597496e-16,9.16771121780704e-16,6.30435628183858e-16
ENERGY,80,6,1.10696123721597e-15,2.86143264796125e-15,1.75447141074559e-15
ENERGY,80,5,-1.01060261105777e-16,4.00216147030914e-16,5.01276408137253e-16
ENERGY,80,4,-3.12512941547391e-16,3.38919117735436e-16,6.51432059283329e-16
ENERGY,80,3,5.98545817584748e-15,5.98545817584748e-15,0
ENERGY,80,2,2.35707597993996e-15,3.07761854634864e-15,7.20542566396601e-16
ENERGY,80,1,1.2238901435813e-14,1.30986168028811e-14,8.5971536707228e-16
ENERGY,80,0,1.09629835655347e-14,1.18326637587113e-14,8.69680193172782e-16
spectre completes with 0 errors, 9 warnings, and 8 notices.
