// Extracted original meter records; not a full Spectre log.
BIASED,0,0.590648074270886,0.609351929698874,0.609351929698874,0.590648074270886
.CORECAP,0,3.73983403738996e-05,1.19998539454767,1.1999854689891,3.75226341742513e-05
DEADLINE,0,-0.00175608301719203,1.19761725345975
RESULT,0,0.6,0,-1,1.18975e-09,5.8625e-10
..RESET,0,1.37404313986497e-07,1.06054511870487e-05,9.24531615552356e-06,1.37324544125881e-07,1.19998363641537,7.2358300514932e-06
ENERGY,0,8,0,0,0
ENERGY,0,7,3.31981910847153e-16,1.05885980631034e-15,7.2687789546319e-16
ENERGY,0,6,1.15757085881776e-15,2.90760197131777e-15,1.75003111250003e-15
ENERGY,0,5,1.17042169118061e-20,4.02875976215794e-16,4.02864271998885e-16
ENERGY,0,4,1.16917953646325e-20,4.02878036509545e-16,4.02866344714184e-16
ENERGY,0,3,2.80557870589914e-15,2.80557870589914e-15,0
ENERGY,0,2,1.72462484670271e-14,1.80837359965845e-14,8.37487529557445e-16
ENERGY,0,1,1.23063004369356e-14,1.31663645315891e-14,8.60064094653527e-16
ENERGY,0,0,1.2441313293243e-14,1.33014254209543e-14,8.60112127711235e-16
BIASED,1,1.15176376348368,1.17046761906456,1.17046761906838,1.15176376348736
...CORECAP,1,1.29194210057776e-06,1.19999956604134,1.20000636383775,1.29596384996991e-06
DEADLINE,1,-0.00173631744986576,1.19761192606507
RESULT,1,1.17,0,-1,1.19e-09,5.7425e-10
....RESET,1,1.35988943390113e-07,1.0586231238366e-05,9.23482086431318e-06,1.35976602312303e-07,1.19998363640482,7.40731126792401e-06
ENERGY,1,8,0,0,0
ENERGY,1,7,3.40817958656267e-16,1.05882549375237e-15,7.180075350961e-16
ENERGY,1,6,1.18278859567224e-15,2.78340423328885e-15,1.60061563761661e-15
ENERGY,1,5,3.54692077141538e-15,4.17043237036159e-15,6.23511598946305e-16
ENERGY,1,4,3.54692098607352e-15,4.1704321472064e-15,6.2351116113285e-16
ENERGY,1,3,1.74988560779226e-16,1.85542747366259e-16,1.05541865870453e-17
ENERGY,1,2,1.73160173275416e-14,1.81217676923071e-14,8.05750364765814e-16
ENERGY,1,1,1.22500805008912e-14,1.36245520987995e-14,1.37447159790864e-15
ENERGY,1,0,1.23844470388452e-14,1.37595106920264e-14,1.37506365318099e-15
BIASED,2,1.13995080248228,1.18228058090252,1.15865465804035,1.16357672530614
CORECAP,2,1.12507592871177e-06,1.20007777903784,4.92110917055872e-05,1.19999910542492
.....DEADLINE,2,1.19966995623856,8.86546154797811e-05
RESULT,2,1.17,-0.024,1,0,1.18975e-09
......RESET,2,1.36042291895609e-07,6.72007833765361e-07,1.24549396456596e-07,1.35895730427171e-07,1.20000141072904,3.72251425837499e-07
ENERGY,2,8,0,0,0
ENERGY,2,7,2.85915191445618e-16,9.17935915834157e-16,6.32020724388563e-16
ENERGY,2,6,1.18289260133635e-15,2.78246648899392e-15,1.59957388765756e-15
ENERGY,2,5,2.70441322864299e-15,3.49583012365787e-15,7.91416895014934e-16
ENERGY,2,4,2.49453751771327e-15,2.96467789378397e-15,4.70140376070651e-16
ENERGY,2,3,1.40280384374516e-16,1.48357857458322e-16,8.07747308382011e-18
ENERGY,2,2,2.35690404791763e-15,3.11951544591173e-15,7.62611397994022e-16
ENERGY,2,1,1.33264668672154e-14,1.41889095493902e-14,8.62442682173922e-16
ENERGY,2,0,1.17749153815887e-14,1.2646420671942e-14,8.71505290353692e-16
BIASED,3,1.14388845629646,1.17834292709608,1.16259231180187,1.15963907144418
CORECAP,3,1.17290052455662e-06,1.20000141262966,1.20000005809631,1.7682338334065e-06
......9DEADLINE,3,-0.00173634089392491,1.19761190880168
RESULT,3,1.17,-0.016,-1,1.19e-09,6.0825e-10
......9.RESET,3,1.36033007703231e-07,1.05878594706714e-05,9.23633935584623e-06,1.35978717694113e-07,1.19998363640352,7.40731766614273e-06
ENERGY,3,8,0,0,0
ENERGY,3,7,3.40291776710388e-16,1.05879295663202e-15,7.18501179921601e-16
ENERGY,3,6,1.18156186531815e-15,2.78135621682299e-15,1.59979435150486e-15
ENERGY,3,5,2.64532804824428e-15,3.27318492021088e-15,6.27856871966734e-16
ENERGY,3,4,2.55256595175324e-15,3.17226662656302e-15,6.19700674809749e-16
ENERGY,3,3,1.40280305011662e-16,1.50837524232384e-16,1.05572192206756e-17
ENERGY,3,2,1.71620305818858e-14,1.81192952347088e-14,9.5726465282287e-16
ENERGY,3,1,1.43274216993061e-14,1.51895503600984e-14,8.621286607922e-16
ENERGY,3,0,1.24529454157529e-14,1.33156548822553e-14,8.62709466502088e-16
BIASED,4,1.15963907149707,1.1625923118433,1.1783429270771,1.14388845626936
CORECAP,4,1.78286734007799e-06,1.20000369343793,1.19999921751359,1.16817593382997e-06
......9..DEADLINE,4,-0.00173637610096595,1.19761190908915
RESULT,4,1.17,0.016,-1,1.19e-09,6.03249999999999e-10
......9...RESET,4,1.35989411464539e-07,1.0589498434994e-05,9.23097935229129e-06,1.35976561908044e-07,1.19998363640352,7.40731628003992e-06
ENERGY,4,8,0,0,0
ENERGY,4,7,3.41009477277409e-16,1.05719023346509e-15,7.1618075618773e-16
ENERGY,4,6,1.18231032915839e-15,2.78143769948648e-15,1.59912737032814e-15
ENERGY,4,5,2.51339110709154e-15,3.14837513527941e-15,6.34984028187879e-16
ENERGY,4,4,2.68476331948145e-15,3.31261929665975e-15,6.27855977178441e-16
ENERGY,4,3,1.4028032287921e-16,1.50837539154837e-16,1.05572162756046e-17
ENERGY,4,2,1.73198245065784e-14,1.81335978662248e-14,8.13773359645667e-16
ENERGY,4,1,1.22470852639283e-14,1.31092143119978e-14,8.62129048070034e-16
ENERGY,4,0,1.43896403581317e-14,1.52522130413208e-14,8.62572683189676e-16
BIASED,5,1.16357672530175,1.15865465804037,1.18228058093271,1.13995080249984
CORECAP,5,1.19999970563417,1.74019966810843e-06,1.19999953101744,1.13317606091609e-06
DEADLINE,5,1.19967080729558,8.92754781874873e-05
......9....RESULT,5,1.17,0.024,1,0,1.19e-09
......9.....RESET,5,1.35958059798437e-07,6.84192169335602e-06,6.45591274414789e-06,3.72681344993199e-08,1.20000141144163,3.72261253855501e-07
ENERGY,5,8,0,0,0
ENERGY,5,7,2.86641258850591e-16,9.18361233997622e-16,6.31719975147044e-16
ENERGY,5,6,1.18261453258639e-15,2.78310697068939e-15,1.60049243810308e-15
ENERGY,5,5,2.51018546458858e-15,2.97143892301287e-15,4.61253458424402e-16
ENERGY,5,4,2.68861816666386e-15,3.48007520503059e-15,7.91457038366677e-16
ENERGY,5,3,1.40280595840511e-16,1.48359179292386e-16,8.07858345190392e-18
ENERGY,5,2,2.12133537815115e-15,2.9039474380159e-15,7.82612059864291e-16
ENERGY,5,1,1.19799318370368e-14,1.28455193562572e-14,8.6558751921931e-16
ENERGY,5,0,1.33367309558997e-14,1.41997299470026e-14,8.62998991102872e-16
BIASED,6,1.15668583116418,1.17538968675979,1.17538968680708,1.15668583121838
CORECAP,6,1.28913759211932e-06,1.19999953621033,1.20000595996895,1.23611618875245e-06
DEADLINE,6,-0.00173642057596982,1.19761189691091
......9......RESULT,6,1.175,0,-1,1.19e-09,5.75749999999998e-10
......9......8RESET,6,1.36022350189062e-07,1.05860501278446e-05,9.23484468011833e-06,1.36010924294078e-07,1.19998363640283,7.40731508202742e-06
ENERGY,6,8,0,0,0
ENERGY,6,7,3.4101647168615e-16,1.05872113632687e-15,7.17704664640746e-16
ENERGY,6,6,1.18111350624312e-15,2.78334334847667e-15,1.60222984223359e-15
ENERGY,6,5,2.66615252438136e-15,3.29142409435033e-15,6.25271569969084e-16
ENERGY,6,4,2.61892318022272e-15,3.24523914204604e-15,6.263159618235e-16
ENERGY,6,3,1.17203310325909e-16,1.28234645661802e-16,1.10313353359309e-17
ENERGY,6,2,1.72731782716546e-14,1.8081640269392e-14,8.0846199773712e-16
ENERGY,6,1,1.27757383213967e-14,1.36426038979771e-14,8.6686557658002e-16
ENERGY,6,0,1.29102819717787e-14,1.37776774996238e-14,8.67395527844021e-16
BIASED,7,1.14487286948067,1.18720264791506,1.16357672500347,1.16849879226742
CORECAP,7,1.02128302681242e-06,1.20007864188682,4.91534863437855e-05,1.19999910444735
DEADLINE,7,1.19966995187195,8.86530221812489e-05
......9......8.RESULT,7,1.175,-0.024,1,0,1.19e-09
......9......8..RESET,7,1.36056756337728e-07,-8.28577959556046e-07,1.24550437424043e-07,1.3589545303353e-07,1.20000141003306,1.03070779442758e-06
ENERGY,7,8,0,0,0
ENERGY,7,7,2.85844457904787e-16,9.17913154615378e-16,6.32068696710385e-16
ENERGY,7,6,1.18140248318133e-15,2.78218745164423e-15,1.60078496846297e-15
ENERGY,7,5,2.73899325904798e-15,3.53363942282523e-15,7.94646163777247e-16
ENERGY,7,4,2.52797994997344e-15,2.99838066149957e-15,4.70400711526278e-16
ENERGY,7,3,1.16900769019288e-16,1.25417240055134e-16,8.51647103580723e-18
ENERGY,7,2,2.36109114776821e-15,3.12351668606064e-15,7.62425538293046e-16
ENERGY,7,1,1.33473608338021e-14,1.42102491110411e-14,8.62888277239684e-16
ENERGY,7,0,1.17883872028136e-14,1.26610797401892e-14,8.72692537375931e-16
BIASED,8,1.14881052357764,1.18326499438529,1.16751437906215,1.16456113870688
CORECAP,8,1.14260645897112e-06,1.19999964810988,1.20000002826891,1.79531190628329e-06
DEADLINE,8,-0.00173645073385511,1.19761188024197
RESULT,8,1.175,-0.016,-1,1.19e-09,6.08499999999998e-10
......9......8...RESET,8,1.36032566993101e-07,1.05876856382025e-05,9.23634125145389e-06,1.35979380754891e-07,1.19998363640293,7.40731478271777e-06
ENERGY,8,8,0,0,0
ENERGY,8,7,3.40950016697118e-16,1.0590865522372e-15,7.18136535539991e-16
ENERGY,8,6,1.17931513035888e-15,2.78143527908088e-15,1.60212014872206e-15
ENERGY,8,5,2.67961199850801e-15,3.30922041236549e-15,6.29608413857544e-16
ENERGY,8,4,2.58629339025769e-15,3.2077540398571e-15,6.21460649599571e-16
ENERGY,8,3,1.16900601350866e-16,1.27935104428428e-16,1.1034503077504e-17
ENERGY,8,2,1.71625642311759e-14,1.81191217933693e-14,9.56557562193398e-16
ENERGY,8,1,1.43419740156158e-14,1.52048654709783e-14,8.62891455363297e-16
ENERGY,8,0,1.24625973161553e-14,1.33260338079545e-14,8.63436491796516e-16
......9......8....BIASED,9,1.16456113875347,1.16751437910047,1.18326499433731,1.14881052352929
CORECAP,9,1.7734081940054e-06,1.19999927636696,1.20000165662909,1.00590172516374e-06
DEADLINE,9,-0.00173645888158433,1.19761188330225
RESULT,9,1.175,0.016,-1,1.19e-09,6.03499999999999e-10
......9......8.....RESET,9,1.35992163632478e-07,9.94957903230768e-06,1.01719105784781e-05,1.35981412078904e-07,1.19998363639987,7.40733349472327e-06
ENERGY,9,8,0,0,0
ENERGY,9,7,3.41100739256342e-16,1.05732901336433e-15,7.16228274107994e-16
ENERGY,9,6,1.17917869713612e-15,2.7813822045557e-15,1.60220350741961e-15
ENERGY,9,5,2.5469464759357e-15,3.1836642659788e-15,6.36717790042944e-16
ENERGY,9,4,2.71921062330755e-15,3.34881795194525e-15,6.29607328637392e-16
ENERGY,9,3,1.16900548076023e-16,1.27935044129944e-16,1.10344960540262e-17
ENERGY,9,2,1.73207021442406e-14,1.81337884490024e-14,8.130863047612e-16
ENERGY,9,1,1.22577876341996e-14,1.31197766495026e-14,8.6198901530181e-16
ENERGY,9,0,1.44052701362243e-14,1.52676771874753e-14,8.62407051251732e-16
......9......8......BIASED,10,1.16849879258844,1.16357672532877,1.18720264823393,1.14487286979993
CORECAP,10,1.19999909770878,1.68677185150263e-06,1.19999952053476,1.13619221603092e-06
DEADLINE,10,1.19967080502121,8.92739954568147e-05
RESULT,10,1.175,0.024,1,0,1.19e-09
......9......8......7RESET,10,1.35963089292758e-07,6.84184004830712e-06,6.45584746810757e-06,3.72253579571554e-08,1.20000141069559,1.03093655677115e-06
ENERGY,10,8,0,0,0
ENERGY,10,7,2.85885806830344e-16,9.17944233357966e-16,6.32058426527683e-16
ENERGY,10,6,1.17759685277901e-15,2.78016227231878e-15,1.60256541953977e-15
ENERGY,10,5,2.54367388550287e-15,3.0052467321726e-15,4.61572846669755e-16
ENERGY,10,4,2.72310874044205e-15,3.51780210549813e-15,7.94693365055974e-16
ENERGY,10,3,1.16900628622295e-16,1.25418310862193e-16,8.51768223989483e-18
ENERGY,10,2,2.121981816476e-15,2.90445168191293e-15,7.82469865436406e-16
ENERGY,10,1,1.1989945072033e-14,1.28557778795475e-14,8.65832807513319e-16
ENERGY,10,0,1.33539276268149e-14,1.42172881345095e-14,8.63360507694107e-16
......9......8......7.BIASED,11,1.15963907152203,1.17834292710761,1.17834292712396,1.15963907154786
CORECAP,11,1.27428713312807e-06,1.19999957456119,1.20000444027533,1.27239038201759e-06
DEADLINE,11,-0.00173647672626766,1.19761188210702
RESULT,11,1.178,0,-1,1.19e-09,5.75999999999998e-10
......9......8......7..RESET,11,1.35995026933559e-07,9.95128645045772e-06,1.01738411418278e-05,1.36025073078385e-07,1.19998363640008,7.40733301900151e-06
ENERGY,11,8,0,0,0
ENERGY,11,7,3.41851940144475e-16,1.05929872190621e-15,7.17446781761722e-16
ENERGY,11,6,1.17669490393226e-15,2.78073327991008e-15,1.60403837597784e-15
ENERGY,11,5,2.68280163796898e-15,3.30911869606645e-15,6.2631705809708e-16
ENERGY,11,4,2.63539638073008e-15,3.26562290106456e-15,6.30226520334022e-16
ENERGY,11,3,1.03054204426014e-16,1.14385743644608e-16,1.13315392186183e-17
ENERGY,11,2,1.72733204977931e-14,1.80811271440551e-14,8.07806646262236e-16
ENERGY,11,1,1.27850759579506e-14,1.36505824522075e-14,8.65506494255952e-16
ENERGY,11,0,1.29196481154488e-14,1.37856892915599e-14,8.6604117611335e-16
......9......8......7...BIASED,12,1.14782611012356,1.19015588854269,1.16652996567488,1.17145203292881
CORECAP,12,1.13832538312721e-06,1.2000785609196,4.92938446406951e-05,1.19999910336812
DEADLINE,12,1.19966994992709,8.86519548531648e-05
RESULT,12,1.178,-0.024,1,0,1.18999999999999e-09
......9......8......7....RESET,12,1.36056694316413e-07,-8.28573024631295e-07,1.24550849098461e-07,1.35895287805066e-07,1.20000141003299,1.03070789846011e-06
ENERGY,12,8,0,0,0
ENERGY,12,7,2.86268508292831e-16,9.17910838267087e-16,6.31642329974138e-16
ENERGY,12,6,1.17717613712714e-15,2.77975174196762e-15,1.60257560484065e-15
ENERGY,12,5,2.75981834334356e-15,3.55641334765652e-15,7.9659500431269e-16
ENERGY,12,4,2.54812339517043e-15,3.01868533384778e-15,4.70561938677995e-16
ENERGY,12,3,1.02872741234325e-16,1.11666536612856e-16,8.79379537851426e-18
ENERGY,12,2,2.36092845037272e-15,3.123646975897e-15,7.62718525522878e-16
ENERGY,12,1,1.33578141683323e-14,1.42210620777151e-14,8.6324790938095e-16
ENERGY,12,0,1.17949678504126e-14,1.26672733105312e-14,8.72305460118746e-16
BIASED,13,1.15176376393312,1.18621823474081,1.17046761941818,1.16751437906126
......9......8......7.....CORECAP,13,1.04581141426646e-06,1.20000154221447,1.2000040699451,1.77756810092406e-06
DEADLINE,13,-0.00173650168041438,1.1976118653379
RESULT,13,1.178,-0.016,-1,1.19e-09,6.08500000000002e-10
......9......8......7......RESET,13,1.35984814796911e-07,9.95298829079763e-06,1.01753187195549e-05,1.36024997576954e-07,1.19998363640027,7.40733273916128e-06
ENERGY,13,8,0,0,0
ENERGY,13,7,3.41845820345189e-16,1.05976642481791e-15,7.17920604472738e-16
ENERGY,13,6,1.17689602862679e-15,2.77899647536954e-15,1.60210044674271e-15
ENERGY,13,5,2.70026403361858e-15,3.33092656040989e-15,6.30662526791544e-16
ENERGY,13,4,2.60661171322142e-15,3.22913331050082e-15,6.22521597279631e-16
ENERGY,13,3,1.02872590601705e-16,1.14207319490397e-16,1.13347288887021e-17
ENERGY,13,2,1.71618843537111e-14,1.81184411148152e-14,9.56556761105743e-16
ENERGY,13,1,1.43509526452422e-14,1.52141963871295e-14,8.63243741888144e-16
ENERGY,13,0,1.24686621254449e-14,1.33324858826582e-14,8.63823757212672e-16
BIASED,14,1.16751437915269,1.17046761951294,1.18621823466555,1.15176376384859
......9......8......7......6CORECAP,14,1.60439434061273e-06,1.19999926981809,1.2000035738894,1.09754788216569e-06
DEADLINE,14,-0.00173651512914137,1.19761186845613
RESULT,14,1.178,0.016,-1,1.19e-09,6.03749999999996e-10
......9......8......7......6.RESET,14,1.35989580702894e-07,9.94955125354863e-06,1.01717130316065e-05,1.35982097449685e-07,1.1999836363999,7.40733335906356e-06
ENERGY,14,8,0,0,0
ENERGY,14,7,3.41853569439851e-16,1.05785037337889e-15,7.15996803938843e-16
ENERGY,14,6,1.17689475227626e-15,2.7790834640213e-15,1.60218871174495e-15
ENERGY,14,5,2.56716791981261e-15,3.20493064721638e-15,6.37762727403838e-16
ENERGY,14,4,2.73996703841019e-15,3.37062864010427e-15,6.30661601694332e-16
ENERGY,14,3,1.02872598982002e-16,1.14207321308755e-16,1.13347223267193e-17
ENERGY,14,2,1.73205503778648e-14,1.8133580246264e-14,8.13029868399771e-16
ENERGY,14,1,1.22629325011075e-14,1.3126178778852e-14,8.63246277744648e-16
ENERGY,14,0,1.44136376746958e-14,1.52772910335378e-14,8.6365335884186e-16
BIASED,15,1.1714520329439,1.16652996568262,1.19015588859538,1.14782611016138
......9......8......7......6..CORECAP,15,1.19999960072702,1.69052049305352e-06,1.20000090511468,1.10435260491559e-06
DEADLINE,15,1.19967080438537,8.92731392466399e-05
RESULT,15,1.178,0.024,1,0,1.19e-09
......9......8......7......6...RESET,15,1.35960206164504e-07,6.24947180572304e-06,7.35422730518836e-06,3.71517989003854e-08,1.20000141073786,1.13690172168205e-06
ENERGY,15,8,0,0,0
ENERGY,15,7,2.86469565939137e-16,9.18108243189242e-16,6.31638677250187e-16
ENERGY,15,6,1.1773955257829e-15,2.77995303919829e-15,1.60255751341536e-15
ENERGY,15,5,2.56387254584964e-15,3.02563876148846e-15,4.61766215639235e-16
ENERGY,15,4,2.74390911508597e-15,3.54055129629578e-15,7.9664218121047e-16
ENERGY,15,3,1.02872847180889e-16,1.11667844197067e-16,8.79499701617896e-18
ENERGY,15,2,2.12180505888042e-15,2.90461148954547e-15,7.82806430665883e-16
ENERGY,15,1,1.19935451794704e-14,1.28613360758546e-14,8.67790896385389e-16
ENERGY,15,0,1.33617719612669e-14,1.42271025050611e-14,8.65330543794584e-16
BIASED,16,1.16160789833263,1.18031175418997,1.1803117540266,1.16160789843671
......9......8......7......6....CORECAP,16,1.29769522505768e-06,1.19999952228904,1.20000591906437,1.23912531257197e-06
DEADLINE,16,-0.00173650872695382,1.19761187213889
RESULT,16,1.18,0,-1,1.19e-09,5.75999999999998e-10
......9......8......7......6.....RESET,16,1.3599561311888e-07,9.95127863664927e-06,1.01738425401094e-05,1.36025144215706e-07,1.1999836364001,7.40733292588961e-06
ENERGY,16,8,0,0,0
ENERGY,16,7,3.41852791182746e-16,1.05930500065121e-15,7.17452209468559e-16
ENERGY,16,6,1.17663465362175e-15,2.78066674306814e-15,1.60403208944628e-15
ENERGY,16,5,2.69459443867067e-15,3.32161501468496e-15,6.27020576013885e-16
ENERGY,16,4,2.64708124945757e-15,3.2795846470624e-15,6.32503397604488e-16
ENERGY,16,3,9.36418530179634e-17,1.05178813850951e-16,1.15369608330147e-17
ENERGY,16,2,1.72734035474576e-14,1.80812012305588e-14,8.07797683098877e-16
ENERGY,16,1,1.2788554731422e-14,1.36551755113915e-14,8.6662077996328e-16
ENERGY,16,0,1.29231591964762e-14,1.37903145757826e-14,8.67155379309189e-16
BIASED,17,1.14979493703661,1.19212471545568,1.16849879253134,1.17342085979989
......9......8......7......6......CORECAP,17,1.03517076694742e-06,1.20007883687038,4.95590934840421e-05,1.19999963552342
DEADLINE,17,1.19966994808586,8.86515764520464e-05
RESULT,17,1.18,-0.024,1,0,1.18999999999999e-09
......9......8......7......6......5RESET,17,1.36038208130156e-07,-3.41253384983129e-07,1.04181441030866e-06,1.35850644973606e-07,1.20000141003091,1.13663835270989e-06
ENERGY,17,8,0,0,0
ENERGY,17,7,2.86428597239601e-16,9.18070783307692e-16,6.31642186067745e-16
ENERGY,17,6,1.17711552817222e-15,2.77968374558981e-15,1.60256821741774e-15
ENERGY,17,5,2.77375358582617e-15,3.57164716498189e-15,7.97893579155751e-16
ENERGY,17,4,2.56160362902274e-15,3.03227010918526e-15,4.70666480162936e-16
ENERGY,17,3,9.35209277516421e-17,1.02504706542285e-16,8.9837787905976e-18
ENERGY,17,2,2.36085083492146e-15,3.12375177798526e-15,7.6290094306388e-16
ENERGY,17,1,1.33623987425931e-14,1.42276091457388e-14,8.65210403149027e-16
ENERGY,17,0,1.17966721347084e-14,1.26709494171637e-14,8.74277282455434e-16
BIASED,18,1.15373259034156,1.1881870613699,1.17243644634853,1.1694832059915
......9......8......7......6......5.CORECAP,18,1.14461270880542e-06,1.20000363556981,1.20000003180598,1.79384229061386e-06
DEADLINE,18,-0.00173653331186394,1.19761185589664
RESULT,18,1.18,-0.016,-1,1.19e-09,6.08500000000002e-10
......9......8......7......6......5..RESET,18,1.35984641068705e-07,9.95298660678554e-06,1.01754237068782e-05,1.36024848871879e-07,1.19998363640028,7.40733270961372e-06
ENERGY,18,8,0,0,0
ENERGY,18,7,3.4201541597704e-16,1.05993153843024e-15,7.17916122452954e-16
ENERGY,18,6,1.17683577451071e-15,2.77893092081591e-15,1.60209514630514e-15
ENERGY,18,5,2.71408268443467e-15,3.34544704441648e-15,6.31364359982566e-16
ENERGY,18,4,2.62020812300702e-15,3.24343595547446e-15,6.23227832467903e-16
ENERGY,18,3,9.35207738963724e-17,1.05060928816677e-16,1.15401549203308e-17
ENERGY,18,2,1.71600884469531e-14,1.81186257413085e-14,9.58537294354566e-16
ENERGY,18,1,1.43546605383123e-14,1.52199102762381e-14,8.65249737923005e-16
ENERGY,18,0,1.2470640725321e-14,1.33364207709294e-14,8.65780045607769e-16
BIASED,19,1.16948320605689,1.1724364464145,1.18818706158019,1.1537325907673
......9......8......7......6......5...CORECAP,19,1.79472310329628e-06,1.2000036837202,1.20000106739631,1.16111498660072e-06
DEADLINE,19,-0.00173654719707839,1.19761185856551
RESULT,19,1.18,0.016,-1,1.19e-09,6.03749999999996e-10
......9......8......7......6......5....RESET,19,1.35992912620759e-07,9.94948868506082e-06,1.01721633163053e-05,1.35983473829287e-07,1.1999836363999,7.40733334073818e-06
ENERGY,19,8,0,0,0
ENERGY,19,7,3.42139277918998e-16,1.05817501296897e-15,7.16035735050033e-16
ENERGY,19,6,1.17940620848128e-15,2.77901321222154e-15,1.59960700374013e-15
ENERGY,19,5,2.58070027323888e-15,3.21915849347695e-15,6.38458220237495e-16
ENERGY,19,4,2.75385603356884e-15,3.38521921264116e-15,6.31363179070739e-16
ENERGY,19,3,9.35208312492826e-17,1.0506097733505e-16,1.15401460857059e-17
ENERGY,19,2,1.73165433494111e-14,1.81336959733142e-14,8.17152623902247e-16
ENERGY,19,1,1.22642184885107e-14,1.31294351173366e-14,8.65216628826237e-16
ENERGY,19,0,1.44166993363396e-14,1.52823576401514e-14,8.65658303813631e-16
BIASED,20,1.17342085984897,1.16849879258731,1.1921247155138,1.14979493707895
CORECAP,20,1.19999910131879,1.67918977136947e-06,1.19999950664454,1.05453058309621e-06
......9......8......7......6......5.....DEADLINE,20,1.19967080333674,8.9272895952702e-05
RESULT,20,1.18,0.024,1,0,1.19e-09
......9......8......7......6......5......RESET,20,1.3596410279146e-07,6.24946829409396e-06,7.35420193375569e-06,1.35474698975468e-07,1.20000141073765,1.13690166807846e-06
ENERGY,20,8,0,0,0
ENERGY,20,7,2.86762055152601e-16,9.18398502645428e-16,6.31636447492899e-16
ENERGY,20,6,1.17968672548782e-15,2.77969437195185e-15,1.60000764646411e-15
ENERGY,20,5,2.5773754965907e-15,3.03926787372732e-15,4.61892377136666e-16
ENERGY,20,4,2.75781340548601e-15,3.55575460302233e-15,7.97941197537019e-16
ENERGY,20,3,9.35209665757195e-17,1.02505936293162e-16,8.98496971746083e-18
ENERGY,20,2,2.11757440200058e-15,2.90484797760549e-15,7.87273575604054e-16
ENERGY,20,1,1.19965042425639e-14,1.28642989849723e-14,8.67794742406698e-16
ENERGY,20,0,1.33674748691677e-14,1.42328802095435e-14,8.65405340375855e-16
BIASED,21,1.16652996557937,1.18523382116423,1.18523382127652,1.16652996570531
CORECAP,21,1.29353159950647e-06,1.20000626448502,1.20000446241056,1.30588867957524e-06
......9......8......7......6......5......4DEADLINE,21,-0.00173659071512064,1.19761184724167
RESULT,21,1.185,0,-1,1.19e-09,5.76249999999998e-10
......9......8......7......6......5......4.RESET,21,1.35983791375432e-07,9.95125095393471e-06,1.01737076065756e-05,1.35984837691611e-07,1.19998363640013,7.40733275146158e-06
ENERGY,21,8,0,0,0
ENERGY,21,7,3.42137715891666e-16,1.05958278576308e-15,7.17445069871444e-16
ENERGY,21,6,1.17749706526497e-15,2.78265928064364e-15,1.60516221537864e-15
ENERGY,21,5,2.73502434081278e-15,3.3637978360257e-15,6.28773495212294e-16
ENERGY,21,4,2.68739256149906e-15,3.31709451022363e-15,6.29701948724128e-16
ENERGY,21,3,7.04437673348994e-17,8.25167303166916e-17,1.20729629817772e-17
ENERGY,21,2,1.72691579327977e-14,1.80810230086917e-14,8.11865075894046e-16
ENERGY,21,1,1.27968064414676e-14,1.36660002441772e-14,8.69193802707399e-16
ENERGY,21,0,1.29314330044927e-14,1.38011598261441e-14,8.69726821653366e-16
BIASED,22,1.15471700432986,1.19704678275266,1.17342085991884,1.17834292717537
CORECAP,22,1.13755185000873e-06,1.2000787669733,4.92996404457884e-05,1.19999909983651
......9......8......7......6......5......4..DEADLINE,22,1.19966994330471,8.86506353335183e-05
RESULT,22,1.185,-0.024,1,0,1.19e-09
......9......8......7......6......5......4...RESET,22,1.36047646866489e-07,-3.41250422411287e-07,1.04166354037476e-06,1.35851746066463e-07,1.20000141003067,1.13663828871856e-06
ENERGY,22,8,0,0,0
ENERGY,22,7,2.86720702148249e-16,9.18364197612085e-16,6.31643495463574e-16
ENERGY,22,6,1.17797901614714e-15,2.78166639795181e-15,1.60368738180444e-15
ENERGY,22,5,2.80871704553012e-15,3.60985690494457e-15,8.01139859415891e-16
ENERGY,22,4,2.5954305690135e-15,3.06634856628718e-15,4.70917997274145e-16
ENERGY,22,3,7.01412208045914e-17,7.96224017997032e-17,9.48118099504424e-18
ENERGY,22,2,2.35670963993778e-15,3.12420570317091e-15,7.67496063234013e-16
ENERGY,22,1,1.33777930901727e-14,1.42430082313928e-14,8.65215141220485e-16
ENERGY,22,0,1.18054612909305e-14,1.26798027280323e-14,8.74341437100505e-16
BIASED,23,1.15865465787191,1.19310912888824,1.17735851364585,1.17440527330063
CORECAP,23,1.1802890327862e-06,1.20000165436493,1.20000001619874,1.78585640045127e-06
DEADLINE,23,-0.00173661936676015,1.19761183291252
......9......8......7......6......5......4....RESULT,23,1.185,-0.016,-1,1.19e-09,6.08750000000002e-10
......9......8......7......6......5......4.....RESET,23,1.36016621202387e-07,9.95295573754422e-06,1.01752462080145e-05,1.35982089225701e-07,1.19998363640033,7.40733246819839e-06
ENERGY,23,8,0,0,0
ENERGY,23,7,3.42138714733473e-16,1.06003070447923e-15,7.17891989745799e-16
ENERGY,23,6,1.17384124550759e-15,2.77705974116953e-15,1.60321849566167e-15
ENERGY,23,5,2.74875481494271e-15,3.38186826152539e-15,6.33113446583995e-16
ENERGY,23,4,2.65432431016875e-15,3.27931323754994e-15,6.24988927379962e-16
ENERGY,23,3,7.0141042702597e-17,8.22172257551478e-17,1.20761830525186e-17
ENERGY,23,2,1.71579428099141e-14,1.81184848150036e-14,9.60542005083707e-16
ENERGY,23,1,1.43694269549931e-14,1.5234640090017e-14,8.65213135023232e-16
ENERGY,23,0,1.24809243560859e-14,1.33467340247619e-14,8.65809668676994e-16
BIASED,24,1.17440527297038,1.17735851331737,1.19310912896778,1.15865465814408
CORECAP,24,1.78568098315476e-06,1.20000368454373,1.1999992163937,1.16212463823625e-06
DEADLINE,24,-0.00173662887624993,1.19761183360988
......9......8......7......6......5......4......RESULT,24,1.185,0.016,-1,1.18999999999999e-09,6.03999999999983e-10
......9......8......7......6......5......4......3RESET,24,1.35993611579533e-07,9.94948196719923e-06,1.01722717091161e-05,1.3597140394705e-07,1.19998363639994,7.40733309857746e-06
ENERGY,24,8,0,0,0
ENERGY,24,7,3.42138933007382e-16,1.05810294730527e-15,7.15964014298189e-16
ENERGY,24,6,1.17385622713384e-15,2.77715608225088e-15,1.60329985511707e-15
ENERGY,24,5,2.61464682768952e-15,3.25483854618506e-15,6.40191718495467e-16
ENERGY,24,4,2.78869419101086e-15,3.42180678185147e-15,6.33112590839126e-16
ENERGY,24,3,7.01410779978401e-17,8.22172543146405e-17,1.20761763167275e-17
ENERGY,24,2,1.73167753147517e-14,1.81337061915794e-14,8.16930876825327e-16
ENERGY,24,1,1.22753592590144e-14,1.31406100304463e-14,8.65250771433166e-16
ENERGY,24,0,1.44321994135827e-14,1.52978273468816e-14,8.65627933299111e-16
BIASED,25,1.1783429271484,1.17342085990011,1.19704678275637,1.15471700433372
CORECAP,25,1.19999959719149,1.69911948430708e-06,1.20000204855828,1.13972572731076e-06
DEADLINE,25,1.19967080063731,8.92722674660993e-05
......9......8......7......6......5......4......3.RESULT,25,1.185,0.024,1,0,1.19e-09
......9......8......7......6......5......4......3..RESET,25,1.35960514729756e-07,6.24947111514023e-06,7.35435512466002e-06,1.35466346000306e-07,1.20000141073733,1.13690140356683e-06
ENERGY,25,8,0,0,0
ENERGY,25,7,2.86763133054949e-16,9.1840095247997e-16,6.31637819425193e-16
ENERGY,25,6,1.17412360897361e-15,2.77780018150183e-15,1.60367657252781e-15
ENERGY,25,5,2.61126687865497e-15,3.07346368915921e-15,4.62196810504965e-16
ENERGY,25,4,2.79270829024145e-15,3.59389254052022e-15,8.01184250279118e-16
ENERGY,25,3,7.01412199922547e-17,7.96234923435453e-17,9.48227235135592e-18
ENERGY,25,2,2.11786416429792e-15,2.90544986925516e-15,7.8758570496081e-16
ENERGY,25,1,1.20069312835086e-14,1.28747884780223e-14,8.6785719451022e-16
ENERGY,25,0,1.33846762545959e-14,1.42500303427304e-14,8.65354088138265e-16
BIASED,26,1.16948320602907,1.18818706159526,1.18818706162989,1.16948320605317
CORECAP,26,1.3025326853421e-06,1.20000366437513,1.20000129239125,1.30640688446471e-06
DEADLINE,26,-0.00173664074673408,1.19761183231051
RESULT,26,1.188,0,-1,1.18999999999999e-09,5.76249999999998e-10
......9......8......7......6......5......4......3...RESET,26,1.35983552908474e-07,9.95123736193755e-06,1.01736918224611e-05,1.35984513524491e-07,1.19998363640016,7.40733260093917e-06
ENERGY,26,8,0,0,0
ENERGY,26,7,3.42137145765005e-16,1.05960584491579e-15,7.17468699150852e-16
ENERGY,26,6,1.17323383069205e-15,2.77840488913378e-15,1.60517105844151e-15
ENERGY,26,5,2.75188226575666e-15,3.38170383922418e-15,6.29821573468169e-16
ENERGY,26,4,2.70407487150641e-15,3.3376529922718e-15,6.33578120765664e-16
ENERGY,26,3,5.62947979071598e-17,6.87073984286529e-17,1.24126005214259e-17
ENERGY,26,2,1.72692130531617e-14,1.80810610588151e-14,8.11848005655212e-16
ENERGY,26,1,1.28063658577479e-14,1.36738351360177e-14,8.67469278268076e-16
ENERGY,26,0,1.29409651162839e-14,1.38089692982718e-14,8.68004181987062e-16
......9......8......7......6......5......4......3....BIASED,27,1.15767024468397,1.20000002310786,1.17637410027707,1.18129616753142
CORECAP,27,1.10624395834664e-06,1.20008102088557,4.93428592009556e-05,1.19999968680967
DEADLINE,27,1.19966994032883,8.86500496471753e-05
RESULT,27,1.188,-0.024,1,0,1.18999999999999e-09
......9......8......7......6......5......4......3.....RESET,27,1.36045516501759e-07,-3.41239355307064e-07,1.04181778322614e-06,1.35858947990705e-07,1.20000141003066,1.13663828591066e-06
ENERGY,27,8,0,0,0
ENERGY,27,7,2.86720638361343e-16,9.18363853834467e-16,6.31643215473482e-16
ENERGY,27,6,1.17371688259519e-15,2.77739608194897e-15,1.60367919935407e-15
ENERGY,27,5,2.8297842634546e-15,3.63287106255081e-15,8.03086799096934e-16
ENERGY,27,4,2.61581626615286e-15,3.08687859991919e-15,4.71062333765634e-16
ENERGY,27,3,5.61133269443893e-17,6.59105771408819e-17,9.79725019649838e-18
ENERGY,27,2,2.35671599685073e-15,3.12447286486902e-15,7.6775686802238e-16
ENERGY,27,1,1.33882991253427e-14,1.42535797628341e-14,8.65280637499429e-16
ENERGY,27,0,1.18120582575097e-14,1.26863356931488e-14,8.74277435637164e-16
......9......8......7......6......5......4......3......BIASED,28,1.16160789821839,1.1960623692322,1.18031175401746,1.17735851366854
CORECAP,28,1.17404556195053e-06,1.20000266239704,1.2000040510735,1.78989172504726e-06
DEADLINE,28,-0.00173666888789032,1.19761181887163
RESULT,28,1.188,-0.016,-1,1.18999999999999e-09,6.08999999999989e-10
......9......8......7......6......5......4......3......2RESET,28,1.36016369738447e-07,9.95294978950511e-06,1.01754408847981e-05,1.36025117290814e-07,1.19998363640057,7.40733130715411e-06
ENERGY,28,8,0,0,0
ENERGY,28,7,3.42138065994638e-16,1.06001291218835e-15,7.17874846193883e-16
ENERGY,28,6,1.17343635819174e-15,2.77664664630867e-15,1.60321028811721e-15
ENERGY,28,5,2.76965005319631e-15,3.40380988344691e-15,6.34159830248147e-16
ENERGY,28,4,2.67488476778854e-15,3.30092676305232e-15,6.26041995264025e-16
ENERGY,28,3,5.61131823331684e-17,6.85290027604355e-17,1.24158204273164e-17
ENERGY,28,2,1.71579131262277e-14,1.81184192737049e-14,9.60506147469241e-16
ENERGY,28,1,1.43778670746114e-14,1.52431051673501e-14,8.65238092736307e-16
ENERGY,28,0,1.24869482010619e-14,1.33527440156248e-14,8.65795814564297e-16
......9......8......7......6......5......4......3......2.BIASED,29,1.17735851332612,1.18031175367627,1.19606236920329,1.16160789839343
CORECAP,29,1.62092987028832e-06,1.20000395103749,1.20000141418708,1.174722467577e-06
DEADLINE,29,-0.00173667888545135,1.19761181868674
RESULT,29,1.188,0.016,-1,1.18999999999999e-09,6.03999999999983e-10
......9......8......7......6......5......4......3......2..RESET,29,1.35995808124757e-07,9.94940313284498e-06,1.01722421869235e-05,1.35971170424947e-07,1.19998363639997,7.4073329536754e-06
ENERGY,29,8,0,0,0
ENERGY,29,7,3.4213904104137e-16,1.0581029002039e-15,7.15963859162571e-16
ENERGY,29,6,1.17343420330897e-15,2.77673132010812e-15,1.60329711679888e-15
ENERGY,29,5,2.63510575239066e-15,3.27633391908253e-15,6.4122816669093e-16
ENERGY,29,4,2.80968791727726e-15,3.44384702555984e-15,6.34159108283969e-16
ENERGY,29,3,5.61131871604063e-17,6.85290028969455e-17,1.2415815736426e-17
ENERGY,29,2,1.73169322992166e-14,1.81337591098547e-14,8.16826810638698e-16
ENERGY,29,1,1.22812514668669e-14,1.31464884349545e-14,8.65236968091851e-16
ENERGY,29,0,1.44407661534537e-14,1.53064093332898e-14,8.6564317983739e-16
......9......8......7......6......5......4......3......2...BIASED,30,1.18129616747306,1.17637410021139,1.20000002311155,1.15767024468919
CORECAP,30,1.19999909464944,1.70309307014701e-06,1.19999951952738,1.1247118820788e-06
DEADLINE,30,1.19967079897404,8.92718763832912e-05
RESULT,30,1.188,0.024,1,0,1.19e-09
......9......8......7......6......5......4......3......2....RESET,30,1.35965505079782e-07,6.24947020049276e-06,7.35394394347762e-06,1.35467602042894e-07,1.20000141073737,1.13690141393628e-06
ENERGY,30,8,0,0,0
ENERGY,30,7,2.86763142775082e-16,9.18401302854999e-16,6.31638160079979e-16
ENERGY,30,6,1.17371545649649e-15,2.77737633386645e-15,1.60366087737022e-15
ENERGY,30,5,2.63169307011231e-15,3.0940680860584e-15,4.62375015946123e-16
ENERGY,30,4,2.81373626822985e-15,3.61686864358944e-15,8.03132375359868e-16
ENERGY,30,3,5.6113341546906e-17,6.59116128076223e-17,9.79827126066974e-18
ENERGY,30,2,2.11789970731291e-15,2.90581116858595e-15,7.87911461271022e-16
ENERGY,30,1,1.20126211598847e-14,1.28804182875077e-14,8.6779712762381e-16
ENERGY,30,0,1.3394340054746e-14,1.42597634461046e-14,8.6542339135683e-16
BIASED,31,1.17145203292163,1.1901558884943,1.19015588849294,1.17145203291495
......9......8......7......6......5......4......3......2.....CORECAP,31,1.29477038000162e-06,1.20000371252634,1.20000338569578,1.29444703742984e-06
DEADLINE,31,-0.00173667460063194,1.19761182246242
RESULT,31,1.19,0,-1,1.19e-09,5.76249999999998e-10
......9......8......7......6......5......4......3......2......RESET,31,1.35984949929603e-07,9.95121725073918e-06,1.01738670904293e-05,1.35974226640987e-07,1.19998363640017,7.40733249805998e-06
ENERGY,31,8,0,0,0
ENERGY,31,7,3.42135617499378e-16,1.05960435578666e-15,7.17468738287128e-16
ENERGY,31,6,1.17295234804562e-15,2.77812287471115e-15,1.60517052666626e-15
ENERGY,31,5,2.76380705005685e-15,3.39432601299271e-15,6.30518962936005e-16
ENERGY,31,4,2.71589169655103e-15,3.3517534084431e-15,6.35861711891423e-16
ENERGY,31,3,4.68823304822591e-17,5.95298649970272e-17,1.26475345147099e-17
ENERGY,31,2,1.72690534820964e-14,1.80808916032825e-14,8.11838121187181e-16
ENERGY,31,1,1.28116849643746e-14,1.36783487241535e-14,8.66663759774463e-16
ENERGY,31,0,1.2946296901859e-14,1.38134626954888e-14,8.67165793631484e-16
BIASED,32,1.16357672539622,1.1980311962057,1.18228058102924,1.17932734066812
......9......8......7......6......5......4......3......2......1CORECAP,32,1.18175195792003e-06,1.20000037152109,1.1999992210796,1.79324214111456e-06
DEADLINE,32,-0.00173670245385759,1.1976118102578
RESULT,32,1.19,-0.016,-1,1.18999999999999e-09,6.04999999999985e-10
......9......8......7......6......5......4......3......2......1.RESET,32,1.35983762363789e-07,9.95296149141649e-06,1.01754807660284e-05,1.36024790426124e-07,1.19998363640061,7.40733115067543e-06
ENERGY,32,8,0,0,0
ENERGY,32,7,3.42223436952596e-16,1.05940902211735e-15,7.17185585164891e-16
ENERGY,32,6,1.17315436604552e-15,2.77641509762522e-15,1.60326073157958e-15
ENERGY,32,5,2.80773608438157e-15,3.44259313047424e-15,6.34857046094287e-16
ENERGY,32,4,2.66477746476555e-15,3.29375197092809e-15,6.28974506161731e-16
ENERGY,32,3,4.67612628838338e-17,5.9412028560782e-17,1.26507656769874e-17
ENERGY,32,2,1.73092792701075e-14,1.81386466089966e-14,8.29367338886572e-16
ENERGY,32,1,1.4315318972962e-14,1.51805704400893e-14,8.65251467122111e-16
ENERGY,32,0,1.24193154969034e-14,1.32850933763359e-14,8.65777879431664e-16
BIASED,33,1.17932734053922,1.1822805808877,1.1980311961565,1.16357672533472
......9......8......7......6......5......4......3......2......1..CORECAP,33,1.81113768155114e-06,1.19999917334961,1.1999991741053,1.00654274139619e-06
DEADLINE,33,-0.00173671304129329,1.1976118087285
RESULT,33,1.19,0.016,-1,1.18999999999999e-09,6.0424999999999e-10
......9......8......7......6......5......4......3......2......1...RESET,33,1.35984583624368e-07,9.9493764306626e-06,1.01720592596158e-05,1.35974673625613e-07,1.19998363639997,7.40733284353992e-06
ENERGY,33,8,0,0,0
ENERGY,33,7,3.42138652315674e-16,1.05808637788783e-15,7.15947725572261e-16
ENERGY,33,6,1.16757225528806e-15,2.77643981095969e-15,1.60886755567165e-15
ENERGY,33,5,2.64877824783466e-15,3.29069567826061e-15,6.41917430425118e-16
ENERGY,33,4,2.82371714629095e-15,3.45857274067877e-15,6.34855594388586e-16
ENERGY,33,3,4.67611666081906e-17,5.94119215176204e-17,1.26507549094331e-17
ENERGY,33,2,1.73170146352859e-14,1.81337911057939e-14,8.16776470505683e-16
ENERGY,33,1,1.22867596361573e-14,1.31519822771862e-14,8.65222641023275e-16
ENERGY,33,0,1.44479004628484e-14,1.53135549025146e-14,8.65654439666501e-16
BIASED,34,1.1763741000172,1.19507795578306,1.1950779556456,1.17637410022794
......9......8......7......6......5......4......3......2......1....CORECAP,34,1.2912047604461e-06,1.20000371959755,1.20000614949066,1.16631692043856e-06
DEADLINE,34,-0.00173676096688588,1.19761179847452
RESULT,34,1.195,0,-1,1.18999999999999e-09,5.7499999999999e-10
......9......8......7......6......5......4......3......2......1.....RESET,34,1.36016550440287e-07,9.95121819082864e-06,1.01736846497859e-05,1.35974105540522e-07,1.19998363640044,7.40733121911469e-06
ENERGY,34,8,0,0,0
ENERGY,34,7,3.42138474697111e-16,1.05987175450558e-15,7.17733279809017e-16
ENERGY,34,6,1.16666781550138e-15,2.77752278888181e-15,1.61085497337994e-15
ENERGY,34,5,2.79670480964151e-15,3.4289633741242e-15,6.3225856448322e-16
ENERGY,34,4,2.76468241830214e-15,3.39694060310922e-15,6.32258184806545e-16
ENERGY,34,3,2.36840567202971e-17,3.69611534413855e-17,1.32770967211341e-17
ENERGY,34,2,1.7312182036326e-14,1.81201258545884e-14,8.07943818264035e-16
ENERGY,34,1,1.28205184363519e-14,1.36897144569255e-14,8.6919602056448e-16
ENERGY,34,0,1.29550111175034e-14,1.38247356816844e-14,8.69724564188422e-16
BIASED,35,1.18129616721684,1.20000002279541,1.20000002310115,1.18129616752283
......9......8......7......6......5......4......3......2......1......CORECAP,35,1.28839974785821e-06,1.2000036915018,1.20000610174812,1.2873315950478e-06
DEADLINE,35,-0.00173684926658679,1.19761177443435
RESULT,35,1.2,0,-1,1.19e-09,5.75249999999997e-10
......9......8......7......6......5......4......3......2......1......0RESET,35,1.35984875470552e-07,9.95112030221395e-06,1.01736964978124e-05,1.35974379361862e-07,1.1999836364005,7.40733095919824e-06
ENERGY,35,8,0,0,0
ENERGY,35,7,3.43330357541684e-16,1.05985809029996e-15,7.16527732758345e-16
ENERGY,35,6,1.16016849539614e-15,2.77114587034938e-15,1.61097737495332e-15
ENERGY,35,5,2.8157353748857e-15,3.44972707909032e-15,6.33991704203783e-16
ENERGY,35,4,2.81573536487166e-15,3.44972684090206e-15,6.33991476029853e-16
ENERGY,35,3,3.04094813586328e-19,1.4585128983052e-17,1.42810341694155e-17
ENERGY,35,2,1.73118420553318e-14,1.81197532582338e-14,8.07911202901086e-16
ENERGY,35,1,1.28331101982448e-14,1.37023387214679e-14,8.69228523220863e-16
ENERGY,35,0,1.29676143295322e-14,1.38373649045481e-14,8.69750575010844e-16
spectre completes with 0 errors, 9 warnings, and 8 notices.
