// Extracted original meter records; not a full Spectre log.
.BIASED,0,0.58158320085259,0.618416803066134,0.618416803066134,0.58158320085259
..CORECAP,0,3.43109514466641e-05,1.19998745567948,1.19998749039423,3.4431840505874e-05
DEADLINE,0,-0.00175601898248582,1.19761718274391
...RESULT,0,0.6,0,-1,1.18975e-09,5.7075e-10
......RESET,0,1.37249126776111e-07,1.0609474123582e-05,9.24606625259623e-06,1.37277897688905e-07,1.19998363641551,7.23582897027883e-06
ENERGY,0,8,0,0,0
ENERGY,0,7,3.31979121947798e-16,1.05900056192704e-15,7.2702143997924e-16
ENERGY,0,6,1.15762336577989e-15,2.9072630539734e-15,1.74963968819352e-15
ENERGY,0,5,1.14202521420337e-20,3.96511331460787e-16,3.96499911208646e-16
ENERGY,0,4,1.18567831764136e-20,3.96512303732463e-16,3.96500446949286e-16
ENERGY,0,3,5.52504110478869e-15,5.52504110478869e-15,0
ENERGY,0,2,1.72493954850422e-14,1.80865691425103e-14,8.37173657468313e-16
ENERGY,0,1,1.18567221839089e-14,1.27166642090675e-14,8.59942025158554e-16
ENERGY,0,0,1.19914397095208e-14,1.28512793425785e-14,8.59839633057788e-16
BIASED,1,1.12439420665206,1.1961228010062,1.16122780915791,1.15928919871971
......9.CORECAP,1,1.04340204756384e-06,1.19999937173263,1.19999907184856,1.90924711979513e-06
DEADLINE,1,-0.00173668441031854,1.19761180260343
......9..RESULT,1,1.178,-0.036,-1,1.19e-09,6.1175e-10
......9.....RESET,1,1.36032918460481e-07,1.05905647852471e-05,9.23844563804304e-06,1.35978748727039e-07,1.1999836364056,7.40730839829545e-06
ENERGY,1,8,0,0,0
ENERGY,1,7,3.41000250505796e-16,1.05819003110924e-15,7.17189780603439e-16
ENERGY,1,6,1.18429799574951e-15,2.78226778902547e-15,1.59796979327595e-15
ENERGY,1,5,6.43495268029984e-15,7.00349776278822e-15,5.68545082488404e-16
ENERGY,1,4,5.87128743042861e-15,6.4268016065482e-15,5.55514176119524e-16
ENERGY,1,3,2.71613974903233e-16,2.94059024127196e-16,2.24450492239146e-17
ENERGY,1,2,1.73294942333071e-14,1.81426083151167e-14,8.13114081809064e-16
ENERGY,1,1,1.40482569904018e-14,1.54218214644613e-14,1.37356447405941e-15
ENERGY,1,0,1.12440307621166e-14,1.26182919597361e-14,1.37426119761972e-15
BIASED,2,1.15928919887851,1.16122780954238,1.19612280134279,1.12439420697807
......9......CORECAP,2,1.72817640369538e-06,1.19999889438225,1.2000004878396,1.03326159348326e-06
......9......8DEADLINE,2,-0.00173669431308889,1.197611799602
RESULT,2,1.178,0.036,-1,1.18975e-09,6.105e-10
......9......8...RESET,2,1.35990895155844e-07,1.05821230613133e-05,9.23109116543728e-06,1.36016701158553e-07,1.19998363640457,7.40731085795988e-06
ENERGY,2,8,0,0,0
ENERGY,2,7,3.40844421467293e-16,1.05688729179885e-15,7.16042870331528e-16
ENERGY,2,6,1.1844650333213e-15,2.7829466170076e-15,1.5984815836863e-15
ENERGY,2,5,4.91729190597929e-15,5.50821844203934e-15,5.90926536059964e-16
ENERGY,2,4,5.53826893591433e-15,6.10680349917339e-15,5.6853456325903e-16
ENERGY,2,3,2.02587658184909e-16,2.2503236112257e-16,2.24447029376242e-17
ENERGY,2,2,1.73150458015612e-14,1.81443876676222e-14,8.2934186606103e-16
ENERGY,2,1,1.16269672541056e-14,1.24892077130715e-14,8.62240458966437e-16
ENERGY,2,0,1.46854348164585e-14,1.55480514396126e-14,8.62616623153526e-16
......9......8....BIASED,3,1.16316642015583,1.15735058818163,1.20000002261804,1.1205169856266
......9......8.....CORECAP,3,1.19999912909706,1.67377110788476e-06,1.20000366569101,1.02826117619644e-06
......9......8......DEADLINE,3,1.19967078392577,8.92698956090807e-05
RESULT,3,1.178,0.044,1,0,1.19e-09
......9......8......7..RESET,3,1.35944500566198e-07,5.87306408072436e-06,6.45564016584962e-06,3.41389786662038e-08,1.20000141234799,3.71663666611859e-07
ENERGY,3,8,0,0,0
ENERGY,3,7,2.86089764108382e-16,9.18105477014748e-16,6.32015712906414e-16
ENERGY,3,6,1.18312230863642e-15,2.78314987764279e-15,1.6000275690064e-15
ENERGY,3,5,4.92482810320344e-15,5.32891315854443e-15,4.04085055341271e-16
ENERGY,3,4,5.53280279926486e-15,6.26115129666899e-15,7.28348497404175e-16
ENERGY,3,3,2.02587880910237e-16,2.20073212882046e-16,1.74853319717599e-17
ENERGY,3,2,2.12046437736629e-15,2.90935299120993e-15,7.88888613843945e-16
ENERGY,3,1,1.1452337225019e-14,1.23171952870999e-14,8.64858062080661e-16
ENERGY,3,0,1.3164306949974e-14,1.40263334728754e-14,8.62026522900552e-16
......9......8......7...BIASED,4,1.14378031371908,1.18061391624595,1.18061391607157,1.14378031358368
......9......8......7....CORECAP,4,1.09463880351291e-06,1.20000364399606,1.20000614452596,1.16137057918955e-06
......9......8......7.....DEADLINE,4,-0.00173665440350813,1.1976118170097
RESULT,4,1.18,0,-1,1.19e-09,5.60750000000001e-10
......9......8......7......6.RESET,4,1.36033778702153e-07,1.05859925072528e-05,9.23483067030737e-06,1.36009794174241e-07,1.19998363640296,7.40731443567156e-06
ENERGY,4,8,0,0,0
ENERGY,4,7,3.41074046736003e-16,1.05893500316136e-15,7.17860956425408e-16
ENERGY,4,6,1.18296655492496e-15,2.78411586099826e-15,1.60114930607326e-15
ENERGY,4,5,5.29628672473601e-15,5.85826946221202e-15,5.61982737475619e-16
ENERGY,4,4,5.2145526035846e-15,5.78690105311913e-15,5.72348449534315e-16
ENERGY,4,3,1.84408317192553e-16,2.07244666873672e-16,2.28363496812283e-17
ENERGY,4,2,1.72754393219256e-14,1.80858193984783e-14,8.10380076552592e-16
ENERGY,4,1,1.21916753968718e-14,1.30549573138692e-14,8.63281916997822e-16
ENERGY,4,0,1.23257635152424e-14,1.31896417149472e-14,8.63878199705075e-16
......9......8......7......6..BIASED,5,1.12633281764563,1.19806141200418,1.16316641986381,1.16122780920876
......9......8......7......6...CORECAP,5,9.47372107580205e-07,1.20000231280523,1.19999907802588,1.92940341055668e-06
DEADLINE,5,-0.00173670077600973,1.19761179613253
......9......8......7......6....RESULT,5,1.18,-0.036,-1,1.19e-09,6.12000000000001e-10
......9......8......7......6......5RESET,5,1.3603269567276e-07,1.05904778425563e-05,9.23845158431525e-06,1.35978757916428e-07,1.1999836364035,7.40731263576286e-06
ENERGY,5,8,0,0,0
ENERGY,5,7,3.40888771821847e-16,1.05834160389006e-15,7.1745283206821e-16
ENERGY,5,6,1.18335971300183e-15,2.78264970309278e-15,1.59928999009083e-15
ENERGY,5,5,5.53189258293774e-15,6.10085602564594e-15,5.6896344270825e-16
ENERGY,5,4,4.97767480615876e-15,5.5418733231067e-15,5.64198516948147e-16
ENERGY,5,3,1.84171148628705e-16,2.07018747289444e-16,2.28475986608063e-17
ENERGY,5,2,1.73295459689203e-14,1.81420166289631e-14,8.12470660043101e-16
ENERGY,5,1,1.45711801178139e-14,1.54338436342205e-14,8.62663516407178e-16
ENERGY,5,0,1.17635525149574e-14,1.26268510403309e-14,8.63298525371254e-16
......9......8......7......6......5.BIASED,6,1.1612278095354,1.16316642020049,1.19806141200409,1.12633281763976
......9......8......7......6......5..CORECAP,6,1.90615446992968e-06,1.1999991084857,1.20000077007179,1.04509585742491e-06
DEADLINE,6,-0.00173674311837578,1.19761178810375
......9......8......7......6......5...RESULT,6,1.18,0.036,-1,1.19e-09,6.10499999999997e-10
......9......8......7......6......5......RESET,6,1.35990011933983e-07,1.05823168178575e-05,9.2309626995057e-06,1.36016432799264e-07,1.19998363640283,7.40731521226498e-06
ENERGY,6,8,0,0,0
ENERGY,6,7,3.41021614938775e-16,1.05691540922685e-15,7.15893794288098e-16
ENERGY,6,6,1.18303859350814e-15,2.78273429451775e-15,1.59969570100962e-15
ENERGY,6,5,4.94580400929564e-15,5.53653025086799e-15,5.90726241571999e-16
ENERGY,6,4,5.56373004256687e-15,6.13269003097064e-15,5.68959988403357e-16
ENERGY,6,3,1.84171082453397e-16,2.07018571802258e-16,2.28474893488628e-17
ENERGY,6,2,1.73191512743785e-14,1.81481554053867e-14,8.29004131008606e-16
ENERGY,6,1,1.16298301583258e-14,1.24925084254394e-14,8.62678267114231e-16
ENERGY,6,0,1.46913887932203e-14,1.55544291941202e-14,8.63040400900621e-16
BIASED,7,1.14862684023393,1.18546044274514,1.1854604426938,1.1486268401898
......9......8......7......6......5......4.CORECAP,7,1.12791786426515e-06,1.19999981985657,1.20000603249221,1.13160361099462e-06
DEADLINE,7,-0.00173673718056938,1.19761179437078
......9......8......7......6......5......4..RESULT,7,1.185,0,-1,1.19e-09,5.59499999999999e-10
......9......8......7......6......5......4.....RESET,7,1.36031931873591e-07,1.05860085220258e-05,9.23481610939828e-06,1.36017753361486e-07,1.19998363640323,7.40731319880877e-06
ENERGY,7,8,0,0,0
ENERGY,7,7,3.40958818393144e-16,1.05910956122201e-15,7.18150742828979e-16
ENERGY,7,6,1.18178743149464e-15,2.78419763943253e-15,1.60241020793775e-15
ENERGY,7,5,5.36302721287233e-15,5.92607991718658e-15,5.63052704314237e-16
ENERGY,7,4,5.29492623339394e-15,5.85884699418534e-15,5.63920760791895e-16
ENERGY,7,3,1.38722965075856e-16,1.62610244338534e-16,2.38872792625935e-17
ENERGY,7,2,1.73190898135214e-14,1.81253215855125e-14,8.06231771993419e-16
ENERGY,7,1,1.21968173504866e-14,1.30634010625759e-14,8.66583712088291e-16
ENERGY,7,0,1.23308016516614e-14,1.31979469524133e-14,8.6714530075201e-16
BIASED,8,1.15153475623852,1.18836835875214,1.18836835873109,1.15153475621302
......9......8......7......6......5......4......CORECAP,8,1.14400323486648e-06,1.20000372474232,1.20000611059051,1.0920895894839e-06
......9......8......7......6......5......4......3DEADLINE,8,-0.00173678474442035,1.19761178103134
RESULT,8,1.188,0,-1,1.19e-09,5.59499999999999e-10
......9......8......7......6......5......4......3...RESET,8,1.36031698475595e-07,1.05859906273622e-05,9.23480786761551e-06,1.36018411209762e-07,1.19998363640326,7.40731305716769e-06
ENERGY,8,8,0,0,0
ENERGY,8,7,3.40952840394698e-16,1.05911062787774e-15,7.1815778748279e-16
ENERGY,8,6,1.17956270336578e-15,2.78377284178742e-15,1.60421013842159e-15
ENERGY,8,5,5.36619635334378e-15,5.92988572240494e-15,5.63689369061501e-16
ENERGY,8,4,5.36619637653105e-15,5.92988779261241e-15,5.63691416080766e-16
ENERGY,8,3,1.10860232905915e-16,1.35412974900661e-16,2.4552741994851e-17
ENERGY,8,2,1.73189109909325e-14,1.81251054921307e-14,8.06194501197578e-16
ENERGY,8,1,1.22048102440004e-14,1.30697168170596e-14,8.64906573057968e-16
ENERGY,8,0,1.2338815738441e-14,1.32042692482075e-14,8.65453509765991e-16
......9......8......7......6......5......4......3....BIASED,9,1.15347336687824,1.19030696938864,1.19030696931925,1.1534733668136
......9......8......7......6......5......4......3.....CORECAP,9,1.13732974733122e-06,1.19999973519983,1.20000089416912,1.13505021740601e-06
......9......8......7......6......5......4......3......DEADLINE,9,-0.00173681644087812,1.19761177233461
RESULT,9,1.19,0,-1,1.19e-09,5.59749999999999e-10
......9......8......7......6......5......4......3......2..RESET,9,1.35984774019301e-07,9.95120715219653e-06,1.01745682863019e-05,1.35984833731568e-07,1.1999836364005,7.4073309971166e-06
ENERGY,9,8,0,0,0
ENERGY,9,7,3.41106806885218e-16,1.05926032471077e-15,7.18153517825726e-16
ENERGY,9,6,1.1791507944785e-15,2.78336253566728e-15,1.60421174118882e-15
ENERGY,9,5,5.39158769087304e-15,5.95569942615741e-15,5.64111735284392e-16
ENERGY,9,4,5.3915876780105e-15,5.95570129124178e-15,5.64113613230952e-16
ENERGY,9,3,9.23245131795093e-17,1.17337568458389e-16,2.50130552788973e-17
ENERGY,9,2,1.73189168231928e-14,1.8125101173089e-14,8.06184349896782e-16
ENERGY,9,1,1.22103897477508e-14,1.30735560389756e-14,8.63166291222536e-16
ENERGY,9,0,1.23444028831496e-14,1.32081470598503e-14,8.63744176699804e-16
......9......8......7......6......5......4......3......2...BIASED,10,1.1583198936236,1.19515349613947,1.19515349605083,1.15831989354419
......9......8......7......6......5......4......3......2....CORECAP,10,1.13955509678174e-06,1.19999966251086,1.20000043543484,1.13612259721394e-06
......9......8......7......6......5......4......3......2.....DEADLINE,10,-0.00173690282533314,1.19761175132354
RESULT,10,1.195,0,-1,1.19e-09,5.59749999999999e-10
......9......8......7......6......5......4......3......2......1.RESET,10,1.36015101696433e-07,9.95125604570777e-06,1.01742416021957e-05,1.35974195478081e-07,1.19998363640054,7.40733075321406e-06
ENERGY,10,8,0,0,0
ENERGY,10,7,3.41618988027967e-16,1.0597808023147e-15,7.18161814286777e-16
ENERGY,10,6,1.17659578062471e-15,2.78079776369894e-15,1.60420198307441e-15
ENERGY,10,5,5.46581462859779e-15,6.03097858502359e-15,5.65163956425383e-16
ENERGY,10,4,5.46581461998309e-15,6.03098051199508e-15,5.65165892012878e-16
ENERGY,10,3,4.66388013205679e-17,7.28854604727986e-17,2.62466591521734e-17
ENERGY,10,2,1.73185114331338e-14,1.81246981769405e-14,8.06186743808297e-16
ENERGY,10,1,1.22166083906685e-14,1.30835649759414e-14,8.66956585274145e-16
ENERGY,10,0,1.23506439484271e-14,1.32181868762318e-14,8.67542927804426e-16
......9......8......7......6......5......4......3......2......1..BIASED,11,1.16316641997161,1.20000002248884,1.20000002278944,1.16316642027272
......9......8......7......6......5......4......3......2......1...CORECAP,11,1.14225265861093e-06,1.19999981487326,1.20000603112681,1.13834391924513e-06
DEADLINE,11,-0.001736990200163,1.19761172934971
......9......8......7......6......5......4......3......2......1....RESULT,11,1.2,0,-1,1.19e-09,5.6e-10
......9......8......7......6......5......4......3......2......1......0RESET,11,1.35986110615931e-07,9.95114600352036e-06,1.0174413412302e-05,1.35973762958147e-07,1.1999836364006,7.40733049823413e-06
ENERGY,11,8,0,0,0
ENERGY,11,7,3.41855043846224e-16,1.05977615526298e-15,7.17921111416789e-16
ENERGY,11,6,1.17590306033909e-15,2.78009913436462e-15,1.60419607402541e-15
ENERGY,11,5,5.53472530369825e-15,6.10093851707256e-15,5.66213213374119e-16
ENERGY,11,4,5.53472557115917e-15,6.10094073681523e-15,5.66215165655317e-16
ENERGY,11,3,5.96799586198115e-19,2.88171677326474e-17,2.82203681464071e-17
ENERGY,11,2,1.73183973492388e-14,1.81245684174994e-14,8.06171068261635e-16
ENERGY,11,1,1.22261938500969e-14,1.30931493640498e-14,8.66955513952516e-16
ENERGY,11,0,1.2360233605276e-14,1.32277452848684e-14,8.67511679593578e-16
spectre completes with 0 errors, 9 warnings, and 8 notices.
