// Extracted original meter records; not a full Spectre log.
HPRE,0,0.6,0.6
BIASED,0,0,0,0,0
.HCAP,0,0.6,0.6
CORECAP,0,0,0,0,0
HADC,0,0.6,0.6
DEADLINE,0,0,0
RESULT,0,0.6,0,0,1.18975e-09,1.18975e-09
...RESET,0,0,0,0,0,0,0
ENERGY,0,8,0,0,0
ENERGY,0,7,0,0,0
ENERGY,0,6,0,0,0
ENERGY,0,5,-2.35000685017499e-28,1.87108230610697e-27,2.10608299112451e-27
ENERGY,0,4,-2.35000685017499e-28,1.87108230610697e-27,2.10608299112451e-27
ENERGY,0,3,0,0,0
ENERGY,0,2,0,0,0
ENERGY,0,1,0,0,0
ENERGY,0,0,0,0,0
HPRE,1,0.025,0.025
BIASED,1,0,0,0,0
HCAP,1,0.025,0.025
CORECAP,1,0,0,0,0
....HADC,1,0.025,0.025
DEADLINE,1,0,0
RESULT,1,0.025,0,0,1.19e-09,1.19e-09
.....RESET,1,0,0,0,0,0,0
ENERGY,1,8,0,0,0
ENERGY,1,7,0,0,0
ENERGY,1,6,0,0,0
ENERGY,1,5,-8.70906391726336e-15,1.29545084174736e-19,8.70919346234753e-15
ENERGY,1,4,-8.70906391726336e-15,1.29545084174736e-19,8.70919346234753e-15
ENERGY,1,3,0,0,0
ENERGY,1,2,0,0,0
ENERGY,1,1,0,0,0
ENERGY,1,0,0,0,0
HPRE,2,0.003,0.047
......BIASED,2,0,0,0,0
HCAP,2,0.003,0.047
CORECAP,2,0,0,0,0
HADC,2,0.003,0.047
DEADLINE,2,0,0
......9RESULT,2,0.025,-0.044,0,1.18975e-09,1.18975e-09
......9.RESET,2,0,0,0,0,0,0
ENERGY,2,8,0,0,0
ENERGY,2,7,0,0,0
ENERGY,2,6,0,0,0
ENERGY,2,5,3.90449950000077e-17,4.00789950000336e-17,1.0339999999937e-18
ENERGY,2,4,-1.50001438888843e-17,6.5999999999779e-20,1.50661438888914e-17
ENERGY,2,3,0,0,0
ENERGY,2,2,0,0,0
ENERGY,2,1,0,0,0
ENERGY,2,0,0,0,0
HPRE,3,0.007,0.043
BIASED,3,0,0,0,0
......9..HCAP,3,0.007,0.043
CORECAP,3,0,0,0,0
HADC,3,0.007,0.043
DEADLINE,3,0,0
RESULT,3,0.025,-0.036,0,1.19e-09,1.19e-09
......9....RESET,3,0,0,0,0,0,0
ENERGY,3,8,0,0,0
ENERGY,3,7,0,0,0
ENERGY,3,6,0,0,0
ENERGY,3,5,-8.98512000000421e-18,1.7200000000002e-19,9.15711999999848e-18
ENERGY,3,4,1.01487999999872e-18,1.04287999999999e-18,2.80000000060029e-20
ENERGY,3,3,0,0,0
ENERGY,3,2,0,0,0
ENERGY,3,1,0,0,0
ENERGY,3,0,0,0,0
HPRE,4,0.043,0.007
BIASED,4,0,0,0,0
......9.....HCAP,4,0.043,0.007
CORECAP,4,0,0,0,0
HADC,4,0.043,0.007
DEADLINE,4,0,0
RESULT,4,0.025,0.036,0,1.19e-09,1.19e-09
......9......RESET,4,0,0,0,0,0,0
ENERGY,4,8,0,0,0
ENERGY,4,7,0,0,0
ENERGY,4,6,0,0,0
ENERGY,4,5,-4.40827199999977e-17,4.19999999999756e-20,4.41247199999948e-17
ENERGY,4,4,4.59172799999892e-17,4.61752799999994e-17,2.58000000004036e-19
ENERGY,4,3,0,0,0
ENERGY,4,2,0,0,0
ENERGY,4,1,0,0,0
ENERGY,4,0,0,0,0
......9......8HPRE,5,0.047,0.003
BIASED,5,0,0,0,0
HCAP,5,0.047,0.003
CORECAP,5,0,0,0,0
......9......8.HADC,5,0.047,0.003
DEADLINE,5,0,0
RESULT,5,0.025,0.044,0,1.19e-09,1.19e-09
......9......8..RESET,5,0,0,0,0,0,0
ENERGY,5,8,0,0,0
ENERGY,5,7,0,0,0
ENERGY,5,6,0,0,0
ENERGY,5,5,-9.85120000008809e-19,1.19999999997808e-20,9.97120000001915e-19
ENERGY,5,4,9.01488000001147e-18,9.20288000000251e-18,1.87999999991396e-19
ENERGY,5,3,0,0,0
ENERGY,5,2,0,0,0
ENERGY,5,1,0,0,0
ENERGY,5,0,0,0,0
HPRE,6,0.2,0.2
BIASED,6,0,0,0,0
......9......8...HCAP,6,0.2,0.2
CORECAP,6,0,0,0,0
HADC,6,0.2,0.2
DEADLINE,6,0,0
RESULT,6,0.2,0,0,1.19e-09,1.19e-09
......9......8.....RESET,6,0,0,0,0,0,0
ENERGY,6,8,0,0,0
ENERGY,6,7,0,0,0
ENERGY,6,6,0,0,0
ENERGY,6,5,1.03206549585866e-15,1.03354728639269e-15,1.48179053403344e-18
ENERGY,6,4,9.6421636794606e-16,9.6536720018822e-16,1.15083224215517e-18
ENERGY,6,3,0,0,0
ENERGY,6,2,0,0,0
ENERGY,6,1,0,0,0
ENERGY,6,0,0,0,0
HPRE,7,0.178,0.222
BIASED,7,0,0,0,0
......9......8......HCAP,7,0.178,0.222
CORECAP,7,0,0,0,0
HADC,7,0.178,0.222
DEADLINE,7,0,0
RESULT,7,0.2,-0.044,0,1.19e-09,1.19e-09
......9......8......7.RESET,7,0,0,0,0,0,0
ENERGY,7,8,0,0,0
ENERGY,7,7,0,0,0
ENERGY,7,6,0,0,0
ENERGY,7,5,2.32527656926125e-16,2.32801347800663e-16,2.73690874434592e-19
ENERGY,7,4,-2.07472343073216e-16,2.19445836255405e-19,2.07691788909476e-16
ENERGY,7,3,0,0,0
ENERGY,7,2,0,0,0
ENERGY,7,1,0,0,0
ENERGY,7,0,0,0,0
HPRE,8,0.182,0.218
BIASED,8,0,0,0,0
HCAP,8,0.182,0.218
CORECAP,8,0,0,0,0
......9......8......7..HADC,8,0.182,0.218
DEADLINE,8,0,0
RESULT,8,0.2,-0.036,0,1.19e-09,1.19e-09
......9......8......7...RESET,8,0,0,0,0,0,0
ENERGY,8,8,0,0,0
ENERGY,8,7,-2.95822839455756e-45,5.91645678914306e-45,8.87468518370063e-45
ENERGY,8,6,0,0,0
ENERGY,8,5,-4.44501132217909e-17,1.09461467997978e-19,4.45595746896568e-17
ENERGY,8,4,3.63966617391868e-17,3.64880470013512e-17,9.13852621575245e-20
ENERGY,8,3,0,0,0
ENERGY,8,2,0,0,0
ENERGY,8,1,0,0,0
ENERGY,8,0,0,0,0
HPRE,9,0.218,0.182
BIASED,9,0,0,0,0
......9......8......7....HCAP,9,0.218,0.182
CORECAP,9,0,0,0,0
HADC,9,0.218,0.182
DEADLINE,9,0,0
......9......8......7.....RESULT,9,0.2,0.036,0,1.19e-09,1.19e-09
......9......8......7......RESET,9,0,0,0,0,0,0
ENERGY,9,8,0,0,0
ENERGY,9,7,-2.48920611114446e-60,4.97841222228891e-60,-3.73380916671669e-60
ENERGY,9,6,0,0,0
ENERGY,9,5,-3.58970817836549e-16,3.67162696420017e-19,3.59337980532953e-16
ENERGY,9,4,3.61132027847094e-16,3.61571816131943e-16,4.39788284721064e-19
ENERGY,9,3,0,0,0
ENERGY,9,2,0,0,0
ENERGY,9,1,0,0,0
ENERGY,9,0,0,0,0
HPRE,10,0.222,0.178
BIASED,10,0,0,0,0
......9......8......7......6HCAP,10,0.222,0.178
CORECAP,10,0,0,0,0
HADC,10,0.222,0.178
DEADLINE,10,0,0
RESULT,10,0.2,0.044,0,1.19e-09,1.19e-09
......9......8......7......6..RESET,10,0,0,0,0,0,0
ENERGY,10,8,0,0,0
ENERGY,10,7,0,-1.24460305557223e-60,0
ENERGY,10,6,0,0,0
ENERGY,10,5,-3.57397742992865e-17,3.13445534004766e-19,3.60532198332881e-17
ENERGY,10,4,4.37187838542498e-17,4.41096572725632e-17,3.90873418231168e-19
ENERGY,10,3,0,0,0
ENERGY,10,2,0,0,0
ENERGY,10,1,0,0,0
ENERGY,10,0,0,0,0
HPRE,11,0.6,0.6
BIASED,11,0,0,0,0
HCAP,11,0.6,0.6
CORECAP,11,0,0,0,0
......9......8......7......6...HADC,11,0.6,0.6
DEADLINE,11,0,0
RESULT,11,0.6,0,0,1.19e-09,1.19e-09
......9......8......7......6....RESET,11,0,0,0,0,0,0
ENERGY,11,8,0,0,0
ENERGY,11,7,-3.73380916671669e-60,8.7122213890056e-60,1.36906336112945e-59
ENERGY,11,6,0,0,0
ENERGY,11,5,8.35655286207856e-15,8.3565952813987e-15,4.24193196771403e-20
ENERGY,11,4,7.8870711549346e-15,7.88710915138725e-15,3.79964526844606e-20
ENERGY,11,3,0,0,0
ENERGY,11,2,0,0,0
ENERGY,11,1,0,0,0
ENERGY,11,0,0,0,0
HPRE,12,0.578,0.622
......9......8......7......6.....BIASED,12,0,0,0,0
HCAP,12,0.578,0.622
CORECAP,12,0,0,0,0
HADC,12,0.578,0.622
DEADLINE,12,0,0
......9......8......7......6......RESULT,12,0.6,-0.044,0,1.18999999999999e-09,1.18999999999999e-09
......9......8......7......6......5RESET,12,0,0,0,0,0,0
ENERGY,12,8,0,0,0
ENERGY,12,7,-6.22301527786114e-60,9.95682444457783e-60,4.48057100006002e-59
ENERGY,12,6,0,0,0
ENERGY,12,5,6.72501823960039e-16,6.73016464105298e-16,5.14640145254965e-19
ENERGY,12,4,-6.47498176039125e-16,4.78234733049353e-19,6.47976410772395e-16
ENERGY,12,3,0,0,0
ENERGY,12,2,0,0,0
ENERGY,12,1,0,0,0
ENERGY,12,0,0,0,0
HPRE,13,0.582,0.618
BIASED,13,0,0,0,0
......9......8......7......6......5.HCAP,13,0.582,0.618
CORECAP,13,0,0,0,0
HADC,13,0.582,0.618
DEADLINE,13,0,0
RESULT,13,0.6,-0.036,0,1.19e-09,1.19e-09
......9......8......7......6......5...RESET,13,0,0,0,0,0,0
ENERGY,13,8,0,0,0
ENERGY,13,7,3.11150763893057e-60,-4.97841222228891e-60,-1.12014275001501e-59
ENERGY,13,6,0,0,0
ENERGY,13,5,-1.23986721379049e-16,1.38526585038799e-19,1.24125247964019e-16
ENERGY,13,4,1.16013278620884e-16,1.16143735696184e-16,1.30457075239996e-19
ENERGY,13,3,0,0,0
ENERGY,13,2,0,0,0
ENERGY,13,1,0,0,0
ENERGY,13,0,0,0,0
HPRE,14,0.618,0.582
BIASED,14,0,0,0,0
HCAP,14,0.618,0.582
CORECAP,14,0,0,0,0
......9......8......7......6......5....HADC,14,0.618,0.582
DEADLINE,14,0,0
RESULT,14,0.6,0.036,0,1.19e-09,1.19e-09
......9......8......7......6......5.....RESET,14,0,0,0,0,0,0
ENERGY,14,8,0,0,0
ENERGY,14,7,-3.73380916671669e-60,6.22301527786114e-60,1.12014275001501e-59
ENERGY,14,6,0,0,0
ENERGY,14,5,-1.07894445164259e-15,3.25469092876001e-20,1.0789769985518e-15
ENERGY,14,4,1.08112010386977e-15,1.08115466399001e-15,3.45601201672704e-20
ENERGY,14,3,0,0,0
ENERGY,14,2,0,0,0
ENERGY,14,1,0,0,0
ENERGY,14,0,0,0,0
HPRE,15,0.622,0.578
......9......8......7......6......5......BIASED,15,0,0,0,0
HCAP,15,0.622,0.578
CORECAP,15,0,0,0,0
HADC,15,0.622,0.578
DEADLINE,15,0,0
......9......8......7......6......5......4RESULT,15,0.6,0.044,0,1.19e-09,1.19e-09
......9......8......7......6......5......4.RESET,15,0,0,0,0,0,0
ENERGY,15,8,0,0,0
ENERGY,15,7,-4.97841222228891e-60,1.6179839722439e-59,1.74244427780112e-59
ENERGY,15,6,0,0,0
ENERGY,15,5,-1.1598672137919e-16,1.29560463167398e-19,1.16116281842228e-16
ENERGY,15,4,1.24013278620985e-16,1.24152701818391e-16,1.39423197382764e-19
ENERGY,15,3,0,0,0
ENERGY,15,2,0,0,0
ENERGY,15,1,0,0,0
ENERGY,15,0,0,0,0
HPRE,16,1,1
BIASED,16,0,0,0,0
......9......8......7......6......5......4..HCAP,16,1,1
CORECAP,16,0,0,0,0
HADC,16,1,1
DEADLINE,16,0,0
RESULT,16,1,0,0,1.19e-09,1.19e-09
......9......8......7......6......5......4....RESET,16,0,0,0,0,0,0
ENERGY,16,8,0,0,0
ENERGY,16,7,-6.22301527786114e-60,6.22301527786114e-60,2.48920611114446e-60
ENERGY,16,6,0,0,0
ENERGY,16,5,1.67944715914066e-14,1.68066965116552e-14,1.22249202487641e-17
ENERGY,16,4,1.54453319823058e-14,1.54562822663198e-14,1.09502840143024e-17
ENERGY,16,3,0,0,0
ENERGY,16,2,0,0,0
ENERGY,16,1,0,0,0
ENERGY,16,0,0,0,0
HPRE,17,0.978,1.022
BIASED,17,0,0,0,0
......9......8......7......6......5......4.....HCAP,17,0.978,1.022
CORECAP,17,0,0,0,0
HADC,17,0.978,1.022
DEADLINE,17,0,0
RESULT,17,1,-0.044,0,1.18999999999999e-09,1.18999999999999e-09
......9......8......7......6......5......4......RESET,17,0,0,0,0,0,0
ENERGY,17,8,0,0,0
ENERGY,17,7,4.3561106945028e-60,-4.97841222228891e-60,-1.12014275001501e-59
ENERGY,17,6,0,0,0
ENERGY,17,5,1.11254837761986e-15,1.1136386098426e-15,1.09023222275221e-18
ENERGY,17,4,-1.08745162237688e-15,1.04329463191978e-18,1.08849491700881e-15
ENERGY,17,3,0,0,0
ENERGY,17,2,0,0,0
ENERGY,17,1,0,0,0
ENERGY,17,0,0,0,0
......9......8......7......6......5......4......3HPRE,18,0.982,1.018
BIASED,18,0,0,0,0
HCAP,18,0.982,1.018
CORECAP,18,0,0,0,0
......9......8......7......6......5......4......3.HADC,18,0.982,1.018
DEADLINE,18,0,0
RESULT,18,1,-0.036,0,1.19e-09,1.19e-09
......9......8......7......6......5......4......3..RESET,18,0,0,0,0,0,0
ENERGY,18,8,0,0,0
ENERGY,18,7,3.11150763893057e-60,-2.48920611114446e-60,0
ENERGY,18,6,0,0,0
ENERGY,18,5,-2.03985992842236e-16,1.79251533367861e-18,2.05778508176151e-16
ENERGY,18,4,1.96014007157603e-16,1.97743086585311e-16,1.72907942792073e-18
ENERGY,18,3,0,0,0
ENERGY,18,2,0,0,0
ENERGY,18,1,0,0,0
ENERGY,18,0,0,0,0
HPRE,19,1.018,0.982
BIASED,19,0,0,0,0
......9......8......7......6......5......4......3...HCAP,19,1.018,0.982
CORECAP,19,0,0,0,0
HADC,19,1.018,0.982
DEADLINE,19,0,0
RESULT,19,1,0.036,0,1.19e-09,1.19e-09
......9......8......7......6......5......4......3.....RESET,19,0,0,0,0,0,0
ENERGY,19,8,0,0,0
ENERGY,19,7,-7.46761833343337e-60,9.95682444457783e-60,1.6179839722439e-59
ENERGY,19,6,0,0,0
ENERGY,19,5,-1.80211087450665e-15,1.71419185101381e-18,1.80382506635789e-15
ENERGY,19,4,1.80439908788069e-15,1.806176121796e-15,1.77703391562188e-18
ENERGY,19,3,0,0,0
ENERGY,19,2,0,0,0
ENERGY,19,1,0,0,0
ENERGY,19,0,0,0,0
HPRE,20,1.022,0.978
BIASED,20,0,0,0,0
......9......8......7......6......5......4......3......HCAP,20,1.022,0.978
CORECAP,20,0,0,0,0
HADC,20,1.022,0.978
DEADLINE,20,0,0
RESULT,20,1,0.044,0,1.19e-09,1.19e-09
......9......8......7......6......5......4......3......2.RESET,20,0,0,0,0,0,0
ENERGY,20,8,0,0,0
ENERGY,20,7,1.86690458335834e-60,-4.97841222228891e-60,3.73380916671669e-60
ENERGY,20,6,0,0,0
ENERGY,20,5,-1.95985992841966e-16,1.72208343858077e-18,1.9770807628056e-16
ENERGY,20,4,2.04014007158015e-16,2.05813518480792e-16,1.79951132282768e-18
ENERGY,20,3,0,0,0
ENERGY,20,2,0,0,0
ENERGY,20,1,0,0,0
ENERGY,20,0,0,0,0
HPRE,21,1.175,1.175
BIASED,21,0,0,0,0
HCAP,21,1.175,1.175
CORECAP,21,0,0,0,0
......9......8......7......6......5......4......3......2..HADC,21,1.175,1.175
DEADLINE,21,0,0
RESULT,21,1.175,0,0,1.19e-09,1.19e-09
......9......8......7......6......5......4......3......2...RESET,21,0,0,0,0,0,0
ENERGY,21,8,0,0,0
ENERGY,21,7,-6.22301527786114e-61,-7.46761833343337e-60,9.95682444457783e-60
ENERGY,21,6,0,0,0
ENERGY,21,5,1.06337329512516e-14,1.06414625922987e-14,7.72964104723326e-18
ENERGY,21,4,8.42122297613208e-15,8.42722619988974e-15,6.00322375775146e-18
ENERGY,21,3,0,0,0
ENERGY,21,2,0,0,0
ENERGY,21,1,0,0,0
ENERGY,21,0,0,0,0
HPRE,22,1.153,1.197
BIASED,22,0,0,0,0
......9......8......7......6......5......4......3......2....HCAP,22,1.153,1.197
CORECAP,22,0,0,0,0
HADC,22,1.153,1.197
DEADLINE,22,0,0
......9......8......7......6......5......4......3......2.....RESULT,22,1.175,-0.044,0,1.19e-09,1.19e-09
......9......8......7......6......5......4......3......2......RESET,22,0,0,0,0,0,0
ENERGY,22,8,0,0,0
ENERGY,22,7,3.11150763893057e-60,-9.95682444457783e-60,-7.46761833343337e-60
ENERGY,22,6,0,0,0
ENERGY,22,5,1.30618395863386e-15,1.30746087445655e-15,1.27691582307031e-18
ENERGY,22,4,-1.28108614079093e-15,1.2299782336736e-18,1.28231611902456e-15
ENERGY,22,3,0,0,0
ENERGY,22,2,0,0,0
ENERGY,22,1,0,0,0
ENERGY,22,0,0,0,0
HPRE,23,1.157,1.193
BIASED,23,0,0,0,0
......9......8......7......6......5......4......3......2......1HCAP,23,1.157,1.193
CORECAP,23,0,0,0,0
HADC,23,1.157,1.193
DEADLINE,23,0,0
RESULT,23,1.175,-0.036,0,1.19e-09,1.19e-09
......9......8......7......6......5......4......3......2......1..RESET,23,0,0,0,0,0,0
ENERGY,23,8,0,0,0
ENERGY,23,7,3.11150763893057e-60,-4.97841222228891e-60,-2.48920611114446e-60
ENERGY,23,6,0,0,0
ENERGY,23,5,-2.38985992834647e-16,2.10065488107888e-18,2.41086647717615e-16
ENERGY,23,4,2.31014007160702e-16,2.33051226132963e-16,2.03721897178374e-18
ENERGY,23,3,0,0,0
ENERGY,23,2,0,0,0
ENERGY,23,1,0,0,0
ENERGY,23,0,0,0,0
HPRE,24,1.193,1.157
BIASED,24,0,0,0,0
HCAP,24,1.193,1.157
CORECAP,24,0,0,0,0
......9......8......7......6......5......4......3......2......1...HADC,24,1.193,1.157
DEADLINE,24,0,0
RESULT,24,1.175,0.036,0,1.18999999999999e-09,1.18999999999999e-09
......9......8......7......6......5......4......3......2......1....RESET,24,0,0,0,0,0,0
ENERGY,24,8,0,0,0
ENERGY,24,7,6.22301527786114e-61,-2.48920611114446e-60,-8.7122213890056e-60
ENERGY,24,6,0,0,0
ENERGY,24,5,-2.11568377004455e-15,2.01967411329514e-18,2.11770344415519e-15
ENERGY,24,4,2.11803093811448e-15,2.12011345428002e-15,2.08251616722676e-18
ENERGY,24,3,0,0,0
ENERGY,24,2,0,0,0
ENERGY,24,1,0,0,0
ENERGY,24,0,0,0,0
HPRE,25,1.197,1.153
......9......8......7......6......5......4......3......2......1.....BIASED,25,0,0,0,0
HCAP,25,1.197,1.153
CORECAP,25,0,0,0,0
HADC,25,1.197,1.153
DEADLINE,25,0,0
......9......8......7......6......5......4......3......2......1......RESULT,25,1.175,0.044,0,1.19e-09,1.19e-09
......9......8......7......6......5......4......3......2......1......0RESET,25,0,0,0,0,0,0
ENERGY,25,8,0,0,0
ENERGY,25,7,0,2.48920611114446e-60,8.7122213890056e-60
ENERGY,25,6,0,0,0
ENERGY,25,5,-2.30985992832948e-16,2.03022298146243e-18,2.33016215822312e-16
ENERGY,25,4,2.39014007154058e-16,2.41121658030319e-16,2.1076508744231e-18
ENERGY,25,3,0,0,0
ENERGY,25,2,0,0,0
ENERGY,25,1,0,0,0
ENERGY,25,0,0,0,0
spectre completes with 0 errors, 2 warnings, and 13 notices.
