// Extracted original meter records; not a full Spectre log.
HPRE,0,0.600000000013037,0.600000000013037
BIASED,0,0.581583201567047,0.618416803781097,0.618416803781097,0.581583201567048
HCAP,0,0.591755822215345,0.591755821808411
CORECAP,0,2.99827970734177e-05,1.19998734249759,1.19998735058857,3.00726791871575e-05
HADC,0,0.600308808333423,0.600308726247648
DEADLINE,0,-0.00175705450878484,1.19761635295642
RESULT,0,0.6,0,-1,1.18975e-09,5.71e-10
.RESET,0,1.37240620656756e-07,1.06094700703465e-05,9.24590879853835e-06,1.3727566125722e-07,1.19998363641577,7.23582755769222e-06
ENERGY,0,8,0,0,0
ENERGY,0,7,3.32017816758556e-16,1.05900924767625e-15,7.26991430917697e-16
ENERGY,0,6,1.15750063609826e-15,2.90751454154815e-15,1.75001390544988e-15
ENERGY,0,5,-1.03077462612208e-17,1.80327028423708e-19,1.04880732896446e-17
ENERGY,0,4,-1.03076590011042e-17,1.80325192074628e-19,1.04879841931788e-17
ENERGY,0,3,5.54637513760662e-15,5.54637513760662e-15,0
ENERGY,0,2,1.72495750730541e-14,1.80867421050971e-14,8.37167032042694e-16
ENERGY,0,1,1.18500149403697e-14,1.27102407824286e-14,8.602258420588e-16
ENERGY,0,0,1.19847337056298e-14,1.28449207307052e-14,8.60187025075337e-16
HPRE,1,0.00111601834751639,0.0011160180870729
BIASED,1,0.010046090386284,0.046879944864998,0.0468799453480663,0.0100460899020507
HCAP,1,0.0193522767141378,0.0193522668884047
CORECAP,1,1.14367938054847e-07,1.20000113222107,1.19999993288982,9.42639937185087e-08
HADC,1,0.0363918032532538,0.0363915270268237
DEADLINE,1,-0.00178873290025014,1.19760745703299
RESULT,1,0,0,-1,1.19e-09,5.925e-10
..RESET,1,1.23034518831963e-07,9.88476088323573e-06,9.21999054641741e-06,1.23041234784018e-07,1.19998363630988,6.77707048339217e-06
ENERGY,1,8,0,0,0
ENERGY,1,7,3.41012783267656e-16,1.05860143688724e-15,7.17588653619588e-16
ENERGY,1,6,1.12276844378851e-15,2.86341349057884e-15,1.74064504679032e-15
ENERGY,1,5,-8.9154403403762e-15,1.10740971802266e-33,8.91544034037621e-15
ENERGY,1,4,-8.91544039877564e-15,1.20370621524202e-33,8.91544039877564e-15
ENERGY,1,3,1.07549728983882e-14,1.07549728983882e-14,0
ENERGY,1,2,1.73174464175351e-14,1.81219241783037e-14,8.0447776076835e-16
ENERGY,1,1,1.31476887006958e-14,1.40215894809875e-14,8.73900780291902e-16
ENERGY,1,0,1.32819222346379e-14,1.41572293355877e-14,8.75307100950055e-16
HPRE,2,0.00511306838818959,0.00511306838861012
BIASED,2,0.0114544206565096,0.0482882765619955,0.0482882765591705,0.0114544206529214
HCAP,2,0.0207637517038128,0.0207637459507056
CORECAP,2,-6.62534405047696e-08,1.20000223692946,1.20000116201011,-1.32657473197435e-07
HADC,2,0.0377812696572535,0.037780994011555
DEADLINE,2,-0.00178873377492224,1.19760742118629
RESULT,2,0.005,0,-1,1.18975e-09,5.9225e-10
...RESET,2,1.28593288665198e-07,9.88648494633516e-06,9.22215043527423e-06,1.28608377483247e-07,1.19998363631021,6.77707080799505e-06
ENERGY,2,8,0,0,0
ENERGY,2,7,3.41022479078139e-16,1.05873462851944e-15,7.17712149441292e-16
ENERGY,2,6,1.1233944845474e-15,2.86421661584955e-15,1.74082213130214e-15
ENERGY,2,5,-2.09355165991259e-17,6.67539734230458e-19,2.16030563334026e-17
ENERGY,2,4,-2.09355167065829e-17,6.67539711283388e-19,2.16030564179164e-17
ENERGY,2,3,1.0808810557807e-14,1.0808810557807e-14,0
ENERGY,2,2,1.73141426584896e-14,1.81181411953211e-14,8.03998536830941e-16
ENERGY,2,1,1.25160902484738e-14,1.33975699792644e-14,8.81479730790502e-16
ENERGY,2,0,1.26503666195756e-14,1.35332095365839e-14,8.82842917007492e-16
HPRE,3,0.0101120482950238,0.0101120482954439
BIASED,3,0.016245223348148,0.053079075661824,0.0530790756250919,0.0162452233106505
HCAP,3,0.0255652454810181,0.0255652469979559
CORECAP,3,1.2125782288504e-07,1.19999957117163,1.20000132762456,1.22652803855575e-07
HADC,3,0.0425078568280738,0.0425075809863857
DEADLINE,3,-0.00178873993696443,1.1976072773009
RESULT,3,0.01,0,-1,1.19e-09,5.91249999999999e-10
RESET,3,1.29186508575086e-07,9.88709126757311e-06,9.22274863633803e-06,1.29201663285205e-07,1.19998363630874,6.77708251023477e-06
ENERGY,3,8,0,0,0
ENERGY,3,7,3.40688141432449e-16,1.05839835134038e-15,7.17710209907948e-16
ENERGY,3,6,1.12171625488035e-15,2.86386227917309e-15,1.74214602429275e-15
ENERGY,3,5,-4.33509676161933e-17,1.90985554632888e-18,4.52608231625309e-17
ENERGY,3,4,-4.33509674853765e-17,1.90985550122789e-18,4.52608229866212e-17
ENERGY,3,3,1.07645774195372e-14,1.07645774195372e-14,0
ENERGY,3,2,1.7318190941426e-14,1.81221254448557e-14,8.03934503429538e-16
ENERGY,3,1,1.24832550407495e-14,1.33641501804384e-14,8.8089513968852e-16
ENERGY,3,0,1.26175298967001e-14,1.34997846030591e-14,8.82254706358364e-16
HPRE,4,0.0121167052298497,0.0121167052300239
....BIASED,4,0.018178620652494,0.0550124746769768,0.0550124746426134,0.0181786206172725
HCAP,4,0.0275029692644516,0.0275029781518615
CORECAP,4,-1.34948944116817e-07,1.19999953244996,1.20000328658666,1.06033399301538e-07
HADC,4,0.0444153317448107,0.0444150559830971
DEADLINE,4,-0.00178872352691305,1.19760720013278
RESULT,4,0.012,0,-1,1.19e-09,5.91e-10
RESET,4,1.2963667923359e-07,9.88755898894044e-06,9.22321145856038e-06,1.29651854733626e-07,1.19998363630829,6.77708327054865e-06
ENERGY,4,8,0,0,0
ENERGY,4,7,3.40825893977428e-16,1.05876113332659e-15,7.17935239349157e-16
ENERGY,4,6,1.12234156431891e-15,2.86390882258345e-15,1.74156725826455e-15
ENERGY,4,5,-5.3244108392117e-17,1.01554861048875e-18,5.42596570024172e-17
ENERGY,4,4,-5.32441080294003e-17,1.01554855897572e-18,5.42596565882905e-17
ENERGY,4,3,1.07463942015212e-14,1.07463942015212e-14,0
ENERGY,4,2,1.73184885045513e-14,1.81225081524203e-14,8.04019647869237e-16
ENERGY,4,1,1.24729716235609e-14,1.3350299332598e-14,8.77327709036367e-16
ENERGY,4,0,1.26072249643082e-14,1.34859030510495e-14,8.78678086739845e-16
HPRE,5,0.01511440465122,0.015114404651475
BIASED,5,0.0210474141643332,0.0578812674856229,0.0578812674507563,0.021047414128614
.....HCAP,5,0.0303781575753144,0.0303781637763244
CORECAP,5,1.2089531302498e-07,1.19999957398325,1.20000122328476,1.31416916086839e-07
HADC,5,0.0472456732286756,0.0472453960315447
DEADLINE,5,-0.0017887174367738,1.19760708067304
RESULT,5,0.015,0,-1,1.19e-09,5.90250000000001e-10
RESET,5,1.3147309890289e-07,9.88941028285998e-06,9.22502782145489e-06,1.31479730828226e-07,1.19998363630824,6.77708368493795e-06
ENERGY,5,8,0,0,0
ENERGY,5,7,3.41026223758476e-16,1.05877391564356e-15,7.17747691885069e-16
ENERGY,5,6,1.12201827929048e-15,2.86523430567188e-15,1.74321602638136e-15
ENERGY,5,5,-6.23727523272396e-17,1.96088814771193e-18,6.43336404749031e-17
ENERGY,5,4,-6.23727534180765e-17,1.96088809188694e-18,6.43336415098491e-17
ENERGY,5,3,1.07200180750133e-14,1.07200180750133e-14,0
ENERGY,5,2,1.73182373500605e-14,1.81223744792927e-14,8.0413712923189e-16
ENERGY,5,1,1.24514510743609e-14,1.33304057686003e-14,8.78954694240143e-16
ENERGY,5,0,1.25857345145876e-14,1.34660451159757e-14,8.80310601388178e-16
HPRE,6,0.0201100072095615,0.0201100072099817
BIASED,6,0.0258268419503239,0.0626606940330179,0.0626606940299927,0.025826841946565
HCAP,6,0.0351682515184144,0.0351682597887809
CORECAP,6,-6.01900741512395e-08,1.20000200839168,1.2000000852247,1.11923114831012e-07
......HADC,6,0.051960993468317,0.0519606474973957
DEADLINE,6,-0.0017884358364425,1.19760690413723
RESULT,6,0.02,0,-1,1.19e-09,5.89499999999997e-10
RESET,6,1.22171731131993e-07,9.88044686080225e-06,9.21619180150787e-06,1.22177097091247e-07,1.19998363630968,6.77707374470963e-06
ENERGY,6,8,0,0,0
ENERGY,6,7,3.40975784389753e-16,1.05878661657179e-15,7.17810832182029e-16
ENERGY,6,6,1.12203179519375e-15,2.8656923200783e-15,1.74366052488449e-15
ENERGY,6,5,-8.0637051076057e-17,4.39759584371554e-18,8.50346469198457e-17
ENERGY,6,4,-8.06370488150207e-17,4.39759579684357e-18,8.50346446118091e-17
ENERGY,6,3,1.06761118794114e-14,1.06761118794114e-14,0
ENERGY,6,2,1.73188480684753e-14,1.81229685345659e-14,8.04120466091096e-16
ENERGY,6,1,1.24172986054681e-14,1.32980583735262e-14,8.80759768058294e-16
ENERGY,6,0,1.25515135833549e-14,1.34336376547086e-14,8.82124071353631e-16
HPRE,7,0.0021532260527596,0.0380836817677614
BIASED,7,0.00870290378078706,0.079841576679499,0.0455367696797105,0.0430077187188375
HCAP,7,0.0180130269974986,0.0523934019695818
CORECAP,7,4.85854789325778e-08,1.20000125648425,1.19999913470966,-2.53503439378388e-08
HADC,7,0.0350734801507474,0.0689169926703562
DEADLINE,7,-0.00178840079032565,1.19760722245071
RESULT,7,0.02,-0.036,-1,1.19e-09,6.47249999999999e-10
......9RESET,7,1.21246474243043e-07,9.89180334022227e-06,9.21866757779977e-06,1.31866036763682e-07,1.19998363630956,6.77707298173377e-06
ENERGY,7,8,0,0,0
ENERGY,7,7,3.40913772395955e-16,1.05836070012617e-15,7.17446927730165e-16
ENERGY,7,6,1.12184004043572e-15,2.86298463346663e-15,1.741144593031e-15
ENERGY,7,5,-1.29603296514326e-16,2.67991301369275e-17,1.56402426651223e-16
ENERGY,7,4,-1.94948386957437e-17,4.27375333513981e-20,1.95375762290863e-17
ENERGY,7,3,1.06756680425012e-14,1.06756680425012e-14,0
ENERGY,7,2,1.73388465707805e-14,1.81462991949826e-14,8.07452624201755e-16
ENERGY,7,1,1.43525462448346e-14,1.52270409820023e-14,8.74494737168185e-16
ENERGY,7,0,1.20641826063219e-14,1.29406625062088e-14,8.76479899886916e-16
HPRE,8,0.0380525747634009,0.00218431201719758
BIASED,8,0.0429132356610331,0.0456312592345929,0.0797470873115182,0.00879740735405776
HCAP,8,0.0522984817903013,0.0181073636883132
CORECAP,8,6.98588125796357e-08,1.20000014733957,1.19999913005563,5.48412271782767e-09
HADC,8,0.0688238028965795,0.0351660629245704
DEADLINE,8,-0.00178847860499431,1.19760705185481
RESULT,8,0.02,0.036,-1,1.19e-09,6.44249999999999e-10
......9.RESET,8,1.3185373092743e-07,9.87933818564778e-06,9.22357556252315e-06,1.21262975115418e-07,1.19998363630916,6.77707372227584e-06
ENERGY,8,8,0,0,0
ENERGY,8,7,3.4072878991653e-16,1.05686558010742e-15,7.16136790191003e-16
ENERGY,8,6,1.12184006433355e-15,2.86300951504834e-15,1.74116945071467e-15
ENERGY,8,5,-4.74868900643995e-17,1.86960384688885e-20,4.75055861027272e-17
ENERGY,8,4,-1.16831305726057e-16,3.81413168592755e-17,1.5497262258541e-16
ENERGY,8,3,1.06756543980949e-14,1.06756543980949e-14,0
ENERGY,8,2,1.73089423365412e-14,1.8146063022528e-14,8.3712068598719e-16
ENERGY,8,1,1.19320929307535e-14,1.28074381414373e-14,8.7534521068249e-16
ENERGY,8,0,1.44290165058936e-14,1.53049224827834e-14,8.75905976890367e-16
HPRE,9,0.0221457514493349,0.0220835586694216
BIASED,9,0.0278547059016769,0.0644995605491736,0.0646885568800652,0.0276657071019835
HCAP,9,0.0372006144266466,0.0370112376914891
CORECAP,9,-6.79914552283337e-08,1.20000190529318,1.19999959291949,1.35904812444531e-07
HADC,9,0.0539616407784407,0.0537748696555107
DEADLINE,9,-0.00178843484652797,1.19760682459495
RESULT,9,0.022,0,-1,1.19e-09,5.89e-10
......9..RESET,9,1.20604099177742e-07,9.88061380188039e-06,9.21631762153086e-06,1.20587592174382e-07,1.19998363630694,6.77709818773073e-06
ENERGY,9,8,0,0,0
ENERGY,9,7,3.41116860907207e-16,1.05889995312826e-15,7.17783092221176e-16
ENERGY,9,6,1.12003745766791e-15,2.86571271315205e-15,1.7456752554841e-15
ENERGY,9,5,-7.99103532830988e-17,1.25831785236676e-17,9.24935318069539e-17
ENERGY,9,4,-1.18806993292056e-16,1.41978731457783e-19,1.18948972023482e-16
ENERGY,9,3,1.06579292888876e-14,1.06579292888876e-14,0
ENERGY,9,2,1.7319536579824e-14,1.8122803578728e-14,8.03266998902563e-16
ENERGY,9,1,1.24044976168308e-14,1.32820475161597e-14,8.77549899325525e-16
ENERGY,9,0,1.25464073441331e-14,1.3425305023824e-14,8.78897679693144e-16
HPRE,10,0.000160546400696761,0.0440755526499913
BIASED,10,0.00680761731391517,0.085569576527769,0.0436414738215609,0.0487357280347592
HCAP,10,0.0159288965870492,0.0583069666420673
CORECAP,10,1.04853949688198e-07,1.2000844099482,5.09164943127828e-05,1.19999958951239
HADC,10,0.0331952940035381,0.0745747873657777
DEADLINE,10,1.19966930915712,8.84655373336315e-05
RESULT,10,0.022,-0.044,1,0,1.19e-09
......9...RESET,10,1.21419929949421e-07,1.14106736594074e-07,1.13224610029685e-07,1.22047665483331e-07,1.20000014061383,2.93211474945432e-07
ENERGY,10,8,0,0,0
ENERGY,10,7,2.85818108449798e-16,9.1785509427947e-16,6.32036985829526e-16
ENERGY,10,6,1.1184839691626e-15,2.86072522981859e-15,1.7422412606559e-15
ENERGY,10,5,-1.42073473544655e-16,3.72077212214134e-17,1.79281194765948e-16
ENERGY,10,4,-1.30227818155648e-17,-8.0118685686509e-32,1.30227818155506e-17
ENERGY,10,3,1.06578980737448e-14,1.06578980737448e-14,0
ENERGY,10,2,2.35991030793677e-15,3.09500469542062e-15,7.35094387485602e-16
ENERGY,10,1,1.33354068755983e-14,1.42120445568834e-14,8.76637681285078e-16
ENERGY,10,0,1.15518917232116e-14,1.24498662808164e-14,8.97974557605417e-16
HPRE,11,0.00411480155451933,0.0401212695584593
BIASED,11,0.0105036822839401,0.0818733199059992,0.047337537340824,0.0450394731104925
HCAP,11,0.0198180099173607,0.0544299003690339
CORECAP,11,-1.440347410663e-07,1.20000153123715,1.19999910838385,-1.72166280043803e-08
HADC,11,0.0368502894417694,0.0709216961085453
DEADLINE,11,-0.00178840374072762,1.19760714151921
RESULT,11,0.022,-0.036,-1,1.19e-09,6.51999999999998e-10
RESET,11,1.21367918324927e-07,9.88247727072536e-06,9.21729716671442e-06,1.22094839664423e-07,1.19998363630667,6.777098664941e-06
ENERGY,11,8,0,0,0
ENERGY,11,7,3.41857059139853e-16,1.05938507505777e-15,7.17528015917885e-16
ENERGY,11,6,1.11848181587588e-15,2.86164789711281e-15,1.74316608123678e-15
ENERGY,11,5,-1.73671101193891e-16,3.04380839746501e-19,1.73975482033686e-16
ENERGY,11,4,-1.69213654212336e-17,4.23409364297603e-19,1.73447747854838e-17
ENERGY,11,3,1.06579875699665e-14,1.06579875699665e-14,0
ENERGY,11,2,1.71305770211048e-14,1.81161976259464e-14,9.85620604842407e-16
ENERGY,11,1,1.4451116276429e-14,1.53279026294929e-14,8.76786353065904e-16
ENERGY,11,0,1.21213274614466e-14,1.30000509071813e-14,8.78723445733602e-16
HPRE,12,0.0400521681350085,0.00418389963889983
BIASED,12,0.0448295641391393,0.0475475608953861,0.0816634152723105,0.0107136818165776
......9....HCAP,12,0.0542190750143326,0.0200279964553814
CORECAP,12,-2.93382321971069e-08,1.2000042942449,1.20000028038528,1.35086012317618e-07
HADC,12,0.0707144410299548,0.037056731960611
DEADLINE,12,-0.00178849829510558,1.19760697090711
RESULT,12,0.022,0.036,-1,1.18999999999999e-09,6.43749999999995e-10
RESET,12,1.22076845830398e-07,9.87800369267212e-06,9.21426539401455e-06,1.21385550050601e-07,1.19998363630582,6.7770993616033e-06
ENERGY,12,8,0,0,0
ENERGY,12,7,3.4185679289179e-16,1.05760930593617e-15,7.15752513044361e-16
ENERGY,12,6,1.11848001339298e-15,2.86169303926953e-15,1.74321302587638e-15
ENERGY,12,5,-6.00112763081055e-17,3.73206629163513e-20,6.00485969711048e-17
ENERGY,12,4,-1.20733001031648e-16,4.18880447413702e-17,1.62621045773062e-16
ENERGY,12,3,1.06579601375959e-14,1.06579601375959e-14,0
ENERGY,12,2,1.73081905356e-14,1.81454986538811e-14,8.37308118280505e-16
ENERGY,12,1,1.19202176684844e-14,1.27978609844406e-14,8.77643315957137e-16
ENERGY,12,0,1.44067248843189e-14,1.52849522609297e-14,8.78227376609716e-16
HPRE,13,0.044106640777178,0.000129445371059731
BIASED,13,0.0488301743359809,0.043546950342406,0.0856640104685505,0.00671306894544337
HCAP,13,0.0584012798408978,0.0158338371003532
CORECAP,13,1.20000016598539,-1.14774218693057e-07,1.20000303031683,-1.37873667252424e-08
......9.....HADC,13,0.0746671397487088,0.0331012726183447
DEADLINE,13,1.19967050469973,8.91856275889341e-05
RESULT,13,0.022,0.044,1,0,1.19e-09
RESET,13,1.22053938968427e-07,6.87206498402404e-06,6.48426000486176e-06,1.21411853342057e-07,1.20000014067028,3.97552953523838e-07
ENERGY,13,8,0,0,0
ENERGY,13,7,2.86436338815939e-16,9.18044234639585e-16,6.31607895823861e-16
ENERGY,13,6,1.11848265074271e-15,2.86070638832967e-15,1.74222373758684e-15
ENERGY,13,5,-5.76759299725308e-19,5.61893793400571e-22,5.77321193469429e-19
ENERGY,13,4,-1.71361719906293e-16,8.1142332885668e-18,1.794759531948e-16
ENERGY,13,3,1.06578918787637e-14,1.06578918787637e-14,0
ENERGY,13,2,2.11959889157275e-15,2.88420689944708e-15,7.64608007873878e-16
ENERGY,13,1,1.17505019433944e-14,1.26312535575269e-14,8.80751614131996e-16
ENERGY,13,0,1.33132028446291e-14,1.4190642920978e-14,8.77440076348193e-16
HPRE,14,0.025150354729172,0.0250743438093084
BIASED,14,0.0307444609263798,0.0673473549730113,0.0675783314054086,0.0305135055308919
HCAP,14,0.0400968367784074,0.0398653733166463
CORECAP,14,1.04716008082799e-07,1.19999953664953,1.20000125840897,4.51364256687044e-08
HADC,14,0.0568126862390639,0.0565844825577802
DEADLINE,14,-0.00178843674952249,1.19760670693282
......9......RESULT,14,0.025,0,-1,1.19e-09,5.89999999999994e-10
RESET,14,1.0397717738703e-07,9.86490786573208e-06,9.20074111073279e-06,1.03939695556783e-07,1.19998363630677,6.77710225476211e-06
ENERGY,14,8,0,0,0
ENERGY,14,7,3.41853697857417e-16,1.05915965254261e-15,7.17305954685168e-16
ENERGY,14,6,1.11848618941046e-15,2.86437324473192e-15,1.74588705532155e-15
ENERGY,14,5,-8.7687099986117e-17,1.64186361586049e-17,1.04105736144627e-16
ENERGY,14,4,-1.39858470932759e-16,6.14340144315453e-20,1.39919904947125e-16
ENERGY,14,3,1.06315532682365e-14,1.06315532682365e-14,0
ENERGY,14,2,1.72763481304017e-14,1.80835210285419e-14,8.07172898140243e-16
ENERGY,14,1,1.23830873304561e-14,1.32639365895471e-14,8.80849259091225e-16
ENERGY,14,0,1.25267722716663e-14,1.3408953322493e-14,8.82181050826728e-16
HPRE,15,0.00315992887844831,0.0470749390626265
BIASED,15,0.00968187515433189,0.0884440610181194,0.0465157329504523,0.0516102199695489
HCAP,15,0.0188155792619052,0.0611819566855769
CORECAP,15,1.31523577944464e-07,1.20008402967569,5.11014957130727e-05,1.19999959177368
HADC,15,0.0360310419026,0.0774108542560643
DEADLINE,15,1.19966931391834,8.84657974991095e-05
RESULT,15,0.025,-0.044,1,0,1.19e-09
......9......8RESET,15,1.22164472084403e-07,1.14315001588419e-07,1.13400117217383e-07,1.22233618595769e-07,1.20000014059419,3.9753266554385e-07
ENERGY,15,8,0,0,0
ENERGY,15,7,2.86395722323936e-16,9.18015806277958e-16,6.31620083953797e-16
ENERGY,15,6,1.11849108701314e-15,2.86104118748285e-15,1.74255010046977e-15
ENERGY,15,5,-1.49979349815677e-16,4.05567099058487e-17,1.90536059721414e-16
ENERGY,15,4,-2.95702513421894e-17,6.19153827799955e-20,2.9632166724928e-17
ENERGY,15,3,1.06313571425354e-14,1.06313571425354e-14,0
ENERGY,15,2,2.35936140214456e-15,3.09385725748134e-15,7.34495855334734e-16
ENERGY,15,1,1.33049245349028e-14,1.41813838460414e-14,8.76459311140139e-16
ENERGY,15,0,1.15377115043948e-14,1.24354202850535e-14,8.97708780658933e-16
HPRE,16,0.00711418977273016,0.0431206564541973
BIASED,16,0.0133781643956199,0.0847477944548728,0.0502120260054386,0.04791395018587
HCAP,16,0.0226988761561624,0.0573107689889954
CORECAP,16,-1.63568159268103e-07,1.19999787212741,1.19999861864385,1.48301370066529e-07
HADC,16,0.0396862196160544,0.0737576293950646
DEADLINE,16,-0.00178840108578599,1.19760702495748
RESULT,16,0.025,-0.036,-1,1.19e-09,6.50999999999997e-10
......9......8.RESET,16,1.23705159019132e-07,9.88267494610276e-06,9.21749393765015e-06,1.20596421590587e-07,1.19998363630663,6.77709848607075e-06
ENERGY,16,8,0,0,0
ENERGY,16,7,3.4185676424506e-16,1.05942534254801e-15,7.17568578302933e-16
ENERGY,16,6,1.11848800666514e-15,2.86190715482039e-15,1.74341914815557e-15
ENERGY,16,5,-1.85711922352696e-16,3.26161982814284e-19,1.86038084335506e-16
ENERGY,16,4,-2.93015065286212e-17,1.01173290118076e-18,3.03132394298252e-17
ENERGY,16,3,1.06314463459646e-14,1.06314463459646e-14,0
ENERGY,16,2,1.71307921282322e-14,1.81164952210234e-14,9.85703092793159e-16
ENERGY,16,1,1.44206784894656e-14,1.52973173407742e-14,8.76638851310827e-16
ENERGY,16,0,1.21065564598228e-14,1.29851362768276e-14,8.78579817005019e-16
HPRE,17,0.0430515629143008,0.00718328287429157
BIASED,17,0.0477040682173922,0.0504220192784323,0.0845378888751972,0.0135882299599342
HCAP,17,0.0571000125158556,0.0229088663121326
CORECAP,17,-5.08726714241105e-08,1.20000448892284,1.19999920035022,1.40055015538282e-07
HADC,17,0.0735504082380597,0.0398926298305261
DEADLINE,17,-0.0017885146141059,1.19760679206437
RESULT,17,0.025,0.036,-1,1.18999999999999e-09,6.42749999999994e-10
......9......8..RESET,17,1.22264738265862e-07,9.87818390317903e-06,9.21443858914578e-06,1.2213288916822e-07,1.19998363630535,6.77709975932872e-06
ENERGY,17,8,0,0,0
ENERGY,17,7,3.41856716165377e-16,1.05763395896623e-15,7.15777242800788e-16
ENERGY,17,6,1.1184858530081e-15,2.8619853889695e-15,1.74349953596144e-15
ENERGY,17,5,-7.73840661146318e-17,6.51229770801834e-20,7.74491890917733e-17
ENERGY,17,4,-1.26754846917871e-16,4.7229902651035e-17,1.7398474956886e-16
ENERGY,17,3,1.06314189183349e-14,1.06314189183349e-14,0
ENERGY,17,2,1.73076774129889e-14,1.81452060948416e-14,8.37528681849216e-16
ENERGY,17,1,1.19054429516752e-14,1.27829393873651e-14,8.77496435687015e-16
ENERGY,17,0,1.43765919884945e-14,1.52546684422056e-14,8.78076453711615e-16
HPRE,18,0.0471060275961021,0.00312883190228661
BIASED,18,0.0517046408896725,0.0464214195574653,0.0885384933966648,0.00958756392076065
HCAP,18,0.061276304423753,0.0187205779346026
CORECAP,18,1.19999966679685,-1.37849163793011e-07,1.20000008510296,-1.67018195683628e-07
HADC,18,0.0775032078378863,0.0359370483021069
DEADLINE,18,1.19967050690835,8.91861518600079e-05
RESULT,18,0.025,0.044,1,0,1.19e-09
RESET,18,1.22242188491631e-07,6.8722197516e-06,6.48441034264543e-06,1.22157175332252e-07,1.20000014067028,3.9755295438483e-07
ENERGY,18,8,0,0,0
ENERGY,18,7,2.86436319257229e-16,9.18040926496885e-16,6.31604607239772e-16
ENERGY,18,6,1.11847599320329e-15,2.86099529147214e-15,1.74251929826895e-15
ENERGY,18,5,-1.4391266702602e-17,9.85305671787734e-21,1.44011197593479e-17
ENERGY,18,4,-1.82000721641632e-16,8.69629672694619e-18,1.90697018368567e-16
ENERGY,18,3,1.06313507222603e-14,1.06313507222603e-14,0
ENERGY,18,2,2.11956816267728e-15,2.88335119998825e-15,7.63783037308251e-16
ENERGY,18,1,1.17363371046082e-14,1.26169099185474e-14,8.80572813938547e-16
ENERGY,18,0,1.32824538157628e-14,1.4159732775261e-14,8.7727895950018e-16
HPRE,19,0.0301459577101326,0.0300699544012691
......9......8...BIASED,19,0.0355238611353555,0.0721268013358329,0.0723577092905199,0.035292950469829
HCAP,19,0.0448869215477212,0.04465549083613
CORECAP,19,7.50001138751566e-08,1.20000771150492,1.20000032884265,4.27961139007192e-09
HADC,19,0.0615280383971251,0.0612998718657591
DEADLINE,19,-0.00178844950870198,1.1976064526145
RESULT,19,0.03,0,-1,1.19e-09,5.89e-10
RESET,19,1.05162373497985e-07,9.86549117775143e-06,9.20133834245567e-06,1.05123810538499e-07,1.1999836363069,6.77710303171648e-06
ENERGY,19,8,0,0,0
ENERGY,19,7,3.4213989167855e-16,1.0594344515071e-15,7.17294559828601e-16
ENERGY,19,6,1.11849729704423e-15,2.86480587886947e-15,1.74630858182525e-15
ENERGY,19,5,-1.00658111392507e-16,2.3278975158676e-17,1.23937086551128e-16
ENERGY,19,4,-1.59826670676919e-16,6.56148296118079e-20,1.59892285506487e-16
ENERGY,19,3,1.05876473040378e-14,1.05876473040378e-14,0
ENERGY,19,2,1.72724737607782e-14,1.8083918777922e-14,8.11445017145763e-16
ENERGY,19,1,1.23510924455828e-14,1.3233759347313e-14,8.82666901731393e-16
ENERGY,19,0,1.24947154517927e-14,1.33787365517669e-14,8.84021099976038e-16
HPRE,20,0.00815890254817965,0.0520739231582792
BIASED,20,0.0144728285246364,0.0932349071566039,0.0513067031045345,0.0564010526776867
......9......8....HCAP,20,0.023626799723017,0.0659736916383439
CORECAP,20,8.73712149035423e-08,1.2000834944943,5.07988619169479e-05,1.19999959999507
HADC,20,0.0407573063055231,0.0821376661112607
DEADLINE,20,1.19966932045957,8.84671277110186e-05
RESULT,20,0.03,-0.044,1,0,1.19e-09
RESET,20,1.23542028480993e-07,1.15047690548267e-07,1.14128765008552e-07,1.2308240711786e-07,1.20000014059419,3.97532674572406e-07
ENERGY,20,8,0,0,0
ENERGY,20,7,2.8668785026142e-16,9.18311876266557e-16,6.31624026005233e-16
ENERGY,20,6,1.11850231814114e-15,2.86154658368552e-15,1.74304426554437e-15
ENERGY,20,5,-1.62864041562883e-16,4.61396016431117e-17,2.09003643206015e-16
ENERGY,20,4,-5.6856984291687e-17,1.65146159301701e-19,5.70221304510075e-17
ENERGY,20,3,1.05871221127961e-14,1.05871221127961e-14,0
ENERGY,20,2,2.35549704429397e-15,3.09290770334493e-15,7.37410659047868e-16
ENERGY,20,1,1.32554319262101e-14,1.41316745598207e-14,8.76242633602821e-16
ENERGY,20,0,1.15145683110168e-14,1.24120577263049e-14,8.9748941528771e-16
HPRE,21,0.0121131692802207,0.0481196345008829
BIASED,21,0.0181689787159096,0.0895385780602585,0.0550028350440504,0.0527047328571351
HCAP,21,0.0275002958282798,0.0621122468722685
CORECAP,21,5.56557186035582e-08,1.19999937005365,1.19999920992267,-8.03587003013233e-08
HADC,21,0.04441277179696,0.0784843364358277
DEADLINE,21,-0.00178841444023957,1.19760676938921
......9......8.....RESULT,21,0.03,-0.036,-1,1.19e-09,6.49750000000002e-10
RESET,21,1.22420192611059e-07,9.88351466342364e-06,9.21835391891297e-06,1.23652421902497e-07,1.19998363630669,6.77709914663606e-06
ENERGY,21,8,0,0,0
ENERGY,21,7,3.421426466077e-16,1.05974655781138e-15,7.17603911203846e-16
ENERGY,21,6,1.12109455205001e-15,2.86241919241813e-15,1.74132464036855e-15
ENERGY,21,5,-2.05760231146934e-16,1.59720496014968e-19,2.05919951642957e-16
ENERGY,21,4,-4.97156699052305e-17,1.93927629236809e-18,5.16549461976548e-17
ENERGY,21,3,1.05872111790957e-14,1.05872111790957e-14,0
ENERGY,21,2,1.71270668267468e-14,1.81170042834738e-14,9.89937456725946e-16
ENERGY,21,1,1.43693262361781e-14,1.52457406344262e-14,8.76414398251866e-16
ENERGY,21,0,1.20810071933782e-14,1.29593288964354e-14,8.78321703059062e-16
HPRE,22,0.0480505500574253,0.0121822530566133
BIASED,22,0.0524949033648906,0.0552127674535893,0.0893287504635488,0.0183789136454713
HCAP,22,0.0619015173575923,0.0277102269505384
CORECAP,22,-5.53283123273638e-08,1.20000084924745,1.19999924025898,1.10523787311176e-07
HADC,22,0.0782770147912827,0.0446191097842913
DEADLINE,22,-0.00178847289372529,1.19760660477964
RESULT,22,0.03,0.036,-1,1.19e-09,6.41499999999999e-10
......9......8......RESET,22,1.23105144951559e-07,9.87899050444331e-06,9.21522821911761e-06,1.22989483734675e-07,1.19998363630556,6.7771042798189e-06
ENERGY,22,8,0,0,0
ENERGY,22,7,3.42142469200661e-16,1.05796283017283e-15,7.15820360972196e-16
ENERGY,22,6,1.12007556825001e-15,2.8651552218464e-15,1.74507965359563e-15
ENERGY,22,5,-1.08135121115439e-16,5.70491951674803e-20,1.08192170310542e-16
ENERGY,22,4,-1.36464639440906e-16,5.62381346846327e-17,1.92702774125562e-16
ENERGY,22,3,1.05871841052304e-14,1.05871841052304e-14,0
ENERGY,22,2,1.73027327957734e-14,1.81447571943115e-14,8.42024398536768e-16
ENERGY,22,1,1.1880258025027e-14,1.27574806137288e-14,8.77222588700751e-16
ENERGY,22,0,1.4326686304411e-14,1.5204545973904e-14,8.77859669490166e-16
HPRE,23,0.0521050069816679,0.00812780952498315
BIASED,23,0.0564954482508269,0.0512121980321063,0.0933292959959187,0.0143783437252722
HCAP,23,0.066068001169108,0.0235317957277416
CORECAP,23,1.19999987493647,1.46546214260769e-07,1.20000010137146,-2.11036612056661e-07
HADC,23,0.0822301423533219,0.0406633673819457
DEADLINE,23,1.19967051068259,8.91870855633726e-05
RESULT,23,0.03,0.044,1,0,1.19e-09
......9......8......7RESET,23,1.23089477760723e-07,6.87293666365175e-06,6.48513236319456e-06,1.23533026064265e-07,1.20000014067029,3.97552875224794e-07
ENERGY,23,8,0,0,0
ENERGY,23,7,2.86730484736404e-16,9.18334371491836e-16,6.31603886755424e-16
ENERGY,23,6,1.12007908790285e-15,2.8641826561173e-15,1.74410356821432e-15
ENERGY,23,5,-3.71230915127886e-17,2.63131638004891e-20,3.71494046766888e-17
ENERGY,23,4,-1.99440590918278e-16,9.66760552166753e-18,2.0910819644e-16
ENERGY,23,3,1.05871160161308e-14,1.05871160161308e-14,0
ENERGY,23,2,2.11547334248758e-15,2.88199939812026e-15,7.66526055633661e-16
ENERGY,23,1,1.17122385954e-14,1.25925564691413e-14,8.80317873742507e-16
ENERGY,23,0,1.3232045220616e-14,1.41090836842271e-14,8.77038463613095e-16
HPRE,24,0.04013547625609,0.0400594821591586
BIASED,24,0.0450770204804071,0.0816800560866879,0.0819108669136333,0.0448461698963272
HCAP,24,0.0544614227699054,0.0542300668973001
CORECAP,24,-2.4495439026445e-07,1.19999955006738,1.20000035608014,2.29495526974172e-08
HADC,24,0.070953188782042,0.0707251621662184
DEADLINE,24,-0.00178836779632333,1.19760607826354
RESULT,24,0.04,0,-1,1.18999999999999e-09,5.87499999999978e-10
......9......8......7.RESET,24,1.24923109775852e-07,9.88321055159185e-06,9.21888984558964e-06,1.24905582454134e-07,1.19998363630535,6.77710542642836e-06
ENERGY,24,8,0,0,0
ENERGY,24,7,3.42139002941003e-16,1.05947680070187e-15,7.17337797760909e-16
ENERGY,24,6,1.11625812456288e-15,2.86446839030319e-15,1.74821026573974e-15
ENERGY,24,5,-1.22053775217264e-16,4.0290969830802e-17,1.62344745048148e-16
ENERGY,24,4,-1.94004446806857e-16,6.04452963918189e-20,1.94064892103306e-16
ENERGY,24,3,1.04999990907819e-14,1.04999990907819e-14,0
ENERGY,24,2,1.72728469107686e-14,1.80845899426469e-14,8.11743031878469e-16
ENERGY,24,1,1.22889513993322e-14,1.31763282966202e-14,8.87376897290675e-16
ENERGY,24,0,1.2432409297443e-14,1.33211191520266e-14,8.8870985458498e-16
HPRE,25,0.0181568515112089,0.0620718957430537
BIASED,25,0.0240544265978535,0.102816547250569,0.0608882777450285,0.0659827020666489
HCAP,25,0.0332492984264219,0.0755571431171251
CORECAP,25,1.33657207563756e-07,1.20008232431157,5.00718817855817e-05,1.19999960929206
HADC,25,0.0502098692349424,0.0915913266870139
DEADLINE,25,1.19966933441316,8.84696518627885e-05
RESULT,25,0.04,-0.044,1,0,1.19e-09
RESET,25,1.25090259347203e-07,1.15990656046817e-07,1.16338494837492e-07,1.24674608455052e-07,1.20000014059414,3.97532678346807e-07
ENERGY,25,8,0,0,0
ENERGY,25,7,2.86687755295034e-16,9.18310147396684e-16,6.31622392101597e-16
ENERGY,25,6,1.11626214066161e-15,2.86131615943628e-15,1.74505401877474e-15
ENERGY,25,5,-1.86744398592227e-16,5.73532506056183e-17,2.44097649197982e-16
ENERGY,25,4,-1.10810315794167e-16,5.15296721832218e-20,1.10861845466259e-16
ENERGY,25,3,1.04986527550313e-14,1.04986527550313e-14,0
ENERGY,25,2,2.35554692493104e-15,3.09114072683196e-15,7.35593801898482e-16
ENERGY,25,1,1.31619344297676e-14,1.40376843050371e-14,8.75749875266636e-16
ENERGY,25,0,1.14702991572075e-14,1.23670886873302e-14,8.96789530118026e-16
HPRE,26,0.0221111290005481,0.0581175902762473
......9......8......7..BIASED,26,0.0277505883717001,0.099120174452905,0.0645844396827133,0.0622863283215551
HCAP,26,0.0371031875933166,0.0717152322048956
CORECAP,26,-1.68802326372466e-07,1.19999992489245,1.19999939587587,-6.29140413585585e-09
HADC,26,0.0538658200338421,0.0879374682788661
DEADLINE,26,-0.00178833333495511,1.19760639528688
RESULT,26,0.04,-0.036,-1,1.18999999999999e-09,6.46999999999992e-10
RESET,26,1.25044823422748e-07,9.88468796128486e-06,9.22091013925244e-06,1.24227436452391e-07,1.19998363629992,6.77715244294279e-06
ENERGY,26,8,0,0,0
ENERGY,26,7,3.42080742577717e-16,1.05977153281733e-15,7.1769079024011e-16
ENERGY,26,6,1.11625934377156e-15,2.86218081750762e-15,1.74592147373625e-15
ENERGY,26,5,-2.46294968708004e-16,1.93551855059382e-19,2.46488520563024e-16
ENERGY,26,4,-9.01818258418778e-17,3.86232674780516e-18,9.40441525893494e-17
ENERGY,26,3,1.04987414934848e-14,1.04987414934848e-14,0
ENERGY,26,2,1.71310157400164e-14,1.8117786066716e-14,9.86770326702123e-16
ENERGY,26,1,1.42768780533662e-14,1.51527921998625e-14,8.75914146496284e-16
ENERGY,26,0,1.20365845888288e-14,1.29144155245475e-14,8.77830935719414e-16
HPRE,27,0.0580485251711839,0.0221801933563907
BIASED,27,0.0620765994430214,0.0647943026325004,0.0989104512424586,0.0279604456692552
......9......8......7...HCAP,27,0.0715045869015103,0.0373130185566484
CORECAP,27,1.56462958288872e-07,1.19999918339568,1.1999994276013,-2.36275730204795e-07
HADC,27,0.087730388725012,0.0540721053725258
DEADLINE,27,-0.00178846411373767,1.19760597012672
RESULT,27,0.04,0.036,-1,1.18999999999999e-09,6.38999999999997e-10
RESET,27,1.24695011423215e-07,9.88145717793943e-06,9.21625342818456e-06,1.2506301608267e-07,1.19998363629917,6.77715425138536e-06
ENERGY,27,8,0,0,0
ENERGY,27,7,3.42082110305476e-16,1.05798013353203e-15,7.15898023226503e-16
ENERGY,27,6,1.11625756047562e-15,2.86220203864455e-15,1.74594447816913e-15
ENERGY,27,5,-1.69276893589407e-16,1.04632309231785e-19,1.69381525898285e-16
ENERGY,27,4,-1.56316177481784e-16,7.46256884314047e-17,2.30941865912961e-16
ENERGY,27,3,1.04987147204583e-14,1.04987147204583e-14,0
ENERGY,27,2,1.73048656710069e-14,1.81439958735769e-14,8.39130202565724e-16
ENERGY,27,1,1.1835283446412e-14,1.27120043299368e-14,8.7672088352568e-16
ENERGY,27,0,1.42359138419189e-14,1.511326618538e-14,8.77352343458838e-16
HPRE,28,0.0621029683342089,0.0181257660141881
BIASED,28,0.0660770504722908,0.0607937927187346,0.102910895895912,0.0239599400283698
HCAP,28,0.0756513803727168,0.0331543160355011
CORECAP,28,1.19999955492799,-3.83237606048467e-07,1.20000292377738,-2.19933132824952e-07
......9......8......7....HADC,28,0.0916837412054909,0.0501159548526682
DEADLINE,28,1.19967051820155,8.91888623618802e-05
RESULT,28,0.04,0.044,1,0,1.18999999999999e-09
RESET,28,1.24692020342114e-07,6.87516935865794e-06,6.48602001004058e-06,1.250813373464e-07,1.20000014067028,3.97552872678458e-07
ENERGY,28,8,0,0,0
ENERGY,28,7,2.86730496014577e-16,9.1834301895709e-16,6.31612522942549e-16
ENERGY,28,6,1.11626084564822e-15,2.86126466088244e-15,1.74500381523385e-15
ENERGY,28,5,-8.16175491811422e-17,5.93772967308664e-20,8.16769264780066e-17
ENERGY,28,4,-2.33629078436068e-16,1.16147444407028e-17,2.45243822876637e-16
ENERGY,28,3,1.04986466635141e-14,1.04986466635141e-14,0
ENERGY,28,2,2.11540302412523e-15,2.87944485880958e-15,7.64041834687662e-16
ENERGY,28,1,1.16691939901341e-14,1.25489904576482e-14,8.7979646751485e-16
ENERGY,28,0,1.31398135872546e-14,1.40164037950505e-14,8.76590207793463e-16
HPRE,29,0.0501334276230299,0.0500574547962754
BIASED,29,0.0546585863702047,0.0912617126146693,0.0914924333591991,0.054427864797839
HCAP,29,0.0640644208383476,0.0638331505515988
CORECAP,29,-7.34768160309575e-08,1.20000002995466,1.20000132873113,1.37881501850474e-07
HADC,29,0.080406352974727,0.0801784230206911
DEADLINE,29,-0.00178833480917424,1.19760570451144
RESULT,29,0.05,0,-1,1.18999999999999e-09,5.85999999999989e-10
......9......8......7.....RESET,29,1.2637503326721e-07,9.88480172438046e-06,9.22021262203278e-06,1.26360250500801e-07,1.1999836362987,6.77716175054492e-06
ENERGY,29,8,0,0,0
ENERGY,29,7,3.42078434105102e-16,1.05947863016777e-15,7.17400196062385e-16
ENERGY,29,6,1.11629092524419e-15,2.86525636213636e-15,1.74896543689224e-15
ENERGY,29,5,-1.41546474145782e-16,5.63403859806587e-17,1.97886860126545e-16
ENERGY,29,4,-2.35419284655453e-16,7.56518900289216e-20,2.35494936545683e-16
ENERGY,29,3,1.0411534720463e-14,1.0411534720463e-14,0
ENERGY,29,2,1.72765132395833e-14,1.8085166393377e-14,8.08653153795629e-16
ENERGY,29,1,1.22357392827147e-14,1.31225643145147e-14,8.86825031797702e-16
ENERGY,29,0,1.2379018762698e-14,1.32671926229164e-14,8.88173860218745e-16
HPRE,30,0.0281547983633603,0.072069863351286
BIASED,30,0.0336358990913733,0.112398238045525,0.0704697509341997,0.0755643884181437
HCAP,30,0.0428718364076878,0.0851405052538858
CORECAP,30,1.36958320299791e-07,1.20008144516056,4.94760577295439e-05,1.19999961629393
HADC,30,0.0596624119803137,0.101044984120969
DEADLINE,30,1.19966934750599,8.84722478985187e-05
RESULT,30,0.05,-0.044,1,0,1.19e-09
......9......8......7......RESET,30,1.06184913526321e-07,1.03844787078698e-07,1.04098588570801e-07,1.0817320739285e-07,1.20000014059422,3.97532684407151e-07
ENERGY,30,8,0,0,0
ENERGY,30,7,2.86687813840914e-16,9.18317882231111e-16,6.31630068390416e-16
ENERGY,30,6,1.11628402044997e-15,2.86212880316921e-15,1.74584478271986e-15
ENERGY,30,5,-2.08810357363923e-16,6.85373452434926e-17,2.77347702607039e-16
ENERGY,30,4,-1.62659823006939e-16,8.02108052475233e-20,1.62740033812177e-16
ENERGY,30,3,1.04101841107741e-14,1.04101841107741e-14,0
ENERGY,30,2,2.35566459630339e-15,3.08949246762236e-15,7.33827871322371e-16
ENERGY,30,1,1.30756213224819e-14,1.39508897542027e-14,8.75268431720266e-16
ENERGY,30,0,1.14287675053391e-14,1.23248759569371e-14,8.96108451599803e-16
HPRE,31,0.0321090886857609,0.0681155460716897
BIASED,31,0.0373322012605291,0.108701754733927,0.0741660491253824,0.0718679102086191
HCAP,31,0.0467060422096413,0.081318176042116
CORECAP,31,1.35121890690726e-07,1.20000096637316,1.2000004376122,1.39581478585146e-07
HADC,31,0.0633188658400988,0.09739059316572
DEADLINE,31,-0.00178830105093274,1.19760602312816
RESULT,31,0.05,-0.036,-1,1.19e-09,6.44749999999997e-10
......9......8......7......6RESET,31,1.26473344352122e-07,9.88665006203945e-06,9.22234290700712e-06,1.26191740122691e-07,1.19998363629929,6.77716070376915e-06
ENERGY,31,8,0,0,0
ENERGY,31,7,3.42080655806315e-16,1.0598390493199e-15,7.17758393513934e-16
ENERGY,31,6,1.11628209490081e-15,2.86296221270244e-15,1.74668011780232e-15
ENERGY,31,5,-2.80781499441961e-16,2.27574914866623e-19,2.81009074356724e-16
ENERGY,31,4,-1.27281207179361e-16,5.79139901722982e-18,1.33072606196585e-16
ENERGY,31,3,1.04102727480979e-14,1.04102727480979e-14,0
ENERGY,31,2,1.713153750223e-14,1.81184989457312e-14,9.86961443497369e-16
ENERGY,31,1,1.41904521875592e-14,1.5065888802518e-14,8.75436614957771e-16
ENERGY,31,0,1.19934633439189e-14,1.28707819682358e-14,8.77318624318614e-16
HPRE,32,0.0680464961251754,0.0321781315958103
BIASED,32,0.0716583643935064,0.0743757604286466,0.108492226626032,0.0375419097209931
HCAP,32,0.0811076696269022,0.0469158226256998
CORECAP,32,-1.8864018552876e-07,1.19999881879,1.19999990479514,4.76943010947392e-08
HADC,32,0.0971835950754274,0.0635249667264525
DEADLINE,32,-0.00178842371945138,1.19760560492282
RESULT,32,0.05,0.036,-1,1.18999999999999e-09,6.36499999999994e-10
......9......8......7......6.RESET,32,1.0822683906168e-07,9.86732398439375e-06,9.20245267433394e-06,1.06117442533043e-07,1.19998363629827,6.77716572173043e-06
ENERGY,32,8,0,0,0
ENERGY,32,7,3.42080770322812e-16,1.05811164485699e-15,7.16030874534028e-16
ENERGY,32,6,1.11628032249534e-15,2.86296206871552e-15,1.74668174622034e-15
ENERGY,32,5,-2.27048588425603e-16,1.52253772643169e-19,2.27200842197732e-16
ENERGY,32,4,-1.70141847542088e-16,9.30203481224688e-17,2.63162195664509e-16
ENERGY,32,3,1.04102461263691e-14,1.04102461263691e-14,0
ENERGY,32,2,1.73035813380842e-14,1.81433416230098e-14,8.3976028492635e-16
ENERGY,32,1,1.17920569677144e-14,1.26682908387132e-14,8.76233870996912e-16
ENERGY,32,0,1.41512082251465e-14,1.50280560464516e-14,8.76847821304051e-16
HPRE,33,0.0721009280227738,0.0281237220285755
BIASED,33,0.0756586538981576,0.0703753817558804,0.11249249735056,0.0335415280744213
HCAP,33,0.0852347130591967,0.0427769104244119
CORECAP,33,1.20000000093944,7.74085106398172e-08,1.200001214644,4.19734744034948e-09
HADC,33,0.101137336740088,0.0595685306493812
DEADLINE,33,1.19967052574557,8.9191711711629e-05
RESULT,33,0.05,0.044,1,0,1.18999999999999e-09
RESET,33,1.08188928417553e-07,6.86209954161209e-06,6.47309681032142e-06,1.06169792026578e-07,1.20000014067038,3.97552949731969e-07
ENERGY,33,8,0,0,0
ENERGY,33,7,2.867288951198e-16,9.18337290130047e-16,6.31608395010332e-16
ENERGY,33,6,1.11628367490273e-15,2.8620819925784e-15,1.74579831767535e-15
ENERGY,33,5,-1.24046174944519e-16,9.26331576929959e-20,1.24138808102329e-16
ENERGY,33,4,-2.65302839844612e-16,1.32623195769864e-17,2.78565159421709e-16
ENERGY,33,3,1.04101781757401e-14,1.04101781757401e-14,0
ENERGY,33,2,2.11533515959997e-15,2.87710935811684e-15,7.61774198518886e-16
ENERGY,33,1,1.16277030712838e-14,1.25069458740968e-14,8.79242802811421e-16
ENERGY,33,0,1.30535458167777e-14,1.39295963031828e-14,8.76050486406437e-16
HPRE,34,0.10005555873873,0.099979605296872
BIASED,34,0.102339030817437,0.138942356661064,0.139172879349332,0.102108510870239
......9......8......7......6..HCAP,34,0.111851513952225,0.111620488572436
CORECAP,34,1.18999440572582e-07,1.20000148565112,1.20000151124218,-2.26647705234684e-07
HADC,34,0.127447874960262,0.127220181348513
DEADLINE,34,-0.00178779266338361,1.19760396497251
RESULT,34,0.1,0,-1,1.18999999999999e-09,5.79249999999988e-10
RESET,34,1.27724974950569e-07,9.88620742153019e-06,9.22188002736696e-06,1.2771064563865e-07,1.19998363629922,6.77715751877821e-06
ENERGY,34,8,0,0,0
ENERGY,34,7,3.41914380511998e-16,1.0594345693039e-15,7.17520188791846e-16
ENERGY,34,6,1.11639922610435e-15,2.86760721586549e-15,1.75120798976073e-15
ENERGY,34,5,-1.23960601984096e-16,2.41228493161722e-16,3.65189095145119e-16
ENERGY,34,4,-2.44384074551654e-16,1.23086342526373e-16,3.67470417077812e-16
ENERGY,34,3,9.97575034403943e-15,9.97575034403943e-15,0
ENERGY,34,2,1.72792344131837e-14,1.80876872583713e-14,8.08452845183046e-16
ENERGY,34,1,1.19769432880823e-14,1.29027930908285e-14,9.25849802748996e-16
ENERGY,34,0,1.21192332808948e-14,1.30463577687255e-14,9.27124487833088e-16
HPRE,35,0.0781445325001087,0.122059710205094
BIASED,35,0.0815436420461404,0.160306414484087,0.118377486951625,0.123472568378145
......9......8......7......6...HCAP,35,0.0909855986159962,0.133056544468045
CORECAP,35,-2.66760978284757e-10,1.20007798158608,4.76919317466019e-05,1.19999962980707
HADC,35,0.106925190940102,0.148313574108821
DEADLINE,35,1.19966942716138,8.84901254700511e-05
RESULT,35,0.1,-0.044,1,0,1.19e-09
RESET,35,1.27763622767642e-07,1.18556314642111e-07,1.18767903087403e-07,1.27004656592453e-07,1.20000014059402,3.97532706143855e-07
ENERGY,35,8,0,0,0
ENERGY,35,7,2.8668784113119e-16,9.18325633597254e-16,6.31637792465502e-16
ENERGY,35,6,1.11077954483416e-15,2.86500020912565e-15,1.75422066429115e-15
ENERGY,35,5,-3.05072639293232e-16,1.24219414447005e-16,4.29292053740531e-16
ENERGY,35,4,-4.03229167875392e-16,2.24191560129785e-19,4.03453359435643e-16
ENERGY,35,3,9.96785211971159e-15,9.96785211971159e-15,0
ENERGY,35,2,2.35580336263995e-15,3.08306671331652e-15,7.27263350675438e-16
ENERGY,35,1,1.27346347575948e-14,1.36074088621332e-14,8.72774104535808e-16
ENERGY,35,0,1.12574414247709e-14,1.21503390213955e-14,8.92897596629531e-16
HPRE,36,0.08209888765401,0.118105324592826
BIASED,36,0.0852402213292566,0.156609643730222,0.122074067532906,0.119775797834566
HCAP,36,0.0947207460962793,0.129333041915094
CORECAP,36,1.34304990547735e-07,1.20000307416408,1.20000012517106,1.40799152626981e-07
HADC,36,0.11058440909453,0.144656498627223
DEADLINE,36,-0.00178774771729782,1.19760402180377
......9......8......7......6....RESULT,36,0.1,-0.036,-1,1.19e-09,6.34999999999992e-10
RESET,36,1.27711705227135e-07,9.88804850797842e-06,9.22410740584545e-06,1.2704555681631e-07,1.19998363629938,6.77715738836826e-06
ENERGY,36,8,0,0,0
ENERGY,36,7,3.43099727019867e-16,1.05997270704289e-15,7.16872980022934e-16
ENERGY,36,6,1.1049860671658e-15,2.85984845227076e-15,1.75486238510489e-15
ENERGY,36,5,-4.45327702697435e-16,5.29449055105692e-20,4.4538064760323e-16
ENERGY,36,4,-2.9720971903913e-16,1.51791273665505e-17,3.12388846405904e-16
ENERGY,36,3,9.96794021445056e-15,9.96794021445056e-15,0
ENERGY,36,2,1.71348505328688e-14,1.81210970148621e-14,9.86246481995475e-16
ENERGY,36,1,1.38557292086418e-14,1.47287272264727e-14,8.72998017829774e-16
ENERGY,36,0,1.18177186767191e-14,1.26925352984949e-14,8.74816621774635e-16
HPRE,37,0.118036380383269,0.0821678306872159
BIASED,37,0.119566682203051,0.122283295693078,0.156400527284486,0.0854494507318964
HCAP,37,0.129123056383037,0.0949300182986654
CORECAP,37,-9.98190377883538e-08,1.1999989790339,1.19999942236891,3.52657842431724e-08
HADC,37,0.144450046138665,0.110790140465744
DEADLINE,37,-0.0017877535421995,1.19760402070793
RESULT,37,0.1,0.036,-1,1.18999999999999e-09,6.26999999999996e-10
......9......8......7......6.....RESET,37,1.27021983428476e-07,9.88412805959119e-06,9.21889623636925e-06,1.27734880186521e-07,1.1999836362986,6.77715876992305e-06
ENERGY,37,8,0,0,0
ENERGY,37,7,3.43101192031929e-16,1.05821614809903e-15,7.15114956066567e-16
ENERGY,37,6,1.10498575435316e-15,2.85989842258488e-15,1.75491266823234e-15
ENERGY,37,5,-5.00112366359828e-16,4.19162820570853e-20,5.00154282641603e-16
ENERGY,37,4,-2.3122266339164e-16,1.84691290939939e-16,4.15913954331629e-16
ENERGY,37,3,9.96791492691395e-15,9.96791492691395e-15,0
ENERGY,37,2,1.73000253429793e-14,1.8141032991735e-14,8.41007648743634e-16
ENERGY,37,1,1.16160436781252e-14,1.24897450465199e-14,8.737013683991e-16
ENERGY,37,0,1.38222776022991e-14,1.46966534026873e-14,8.74375800390456e-16
HPRE,38,0.122090727685925,0.0781135010658753
BIASED,38,0.12356664173613,0.118283301260708,0.160400487845276,0.0814494568668742
HCAP,38,0.133150438523125,0.0908908231438118
CORECAP,38,1.20000041872169,-2.96891478045818e-07,1.19999968803475,2.1608918277472e-08
HADC,38,0.148405646466127,0.106831480944942
DEADLINE,38,1.19967056725145,8.92016299259599e-05
RESULT,38,0.1,0.044,1,0,1.18999999999999e-09
......9......8......7......6......RESET,38,1.2701318814313e-07,6.87709598739394e-06,6.4879799001016e-06,1.27752848507102e-07,1.20000014067036,3.97552946962277e-07
ENERGY,38,8,0,0,0
ENERGY,38,7,2.87940350599398e-16,9.18335849188084e-16,6.30395498588921e-16
ENERGY,38,6,1.10484753566066e-15,2.85899285283822e-15,1.75414531717781e-15
ENERGY,38,5,-3.17310778264539e-16,2.61789751893189e-19,3.17572568016635e-16
ENERGY,38,4,-4.06511419862737e-16,2.29475417226723e-17,4.29458961585709e-16
ENERGY,38,3,9.96784703197396e-15,9.96784703197396e-15,0
ENERGY,38,2,2.11417591792861e-15,2.86731649824134e-15,7.53140580303474e-16
ENERGY,38,1,1.14627060085446e-14,1.23349024277852e-14,8.72196419241778e-16
ENERGY,38,0,1.27192522763973e-14,1.35884104457592e-14,8.69158169373189e-16
HPRE,39,0.150045437773671,0.149969634510501
BIASED,39,0.150247405361783,0.186851451471508,0.187081254415462,0.150017603164134
HCAP,39,0.159866456739401,0.159636158937828
CORECAP,39,-1.6998574087971e-08,1.20000050182605,1.20000227986636,-1.34900359487054e-08
HADC,39,0.174714485605093,0.174487503917735
DEADLINE,39,-0.00178753780864185,1.1976023625201
RESULT,39,0.15,0,-1,1.18999999999999e-09,5.7449999999999e-10
......9......8......7......6......5RESET,39,1.30686378222096e-07,9.88913338815338e-06,9.22491430356002e-06,1.30686866627794e-07,1.19998363629832,6.77716237023414e-06
ENERGY,39,8,0,0,0
ENERGY,39,7,3.43101071387324e-16,1.05954186905387e-15,7.1644079766671e-16
ENERGY,39,6,1.10497075366089e-15,2.86282041704097e-15,1.75784966337962e-15
ENERGY,39,5,-6.57273520291404e-17,4.26259347353556e-16,4.9198669938256e-16
ENERGY,39,4,-3.00266142451783e-16,1.94441522025748e-16,4.94707664478153e-16
ENERGY,39,3,9.5334403864807e-15,9.5334403864807e-15,0
ENERGY,39,2,1.72800552230271e-14,1.80889653389042e-14,8.08910115872035e-16
ENERGY,39,1,1.1829753286356e-14,1.27486035752802e-14,9.18850288918378e-16
ENERGY,39,0,1.19715683564147e-14,1.28916760304421e-14,9.20107674028705e-16
HPRE,40,0.128134249263297,0.172049573917496
BIASED,40,0.129451232296435,0.208214674829456,0.166285078984929,0.171380820211509
HCAP,40,0.139100822392232,0.180969656944311
CORECAP,40,9.2587195987642e-08,1.20007586390415,4.6313626054348e-05,1.1999996263774
HADC,40,0.154187914599456,0.195582443192974
DEADLINE,40,1.19966950901569,8.85068081703258e-05
RESULT,40,0.15,-0.044,1,0,1.19e-09
RESET,40,1.30700359856142e-07,1.2106069766613e-07,1.21114772657968e-07,1.29808828701308e-07,1.20000014059417,3.97532714813399e-07
ENERGY,40,8,0,0,0
ENERGY,40,7,2.87899211070848e-16,9.18333703220803e-16,6.30434492150383e-16
ENERGY,40,6,1.10497581995822e-15,2.8604443439821e-15,1.75546852402303e-15
ENERGY,40,5,-3.5963407762428e-16,1.80213830638877e-16,5.39847908263068e-16
ENERGY,40,4,-6.04935997189547e-16,5.51793247217778e-20,6.04991176513928e-16
ENERGY,40,3,9.5255391119078e-15,9.5255391119078e-15,0
ENERGY,40,2,2.35522960725331e-15,3.07812079511546e-15,7.22891187865103e-16
ENERGY,40,1,1.2511675158287e-14,1.3377620075802e-14,8.65944917526295e-16
ENERGY,40,0,1.11350312275668e-14,1.20205926101316e-14,8.85561382563865e-16
HPRE,41,0.132088687509431,0.168095101714365
......9......8......7......6......5.BIASED,41,0.133148201241202,0.204517484914833,0.169982048308058,0.167683630042212
HCAP,41,0.14273524930518,0.177346936468642
CORECAP,41,-5.99395096911007e-08,1.20000279714772,1.19999933729083,3.8184182538201e-08
HADC,41,0.157850128029085,0.191922627271558
DEADLINE,41,-0.00178749465350842,1.19760241028187
RESULT,41,0.15,-0.036,-1,1.19e-09,6.28499999999998e-10
RESET,41,1.30661757418322e-07,9.89157025896475e-06,9.22692086106931e-06,1.30162089061365e-07,1.19998363629855,6.77716171010323e-06
ENERGY,41,8,0,0,0
ENERGY,41,7,3.43103779020963e-16,1.06015162574113e-15,7.17047846720196e-16
ENERGY,41,6,1.10497277785503e-15,2.86109300028404e-15,1.75612022242956e-15
ENERGY,41,5,-5.7197726395985e-16,7.69837030635098e-20,5.7205424766303e-16
ENERGY,41,4,-4.29547149960793e-16,2.48989379198251e-17,4.54446087880836e-16
ENERGY,41,3,9.52562874336003e-15,9.52562874336003e-15,0
ENERGY,41,2,1.71363780405128e-14,1.81229172747631e-14,9.86539234251907e-16
ENERGY,41,1,1.36430293590743e-14,1.45091968317667e-14,8.66167472682365e-16
ENERGY,41,0,1.16899340172157e-14,1.25578582776809e-14,8.67924260468165e-16
HPRE,42,0.1680262974598,0.132157490682934
BIASED,42,0.167475176180327,0.170190626470298,0.204309029803589,0.133356779727522
......9......8......7......6......5..HCAP,42,0.177137586535813,0.142943866495052
CORECAP,42,3.50261324063333e-08,1.20000177820974,1.20000227677213,9.60172534292769e-08
HADC,42,0.191716819868161,0.158055244836499
DEADLINE,42,-0.00178754405983422,1.19760228967032
RESULT,42,0.15,0.036,-1,1.18999999999999e-09,6.20749999999996e-10
RESET,42,1.30139304588185e-07,9.88680491866497e-06,9.22182655732503e-06,1.30689509837605e-07,1.19998363629655,6.77717200016263e-06
ENERGY,42,8,0,0,0
ENERGY,42,7,3.43267988106425e-16,1.05859226877538e-15,7.15324280668271e-16
ENERGY,42,6,1.1049714202186e-15,2.86107615315911e-15,1.75610473294092e-15
ENERGY,42,5,-7.35874503284372e-16,2.01943162328532e-19,7.36076446446339e-16
ENERGY,42,4,-2.54422055937484e-16,2.76929346583908e-16,5.313514025217e-16
ENERGY,42,3,9.52560406160569e-15,9.52560406160569e-15,0
ENERGY,42,2,1.72965199312715e-14,1.81402403575115e-14,8.43720426234836e-16
ENERGY,42,1,1.14880988520495e-14,1.23549140226034e-14,8.66815170565788e-16
ENERGY,42,0,1.36119668634289e-14,1.44795006822905e-14,8.67533818855261e-16
HPRE,43,0.172080528434358,0.128103279214963
BIASED,43,0.17147459223217,0.166191176773288,0.208308460062437,0.12935732775096
HCAP,43,0.181063451454739,0.139006407357048
CORECAP,43,1.20000045136398,-1.55344769860201e-07,1.19999969682078,1.12636382440933e-07
......9......8......7......6......5...HADC,43,0.195674437259887,0.154094570149489
DEADLINE,43,1.19967060317293,8.91974287504558e-05
RESULT,43,0.15,0.044,1,0,1.18999999999999e-09
RESET,43,1.30130758537196e-07,6.87897852284047e-06,6.48987533700287e-06,1.30693355400606e-07,1.20000014067683,3.97557175394283e-07
ENERGY,43,8,0,0,0
ENERGY,43,7,2.87939509297977e-16,9.18335866956009e-16,6.30396357657743e-16
ENERGY,43,6,1.10497424978438e-15,2.86040463360811e-15,1.7554303838241e-15
ENERGY,43,5,-4.73123267813023e-16,4.357416194804e-19,4.73559009432747e-16
ENERGY,43,4,-5.09641847973576e-16,3.27662430966786e-17,5.42408091070579e-16
ENERGY,43,3,9.52553351980936e-15,9.52553351980936e-15,0
ENERGY,43,2,2.11404224114652e-15,2.86204366021164e-15,7.48001419071921e-16
ENERGY,43,1,1.13344368925895e-14,1.22041106066072e-14,8.69673714013873e-16
ENERGY,43,0,1.24906940096996e-14,1.3357460830313e-14,8.66766820604739e-16
HPRE,44,0.200035295372437,0.199959604617685
BIASED,44,0.198155716375047,0.234760387200238,0.234989580382872,0.197926520408816
HCAP,44,0.207879283749181,0.207649605490445
CORECAP,44,1.14909859654214e-07,1.20000289846058,1.20000036125784,-9.98913068209033e-08
HADC,44,0.221981379491218,0.221754995960145
DEADLINE,44,-0.00178676897242112,1.19760123585053
RESULT,44,0.2,0,-1,1.18999999999999e-09,5.70749999999992e-10
......9......8......7......6......5....RESET,44,1.31613905373324e-07,9.89032905465914e-06,9.22558154207605e-06,1.3135564868767e-07,1.19998363629433,6.77718686995245e-06
ENERGY,44,8,0,0,0
ENERGY,44,7,3.41400019189637e-16,1.05795620895623e-15,7.165561897662e-16
ENERGY,44,6,1.10510306335879e-15,2.86325886003199e-15,1.75815579667288e-15
ENERGY,44,5,2.66670516840506e-17,6.11068308671547e-16,5.84401256987749e-16
ENERGY,44,4,-3.21409861593247e-16,2.65838653114999e-16,5.87248514707612e-16
ENERGY,44,3,9.09114593357119e-15,9.09114593357119e-15,0
ENERGY,44,2,1.72805366184447e-14,1.8090621580717e-14,8.1008496228265e-16
ENERGY,44,1,1.1720227727107e-14,1.26366257005047e-14,9.1639797338552e-16
ENERGY,44,0,1.18617411212098e-14,1.2779368473731e-14,9.17627352532152e-16
HPRE,45,0.178123963181146,0.22203944284738
BIASED,45,0.177358751705149,0.256122970858225,0.214192608296194,0.219289095421378
HCAP,45,0.187217684429862,0.228877060955252
CORECAP,45,-1.68834500658445e-07,1.20007447697086,4.54977043550722e-05,1.20000023720888
HADC,45,0.2014510298921,0.242852132830229
DEADLINE,45,1.19966959393867,8.85234006779096e-05
RESULT,45,0.2,-0.044,1,0,1.18999999999999e-09
......9......8......7......6......5.....RESET,45,1.31371597290285e-07,1.2187004453739e-07,1.22072669269258e-07,1.30854785286056e-07,1.20000014059405,3.97532674988796e-07
ENERGY,45,8,0,0,0
ENERGY,45,7,2.87899303094084e-16,9.18331254392832e-16,6.30431951298357e-16
ENERGY,45,6,1.10510901177669e-15,2.86105551587479e-15,1.75594650409809e-15
ENERGY,45,5,-3.800609106127e-16,2.36585477771005e-16,6.16646388383246e-16
ENERGY,45,4,-7.71279135000376e-16,1.51090507324153e-19,7.71430225508181e-16
ENERGY,45,3,9.08324317961055e-15,9.08324317961055e-15,0
ENERGY,45,2,2.35536197253074e-15,3.07566188958912e-15,7.20299917056134e-16
ENERGY,45,1,1.23603550474484e-14,1.32240133415274e-14,8.63658294083199e-16
ENERGY,45,0,1.10418932624322e-14,1.19244530709748e-14,8.82559808544277e-16
HPRE,46,0.18207848884716,0.218084876622911
BIASED,46,0.181056161983499,0.252425294064188,0.217890022829502,0.215591421686035
HCAP,46,0.190748495326534,0.22535782958699
CORECAP,46,5.2004470849175e-08,1.20000244747488,1.19999943549538,-3.44221961702895e-08
HADC,46,0.205116324133543,0.239189197130238
DEADLINE,46,-0.0017867383195783,1.19760126926475
RESULT,46,0.2,-0.036,-1,1.19e-09,6.24499999999993e-10
......9......8......7......6......5......RESET,46,1.31329088133543e-07,9.89245719233022e-06,9.22791442651173e-06,1.30884981021388e-07,1.19998363629452,6.77718634216666e-06
ENERGY,46,8,0,0,0
ENERGY,46,7,3.41400129528886e-16,1.05855562243501e-15,7.17155492906209e-16
ENERGY,46,6,1.10510610226762e-15,2.86162464817347e-15,1.75651854590547e-15
ENERGY,46,5,-6.62423229249482e-16,1.01977826779497e-19,6.62525207076733e-16
ENERGY,46,4,-5.25749185252744e-16,3.47485206402388e-17,5.60497705893332e-16
ENERGY,46,3,9.08333527555594e-15,9.08333527555594e-15,0
ENERGY,46,2,1.71365150317402e-14,1.81244448228173e-14,9.87929791083686e-16
ENERGY,46,1,1.35071926222731e-14,1.43711065152236e-14,8.63913892952621e-16
ENERGY,46,0,1.1594375639663e-14,1.24599884681734e-14,8.6561282851418e-16
HPRE,47,0.218016203630785,0.182147160737181
BIASED,47,0.21538365203315,0.218097937399652,0.252217524694391,0.181264078561029
HCAP,47,0.225149170594926,0.190956443770083
CORECAP,47,1.36318210482328e-08,1.20000091409689,1.19999975946855,6.07414579031595e-09
HADC,47,0.238984050995287,0.20532082142193
DEADLINE,47,-0.00178675038785395,1.19760117843886
RESULT,47,0.2,0.036,-1,1.18999999999999e-09,6.16499999999998e-10
RESET,47,1.3086245671374e-07,9.88761857961879e-06,9.22217626372181e-06,1.31351309115778e-07,1.19998363629275,6.77719717284529e-06
ENERGY,47,8,0,0,0
ENERGY,47,7,3.41400757765623e-16,1.05685151382288e-15,7.15450756057236e-16
ENERGY,47,6,1.10510474003934e-15,2.86165345682844e-15,1.75654871678893e-15
ENERGY,47,5,-9.35379241911084e-16,2.81085522722387e-19,9.35660327434145e-16
ENERGY,47,4,-2.41446736096463e-16,3.69324820776555e-16,6.10771556872438e-16
ENERGY,47,3,9.0833108571477e-15,9.0833108571477e-15,0
ENERGY,47,2,1.72959833995981e-14,1.81404064428254e-14,8.44423043232245e-16
ENERGY,47,1,1.13924495015875e-14,1.22569375322617e-14,8.64488030676638e-16
ENERGY,47,0,1.34766488238412e-14,1.43418644444201e-14,8.65215620570397e-16
HPRE,48,0.222070331895202,0.178093056300104
......9......8......7......6......5......4BIASED,48,0.219382537350912,0.214099013880138,0.256216412872447,0.177265157041538
HCAP,48,0.22897038415785,0.187123561781843
CORECAP,48,1.19999996160969,5.5174421620256e-08,1.20000127130665,-5.85085347137832e-09
HADC,48,0.242943685073277,0.201357996690652
DEADLINE,48,1.19967065410599,8.92098832116836e-05
RESULT,48,0.2,0.044,1,0,1.19e-09
RESET,48,1.30863602343344e-07,6.87861214602234e-06,6.48969643411871e-06,1.31364849039228e-07,1.20000014067019,3.97552936139377e-07
ENERGY,48,8,0,0,0
ENERGY,48,7,2.87938808852035e-16,9.1833931167399e-16,6.30400502822418e-16
ENERGY,48,6,1.10510828643017e-15,2.8610338029323e-15,1.75592551650205e-15
ENERGY,48,5,-5.93347865854664e-16,8.19053582984986e-20,5.93429771212318e-16
ENERGY,48,4,-5.75901824759159e-16,4.2739265077753e-17,6.18641089836786e-16
ENERGY,48,3,9.08323820587481e-15,9.08323820587481e-15,0
ENERGY,48,2,2.11399722518786e-15,2.85901763535796e-15,7.45020410181099e-16
ENERGY,48,1,1.12414421410673e-14,1.21087999893443e-14,8.67357848286116e-16
ENERGY,48,0,1.23398087496596e-14,1.32042405701688e-14,8.64431820502949e-16
HPRE,49,0.250025166740216,0.249949606126269
BIASED,49,0.246064080236656,0.282669470547071,0.28289796793238,0.245835582992465
......9......8......7......6......5......4.HCAP,49,0.255887309650831,0.255658361832973
CORECAP,49,6.3484411909989e-08,1.20000187095702,1.20000052800969,-2.13834957934632e-07
HADC,49,0.269248751474936,0.269023058639877
DEADLINE,49,-0.00178468213944144,1.19760073827712
RESULT,49,0.25,0,-1,1.19e-09,5.68250000000016e-10
RESET,49,1.33125093406445e-07,9.89190825444143e-06,9.2272242343165e-06,1.32918019989492e-07,1.1999836362167,6.77491766675042e-06
ENERGY,49,8,0,0,0
ENERGY,49,7,3.41240679759936e-16,1.05785735133374e-15,7.16616671573923e-16
ENERGY,49,6,1.10525438411122e-15,2.86345180464238e-15,1.75819742053135e-15
ENERGY,49,5,1.55438651404698e-16,7.95999378706382e-16,6.40560727300915e-16
ENERGY,49,4,-3.06096741702491e-16,3.37403558788977e-16,6.43500300491235e-16
ENERGY,49,3,8.64887086684901e-15,8.64887086684901e-15,0
ENERGY,49,2,1.72823100700436e-14,1.80913903685485e-14,8.09080298514319e-16
ENERGY,49,1,1.16445899058879e-14,1.25587388738961e-14,9.14148968017569e-16
ENERGY,49,0,1.17859322403778e-14,1.27013145693925e-14,9.15382329019137e-16
HPRE,50,0.228113667966088,0.272029323639622
BIASED,50,0.225266193021345,0.304031296229067,0.262100073952599,0.267197395724636
HCAP,50,0.235335592416251,0.276773463768624
CORECAP,50,7.65957161015512e-08,1.20007349784293,4.49504983816571e-05,1.19999978843692
......9......8......7......6......5......4..HADC,50,0.248714333866241,0.290122322005013
DEADLINE,50,1.19966969965434,8.85512252861264e-05
RESULT,50,0.25,-0.044,1,0,1.19e-09
RESET,50,1.32886231274535e-07,1.24636026680617e-07,1.23301122329372e-07,1.33933873683233e-07,1.20000014059415,3.97532691701877e-07
ENERGY,50,8,0,0,0
ENERGY,50,7,2.87899495273503e-16,9.18334957584401e-16,6.30435462311211e-16
ENERGY,50,6,1.10526098617909e-15,2.86130999875436e-15,1.75604901257535e-15
ENERGY,50,5,-3.62978170462837e-16,2.93462589444075e-16,6.56440759906899e-16
ENERGY,50,4,-9.01140286550453e-16,1.90898580673911e-19,9.01331185130724e-16
ENERGY,50,3,8.64097033221941e-15,8.64097033221941e-15,0
ENERGY,50,2,2.35545694089645e-15,3.07412657215456e-15,7.18669631271319e-16
ENERGY,50,1,1.22604335231931e-14,1.31220488711906e-14,8.61615347995527e-16
ENERGY,50,0,1.09753059774181e-14,1.18553700767884e-14,8.80064099379018e-16
HPRE,51,0.232068296636209,0.268074644051846
BIASED,51,0.228964083816876,0.300333064245136,0.265797969110602,0.263499161915662
HCAP,51,0.238757892286764,0.273362767342772
CORECAP,51,-2.01137991622146e-07,1.19999911008537,1.20000051017291,1.54148484940644e-07
HADC,51,0.25238286706318,0.286456233324669
DEADLINE,51,-0.00178466623389973,1.19760075448303
RESULT,51,0.25,-0.036,-1,1.19e-09,6.2175000000001e-10
......9......8......7......6......5......4...RESET,51,1.3285170764898e-07,9.89599013749132e-06,9.22961564572917e-06,1.32308881709825e-07,1.19998363629344,6.77719385562561e-06
ENERGY,51,8,0,0,0
ENERGY,51,7,3.41239738610225e-16,1.05849583811453e-15,7.17256099504274e-16
ENERGY,51,6,1.10525716119665e-15,2.86186658471025e-15,1.75660942351369e-15
ENERGY,51,5,-7.16164237522833e-16,4.52396257215316e-19,7.16616633780068e-16
ENERGY,51,4,-5.849119802272e-16,4.52007386648138e-17,6.30112718891939e-16
ENERGY,51,3,8.64106441417001e-15,8.64106441417001e-15,0
ENERGY,51,2,1.7137770878764e-14,1.81249155368084e-14,9.87144658037665e-16
ENERGY,51,1,1.34236493525841e-14,1.42854722210886e-14,8.61822868502645e-16
ENERGY,51,0,1.15265333717507e-14,1.23900087931661e-14,8.63475421408721e-16
HPRE,52,0.268006135558484,0.232136804869381
BIASED,52,0.26329222407957,0.266005090642935,0.30012612070375,0.229171211716727
HCAP,52,0.273154866956193,0.238965093276638
CORECAP,52,1.47440009095942e-07,1.20000304820262,1.19999962352722,-2.07060818119538e-07
HADC,52,0.286251739110118,0.252586598031783
DEADLINE,52,-0.00178463600509884,1.19760071323686
RESULT,52,0.25,0.036,-1,1.19e-09,6.14000000000008e-10
......9......8......7......6......5......4....RESET,52,1.32273124279526e-07,9.88877189690987e-06,9.22520522209014e-06,1.32872763866347e-07,1.19998363629305,6.77719577399287e-06
ENERGY,52,8,0,0,0
ENERGY,52,7,3.41236509433451e-16,1.05680236203767e-15,7.15565852603863e-16
ENERGY,52,6,1.10524297972148e-15,2.86189259414359e-15,1.75664961442285e-15
ENERGY,52,5,-1.09807482465014e-15,3.6168990760029e-19,1.09843651455763e-15
ENERGY,52,4,-1.91620791903762e-16,4.61921466497672e-16,6.53542258401669e-16
ENERGY,52,3,8.64104079315066e-15,8.64104079315066e-15,0
ENERGY,52,2,1.72960570335203e-14,1.81400205626496e-14,8.43963529127069e-16
ENERGY,52,1,1.1324436304632e-14,1.21867879649626e-14,8.62351660331844e-16
ENERGY,52,0,1.33927897806668e-14,1.42559182368124e-14,8.6312845614549e-16
HPRE,53,0.272060145029584,0.228082827288605
BIASED,53,0.267290466865037,0.262006815074736,0.304124369942139,0.225172938504273
HCAP,53,0.276866400774093,0.235241811502175
CORECAP,53,1.19999962935281,-1.50730246795435e-08,1.19999962203084,-1.71502988556227e-07
HADC,53,0.29021351986867,0.248621634403189
DEADLINE,53,1.19967070993764,8.92235732193766e-05
RESULT,53,0.25,0.044,1,0,1.19e-09
......9......8......7......6......5......4.....RESET,53,1.3392893629239e-07,6.87865647873482e-06,6.49131529962179e-06,1.32879450752476e-07,1.20000014067665,3.9755699382505e-07
ENERGY,53,8,0,0,0
ENERGY,53,7,2.8794115940127e-16,9.18338452360668e-16,6.30397292959569e-16
ENERGY,53,6,1.10525981489777e-15,2.86130136598076e-15,1.75604155108275e-15
ENERGY,53,5,-6.73730387327368e-16,3.8328054731211e-19,6.7411366787493e-16
ENERGY,53,4,-6.02813180850809e-16,5.3392384710015e-17,6.56205565560821e-16
ENERGY,53,3,8.6409657541669e-15,8.6409657541669e-15,0
ENERGY,53,2,2.113970214169e-15,2.8572290223119e-15,7.43258808134638e-16
ENERGY,53,1,1.11750405034376e-14,1.20402213002749e-14,8.65180796831869e-16
ENERGY,53,0,1.22402954660078e-14,1.31025830202845e-14,8.62287554280109e-16
HPRE,54,0.300015050203099,0.299939671143195
BIASED,54,0.293972589583283,0.330578993341,0.330806510669092,0.293745070380989
HCAP,54,0.303887739085616,0.303659798522473
CORECAP,54,2.38522248280545e-08,1.20000396897029,1.19999972460382,1.30384731114885e-07
HADC,54,0.316516862527198,0.316292132688793
DEADLINE,54,-0.00178246632224246,1.19760077288493
RESULT,54,0.3,0,-1,1.19e-09,5.66499999999994e-10
......9......8......7......6......5......4......RESET,54,1.45075348434393e-07,9.89335668238398e-06,9.23590975594126e-06,1.45121209354048e-07,1.19998363621466,6.7749317314091e-06
ENERGY,54,8,0,0,0
ENERGY,54,7,3.41374760732978e-16,1.05808968952471e-15,7.16714928791571e-16
ENERGY,54,6,1.10542713885245e-15,2.86349989220775e-15,1.75807275335587e-15
ENERGY,54,5,3.22800538678859e-16,9.82280713616575e-16,6.594801749375e-16
ENERGY,54,4,-2.52798579803387e-16,4.0970339386506e-16,6.6250197366873e-16
ENERGY,54,3,8.20662145325864e-15,8.20662145325864e-15,0
ENERGY,54,2,1.72813617712728e-14,1.80917608496823e-14,8.10399078411375e-16
ENERGY,54,1,1.1594519485685e-14,1.2506688247594e-14,9.12168761919652e-16
ENERGY,54,0,1.17358225163823e-14,1.26491496281382e-14,9.13327111758701e-16
HPRE,55,0.27810335008406,0.322019231359163
BIASED,55,0.273173498629748,0.351939761643522,0.310007407453688,0.315105818646877
HCAP,55,0.28345403734276,0.324653920011932
CORECAP,55,-1.5865506656831e-07,1.20007282967828,4.46759051261361e-05,1.19999965461855
HADC,55,0.295977984927011,0.337393376753977
DEADLINE,55,1.19966980546904,8.85705988768341e-05
RESULT,55,0.3,-0.044,1,0,1.19e-09
RESET,55,1.44974864266577e-07,1.2540459857139e-07,1.34215685873059e-07,1.34360671229265e-07,1.20000014059426,3.9753271916653e-07
ENERGY,55,8,0,0,0
ENERGY,55,7,2.87899314595448e-16,9.18339305433904e-16,6.30439990838481e-16
ENERGY,55,6,1.10543414180186e-15,2.86140231433751e-15,1.75596817253466e-15
ENERGY,55,5,-3.10559500337646e-16,3.49580574586431e-16,6.60140074923971e-16
ENERGY,55,4,-9.93686098837402e-16,2.32150952525101e-19,9.93918249789962e-16
ENERGY,55,3,8.19872812790652e-15,8.19872812790652e-15,0
ENERGY,55,2,2.3555141651135e-15,3.07316822464875e-15,7.17654059533731e-16
ENERGY,55,1,1.21964740141067e-14,1.305625177669e-14,8.59777762590971e-16
ENERGY,55,0,1.09302941128493e-14,1.18074568961304e-14,8.77162783278722e-16
HPRE,56,0.282058104232532,0.318064410252795
BIASED,56,0.276872017361624,0.348240783352722,0.313705920125368,0.311406845802858
......9......8......7......6......5......4......3HCAP,56,0.2867605452443,0.321359103058888
CORECAP,56,-1.37785521796507e-08,1.20000520855234,1.19999968808792,9.17527468039728e-08
HADC,56,0.299649930312499,0.333723907763946
DEADLINE,56,-0.00178246870210046,1.19760076872715
RESULT,56,0.3,-0.036,-1,1.19e-09,6.20249999999995e-10
RESET,56,1.44986936586696e-07,9.89634872067552e-06,9.23114773299122e-06,1.34376245247028e-07,1.19998363621516,6.77493169516814e-06
ENERGY,56,8,0,0,0
ENERGY,56,7,3.41400884649015e-16,1.05873262250676e-15,7.17331737857138e-16
ENERGY,56,6,1.10543101935827e-15,2.86194123096507e-15,1.75651021160772e-15
ENERGY,56,5,-7.33346496721312e-16,5.39577932495636e-19,7.33886074653919e-16
ENERGY,56,4,-6.07853719881041e-16,5.54557919678888e-17,6.63309511848906e-16
ENERGY,56,3,8.1988236218207e-15,8.1988236218207e-15,0
ENERGY,56,2,1.71363000621363e-14,1.81249098443225e-14,9.88609782192319e-16
ENERGY,56,1,1.3375016383551e-14,1.42350661707952e-14,8.60049787240225e-16
ENERGY,56,0,1.14807209079142e-14,1.23423492633923e-14,8.61628355466637e-16
HPRE,57,0.317996106821309,0.282126408304551
BIASED,57,0.311200955541328,0.313912067249515,0.348034888747311,0.277078165502138
......9......8......7......6......5......4......3.HCAP,57,0.321152479461903,0.286966713145251
CORECAP,57,7.00401580093081e-08,1.20000085106941,1.19999957633281,-1.98339758217416e-08
HADC,57,0.333520611414259,0.299852691839275
DEADLINE,57,-0.00178239126126386,1.19760078540869
RESULT,57,0.3,0.036,-1,1.19e-09,6.12499999999993e-10
RESET,57,1.34356715258872e-07,9.89026319434214e-06,9.22548775720379e-06,1.45020685355931e-07,1.19998363621436,6.77493338596918e-06
ENERGY,57,8,0,0,0
ENERGY,57,7,3.41400927220285e-16,1.05702576045131e-15,7.1562483323112e-16
ENERGY,57,6,1.10543016280466e-15,2.86197866687957e-15,1.75654850407662e-15
ENERGY,57,5,-1.22484815217825e-15,4.06996957576568e-19,1.22525514913565e-15
ENERGY,57,4,-1.04918117627213e-16,5.55194300357935e-16,6.60112417984867e-16
ENERGY,57,3,8.1987992261565e-15,8.1987992261565e-15,0
ENERGY,57,2,1.72941161101074e-14,1.81396373926949e-14,8.45521282583017e-16
ENERGY,57,1,1.12786698891072e-14,1.21391348667366e-14,8.60464977623418e-16
ENERGY,57,0,1.33436116285443e-14,1.42049586927804e-14,8.61347064241121e-16
HPRE,58,0.322049954046007,0.278072596677471
BIASED,58,0.315198387629097,0.309914577934655,0.352032324768127,0.273080670147457
HCAP,58,0.324746328006397,0.283360697522834
CORECAP,58,1.19999988824142,5.98021868672801e-08,1.19999962622089,1.32436458895037e-07
HADC,58,0.337484094680843,0.295885726876166
DEADLINE,58,1.19967076929277,8.92389940354343e-05
......9......8......7......6......5......4......3..RESULT,58,0.3,0.044,1,0,1.19e-09
RESET,58,1.34362221788564e-07,6.88402210060383e-06,6.49085570606671e-06,1.4498624803988e-07,1.20000014067638,3.97557102127134e-07
ENERGY,58,8,0,0,0
ENERGY,58,7,2.89877387322609e-16,9.20282343961098e-16,6.3040495663813e-16
ENERGY,58,6,1.10543443870171e-15,2.8613452006713e-15,1.7559107619696e-15
ENERGY,58,5,-7.22996186110503e-16,4.69762406973804e-19,7.23465948518328e-16
ENERGY,58,4,-5.99205968502204e-16,6.37709511851251e-17,6.62976919687599e-16
ENERGY,58,3,8.1987240801508e-15,8.1987240801508e-15,0
ENERGY,58,2,2.11338098838102e-15,2.85574402515288e-15,7.42363036765054e-16
ENERGY,58,1,1.11300778944785e-14,1.19933954392267e-14,8.63317544745883e-16
ENERGY,58,0,1.21768118998476e-14,1.3037159268232e-14,8.60347368377939e-16
HPRE,59,0.350004985597869,0.349929824165971
BIASED,59,0.341881344943079,0.378488977718906,0.378715322269418,0.341655009435908
HCAP,59,0.35187860273741,0.35165192151666
CORECAP,59,9.11073643744236e-08,1.20000011684193,1.19999963183008,9.71847987133531e-08
HADC,59,0.363785982524457,0.36356245743571
DEADLINE,59,-0.00177975048443806,1.19760167309359
RESULT,59,0.35,0,-1,1.19e-09,5.65500000000019e-10
......9......8......7......6......5......4......3...RESET,59,1.41595889774003e-07,9.90021732917896e-06,9.23537094197597e-06,1.41776690744068e-07,1.19998363621266,6.77495009478444e-06
ENERGY,59,8,0,0,0
ENERGY,59,7,3.4140110908831e-16,1.0581149693173e-15,7.16713860228963e-16
ENERGY,59,6,1.10562560512258e-15,2.86346206615953e-15,1.75783646103713e-15
ENERGY,59,5,5.2787848561151e-16,1.16808801982748e-15,6.40209534216578e-16
ENERGY,59,4,-1.61381512885847e-16,4.81959662073383e-16,6.43341174958455e-16
ENERGY,59,3,7.76440678386519e-15,7.76440678386519e-15,0
ENERGY,59,2,1.72817198783752e-14,1.8091670060706e-14,8.09950182338813e-16
ENERGY,59,1,1.15656628524442e-14,1.24761370024066e-14,9.10474149957002e-16
ENERGY,59,0,1.17069331390327e-14,1.26185812569634e-14,9.11648117925573e-16
HPRE,60,0.32809299642307,0.372009181280962
BIASED,60,0.321080600932627,0.399848404565456,0.357914549394583,0.363014415808011
HCAP,60,0.3315723972868,0.372515182487165
CORECAP,60,-1.38928700302905e-07,1.20007264371149,4.46364917129994e-05,1.199999804669
HADC,60,0.343242138212359,0.384665551084557
DEADLINE,60,1.19966991787752,8.85948103272932e-05
RESULT,60,0.35,-0.044,1,0,1.19e-09
......9......8......7......6......5......4......3....RESET,60,1.43232918691534e-07,1.33649409815305e-07,1.32507701298935e-07,1.43560954807364e-07,1.20000014059391,3.97532718835943e-07
ENERGY,60,8,0,0,0
ENERGY,60,7,2.89838025506466e-16,9.20279417817633e-16,6.30441392310054e-16
ENERGY,60,6,1.10563522995393e-15,2.8614252153469e-15,1.75578998539301e-15
ENERGY,60,5,-2.20132972665496e-16,4.06468010847332e-16,6.26600983513324e-16
ENERGY,60,4,-1.04918674433705e-15,2.7317538238664e-19,1.04945991971927e-15
ENERGY,60,3,7.75652498380311e-15,7.75652498380311e-15,0
ENERGY,60,2,2.35507137637598e-15,3.07226061044826e-15,7.17189234075216e-16
ENERGY,60,1,1.21616292592355e-14,1.30199276908014e-14,8.58298431564476e-16
ENERGY,60,0,1.09034586391824e-14,1.17782249603089e-14,8.74766321113702e-16
HPRE,61,0.332047913171226,0.36805417218141
BIASED,61,0.324779924816159,0.396148467921882,0.36161387195273,0.359314484474069
HCAP,61,0.3347540670174,0.369345077326983
CORECAP,61,1.08224224346107e-07,1.20000224804581,1.1999994182161,-6.60871949002814e-08
HADC,61,0.346917756869751,0.380992397218562
DEADLINE,61,-0.0017797754823331,1.19760164317313
RESULT,61,0.35,-0.036,-1,1.19e-09,6.19750000000008e-10
......9......8......7......6......5......4......3.....RESET,61,1.43187260617784e-07,9.90446099084112e-06,9.23901116616403e-06,1.43593587321692e-07,1.19998363621293,6.7749493264387e-06
ENERGY,61,8,0,0,0
ENERGY,61,7,3.41402380029152e-16,1.0587463085732e-15,7.17343928544677e-16
ENERGY,61,6,1.10563109328364e-15,2.86195112962596e-15,1.75632003634171e-15
ENERGY,61,5,-7.12700540987885e-16,1.82694822101061e-19,7.1288323580987e-16
ENERGY,61,4,-5.93546870491976e-16,6.52231001498458e-17,6.58769970642019e-16
ENERGY,61,3,7.756621363439e-15,7.756621363439e-15,0
ENERGY,61,2,1.71362412387882e-14,1.81246836980468e-14,9.88442459258392e-16
ENERGY,61,1,1.33541323600965e-14,1.42126813529753e-14,8.58548992867295e-16
ENERGY,61,0,1.14534586690925e-14,1.2313602611533e-14,8.60143942441277e-16
HPRE,62,0.367986141671267,0.332115946879898
BIASED,62,0.359110039974193,0.361818659219647,0.395944023113704,0.324984708976491
HCAP,62,0.369139889606177,0.334958850572629
CORECAP,62,-1.49270734079525e-07,1.20000049251799,1.20000033999044,1.21452336665956e-07
HADC,62,0.380790473244481,0.347119204484395
DEADLINE,62,-0.00177964520452297,1.19760172118737
RESULT,62,0.35,0.036,-1,1.19e-09,6.11749999999999e-10
RESET,62,1.43490132573092e-07,9.89799092124586e-06,9.23351567291378e-06,1.43282155245389e-07,1.1999836362134,6.77494256039944e-06
ENERGY,62,8,0,0,0
ENERGY,62,7,3.4123649500605e-16,1.05690565385869e-15,7.15669158851626e-16
ENERGY,62,6,1.10562967799447e-15,2.86197269618992e-15,1.75634301819524e-15
ENERGY,62,5,-1.31372712379149e-15,4.81588414602642e-19,1.31420871220623e-15
ENERGY,62,4,1.88856562067921e-17,6.48335758808185e-16,6.29450102601626e-16
ENERGY,62,3,7.75659694436222e-15,7.75659694436222e-15,0
ENERGY,62,2,1.72951526481358e-14,1.81392644367793e-14,8.4411178864425e-16
ENERGY,62,1,1.12514364519725e-14,1.2110380646725e-14,8.58944194764573e-16
ENERGY,62,0,1.33216668174717e-14,1.41815098928034e-14,8.59843075326225e-16
HPRE,63,0.372039775686702,0.32806236103232
......9......8......7......6......5......4......3......BIASED,63,0.363106321192093,0.357822288064408,0.399940309729174,0.320988343676796
HCAP,63,0.3726069306908,0.33147967004955
CORECAP,63,1.19999968840822,1.43559695321604e-07,1.19999968986322,-2.78064794692339e-08
HADC,63,0.384755616166552,0.343150455690716
DEADLINE,63,1.19967083136815,8.92555596348788e-05
RESULT,63,0.35,0.044,1,0,1.19e-09
RESET,63,1.43635612006017e-07,6.88258591287674e-06,6.49541756818081e-06,1.43268041873928e-07,1.20000014067655,3.97557180135101e-07
ENERGY,63,8,0,0,0
ENERGY,63,7,2.89877262293327e-16,9.20279964011999e-16,6.30402701718959e-16
ENERGY,63,6,1.10565249083252e-15,2.86137765090264e-15,1.75572516006992e-15
ENERGY,63,5,-7.32037250915844e-16,5.57118696513731e-19,7.32594369611822e-16
ENERGY,63,4,-5.55235562024759e-16,7.43036634125805e-17,6.29539225436801e-16
ENERGY,63,3,7.75652129718887e-15,7.75652129718887e-15,0
ENERGY,63,2,2.11338991368083e-15,2.85529663267744e-15,7.41906719003785e-16
ENERGY,63,1,1.11031408513963e-14,1.1965023576039e-14,8.61882724649746e-16
ENERGY,63,0,1.21422447342481e-14,1.3001133650528e-14,8.58888916275277e-16
HPRE,64,0.399994984506335,0.399920109559754
BIASED,64,0.38979041223503,0.426399640809583,0.426624454807633,0.389565627101095
......9......8......7......6......5......4......3......2HCAP,64,0.399858963679312,0.399633931300151
CORECAP,64,-4.42003615504251e-08,1.19999959698174,1.19999986104904,-4.52660841168188e-08
HADC,64,0.411056434885022,0.410834491956467
DEADLINE,64,-0.00177457095521786,1.19760375654898
RESULT,64,0.4,0,-1,1.19e-09,5.65250000000012e-10
RESET,64,1.41243859348451e-07,9.89956546453326e-06,9.23456242361455e-06,1.41124202719114e-07,1.19998363621246,6.77495038451058e-06
ENERGY,64,8,0,0,0
ENERGY,64,7,3.41236713059766e-16,1.05801535424098e-15,7.16778641180548e-16
ENERGY,64,6,1.10598859580291e-15,2.86347496870712e-15,1.75748637290399e-15
ENERGY,64,5,7.68035406097409e-16,1.35412253992554e-15,5.86087133827556e-16
ENERGY,64,4,-3.48780386214938e-17,5.54482545846758e-16,5.89360584467489e-16
ENERGY,64,3,7.32223190544278e-15,7.32223190544278e-15,0
ENERGY,64,2,1.72828867867246e-14,1.80915098976424e-14,8.08623110914532e-16
ENERGY,64,1,1.15518592933323e-14,1.2465567114131e-14,9.13707820801783e-16
ENERGY,64,0,1.16931083267438e-14,1.26079716737947e-14,9.14863347042008e-16
HPRE,65,0.378082594014603,0.421999190214608
BIASED,65,0.368987416030269,0.447757293135427,0.405821407921902,0.410923262169967
HCAP,65,0.379689827085244,0.420356182131209
CORECAP,65,1.43239289501713e-07,1.20007244273865,4.45949657986129e-05,1.19999991947504
......9......8......7......6......5......4......3......2.HADC,65,0.390507012592068,0.431939102695338
DEADLINE,65,1.19967003768421,8.86241185345504e-05
RESULT,65,0.4,-0.044,1,0,1.19e-09
RESET,65,1.40591946030364e-07,1.31248625444087e-07,1.30272815416315e-07,1.40997219974961e-07,1.20000014059379,3.97532664265786e-07
ENERGY,65,8,0,0,0
ENERGY,65,7,2.89837630134164e-16,9.20281325790672e-16,6.30443695655571e-16
ENERGY,65,6,1.10599908058698e-15,2.86172952385863e-15,1.75573044327125e-15
ENERGY,65,5,-9.03863854204299e-17,4.64410535616454e-16,5.54796921037052e-16
ENERGY,65,4,-1.06729397563266e-15,9.64111613468223e-20,1.06739038679409e-15
ENERGY,65,3,7.31436883292606e-15,7.31436883292606e-15,0
ENERGY,65,2,2.35505509586431e-15,3.07245938536269e-15,7.17404289494101e-16
ENERGY,65,1,1.21510601798281e-14,1.30128928197279e-14,8.61832639899954e-16
ENERGY,65,0,1.08886558212017e-14,1.17656044581454e-14,8.769486369541e-16
HPRE,66,0.382037737487221,0.418043917075843
BIASED,66,0.37268785999395,0.444055998910242,0.409521854060174,0.407221972919699
HCAP,66,0.382737028618337,0.417319988123202
CORECAP,66,1.03832810368814e-07,1.1999991416597,1.19999958971741,-5.87350194251861e-08
HADC,66,0.394186537001484,0.428261848508441
DEADLINE,66,-0.00177462021474615,1.19760370645167
RESULT,66,0.4,-0.036,-1,1.19e-09,6.19750000000008e-10
......9......8......7......6......5......4......3......2..RESET,66,1.40467944135668e-07,9.90227577463433e-06,9.23691459586747e-06,1.4089052026774e-07,1.1999836362128,6.77494984464334e-06
ENERGY,66,8,0,0,0
ENERGY,66,7,3.41234096068624e-16,1.05861687412545e-15,7.17382778057026e-16
ENERGY,66,6,1.10599495126539e-15,2.8621882178093e-15,1.75619326654351e-15
ENERGY,66,5,-6.53998246361941e-16,2.11517056163367e-19,6.54209763417732e-16
ENERGY,66,4,-5.40596821828759e-16,7.57027328204865e-17,6.16299554648877e-16
ENERGY,66,3,7.31446575610192e-15,7.31446575610192e-15,0
ENERGY,66,2,1.71369096026556e-14,1.81241684831311e-14,9.87258880477399e-16
ENERGY,66,1,1.33565474264612e-14,1.4218640567603e-14,8.62093141144007e-16
ENERGY,66,0,1.14387274737276e-14,1.23022626844026e-14,8.63535210668293e-16
HPRE,67,0.417976271732164,0.382105386903926
BIASED,67,0.407019531694015,0.409724792039146,0.443853560090706,0.372890795128086
HCAP,67,0.417116831938861,0.382939938880991
CORECAP,67,2.22436910967755e-07,1.19999971888243,1.20000417733288,-9.02807381205131e-08
HADC,67,0.428061859842427,0.394386235959056
DEADLINE,67,-0.00177444516855173,1.19760383575719
RESULT,67,0.4,0.036,-1,1.19e-09,6.12000000000006e-10
......9......8......7......6......5......4......3......2...RESET,67,1.40781653199912e-07,9.89604456487697e-06,9.23161927662888e-06,1.40596612473881e-07,1.19998363621217,6.77495173392397e-06
ENERGY,67,8,0,0,0
ENERGY,67,7,3.412361643546e-16,1.0569254656972e-15,7.156893013424e-16
ENERGY,67,6,1.10599328762821e-15,2.86220134407848e-15,1.7562080564489e-15
ENERGY,67,5,-1.36348674889971e-15,5.56924254073554e-19,1.36404367315453e-15
ENERGY,67,4,1.80345641509201e-16,7.41101810398169e-16,5.60756168889177e-16
ENERGY,67,3,7.31444092468226e-15,7.31444092468226e-15,0
ENERGY,67,2,1.72949023641972e-14,1.81388558290602e-14,8.43953464871832e-16
ENERGY,67,1,1.12366584419832e-14,1.20989831941904e-14,8.62324752204098e-16
ENERGY,67,0,1.33234048895456e-14,1.41867412193522e-14,8.63336329814617e-16
HPRE,68,0.422029603874982,0.378052120447636
BIASED,68,0.41101425226304,0.405729955648117,0.447848295175811,0.368895958809503
HCAP,68,0.420446907742717,0.379597855174228
CORECAP,68,1.19999967593523,1.9207057569268e-07,1.19999964142334,8.38724926171523e-08
HADC,68,0.432028265706759,0.390416122709505
DEADLINE,68,1.19967090218068,8.92757558151392e-05
RESULT,68,0.4,0.044,1,0,1.19e-09
......9......8......7......6......5......4......3......2....RESET,68,1.40940927879213e-07,6.87785858281863e-06,6.49118105272799e-06,1.40398126601614e-07,1.20000014067666,3.97557084865158e-07
ENERGY,68,8,0,0,0
ENERGY,68,7,2.89879563886416e-16,9.20276156588207e-16,6.30396592701299e-16
ENERGY,68,6,1.10601591062637e-15,2.86171776515599e-15,1.7557018545306e-15
ENERGY,68,5,-7.02329012083077e-16,1.88382004292828e-19,7.02517394088239e-16
ENERGY,68,4,-4.73338177829177e-16,8.42011174757444e-17,5.57539295304881e-16
ENERGY,68,3,7.31436602642069e-15,7.31436602642069e-15,0
ENERGY,68,2,2.11339598635409e-15,2.85556391392774e-15,7.421679275755e-16
ENERGY,68,1,1.10884084203155e-14,1.19536307354028e-14,8.65222315096216e-16
ENERGY,68,0,1.21320158501465e-14,1.29943066252761e-14,8.62290775128553e-16
HPRE,69,0.449985070126162,0.449910595005108
BIASED,69,0.437699797944293,0.47431146476328,0.474533834401078,0.437477419153952
HCAP,69,0.447828732041519,0.447606084554827
CORECAP,69,1.62663255914484e-07,1.19999960581532,1.19999977692405,1.39461919977843e-07
HADC,69,0.458328413819443,0.458108783329074
DEADLINE,69,-0.00177122492376071,1.19760595778396
RESULT,69,0.45,0,-1,1.19e-09,5.6575e-10
RESET,69,1.38940547838987e-07,9.98559768263039e-06,9.23265074824468e-06,1.38916804736139e-07,1.19998363628456,6.7772420926266e-06
ENERGY,69,8,0,0,0
ENERGY,69,7,3.41399732832465e-16,1.0581428456882e-15,7.16743112855421e-16
ENERGY,69,6,1.10625292060268e-15,2.86381931529326e-15,1.75756639469105e-15
ENERGY,69,5,1.04630342657017e-15,1.5406098269956e-15,4.94306400425462e-16
ENERGY,69,4,1.29587872042599e-16,6.27269690200901e-16,4.97681818158498e-16
ENERGY,69,3,6.88010293304515e-15,6.88010293304515e-15,0
ENERGY,69,2,1.72810758757569e-14,1.80911427800544e-14,8.10066904296625e-16
ENERGY,69,1,1.15626994037124e-14,1.24751741485173e-14,9.12474744802218e-16
ENERGY,69,0,1.17039646586221e-14,1.2617563402533e-14,9.13598743909606e-16
......9......8......7......6......5......4......3......2.....HPRE,70,0.428072103014374,0.471989303069152
BIASED,70,0.416893761847775,0.495666502644925,0.453727794618294,0.458832468982446
HCAP,70,0.427804782534814,0.468177739930132
CORECAP,70,-5.87528859421408e-08,1.20007247781837,4.48716093588614e-05,1.1999995033596
HADC,70,0.437772569485878,0.479214106554814
DEADLINE,70,1.19967015380833,8.86524333792092e-05
RESULT,70,0.45,-0.044,1,0,1.19e-09
RESET,70,1.41202610690365e-07,1.3180104732261e-07,1.30996669786646e-07,1.41739118845861e-07,1.20000014059383,3.97532672206035e-07
ENERGY,70,8,0,0,0
ENERGY,70,7,2.89837269192699e-16,9.20281567964545e-16,6.30444298770556e-16
ENERGY,70,6,1.10626392054782e-15,2.86250126780919e-15,1.7562373472624e-15
ENERGY,70,5,7.19944037554203e-17,5.21943370531606e-16,4.4994896677606e-16
ENERGY,70,4,-1.04851868237751e-15,1.19443178168448e-18,1.04971311415876e-15
ENERGY,70,3,6.87226954379061e-15,6.87226954379061e-15,0
ENERGY,70,2,2.35504858943499e-15,3.07354574330457e-15,7.18497153880845e-16
ENERGY,70,1,1.2177509815376e-14,1.30383996625973e-14,8.6088984721915e-16
ENERGY,70,0,1.08951831566237e-14,1.17696845373612e-14,8.74501380729369e-16
HPRE,71,0.432027572636544,0.468033643652583
BIASED,71,0.420595772089884,0.491963283247864,0.457429805136513,0.455129239112781
......9......8......7......6......5......4......3......2......HCAP,71,0.430708908597124,0.465283706166473
CORECAP,71,1.32009843443545e-07,1.20000088374058,1.19999933693826,3.91348810891144e-07
HADC,71,0.441456419147815,0.475532190537397
DEADLINE,71,-0.00177129904431501,1.19760588616757
RESULT,71,0.45,-0.036,-1,1.19e-09,6.20750000000009e-10
RESET,71,1.4104587259491e-07,9.90196934594573e-06,9.23616101289247e-06,1.41639597857355e-07,1.199983636288,6.77724033571604e-06
ENERGY,71,8,0,0,0
ENERGY,71,7,3.4140299194523e-16,1.05877454533659e-15,7.17371553391323e-16
ENERGY,71,6,1.10625997051042e-15,2.86290106803268e-15,1.75664109752169e-15
ENERGY,71,5,-5.60368041212813e-16,2.41299535082402e-19,5.60609340747941e-16
ENERGY,71,4,-4.52839152305603e-16,8.63415527478174e-17,5.39180705053578e-16
ENERGY,71,3,6.87236630103941e-15,6.87236630103941e-15,0
ENERGY,71,2,1.71347956252617e-14,1.81235121956801e-14,9.8871657041306e-16
ENERGY,71,1,1.33959360912034e-14,1.42572626053121e-14,8.61326514101898e-16
ENERGY,71,0,1.1445551791001e-14,1.23080568429448e-14,8.62505051948326e-16
HPRE,72,0.467966549015874,0.43209467862347
BIASED,72,0.454929616209302,0.457630143981065,0.491763659041133,0.420796108695864
HCAP,72,0.465083427806517,0.430909202558444
CORECAP,72,1.71177150031734e-07,1.19999904208272,1.20000169382083,6.74233176515168e-08
......9......8......7......6......5......4......3......2......1HADC,72,0.475334956810252,0.441653591763502
DEADLINE,72,-0.00177108891168371,1.19760605196604
RESULT,72,0.45,0.036,-1,1.19e-09,6.1275e-10
RESET,72,1.41432446088682e-07,9.89621669062164e-06,9.23104696554647e-06,1.41212049132e-07,1.19998363628695,6.77724171176164e-06
ENERGY,72,8,0,0,0
ENERGY,72,7,3.41401668665263e-16,1.05707508936018e-15,7.15673420694635e-16
ENERGY,72,6,1.10625870209171e-15,2.86296105596645e-15,1.7567023538761e-15
ENERGY,72,5,-1.37901081690914e-15,6.33010379774623e-19,1.3796438272894e-15
ENERGY,72,4,3.772175363017e-16,8.34624421398758e-16,4.57406885096476e-16
ENERGY,72,3,6.87234093466159e-15,6.87234093466159e-15,0
ENERGY,72,2,1.72934652125266e-14,1.81385402185571e-14,8.4507500602402e-16
ENERGY,72,1,1.12435816854079e-14,1.21048738988529e-14,8.61292213437302e-16
ENERGY,72,0,1.33617920635427e-14,1.42242582901585e-14,8.62466226627526e-16
HPRE,73,0.472019454701762,0.428041862091885
BIASED,73,0.458922102730544,0.453637457553482,0.495756142853822,0.416803424926136
HCAP,73,0.468267132686879,0.427713956040768
CORECAP,73,1.1999995080835,3.14583973341266e-07,1.19999959884126,-5.95148393008466e-08
HADC,73,0.479301959931024,0.437682790886086
DEADLINE,73,1.19967096412313,8.92934079491834e-05
RESULT,73,0.45,0.044,1,0,1.19e-09
......9......8......7......6......5......4......3......2......1.RESET,73,1.41652760049464e-07,6.87468061990062e-06,6.48758952964201e-06,1.41251512521689e-07,1.20000014067725,3.97557194479018e-07
ENERGY,73,8,0,0,0
ENERGY,73,7,2.89875966651531e-16,9.20277475503333e-16,6.30401508852143e-16
ENERGY,73,6,1.10628170537188e-15,2.86254880630374e-15,1.75626710093245e-15
ENERGY,73,5,-6.38094194851181e-16,2.1739687970359e-19,6.38311591731487e-16
ENERGY,73,4,-3.56270605390066e-16,9.49660134350317e-17,4.51236618826164e-16
ENERGY,73,3,6.87226809634268e-15,6.87226809634268e-15,0
ENERGY,73,2,2.11337754903249e-15,2.85675268329312e-15,7.43375134258481e-16
ENERGY,73,1,1.10949104691112e-14,1.19591781642258e-14,8.64267695102443e-16
ENERGY,73,0,1.21588496796702e-14,1.30202665668165e-14,8.61416887146972e-16
HPRE,74,0.499975278430732,0.49990138547159
BIASED,74,0.485609873129515,0.522224763866049,0.522443891859186,0.485390783257923
HCAP,74,0.495788599076517,0.495569259319966
CORECAP,74,3.29122631269211e-07,1.19999958159721,1.19999946880869,3.29876961755614e-07
HADC,74,0.505602389402399,0.505385995903368
DEADLINE,74,-0.00176676221668324,1.19760907624435
RESULT,74,0.5,0,-1,1.19e-09,5.66499999999994e-10
......9......8......7......6......5......4......3......2......1..RESET,74,1.38395109154563e-07,9.98313546631834e-06,9.23137366725627e-06,1.38373853822253e-07,1.19998363628185,6.77725535126768e-06
ENERGY,74,8,0,0,0
ENERGY,74,7,3.41242072109279e-16,1.0579904764522e-15,7.16748404341815e-16
ENERGY,74,6,1.10655791859993e-15,2.86516341137005e-15,1.75860549277018e-15
ENERGY,74,5,1.35890015737076e-15,1.72854296091944e-15,3.69642803548571e-16
ENERGY,74,4,3.28598426880571e-16,7.01741780850916e-16,3.73143353969889e-16
ENERGY,74,3,6.43803080931145e-15,6.43803080931145e-15,0
ENERGY,74,2,1.72819708862568e-14,1.80907249107964e-14,8.08754024523485e-16
ENERGY,74,1,1.15957789513162e-14,1.25074932632887e-14,9.11714311993718e-16
ENERGY,74,0,1.17371487869288e-14,1.26495639120467e-14,9.12415125120629e-16
HPRE,75,0.478061487262477,0.521979559996969
BIASED,75,0.464799367089618,0.543576041187306,0.501633392323246,0.506742070507257
HCAP,75,0.475915590825635,0.51598243487181
CORECAP,75,2.39746577246494e-07,1.20007288516191,4.58207236591029e-05,1.19999906241149
HADC,75,0.485039079580107,0.526490779114441
DEADLINE,75,1.19967026910659,8.86825889017917e-05
RESULT,75,0.5,-0.044,1,0,1.19e-09
......9......8......7......6......5......4......3......2......1...RESET,75,1.38174346796075e-07,-3.55003224285219e-07,1.28316366131962e-07,-2.31438048487355e-07,1.20000014059397,3.97532735937986e-07
ENERGY,75,8,0,0,0
ENERGY,75,7,2.89836999233226e-16,9.20274042143006e-16,6.30437042910174e-16
ENERGY,75,6,1.10656836878501e-15,2.86275627624299e-15,1.75618790745792e-15
ENERGY,75,5,2.71230475301571e-16,5.79810420475672e-16,3.08579945173654e-16
ENERGY,75,4,-9.95519360915439e-16,1.48512761991755e-18,9.97004488535985e-16
ENERGY,75,3,6.43024233781816e-15,6.43024233781816e-15,0
ENERGY,75,2,2.35501899115067e-15,3.07571524060605e-15,7.20696249449389e-16
ENERGY,75,1,1.22388924888348e-14,1.30992075090452e-14,8.60315020203153e-16
ENERGY,75,0,1.09195764992728e-14,1.17918321733401e-14,8.72255674070263e-16
HPRE,76,0.482017430220021,0.518023340802562
BIASED,76,0.468503884382148,0.539870072554128,0.505337678722085,0.503036078880776
HCAP,76,0.478669888344518,0.513236603915887
CORECAP,76,3.40620084152123e-07,1.19999888417005,1.19999810520317,1.5371244496126e-06
HADC,76,0.488727646069287,0.522803656357706
DEADLINE,76,-0.00176685842878576,1.19760898847484
RESULT,76,0.5,-0.036,-1,1.19e-09,6.22249999999998e-10
......9......8......7......6......5......4......3......2......1....RESET,76,1.38226482329976e-07,9.98622560017032e-06,9.23354415810686e-06,1.38600773556927e-07,1.19998363628204,6.77725478251313e-06
ENERGY,76,8,0,0,0
ENERGY,76,7,3.41231531775327e-16,1.05855911639104e-15,7.1732758461478e-16
ENERGY,76,6,1.10656423231039e-15,2.86321114213588e-15,1.75664690982521e-15
ENERGY,76,5,-4.31014634308512e-16,3.94970865910414e-19,4.31409605174306e-16
ENERGY,76,4,-3.29802857644118e-16,9.72978961307049e-17,4.27100753775606e-16
ENERGY,76,3,6.43033656982177e-15,6.43033656982177e-15,0
ENERGY,76,2,1.71353209599591e-14,1.81225580110007e-14,9.87237051027414e-16
ENERGY,76,1,1.34672592610743e-14,1.43280105453715e-14,8.60751284296868e-16
ENERGY,76,0,1.14708613290407e-14,1.23327974385664e-14,8.61936109517396e-16
HPRE,77,0.517957045073502,0.482083748865879
BIASED,77,0.502840497890584,0.505534261671999,0.539674481942689,0.468700231559203
HCAP,77,0.513040360560701,0.478866477190517
CORECAP,77,1.39815258789934e-06,1.19999822198045,1.19999996015001,2.80291728192972e-07
HADC,77,0.52261027791422,0.488921196698701
DEADLINE,77,-0.00176663095961587,1.19760916835946
RESULT,77,0.5,0.036,-1,1.19e-09,6.14249999999988e-10
RESET,77,1.38615470004605e-07,9.97957664423888e-06,9.22928991946333e-06,1.38212937168209e-07,1.1999836362816,6.77725643675297e-06
ENERGY,77,8,0,0,0
ENERGY,77,7,3.4123630781604e-16,1.05687018190072e-15,7.15633874083618e-16
ENERGY,77,6,1.10656199643503e-15,2.86327981696639e-15,1.75671782053198e-15
ENERGY,77,5,-1.35729250712947e-15,2.5656537445227e-18,1.35985816087404e-15
ENERGY,77,4,6.11186951673849e-16,9.29724681081709e-16,3.18537729408318e-16
ENERGY,77,3,6.43031122410438e-15,6.43031122410438e-15,0
ENERGY,77,2,1.72952066188365e-14,1.8138268689247e-14,8.43062070398594e-16
ENERGY,77,1,1.12689210571253e-14,1.21296492991491e-14,8.60728242028512e-16
ENERGY,77,0,1.34338423535102e-14,1.42956954534906e-14,8.61853099982437e-16
HPRE,78,0.522009334145705,0.478031582381951
BIASED,78,0.506829813493222,0.501544670018421,0.543663802456562,0.464710628642233
......9......8......7......6......5......4......3......2......1.....HCAP,78,0.516069842682923,0.475826340785998
CORECAP,78,1.19999908067039,8.90997344454936e-07,1.19999951146486,3.89809989454664e-07
HADC,78,0.526576767197776,0.484950898770475
DEADLINE,78,1.19967102570129,8.93248551474515e-05
RESULT,78,0.5,0.044,1,0,1.19e-09
RESET,78,1.38657721376987e-07,6.22544137979641e-06,6.4824334779934e-06,1.38160782094061e-07,1.20000014066959,3.97552803811611e-07
ENERGY,78,8,0,0,0
ENERGY,78,7,2.86371062506664e-16,9.16779311354693e-16,6.30408248848705e-16
ENERGY,78,6,1.10658474120591e-15,2.86282053594695e-15,1.756235794741e-15
ENERGY,78,5,-5.36650276933761e-16,2.13473506841774e-18,5.38785012001901e-16
ENERGY,78,4,-2.02067451789629e-16,1.07229504921303e-16,3.09296956710451e-16
ENERGY,78,3,6.43024269006331e-15,6.43024269006331e-15,0
ENERGY,78,2,2.11436601790703e-15,2.86006850021194e-15,7.4570248231621e-16
ENERGY,78,1,1.11192719094582e-14,1.19829770366326e-14,8.63705127171273e-16
ENERGY,78,0,1.22207151208157e-14,1.30815473388401e-14,8.60832218029123e-16
HPRE,79,0.549965675225781,0.549892629260128
BIASED,79,0.533520651355545,0.570140070669913,0.570354545944032,0.533306171833485
......9......8......7......6......5......4......3......2......1......HCAP,79,0.543737625235692,0.543522963167805
CORECAP,79,2.70407628455456e-06,1.19999803928194,1.19999804265093,2.7251015106514e-06
HADC,79,0.552879034843114,0.552667259899556
DEADLINE,79,-0.00176127773410181,1.19761272150674
RESULT,79,0.55,0,-1,1.19e-09,5.67999999999982e-10
RESET,79,1.37825482113924e-07,9.9806999685184e-06,9.23004210194462e-06,1.3780730826983e-07,1.1999836362249,6.77508950751779e-06
ENERGY,79,8,0,0,0
ENERGY,79,7,3.41404522197288e-16,1.05813380848049e-15,7.16729286283269e-16
ENERGY,79,6,1.10689087244809e-15,2.86623499121607e-15,1.75934411876827e-15
ENERGY,79,5,1.70633225637823e-15,1.91380331941234e-15,2.07471063034039e-16
ENERGY,79,4,5.62425034310368e-16,7.73512596544546e-16,2.11087562234029e-16
ENERGY,79,3,5.99604686528034e-15,5.99604686528034e-15,0
ENERGY,79,2,1.72800387536123e-14,1.80900572805113e-14,8.10018526935174e-16
ENERGY,79,1,1.16536894191371e-14,1.25642454908336e-14,9.10556071708725e-16
ENERGY,79,0,1.17952770812332e-14,1.27068522983874e-14,9.11575217137618e-16
HPRE,80,0.528050694152761,0.571970018399161
BIASED,80,0.512703832516583,0.591485849035172,0.549537802792226,0.5546520560135
HCAP,80,0.524015860849541,0.563768422665312
CORECAP,80,5.09798465872968e-06,1.20007111042138,5.20449478107689e-05,1.19999610981201
HADC,80,0.532306990209523,0.57376936610931
DEADLINE,80,1.19967036780317,8.8707587247375e-05
......9......8......7......6......5......4......3......2......1......0RESULT,80,0.55,-0.044,1,0,1.19e-09
RESET,80,1.37612413934223e-07,-3.53625824455036e-07,1.27743137306704e-07,4.64135226351151e-08,1.20000014059367,3.97532628112496e-07
ENERGY,80,8,0,0,0
ENERGY,80,7,2.86331467745364e-16,9.16768727360753e-16,6.30437259615231e-16
ENERGY,80,6,1.10690334767045e-15,2.86215531556574e-15,1.75525196789478e-15
ENERGY,80,5,5.10453999697503e-16,6.38230594854542e-16,1.27776595157042e-16
ENERGY,80,4,-9.00690706687104e-16,2.72386564700741e-18,9.03414572333744e-16
ENERGY,80,3,5.98832637306883e-15,5.98832637306883e-15,0
ENERGY,80,2,2.35597735362258e-15,3.08003547452816e-15,7.24058120898321e-16
ENERGY,80,1,1.23352783363979e-14,1.31953502431525e-14,8.60071906752837e-16
ENERGY,80,0,1.09646526288057e-14,1.18352066188254e-14,8.70553990017945e-16
spectre completes with 0 errors, 9 warnings, and 8 notices.
