// Extracted original meter records; not a full Spectre log.
BIASED,0,0.590648074270886,0.609351929698874,0.609351929698874,0.590648074270886
CORECAP,0,3.73983403738996e-05,1.19998539454767,1.1999854689891,3.75226341742513e-05
DEADLINE,0,-0.00175608301719203,1.19761725345975
RESULT,0,0.6,0,-1,1.18975e-09,5.8625e-10
.RESET,0,1.37404313986497e-07,1.06054511870487e-05,9.24531615552356e-06,1.37324544125881e-07,1.19998363641537,7.2358300514932e-06
ENERGY,0,8,0,0,0
ENERGY,0,7,3.31981910847153e-16,1.05885980631034e-15,7.2687789546319e-16
ENERGY,0,6,1.15757085881776e-15,2.90760197131777e-15,1.75003111250003e-15
ENERGY,0,5,1.17042169118061e-20,4.02875976215794e-16,4.02864271998885e-16
ENERGY,0,4,1.16917953646325e-20,4.02878036509545e-16,4.02866344714184e-16
ENERGY,0,3,2.80557870589914e-15,2.80557870589914e-15,0
ENERGY,0,2,1.72462484670271e-14,1.80837359965845e-14,8.37487529557445e-16
ENERGY,0,1,1.23063004369356e-14,1.31663645315891e-14,8.60064094653527e-16
ENERGY,0,0,1.2441313293243e-14,1.33014254209543e-14,8.60112127711235e-16
BIASED,1,0.442986085798693,0.461689943669856,0.461689943748761,0.442986085904495
CORECAP,1,7.80868057402602e-08,1.19999953306315,1.19999964539433,9.25536657344306e-08
DEADLINE,1,-0.00177046090515715,1.19760642369285
RESULT,1,0.45,0,-1,1.19e-09,5.7925e-10
..RESET,1,1.39075719965056e-07,1.06278384180903e-05,9.25100059476636e-06,1.39048013387943e-07,1.19998363640288,7.40732373061368e-06
ENERGY,1,8,0,0,0
ENERGY,1,7,3.40822568381716e-16,1.0592074171917e-15,7.18384848810016e-16
ENERGY,1,6,1.12425586299221e-15,2.87377079964331e-15,1.74951493665109e-15
ENERGY,1,5,-3.9990444825572e-16,2.98645896768026e-16,6.98550345023761e-16
ENERGY,1,4,-3.99904321873e-16,2.9864610715522e-16,6.98550429028222e-16
ENERGY,1,3,3.49754041903757e-15,3.49754041903757e-15,0
ENERGY,1,2,1.73222874988164e-14,1.81291016029034e-14,8.0681410408641e-16
ENERGY,1,1,1.21779644769101e-14,1.30351904269705e-14,8.57225950060742e-16
ENERGY,1,0,1.23120645537855e-14,1.31704033285802e-14,8.58338774794555e-16
BIASED,2,0.431173124583591,0.473502902063286,0.449876979646099,0.454799046820347
CORECAP,2,-5.39609180043845e-08,1.20007533863046,4.64277806045155e-05,1.19999963978746
DEADLINE,2,1.199670189069,8.86634382683461e-05
RESULT,2,0.45,-0.024,1,0,1.18975e-09
...RESET,2,1.39017937565377e-07,-8.54061839562748e-07,1.3263340120132e-07,4.3718031198465e-08,1.2000014116341,3.71652752203815e-07
ENERGY,2,8,0,0,0
ENERGY,2,7,2.85915268121088e-16,9.17901922109074e-16,6.31986653988014e-16
ENERGY,2,6,1.12437012067561e-15,2.87229780460608e-15,1.74792768393049e-15
ENERGY,2,5,-2.38258804471162e-16,3.15520094697409e-16,5.53778899168575e-16
ENERGY,2,4,-2.86314878089544e-16,2.8911952455412e-16,5.75434402643651e-16
ENERGY,2,3,3.50697284515477e-15,3.50697284515477e-15,0
ENERGY,2,2,2.35667862848659e-15,3.06478742837575e-15,7.08108799889204e-16
ENERGY,2,1,1.21947902405335e-14,1.30518812324201e-14,8.57090991886298e-16
ENERGY,2,0,1.12358120179307e-14,1.21061089590727e-14,8.70296941142092e-16
BIASED,3,0.435110778280101,0.469565248310382,0.453814633434225,0.450861393117741
CORECAP,3,1.31591523752535e-08,1.19999928646069,1.19999943369835,4.00508790876588e-07
DEADLINE,3,-0.00177052604695624,1.19760637298455
RESULT,3,0.45,-0.016,-1,1.19e-09,6.16249999999999e-10
RESET,3,1.39004348434444e-07,1.06306563337522e-05,9.25208191356519e-06,1.39124496455308e-07,1.19998363640146,7.40733058758865e-06
ENERGY,3,8,0,0,0
ENERGY,3,7,3.40695752348766e-16,1.05951749974487e-15,7.18821747396111e-16
ENERGY,3,6,1.12329803884456e-15,2.87260441879436e-15,1.74930637994983e-15
ENERGY,3,5,-2.56814447181186e-16,3.04492198421175e-16,5.61306645602329e-16
ENERGY,3,4,-2.68851613306142e-16,2.94066388400607e-16,5.62918001706726e-16
ENERGY,3,3,3.50697325951656e-15,3.50697325951656e-15,0
ENERGY,3,2,1.71544542800376e-14,1.81278306834554e-14,9.73376403417848e-16
ENERGY,3,1,1.3257811529912e-14,1.41150223423577e-14,8.57210812445293e-16
ENERGY,3,0,1.18603587667973e-14,1.27186926973647e-14,8.5833393056807e-16
....BIASED,4,0.450861393148838,0.453814633421175,0.469565248323197,0.435110778277405
CORECAP,4,2.89932873856745e-07,1.19999955880334,1.19999955450496,1.65846535117486e-07
DEADLINE,4,-0.00177042521865874,1.19760645708107
RESULT,4,0.45,0.016,-1,1.19e-09,6.115e-10
RESET,4,1.39164511763305e-07,1.06218469268765e-05,9.25175404061407e-06,1.38950443834263e-07,1.19998363640043,7.40732838688691e-06
ENERGY,4,8,0,0,0
ENERGY,4,7,3.41080652350598e-16,1.05816952683235e-15,7.17088874481702e-16
ENERGY,4,6,1.12404970477124e-15,2.87260320219337e-15,1.74855349742212e-15
ENERGY,4,5,-2.85370260647759e-16,2.92761476531469e-16,5.78131737179241e-16
ENERGY,4,4,-2.39999747692664e-16,3.14951217668491e-16,5.54950965361122e-16
ENERGY,4,3,3.50697316403256e-15,3.50697316403256e-15,0
ENERGY,4,2,1.73006920653884e-14,1.81354891759362e-14,8.34797110548724e-16
ENERGY,4,1,1.16547496449206e-14,1.25119961639723e-14,8.57246519050003e-16
ENERGY,4,0,1.33198555059754e-14,1.4178129056029e-14,8.58273550054594e-16
BIASED,5,0.454799049524487,0.449876979687362,0.473502901993284,0.431173124497897
.....CORECAP,5,1.19999964570571,3.06421163404721e-07,1.19999959719319,8.28452715353188e-08
DEADLINE,5,1.19967097401848,8.92955856112899e-05
RESULT,5,0.45,0.024,1,0,1.19e-09
RESET,5,1.39242680021689e-07,7.42565415984218e-06,6.48708867098483e-06,1.39024815597002e-07,1.20000141144096,3.72260569223449e-07
ENERGY,5,8,0,0,0
ENERGY,5,7,2.86641458001108e-16,9.18281603983777e-16,6.31640145982683e-16
ENERGY,5,6,1.12377601007803e-15,2.8729646641209e-15,1.74918865404281e-15
ENERGY,5,5,-2.79743846409934e-16,2.89086694143769e-16,5.68830540553695e-16
ENERGY,5,4,-2.45022435417824e-16,3.09621985032437e-16,5.54644420450258e-16
ENERGY,5,3,3.50697298214276e-15,3.50697298214276e-15,0
ENERGY,5,2,2.11917811661547e-15,2.84858515174225e-15,7.29407035125959e-16
ENERGY,5,1,1.14411496048596e-14,1.23022699252884e-14,8.61120320428135e-16
ENERGY,5,0,1.22016832669412e-14,1.30597154000544e-14,8.58032133113856e-16
BIASED,6,0.492206757097663,0.51091061229868,0.510910612303648,0.492206757090684
CORECAP,6,4.50862364678736e-07,1.19999935211037,1.19999954390126,4.41629174757499e-07
......DEADLINE,6,-0.0017661357750447,1.19760924297126
RESULT,6,0.5,0,-1,1.19e-09,5.81749999999998e-10
RESET,6,1.38577524634001e-07,1.06240320304162e-05,9.24866678504284e-06,1.38542212869343e-07,1.19998363639944,7.40733434489878e-06
ENERGY,6,8,0,0,0
ENERGY,6,7,3.40950949466422e-16,1.05902807595863e-15,7.18077126492156e-16
ENERGY,6,6,1.12405237556052e-15,2.87532977397366e-15,1.751277398413e-15
ENERGY,6,5,-1.39889757698949e-16,3.84821805580551e-16,5.24711563279528e-16
ENERGY,6,4,-1.6065706319551e-16,3.64098611111374e-16,5.24755674306862e-16
ENERGY,6,3,3.27633055734779e-15,3.27633055734779e-15,0
ENERGY,6,2,1.72792131854147e-14,1.80888095833247e-14,8.09596397908803e-16
ENERGY,6,1,1.20202514027698e-14,1.29299725421253e-14,9.09721139355553e-16
ENERGY,6,0,1.21545638289771e-14,1.30652250526409e-14,9.10661223664043e-16
BIASED,7,0.480393795943247,0.522723573505252,0.499097651103204,0.504019718281144
CORECAP,7,2.42986660961965e-07,1.20007554630516,4.75763094198999e-05,1.19999893648933
DEADLINE,7,1.19967030327284,8.86929773314777e-05
RESULT,7,0.5,-0.024,1,0,1.19e-09
......9RESET,7,1.38400805752779e-07,-8.51103218902791e-07,1.29342569658678e-07,-2.35040687354077e-07,1.20000141003347,1.0307084128304e-06
ENERGY,7,8,0,0,0
ENERGY,7,7,2.85844964988376e-16,9.17880188009548e-16,6.32035223021093e-16
ENERGY,7,6,1.12387211987002e-15,2.87222067205107e-15,1.74834855218098e-15
ENERGY,7,5,-1.64361362940695e-16,3.5216547927628e-16,5.16526842216955e-16
ENERGY,7,4,-2.23830473476877e-16,3.2316912979042e-16,5.4699960326733e-16
ENERGY,7,3,3.27317467988333e-15,3.27317467988333e-15,0
ENERGY,7,2,2.36079436084049e-15,3.0706549926087e-15,7.09860631768666e-16
ENERGY,7,1,1.22626465136134e-14,1.31203484158718e-14,8.57701902260058e-16
ENERGY,7,0,1.12712909582344e-14,1.21407313221664e-14,8.69440363931737e-16
BIASED,8,0.484331449706732,0.518785919804184,0.503035304937307,0.500082064609951
CORECAP,8,2.61964157651865e-07,1.1999998566024,1.1999982234974,1.56013460854918e-06
DEADLINE,8,-0.00176663509322519,1.19760908380787
RESULT,8,0.5,-0.016,-1,1.19e-09,6.17749999999999e-10
......9.RESET,8,1.38488236360062e-07,1.06266346075154e-05,9.24960403769962e-06,1.38629902485892e-07,1.19998363639947,7.40733444341124e-06
ENERGY,8,8,0,0,0
ENERGY,8,7,3.4095070910576e-16,1.05979581820423e-15,7.18845109098401e-16
ENERGY,8,6,1.12387564070208e-15,2.87285667697699e-15,1.74898103627483e-15
ENERGY,8,5,-1.8584295798658e-16,3.39305033226698e-16,5.25147991213318e-16
ENERGY,8,4,-2.03426793486888e-16,3.28867533195624e-16,5.32294326682581e-16
ENERGY,8,3,3.2731752849248e-15,3.2731752849248e-15,0
ENERGY,8,2,1.71534767706965e-14,1.81268724906146e-14,9.73395719919843e-16
ENERGY,8,1,1.33293790387816e-14,1.41874975404022e-14,8.58118501619926e-16
ENERGY,8,0,1.18932572000894e-14,1.27525341774518e-14,8.59276977362103e-16
BIASED,9,0.500082067299391,0.50303530482562,0.518785919785661,0.484331449655851
CORECAP,9,1.54956796814861e-06,1.19999817815994,1.19999942646054,3.68154634595996e-07
DEADLINE,9,-0.00176607212108557,1.19760928175002
RESULT,9,0.5,0.016,-1,1.19e-09,6.13e-10
......9..RESET,9,1.3865779560389e-07,9.97685951051971e-06,1.02071513123756e-05,1.38427881786346e-07,1.19998363639653,7.40735270615954e-06
ENERGY,9,8,0,0,0
ENERGY,9,7,3.40918157372336e-16,1.05820926682776e-15,7.17291109455415e-16
ENERGY,9,6,1.1220500395544e-15,2.8729592608009e-15,1.75090922124642e-15
ENERGY,9,5,-2.2166798420079e-16,3.27016172476735e-16,5.48684156677374e-16
ENERGY,9,4,-1.67313108703084e-16,3.51826098521045e-16,5.19139207224183e-16
ENERGY,9,3,3.27317509979415e-15,3.27317509979415e-15,0
ENERGY,9,2,1.73010469936273e-14,1.81352420909521e-14,8.34195097323876e-16
ENERGY,9,1,1.16883651831002e-14,1.25464144622508e-14,8.58049279149856e-16
ENERGY,9,0,1.33933323858221e-14,1.42526079621824e-14,8.59275576360576e-16
BIASED,10,0.504019720985519,0.499097651058504,0.522723573597653,0.480393796014023
CORECAP,10,1.19999895380124,1.31918947750753e-06,1.19999941740862,3.56354284135252e-07
DEADLINE,10,1.19967104089202,8.9316884029284e-05
RESULT,10,0.5,0.024,1,0,1.19e-09
......9...RESET,10,-2.34914480341293e-07,7.42020812260318e-06,6.48097255681177e-06,1.38400013496684e-07,1.2000014106954,1.03093708486769e-06
ENERGY,10,8,0,0,0
ENERGY,10,7,2.85882896082473e-16,9.17867643363777e-16,6.31984747281336e-16
ENERGY,10,6,1.11995852185979e-15,2.87018499265018e-15,1.75022647079039e-15
ENERGY,10,5,-2.16576244637198e-16,3.23119614072739e-16,5.39695858710042e-16
ENERGY,10,4,-1.71815796061208e-16,3.45251726930262e-16,5.1706752299148e-16
ENERGY,10,3,3.2731746307443e-15,3.2731746307443e-15,0
ENERGY,10,2,2.11997654578325e-15,2.85039357860921e-15,7.30417032825128e-16
ENERGY,10,1,1.14740008818154e-14,1.23344052527207e-14,8.60404370905521e-16
ENERGY,10,0,1.22671854288058e-14,1.31244314747667e-14,8.57246045963125e-16
BIASED,11,0.541427428714002,0.560131283960329,0.560131283961048,0.541427428714157
CORECAP,11,4.02337092413211e-06,1.19999722525217,1.19999719017139,4.06536365919223e-06
DEADLINE,11,-0.00175994233875807,1.19761371750657
RESULT,11,0.55,0,-1,1.19e-09,5.82999999999999e-10
RESET,11,1.37945201725507e-07,9.97470112713329e-06,1.01984823750289e-05,1.37928609295295e-07,1.19998363639527,7.4073584241805e-06
ENERGY,11,8,0,0,0
ENERGY,11,7,3.41849963599437e-16,1.05967895374507e-15,7.17828990145545e-16
ENERGY,11,6,1.12040559936118e-15,2.87378626636536e-15,1.75338066700388e-15
ENERGY,11,5,-4.69665120796936e-17,4.26490174290833e-16,4.73456686370462e-16
ENERGY,11,4,-6.9787322679553e-17,4.03499568751546e-16,4.73286891431091e-16
ENERGY,11,3,3.04252235848828e-15,3.04252235848828e-15,0
ENERGY,11,2,1.72785094266777e-14,1.80874891973127e-14,8.08979770634441e-16
ENERGY,11,1,1.20930604149455e-14,1.30022743771342e-14,9.09213962188712e-16
ENERGY,11,0,1.22273667981124e-14,1.31378105408726e-14,9.10443742762009e-16
BIASED,12,0.529614467571782,0.571944245257925,0.548318322789777,0.553240389983331
......9....CORECAP,12,4.40809056091427e-06,1.2000741392112,5.67963131665096e-05,1.199994618404
DEADLINE,12,1.1996704028496,8.87175117725043e-05
RESULT,12,0.55,-0.024,1,0,1.18999999999999e-09
RESET,12,1.37836435577706e-07,-8.4699625992725e-07,1.28313467587023e-07,1.38035001869568e-07,1.20000141003313,1.03070835249129e-06
ENERGY,12,8,0,0,0
ENERGY,12,7,2.86268623002017e-16,9.17884212419884e-16,6.31615589417744e-16
ENERGY,12,6,1.12042115397169e-15,2.86877169378965e-15,1.74835053981825e-15
ENERGY,12,5,-7.10169517376802e-17,3.90694224957089e-16,4.61711176694744e-16
ENERGY,12,4,-1.41834839393895e-16,3.57328304524509e-16,4.99163143918359e-16
ENERGY,12,3,3.03937639129343e-15,3.03937639129343e-15,0
ENERGY,12,2,2.36058973568064e-15,3.07409220544397e-15,7.13502469765629e-16
ENERGY,12,1,1.23623780962356e-14,1.32203428861473e-14,8.57964789912595e-16
ENERGY,12,0,1.13280225862604e-14,1.21967356222421e-14,8.6871303598132e-16
BIASED,13,0.533552121258159,0.568006591412224,0.552255976526279,0.54930273619512
CORECAP,13,4.00960248066481e-06,1.19999692468854,1.19999237008863,1.20080020942593e-05
......9.....DEADLINE,13,-0.00175999671203829,1.19761366738279
RESULT,13,0.55,-0.016,-1,1.19e-09,6.19250000000001e-10
RESET,13,1.37867025928317e-07,9.97579660235666e-06,1.02003476138596e-05,1.38063254299266e-07,1.19998363639533,7.40735818518431e-06
ENERGY,13,8,0,0,0
ENERGY,13,7,3.41852694376805e-16,1.06040697349763e-15,7.18554279120915e-16
ENERGY,13,6,1.12041485804034e-15,2.86945667024398e-15,1.74904181220356e-15
ENERGY,13,5,-9.53833957291325e-17,3.74522013463146e-16,4.69905409192215e-16
ENERGY,13,4,-1.18537108611483e-16,3.64019742733838e-16,4.82556851345394e-16
ENERGY,13,3,3.03937703154023e-15,3.03937703154023e-15,0
ENERGY,13,2,1.71528067045961e-14,1.8125364180498e-14,9.72557475900859e-16
ENERGY,13,1,1.34356941027257e-14,1.42937280256347e-14,8.58033922907943e-16
ENERGY,13,0,1.19536616359457e-14,1.28131921970921e-14,8.59530561147474e-16
BIASED,14,0.549302738870032,0.552255976511889,0.568006591347673,0.533552121154044
CORECAP,14,1.16611338637547e-05,1.19999216538452,1.19999726443837,4.02248111752102e-06
DEADLINE,14,-0.00175990213136657,1.19761374251059
......9......RESULT,14,0.55,0.016,-1,1.19e-09,6.14749999999996e-10
RESET,14,1.38059204464487e-07,9.96896734578801e-06,1.02013258695375e-05,1.37823149935234e-07,1.19998363639476,7.40735856177491e-06
ENERGY,14,8,0,0,0
ENERGY,14,7,3.41939308237041e-16,1.05868823193096e-15,7.16748923693892e-16
ENERGY,14,6,1.1204062795935e-15,2.86953400790446e-15,1.74912772831104e-15
ENERGY,14,5,-1.38445019711098e-16,3.61376673775466e-16,4.99821693486541e-16
ENERGY,14,4,-7.51936030000854e-17,3.89485480860726e-16,4.64679083860776e-16
ENERGY,14,3,3.03937680146942e-15,3.03937680146942e-15,0
ENERGY,14,2,1.73021607008154e-14,1.8134664826434e-14,8.3250412562114e-16
ENERGY,14,1,1.17482731567024e-14,1.26066810248327e-14,8.584078681296e-16
ENERGY,14,0,1.34985326128001e-14,1.43575756951469e-14,8.59043082345084e-16
BIASED,15,0.553240392511339,0.548318322727703,0.571944244719242,0.529614467039358
CORECAP,15,1.19999464297638,1.01909524008407e-05,1.19999727005856,4.402808620551e-06
DEADLINE,15,1.19967108675158,8.9328688715784e-05
RESULT,15,0.55,0.024,1,0,1.19e-09
......9......8RESET,15,1.38053241608777e-07,6.24996678043457e-06,7.3939600895011e-06,1.37778468511272e-07,1.20000141074016,1.13690255263012e-06
ENERGY,15,8,0,0,0
ENERGY,15,7,2.86469227738206e-16,9.18037479955954e-16,6.31568252217933e-16
ENERGY,15,6,1.12043585753815e-15,2.86884685263326e-15,1.7484109950952e-15
ENERGY,15,5,-1.33911980675283e-16,3.5727501790582e-16,4.91186998581162e-16
ENERGY,15,4,-7.91355279867465e-17,3.82793390025719e-16,4.61928918012583e-16
ENERGY,15,3,3.03937638792111e-15,3.03937638792111e-15,0
ENERGY,15,2,2.11971075029309e-15,2.85316867562881e-15,7.33457925336025e-16
ENERGY,15,1,1.15286048270664e-14,1.23902167473618e-14,8.61611920295741e-16
ENERGY,15,0,1.2365241161471e-14,1.32235396401376e-14,8.58298478665568e-16
BIASED,16,0.590648100420952,0.609351955710523,0.609351955737011,0.590648100439788
CORECAP,16,3.69206361773144e-05,1.19998614923045,1.19998564385517,3.68892931902887e-05
DEADLINE,16,-0.00175540732838699,1.19761744449099
RESULT,16,0.6,0,-1,1.19e-09,5.84750000000001e-10
......9......8.RESET,16,1.3734434046279e-07,9.96553097770806e-06,1.01899810885802e-05,1.37367502937836e-07,1.19998363639276,7.40736834823478e-06
ENERGY,16,8,0,0,0
ENERGY,16,7,3.41852159255783e-16,1.05965947436386e-15,7.17807315108011e-16
ENERGY,16,6,1.1210964342254e-15,2.87393567095535e-15,1.75283923672996e-15
ENERGY,16,5,6.52436715022448e-17,4.68729690600553e-16,4.03486019098381e-16
ENERGY,16,4,4.04400403025375e-17,4.43553769375211e-16,4.03113729072575e-16
ENERGY,16,3,2.80871045933749e-15,2.80871045933749e-15,0
ENERGY,16,2,1.72779690938896e-14,1.80865960907332e-14,8.08626996842325e-16
ENERGY,16,1,1.21926416126609e-14,1.31029183355858e-14,9.10276722924132e-16
ENERGY,16,0,1.2327097994819e-14,1.32373407900124e-14,9.10242795194081e-16
BIASED,17,0.578835139263797,0.621164917040815,0.597538994484112,0.602461061693973
CORECAP,17,3.280302280136e-05,1.20006589831103,9.62497453562974e-05,1.19998214751928
DEADLINE,17,1.19967048378727,8.87405312058553e-05
RESULT,17,0.6,-0.024,1,0,1.18999999999999e-09
......9......8..RESET,17,1.37182804417809e-07,-3.50736431365975e-07,1.05511986236141e-06,1.37396297238622e-07,1.20000141003107,1.13663864367376e-06
ENERGY,17,8,0,0,0
ENERGY,17,7,2.864261173778e-16,9.18036399109213e-16,6.31610281731024e-16
ENERGY,17,6,1.12118714948755e-15,2.86619349001152e-15,1.74500634052407e-15
ENERGY,17,5,4.17669524839854e-17,4.53837029158745e-16,4.12070076674691e-16
ENERGY,17,4,-4.03061904865694e-17,3.91217219047255e-16,4.3152340953381e-16
ENERGY,17,3,2.80557823941052e-15,2.80557823941052e-15,0
ENERGY,17,2,2.36051082860536e-15,3.07889304492992e-15,7.18382216320915e-16
ENERGY,17,1,1.2493962755828e-14,1.33542184780113e-14,8.60255722183649e-16
ENERGY,17,0,1.14085496120401e-14,1.22719437718328e-14,8.63394159791034e-16
BIASED,18,0.58277279295279,0.617227263185084,0.601476648264571,0.598523407926791
CORECAP,18,3.449839364168e-05,1.19998755969268,1.19998208222131,5.11690006866023e-05
DEADLINE,18,-0.00175548586991348,1.19761737933657
RESULT,18,0.6,-0.016,-1,1.19e-09,6.21000000000003e-10
RESET,18,1.37312190239608e-07,9.97139640683836e-06,1.01876624069243e-05,1.37469675263036e-07,1.19998363639313,7.40736825913425e-06
ENERGY,18,8,0,0,0
ENERGY,18,7,3.41852637314177e-16,1.06034821404825e-15,7.18495576733958e-16
ENERGY,18,6,1.12115089955434e-15,2.86700941741156e-15,1.74585851785749e-15
ENERGY,18,5,1.45836786985409e-17,4.25028838071457e-16,4.10445159372982e-16
ENERGY,18,4,-1.41703403894665e-17,3.99373120041584e-16,4.13543460431035e-16
ENERGY,18,3,2.80557907693878e-15,2.80557907693878e-15,0
ENERGY,18,2,1.71529068901209e-14,1.81244238818039e-14,9.71516991683077e-16
ENERGY,18,1,1.35660631887956e-14,1.44264733422797e-14,8.6041015347915e-16
ENERGY,18,0,1.20389194782128e-14,1.28992632020009e-14,8.60343723788243e-16
......9......8...BIASED,19,0.598523407983063,0.601476648257212,0.617227263285175,0.582772793015982
CORECAP,19,5.13458260011728e-05,1.19998159354136,1.1999870643519,3.46182773771258e-05
DEADLINE,19,-0.00175541768431348,1.19761742432646
RESULT,19,0.6,0.016,-1,1.19e-09,6.16499999999998e-10
RESET,19,1.37438397623108e-07,9.96431244337041e-06,1.01908445473572e-05,1.37223062086488e-07,1.19998363639275,7.40736846689887e-06
ENERGY,19,8,0,0,0
ENERGY,19,7,3.4213947401104e-16,1.05888646867767e-15,7.16746994666673e-16
ENERGY,19,6,1.1211490415516e-15,2.8670580576693e-15,1.74590901611773e-15
ENERGY,19,5,-3.56697792529102e-17,3.95584523110479e-16,4.31254302363523e-16
ENERGY,19,4,3.63541878935196e-17,4.42950799860216e-16,4.06596611966637e-16
ENERGY,19,3,2.80557878096468e-15,2.80557878096468e-15,0
ENERGY,19,2,1.72993355454274e-14,1.81340252118126e-14,8.34689666386516e-16
ENERGY,19,1,1.1833593824823e-14,1.26938667783691e-14,8.602729535459e-16
ENERGY,19,0,1.36295295999252e-14,1.44899430565485e-14,8.60413456625083e-16
BIASED,20,0.602461063832742,0.597538994532562,0.621164917034384,0.578835139247951
......9......8....CORECAP,20,1.19998216990548,4.91114081373631e-05,1.19998850787916,3.29008052174548e-05
DEADLINE,20,1.19967112728681,8.93420095722137e-05
RESULT,20,0.6,0.024,1,0,1.19e-09
RESET,20,1.37395956214973e-07,6.22109109709455e-06,7.38223340588158e-06,6.66702623655597e-08,1.20000141073856,1.13690180374051e-06
ENERGY,20,8,0,0,0
ENERGY,20,7,2.867634115016e-16,9.1833209531619e-16,6.31568683814715e-16
ENERGY,20,6,1.12375858732496e-15,2.86631030425461e-15,1.74255171693006e-15
ENERGY,20,5,-3.17397619483681e-17,3.91162128669715e-16,4.22901890617881e-16
ENERGY,20,4,3.30256003372981e-17,4.45052887620145e-16,4.1202728728288e-16
ENERGY,20,3,2.80557852160926e-15,2.80557852160926e-15,0
ENERGY,20,2,2.11565441350951e-15,2.8575213594894e-15,7.41866945974454e-16
ENERGY,20,1,1.1608421065927e-14,1.24687581083014e-14,8.60337042371709e-16
ENERGY,20,0,1.24961533078196e-14,1.33565948645924e-14,8.60441556771863e-16
BIASED,21,0.639868772121146,0.658572627281461,0.658572627462189,0.63986877214038
CORECAP,21,8.99175649904894e-06,1.19999609355509,1.19999611713346,9.03672662470896e-06
DEADLINE,21,-0.00175622183809752,1.19761644686486
......9......8.....RESULT,21,0.65,0,-1,1.19e-09,5.86749999999997e-10
RESET,21,1.36866727343172e-07,9.96151825581782e-06,1.01852732568202e-05,1.36848654337859e-07,1.19998363639427,7.40736152353704e-06
ENERGY,21,8,0,0,0
ENERGY,21,7,3.42102681351506e-16,1.05991936540486e-15,7.17816684053234e-16
ENERGY,21,6,1.13516615926761e-15,2.87243377268639e-15,1.73726761341846e-15
ENERGY,21,5,1.96668870894421e-16,5.95792925859967e-16,3.99124054965566e-16
ENERGY,21,4,1.69979972395532e-16,5.68867193594694e-16,3.98887221199285e-16
ENERGY,21,3,2.57489402322406e-15,2.57489402322406e-15,0
ENERGY,21,2,1.72727117141359e-14,1.80856580711456e-14,8.12946357008568e-16
ENERGY,21,1,1.23008395104624e-14,1.32108670065261e-14,9.10027496062503e-16
ENERGY,21,0,1.24351977230524e-14,1.33450868678338e-14,9.09889144781946e-16
BIASED,22,0.628055811433382,0.670385589268866,0.646759666916915,0.651681734143084
CORECAP,22,7.29478845031702e-06,1.20007550174132,5.93329113677651e-05,1.19999548277735
DEADLINE,22,1.19967039602003,8.87287412211521e-05
RESULT,22,0.65,-0.024,1,0,1.19e-09
......9......8......RESET,22,1.3665098904327e-07,-3.48417552168908e-07,1.04730456388787e-06,1.36880450876607e-07,1.20000141002894,1.13663777885283e-06
ENERGY,22,8,0,0,0
ENERGY,22,7,2.86718902655402e-16,9.18337923012433e-16,6.31619020356709e-16
ENERGY,22,6,1.13780455487492e-15,2.86645083101454e-15,1.72864627613978e-15
ENERGY,22,5,1.73980161587346e-16,5.98156274523801e-16,4.24176112936333e-16
ENERGY,22,4,8.07666189250766e-17,4.87461096789951e-16,4.06694477864858e-16
ENERGY,22,3,2.57178020287211e-15,2.57178020287211e-15,0
ENERGY,22,2,2.35642268254669e-15,3.08499169216904e-15,7.28569009622768e-16
ENERGY,22,1,1.26397944101822e-14,1.3500804231311e-14,8.61009821125856e-16
ENERGY,22,0,1.14862053458977e-14,1.23472810768364e-14,8.6107573093366e-16
BIASED,23,0.631993464726693,0.666447935039684,0.650697321007615,0.647744080675875
CORECAP,23,7.75776740432843e-06,1.19999615718861,1.19999473475462,1.1806591817477e-05
DEADLINE,23,-0.00175679934829075,1.19761565339487
RESULT,23,0.65,-0.016,-1,1.19e-09,6.22999999999998e-10
......9......8......7RESET,23,1.36785541185661e-07,9.96343311353937e-06,1.01856089839494e-05,1.36930732804725e-07,1.1999836363944,7.40736018047168e-06
ENERGY,23,8,0,0,0
ENERGY,23,7,3.42137965170464e-16,1.06056436698091e-15,7.18426401810425e-16
ENERGY,23,6,1.13645721212122e-15,2.86658045309934e-15,1.73012324097779e-15
ENERGY,23,5,1.44056800380333e-16,5.52983173300751e-16,4.08926372920312e-16
ENERGY,23,4,1.09664928114344e-16,5.06335973136099e-16,3.96671045021628e-16
ENERGY,23,3,2.57178116587805e-15,2.57178116587805e-15,0
ENERGY,23,2,1.71481976727963e-14,1.81229788988196e-14,9.74781226023324e-16
ENERGY,23,1,1.3704775692095e-14,1.45658227122255e-14,8.6104702012942e-16
ENERGY,23,0,1.21254525604988e-14,1.29873710272637e-14,8.61918466765679e-16
BIASED,24,0.647744081461296,0.650697321767644,0.666447935730715,0.631993465393393
CORECAP,24,1.1786792225357e-05,1.19999473421071,1.19999656262908,7.7415858320685e-06
DEADLINE,24,-0.00175666654917499,1.19761580529222
RESULT,24,0.65,0.016,-1,1.18999999999999e-09,6.1824999999998e-10
......9......8......7.RESET,24,1.36889364556299e-07,9.95920445925036e-06,1.01833536911009e-05,1.36772904889588e-07,1.19998363639436,7.407360978441e-06
ENERGY,24,8,0,0,0
ENERGY,24,7,3.42213756650011e-16,1.05884574946898e-15,7.16631992818756e-16
ENERGY,24,6,1.13262505393829e-15,2.86284151458779e-15,1.73021646064897e-15
ENERGY,24,5,8.66687594319299e-17,5.00595216630375e-16,4.13926457198496e-16
ENERGY,24,4,1.67315169282202e-16,5.73107376338403e-16,4.05792207056225e-16
ENERGY,24,3,2.57178086184507e-15,2.57178086184507e-15,0
ENERGY,24,2,1.73006305809945e-14,1.81349599409683e-14,8.34329359975332e-16
ENERGY,24,1,1.19214667271237e-14,1.27825172913314e-14,8.61050564204379e-16
ENERGY,24,0,1.37684311196395e-14,1.46294805174779e-14,8.61049397838063e-16
BIASED,25,0.651681733535566,0.646759666325998,0.670385589467614,0.628055811628755
CORECAP,25,1.19999547778934,1.13929577745282e-05,1.19999819210067,7.25460017885302e-06
DEADLINE,25,1.19967108121365,8.93541660337199e-05
RESULT,25,0.65,0.024,1,0,1.19e-09
RESET,25,1.36928256320159e-07,6.25033742746228e-06,7.37076244265261e-06,9.36776963839891e-08,1.20000141073818,1.13690166850215e-06
ENERGY,25,8,0,0,0
ENERGY,25,7,2.86763584997305e-16,9.18338648801274e-16,6.31575063804058e-16
ENERGY,25,6,1.13396344910578e-15,2.86272929682292e-15,1.72876584771729e-15
ENERGY,25,5,8.993299699864e-17,4.87558738480301e-16,3.97625741481481e-16
ENERGY,25,4,1.64644950013471e-16,5.88697791276926e-16,4.24052841263473e-16
ENERGY,25,3,2.57178049131106e-15,2.57178049131106e-15,0
ENERGY,25,2,2.11576228232222e-15,2.86346578799152e-15,7.47703505659342e-16
ENERGY,25,1,1.1687861599139e-14,1.25489259912127e-14,8.61064392073658e-16
ENERGY,25,0,1.26447382728267e-14,1.3505780770351e-14,8.61042497525448e-16
......9......8......7..BIASED,26,0.689089444092706,0.707793299421733,0.707793299394031,0.689089444071379
CORECAP,26,4.31107490312692e-06,1.20000345950044,1.19999934583764,4.3089002609459e-06
DEADLINE,26,-0.001766863337322,1.19760837415338
RESULT,26,0.7,0,-1,1.18999999999999e-09,5.88249999999999e-10
RESET,26,1.3645357730616e-07,9.95702584856095e-06,1.01796257302367e-05,1.36440873434681e-07,1.19998363639769,7.40734494894086e-06
ENERGY,26,8,0,0,0
ENERGY,26,7,3.42137972329533e-16,1.05985521335362e-15,7.17717241024468e-16
ENERGY,26,6,1.17332622863654e-15,2.86770300387937e-15,1.69437677524242e-15
ENERGY,26,5,3.47291046764992e-16,7.44178136674157e-16,3.96887089909125e-16
ENERGY,26,4,3.18835462229328e-16,7.15689379017935e-16,3.9685391678859e-16
ENERGY,26,3,2.34107406885096e-15,2.34107406885096e-15,0
ENERGY,26,2,1.7272191665384e-14,1.80849118215138e-14,8.12720156131765e-16
ENERGY,26,1,1.23807406667164e-14,1.32905136942464e-14,9.09773027533886e-16
ENERGY,26,0,1.2515061589776e-14,1.34244956690982e-14,9.09434079322249e-16
BIASED,27,0.677276484139522,0.719606261960336,0.695980339057691,0.70090240628392
......9......8......7...CORECAP,27,3.39224954884799e-06,1.20007801936652,5.38652604753616e-05,1.19999771649967
DEADLINE,27,1.19967012800829,8.86803181298784e-05
RESULT,27,0.7,-0.024,1,0,1.18999999999999e-09
RESET,27,1.36402883984791e-07,-3.45313420387971e-07,-1.10919249673568e-07,-5.03280917309242e-07,1.20000141002815,1.13663726348901e-06
ENERGY,27,8,0,0,0
ENERGY,27,7,2.86716237534427e-16,9.1834088349661e-16,6.31624645962274e-16
ENERGY,27,6,1.17672245794122e-15,2.85986624468415e-15,1.68314378674351e-15
ENERGY,27,5,3.25629853461664e-16,7.71495089497595e-16,4.45865236036037e-16
ENERGY,27,4,2.21387265794977e-16,6.1715986331713e-16,3.95772597522094e-16
ENERGY,27,3,2.33798242978367e-15,2.33798242978367e-15,0
ENERGY,27,2,2.35645296029395e-15,3.0919008338673e-15,7.35447873576272e-16
ENERGY,27,1,1.27603648894298e-14,1.36222856669974e-14,8.61920777564847e-16
ENERGY,27,0,1.15452243534278e-14,1.24086703590194e-14,8.63446005585211e-16
BIASED,28,0.681214136636467,0.715668606972093,0.699917992017598,0.696964751692381
CORECAP,28,3.62579401643718e-06,1.20000482289029,1.19999734538194,5.61786365707236e-06
......9......8......7....DEADLINE,28,-0.00176708749925467,1.19760799381312
RESULT,28,0.7,-0.016,-1,1.18999999999999e-09,6.24499999999993e-10
RESET,28,1.36409634466507e-07,9.95904017230714e-06,1.01773054259171e-05,1.36494475526811e-07,1.19998363639804,7.40734417020512e-06
ENERGY,28,8,0,0,0
ENERGY,28,7,3.42100546538528e-16,1.06053444395519e-15,7.18433897416739e-16
ENERGY,28,6,1.17535491046943e-15,2.85952014334915e-15,1.68416523287974e-15
ENERGY,28,5,2.93039127300723e-16,7.00891714151693e-16,4.0785258685087e-16
ENERGY,28,4,2.52973135885593e-16,6.49104450549252e-16,3.96131314663707e-16
ENERGY,28,3,2.3379833485775e-15,2.3379833485775e-15,0
ENERGY,28,2,1.71483705747934e-14,1.81221672055684e-14,9.73796630774536e-16
ENERGY,28,1,1.38126424310394e-14,1.46746133125989e-14,8.61970881561863e-16
ENERGY,28,0,1.21896380097474e-14,1.30516408635495e-14,8.62002853802912e-16
BIASED,29,0.69696475202041,0.699917992268294,0.715668607885371,0.681214137537136
CORECAP,29,5.63157149863827e-06,1.19999759414109,1.20000107892458,3.63685589647868e-06
DEADLINE,29,-0.00176703945096996,1.19760806826066
RESULT,29,0.7,0.016,-1,1.18999999999999e-09,6.19499999999988e-10
......9......8......7.....RESET,29,1.3651426980046e-07,9.95462352176396e-06,1.01778466201386e-05,1.36393962293474e-07,1.19998363639759,7.40734496366452e-06
ENERGY,29,8,0,0,0
ENERGY,29,7,3.42138988509435e-16,1.05872807871195e-15,7.16589090202551e-16
ENERGY,29,6,1.17534920777975e-15,2.85969118325207e-15,1.68434197547265e-15
ENERGY,29,5,2.28566958269734e-16,6.41639754733266e-16,4.13072796463654e-16
ENERGY,29,4,3.17693095149942e-16,7.22916781165991e-16,4.05223686016131e-16
ENERGY,29,3,2.33798297025803e-15,2.33798297025803e-15,0
ENERGY,29,2,1.73034854636724e-14,1.81339583919862e-14,8.30472928315614e-16
ENERGY,29,1,1.1984322350859e-14,1.28462639098478e-14,8.61941558992684e-16
ENERGY,29,0,1.38748333635033e-14,1.47368652294007e-14,8.62031865897542e-16
BIASED,30,0.7009024058064,0.695980338594513,0.719606261643285,0.677276483804311
CORECAP,30,1.19999771968996,5.37257879128688e-06,1.19999999446284,3.37677383169299e-06
DEADLINE,30,1.1996709130306,8.92959757371274e-05
RESULT,30,0.7,0.024,1,0,1.19e-09
......9......8......7......RESET,30,1.36522825493088e-07,6.24955477277095e-06,7.36557015054009e-06,1.11882679079324e-07,1.20000141073894,1.13690215381903e-06
ENERGY,30,8,0,0,0
ENERGY,30,7,2.86760132776119e-16,9.18350325831378e-16,6.31590193055144e-16
ENERGY,30,6,1.17672333438918e-15,2.85998330648488e-15,1.68325997209534e-15
ENERGY,30,5,2.31118416765304e-16,6.17733589369513e-16,3.86615172604195e-16
ENERGY,30,4,3.15736978733317e-16,7.61516675257472e-16,4.45779696524187e-16
ENERGY,30,3,2.33798273207247e-15,2.33798273207247e-15,0
ENERGY,30,2,2.11581375381249e-15,2.8704976677518e-15,7.5468391394581e-16
ENERGY,30,1,1.17457475417953e-14,1.26077151439851e-14,8.61967602190444e-16
ENERGY,30,0,1.27647638348007e-14,1.36267089727187e-14,8.6194513791049e-16
BIASED,31,0.738310115617495,0.757013971387386,0.757013971348532,0.738310115652819
CORECAP,31,1.63541353578231e-06,1.20000387722194,1.19999959450759,1.48297215563856e-06
DEADLINE,31,-0.00173711323405981,1.19761156998847
RESULT,31,0.75,0,-1,1.19e-09,5.88749999999999e-10
......9......8......7......6RESET,31,1.3615991153845e-07,9.95389470770068e-06,1.01748694925846e-05,1.36204622009382e-07,1.19998363640025,7.40733267813332e-06
ENERGY,31,8,0,0,0
ENERGY,31,7,3.42135692138484e-16,1.05982934954552e-15,7.17693657406854e-16
ENERGY,31,6,1.20511917309643e-15,2.86174345678156e-15,1.65662428368486e-15
ENERGY,31,5,5.17032544625055e-16,9.47139658653387e-16,4.30107114028147e-16
ENERGY,31,4,4.86950702526534e-16,9.170457855922e-16,4.30095083065513e-16
ENERGY,31,3,2.1072522283524e-15,2.1072522283524e-15,0
ENERGY,31,2,1.72717843651626e-14,1.80843360487429e-14,8.12551683583868e-16
ENERGY,31,1,1.24472275754895e-14,1.33562758927913e-14,9.09048317301392e-16
ENERGY,31,0,1.25817196806778e-14,1.34907290016094e-14,9.09009320930172e-16
BIASED,32,0.726497154820567,0.768826932714411,0.745201010765108,0.750123077989839
CORECAP,32,1.17116510754565e-06,1.20007950625048,5.08385538439236e-05,1.19999991522582
DEADLINE,32,1.19966993362174,8.86438961116079e-05
RESULT,32,0.75,-0.024,1,0,1.18999999999999e-09
......9......8......7......6.RESET,32,1.36158921690692e-07,-3.43242510194671e-07,-7.18833440215777e-08,-2.39300513325544e-07,1.20000141002913,1.13663754405104e-06
ENERGY,32,8,0,0,0
ENERGY,32,7,2.86721602091541e-16,9.18342506496392e-16,6.31620904405272e-16
ENERGY,32,6,1.20727511707114e-15,2.85479627399256e-15,1.64752115692127e-15
ENERGY,32,5,4.96729730446577e-16,9.96192834820178e-16,4.99463104373233e-16
ENERGY,32,4,3.81511308114077e-16,7.84477401182325e-16,4.02966093067947e-16
ENERGY,32,3,2.10418444647206e-15,2.10418444647206e-15,0
ENERGY,32,2,2.35622995305784e-15,3.09788658617121e-15,7.41656633120167e-16
ENERGY,32,1,1.28635314840529e-14,1.37264581374982e-14,8.62926653443107e-16
ENERGY,32,0,1.15975269586994e-14,1.24653191238927e-14,8.67792165194403e-16
BIASED,33,0.730434808579164,0.764889278932025,0.749138664764443,0.746185424430415
CORECAP,33,1.2575348391419e-06,1.19999857071898,1.20000057732666,2.1669766216838e-06
DEADLINE,33,-0.00173731307191586,1.1976115100823
RESULT,33,0.75,-0.016,-1,1.18999999999999e-09,6.24499999999993e-10
RESET,33,1.36135930114398e-07,9.95538297281965e-06,1.01763500478202e-05,1.36232582497909e-07,1.19998363640082,7.40733068622537e-06
ENERGY,33,8,0,0,0
ENERGY,33,7,3.42130332938044e-16,1.06046241709048e-15,7.18332084152175e-16
ENERGY,33,6,1.20629420357547e-15,2.85420954697709e-15,1.64791534340102e-15
ENERGY,33,5,4.61489436955338e-16,8.98942678444201e-16,4.37453241489045e-16
ENERGY,33,4,4.15729968841391e-16,8.45826918897271e-16,4.30096950055887e-16
ENERGY,33,3,2.1041849180722e-15,2.1041849180722e-15,0
ENERGY,33,2,1.71490525916137e-14,1.81212482715355e-14,9.72195679921143e-16
ENERGY,33,1,1.39015482366098e-14,1.47644663123916e-14,8.62918075782207e-16
ENERGY,33,0,1.22450710075959e-14,1.31080487326274e-14,8.62977725030543e-16
BIASED,34,0.746185423619707,0.749138663913505,0.764889279613468,0.730434809253151
......9......8......7......6..CORECAP,34,2.12906815445561e-06,1.20000052245843,1.19999885577938,1.39692178488687e-06
DEADLINE,34,-0.0017373221768638,1.19761150727511
RESULT,34,0.75,0.016,-1,1.18999999999999e-09,6.19749999999981e-10
RESET,34,1.36187225386521e-07,9.9518800085962e-06,1.01735491629932e-05,1.36125975847767e-07,1.19998363640043,7.40733144943926e-06
ENERGY,34,8,0,0,0
ENERGY,34,7,3.42139433461862e-16,1.05865318088755e-15,7.16513747425657e-16
ENERGY,34,6,1.20071031542377e-15,2.85442839455565e-15,1.6537180791317e-15
ENERGY,34,5,3.899638285378e-16,8.3658721475472e-16,4.46623386217053e-16
ENERGY,34,4,4.87490050374866e-16,9.22806083006756e-16,4.35316032632064e-16
ENERGY,34,3,2.10418449352877e-15,2.10418449352877e-15,0
ENERGY,34,2,1.73052196102256e-14,1.81338522106191e-14,8.28632600388424e-16
ENERGY,34,1,1.20412529641732e-14,1.29041904879836e-14,8.62937523806888e-16
ENERGY,34,0,1.39654310070253e-14,1.4828410391915e-14,8.62979384889731e-16
BIASED,35,0.750123077418094,0.745201010200614,0.768826933909668,0.726497156054483
......9......8......7......6...CORECAP,35,1.199998949826,1.90848556446259e-06,1.19999921467001,1.20156139807814e-06
DEADLINE,35,1.19967079797663,8.9269660823587e-05
RESULT,35,0.75,0.024,1,0,1.19e-09
RESET,35,1.36268351675097e-07,6.24930303477412e-06,7.35820541113435e-06,1.36185942918051e-07,1.20000141073903,1.13690215608835e-06
ENERGY,35,8,0,0,0
ENERGY,35,7,2.87945105780084e-16,9.18355221776566e-16,6.30410115996245e-16
ENERGY,35,6,1.20171622918983e-15,2.85493815677578e-15,1.65322192758601e-15
ENERGY,35,5,3.9177115947328e-16,7.85554549189069e-16,3.9378338971537e-16
ENERGY,35,4,4.86281380417587e-16,9.856794774014e-16,4.99398096983846e-16
ENERGY,35,3,2.10418432115194e-15,2.10418432115194e-15,0
ENERGY,35,2,2.11556917603524e-15,2.87664122035897e-15,7.61072044326742e-16
ENERGY,35,1,1.17994135941337e-14,1.26623976904157e-14,8.62984096291203e-16
ENERGY,35,0,1.28694685893097e-14,1.37324075472127e-14,8.62938957894363e-16
BIASED,36,0.787530788036531,0.806234643425106,0.806234643453667,0.787530788063097
CORECAP,36,1.20975826865582e-06,1.19999919109888,1.20000595192555,1.20653499512775e-06
DEADLINE,36,-0.00177416128687959,1.19760543040294
......9......8......7......6....RESULT,36,0.8,0,-1,1.19e-09,5.87249999999998e-10
RESET,36,1.36049389859107e-07,9.95179552924689e-06,1.01743181121082e-05,1.36099365779477e-07,1.19998363640156,7.40732675160524e-06
ENERGY,36,8,0,0,0
ENERGY,36,7,3.43332433513954e-16,1.0597827540217e-15,7.16450320507238e-16
ENERGY,36,6,1.20689534799462e-15,2.84802159578602e-15,1.64112624779105e-15
ENERGY,36,5,7.06398254339703e-16,1.17277830126598e-15,4.66380046926191e-16
ENERGY,36,4,6.74674972455181e-16,1.1410513009235e-15,4.66376328468203e-16
ENERGY,36,3,1.87343285818808e-15,1.87343285818808e-15,0
ENERGY,36,2,1.72712551479617e-14,1.80837008985676e-14,8.12445750607765e-16
ENERGY,36,1,1.24881067672653e-14,1.33967352767392e-14,9.08628509467401e-16
ENERGY,36,0,1.26227000725319e-14,1.35312600982489e-14,9.08560025720229e-16
BIASED,37,0.775717826849364,0.818047604841735,0.794421682611961,0.799343749813853
CORECAP,37,1.12353652279883e-06,1.20008146862188,4.99999180261751e-05,1.19999907726379
DEADLINE,37,1.19966987196106,8.86323906102685e-05
RESULT,37,0.8,-0.024,1,0,1.18999999999999e-09
......9......8......7......6.....RESET,37,1.36115859017305e-07,-3.42758493456913e-07,1.09173772708117e-06,1.360188665837e-07,1.20000141002901,1.13663758766377e-06
ENERGY,37,8,0,0,0
ENERGY,37,7,2.87905408229614e-16,9.18342449996155e-16,6.30437041766117e-16
ENERGY,37,6,1.20794389391972e-15,2.84180255105684e-15,1.63385865713718e-15
ENERGY,37,5,6.87318642024092e-16,1.23138078385566e-15,5.44062141831228e-16
ENERGY,37,4,5.61100699034303e-16,9.82981665137112e-16,4.21880966102914e-16
ENERGY,37,3,1.8703862804457e-15,1.8703862804457e-15,0
ENERGY,37,2,2.35585053783131e-15,3.10181442175058e-15,7.45963883929907e-16
ENERGY,37,1,1.29279712372366e-14,1.37917870454377e-14,8.63815808197063e-16
ENERGY,37,0,1.16302460212553e-14,1.25016895161071e-14,8.71443494851391e-16
BIASED,38,0.77965548131868,0.814109951764105,0.798359336773344,0.795406096451748
CORECAP,38,9.68820262850507e-07,1.20000355661985,1.2000002001692,1.72951833209878e-06
DEADLINE,38,-0.00177424879368632,1.19760543367848
RESULT,38,0.8,-0.016,-1,1.18999999999999e-09,6.22249999999984e-10
......9......8......7......6......RESET,38,1.36038980831022e-07,9.95270935757253e-06,1.01729346828435e-05,1.36110875150402e-07,1.19998363640169,7.40732631505691e-06
ENERGY,38,8,0,0,0
ENERGY,38,7,3.43328640309286e-16,1.06042017446932e-15,7.1709153416033e-16
ENERGY,38,6,1.20740579334812e-15,2.84112313391097e-15,1.63371734056362e-15
ENERGY,38,5,6.4941615695162e-16,1.1221994967074e-15,4.72783339755747e-16
ENERGY,38,4,5.97970531802655e-16,1.06192802927532e-15,4.63957497472618e-16
ENERGY,38,3,1.87038647433554e-15,1.87038647433554e-15,0
ENERGY,38,2,1.7150551668108e-14,1.81210177498436e-14,9.70466081734111e-16
ENERGY,38,1,1.39560704814115e-14,1.48198852669994e-14,8.63814785583778e-16
ENERGY,38,0,1.22794727197862e-14,1.3143384820424e-14,8.63912100639843e-16
BIASED,39,0.795406095665826,0.798359335994783,0.814109951495276,0.779655481045761
CORECAP,39,1.7423602431407e-06,1.19999870291954,1.20000065076575,1.13970257138857e-06
DEADLINE,39,-0.00177426023969898,1.19760541623537
RESULT,39,0.8,0.016,-1,1.18999999999999e-09,6.17499999999986e-10
......9......8......7......6......5RESET,39,1.36060948343753e-07,9.95105285606726e-06,1.01734489987746e-05,1.36090433157719e-07,1.19998363640144,7.40732688915728e-06
ENERGY,39,8,0,0,0
ENERGY,39,7,3.43326286234162e-16,1.05861689344312e-15,7.15290607208581e-16
ENERGY,39,6,1.2073801943032e-15,2.84135358140832e-15,1.63397338710518e-15
ENERGY,39,5,5.70848202201652e-16,1.05114588898772e-15,4.80297686785739e-16
ENERGY,39,4,6.76805355631712e-16,1.14787569923134e-15,4.71070343599503e-16
ENERGY,39,3,1.87038656380745e-15,1.87038656380745e-15,0
ENERGY,39,2,1.73064606211045e-14,1.81331727385918e-14,8.26712117485547e-16
ENERGY,39,1,1.20739582415394e-14,1.29377747121338e-14,8.63816470594389e-16
ENERGY,39,0,1.40196410219166e-14,1.48835273544342e-14,8.63886332515811e-16
BIASED,40,0.79934374943073,0.794421682227687,0.818047605023142,0.775717827043578
CORECAP,40,1.19999930870704,1.55008653252206e-06,1.19999945492022,1.12332801776646e-06
DEADLINE,40,1.19967076438356,8.92798255360694e-05
RESULT,40,0.8,0.024,1,0,1.19e-09
RESET,40,1.36062608217447e-07,6.24954935347985e-06,7.35844780554684e-06,1.3609742517564e-07,1.20000141073861,1.13690186454075e-06
ENERGY,40,8,0,0,0
ENERGY,40,7,2.87946572965264e-16,9.18366275010835e-16,6.30419702045106e-16
ENERGY,40,6,1.20796668133896e-15,2.84186283927914e-15,1.63389615794031e-15
ENERGY,40,5,5.71911714206682e-16,9.84535311216807e-16,4.12623597010084e-16
ENERGY,40,4,6.76325495170125e-16,1.22033879441881e-15,5.44013299248796e-16
ENERGY,40,3,1.87038618672333e-15,1.87038618672333e-15,0
ENERGY,40,2,2.11584680661131e-15,2.88116284490488e-15,7.65316038298658e-16
ENERGY,40,1,1.18306250396017e-14,1.26958747814243e-14,8.65249741820944e-16
ENERGY,40,0,1.29329776725249e-14,1.37968134425769e-14,8.63835770059503e-16
......9......8......7......6......5.BIASED,41,0.836751460158854,0.85545531560537,0.855455315603637,0.836751460161811
CORECAP,41,1.31816404279831e-06,1.20000058588801,1.2000014527535,1.1954679954193e-06
DEADLINE,41,-0.00177379403842811,1.19760549131517
RESULT,41,0.85,0,-1,1.19e-09,5.84249999999994e-10
RESET,41,1.36069019135104e-07,9.95166585503958e-06,1.01733347836191e-05,1.35995346496741e-07,1.19998363640132,7.40732772722373e-06
ENERGY,41,8,0,0,0
ENERGY,41,7,3.43334750808249e-16,1.05978764635518e-15,7.16452895546745e-16
ENERGY,41,6,1.20673782396984e-15,2.83886653745947e-15,1.63212871348967e-15
ENERGY,41,5,9.15291201012894e-16,1.40950875136757e-15,4.94217550354718e-16
ENERGY,41,4,8.81943538044305e-16,1.37615795699331e-15,4.9421441894915e-16
ENERGY,41,3,1.63962014102224e-15,1.63962014102224e-15,0
ENERGY,41,2,1.72711463314843e-14,1.80836121896931e-14,8.12465858207556e-16
ENERGY,41,1,1.24958092837354e-14,1.34040806119463e-14,9.08271328217584e-16
ENERGY,41,0,1.26303475719923e-14,1.35388426944121e-14,9.08495122420149e-16
BIASED,42,0.82493849893446,0.8672682770427,0.843642354359286,0.848564421575311
......9......8......7......6......5..CORECAP,42,1.08416093887489e-06,1.20007985078716,5.00231114111335e-05,1.1999990657186
DEADLINE,42,1.19966989478676,8.86373831742146e-05
RESULT,42,0.85,-0.024,1,0,1.18999999999999e-09
RESET,42,1.36026844943294e-07,-3.42345971663568e-07,1.09219735486646e-06,1.57899098425964e-09,1.20000141002976,1.13663797138597e-06
ENERGY,42,8,0,0,0
ENERGY,42,7,2.87905469255832e-16,9.18345368045938e-16,6.30439898789994e-16
ENERGY,42,6,1.20734151480504e-15,2.83327163821566e-15,1.62593012341016e-15
ENERGY,42,5,8.97457264566433e-16,1.47851241677807e-15,5.81055152211578e-16
ENERGY,42,4,7.60140408941615e-16,1.19212320321443e-15,4.31982794272823e-16
ENERGY,42,3,1.63658843573182e-15,1.63658843573182e-15,0
ENERGY,42,2,2.35593482697593e-15,3.10432525091131e-15,7.48390423949959e-16
ENERGY,42,1,1.29449394120582e-14,1.38095194986406e-14,8.6458008658828e-16
ENERGY,42,0,1.16336242954787e-14,1.25067711759032e-14,8.73146880417858e-16
BIASED,43,0.828876152668852,0.863330623226634,0.847580008981367,0.844626768652247
CORECAP,43,1.1179301392779e-06,1.20000035545593,1.20000083953843,1.83221493373872e-06
......9......8......7......6......5...DEADLINE,43,-0.00177384145975801,1.1976054867011
RESULT,43,0.85,-0.016,-1,1.18999999999999e-09,6.18749999999994e-10
RESET,43,1.36055442914581e-07,9.95189257799393e-06,1.01738286365491e-05,1.35999750136962e-07,1.1999836364014,7.40732739782385e-06
ENERGY,43,8,0,0,0
ENERGY,43,7,3.43275610271309e-16,1.06042247042474e-15,7.17146860153432e-16
ENERGY,43,6,1.20700833512856e-15,2.83259944442489e-15,1.62559110929592e-15
ENERGY,43,5,8.56819729329959e-16,1.35684137664882e-15,5.00021647318619e-16
ENERGY,43,4,7.99721812351565e-16,1.28990978085805e-15,4.90187968506486e-16
ENERGY,43,3,1.6365882928866e-15,1.6365882928866e-15,0
ENERGY,43,2,1.71520908296259e-14,1.81210866003292e-14,9.68995770706173e-16
ENERGY,43,1,1.3969254435537e-14,1.48337781347406e-14,8.64523699206323e-16
ENERGY,43,0,1.22836303752276e-14,1.31485060272526e-14,8.64875652024987e-16
BIASED,44,0.844626767827648,0.847580008166118,0.863330623216767,0.828876152663965
CORECAP,44,1.83318951813627e-06,1.19999880640888,1.19999918144935,1.13369850422857e-06
DEADLINE,44,-0.00177385328561548,1.19760547740007
RESULT,44,0.85,0.016,-1,1.18999999999999e-09,6.13749999999988e-10
......9......8......7......6......5....RESET,44,1.36063524091837e-07,9.95104838427172e-06,1.01727366372533e-05,1.35992652898406e-07,1.19998363640124,7.40732809166245e-06
ENERGY,44,8,0,0,0
ENERGY,44,7,3.4145990821561e-16,1.0567181453901e-15,7.15258237174569e-16
ENERGY,44,6,1.20698432126258e-15,2.83284288746996e-15,1.62585856620752e-15
ENERGY,44,5,7.71146911643804e-16,1.27755143579953e-15,5.06404524155665e-16
ENERGY,44,4,8.8566868400991e-16,1.38453478972545e-15,4.98866105715348e-16
ENERGY,44,3,1.63658850383778e-15,1.63658850383778e-15,0
ENERGY,44,2,1.73080370485583e-14,1.81332805534805e-14,8.25243504927802e-16
ENERGY,44,1,1.20781031671466e-14,1.29426098532151e-14,8.64506686067765e-16
ENERGY,44,0,1.403218435629e-14,1.4896842604214e-14,8.64658247923233e-16
BIASED,45,0.848564421414016,0.843642354195594,0.867268277053678,0.824938498941989
CORECAP,45,1.19999931097878,1.7694171439919e-06,1.20000058923138,1.09380504750679e-06
DEADLINE,45,1.1996707837191,8.92827653764546e-05
RESULT,45,0.85,0.024,1,0,1.18999999999999e-09
......9......8......7......6......5.....RESET,45,1.36098826386133e-07,6.24976268174014e-06,7.35768146877332e-06,1.33693035960245e-07,1.20000141073878,1.1369021093505e-06
ENERGY,45,8,0,0,0
ENERGY,45,7,2.87946540734053e-16,9.1836813086271e-16,6.3042159012844e-16
ENERGY,45,6,1.20736398191197e-15,2.83340028327093e-15,1.62603630135781e-15
ENERGY,45,5,7.71529886175639e-16,1.1940293529492e-15,4.22499466773656e-16
ENERGY,45,4,8.85876084736476e-16,1.46690358049043e-15,5.81027495753849e-16
ENERGY,45,3,1.63658821230076e-15,1.63658821230076e-15,0
ENERGY,45,2,2.11580038046733e-15,2.88335988161663e-15,7.67559501158086e-16
ENERGY,45,1,1.18340669888846e-14,1.27009152384863e-14,8.66848249609367e-16
ENERGY,45,0,1.29499663767391e-14,1.38146010007264e-14,8.64634623981486e-16
BIASED,46,0.88597213241036,0.904675987883797,0.904675987893233,0.885972132414824
CORECAP,46,1.21880571526445e-06,1.19999917698401,1.19999925034838,1.28640598050514e-06
DEADLINE,46,-0.00173734850652801,1.19761159791269
RESULT,46,0.9,0,-1,1.19e-09,5.8074999999999e-10
......9......8......7......6......5......RESET,46,1.36047315201493e-07,9.95181437926438e-06,1.01737525334736e-05,1.35971982391443e-07,1.19998363640072,7.40733012211469e-06
ENERGY,46,8,0,0,0
ENERGY,46,7,3.41462604658593e-16,1.05792252921441e-15,7.16459924555699e-16
ENERGY,46,6,1.20167991568193e-15,2.82908264423089e-15,1.62740272854971e-15
ENERGY,46,5,1.14397386413384e-15,1.66148413297842e-15,5.17510268844646e-16
ENERGY,46,4,1.10889253673659e-15,1.62640045130765e-15,5.17507914570997e-16
ENERGY,46,3,1.40581448804489e-15,1.40581448804489e-15,0
ENERGY,46,2,1.72713614184288e-14,1.80840819071838e-14,8.1272048874489e-16
ENERGY,46,1,1.24851483255122e-14,1.33933590029861e-14,9.0821067746645e-16
ENERGY,46,0,1.26196098233049e-14,1.35282485618639e-14,9.08638738556771e-16
BIASED,47,0.874159171137177,0.91648894932934,0.892863026623925,0.897785093854821
CORECAP,47,1.13090300187243e-06,1.20007929806907,4.94080246997088e-05,1.19999909260684
DEADLINE,47,1.19966993800169,8.8646695292674e-05
RESULT,47,0.9,-0.024,1,0,1.18999999999999e-09
RESET,47,1.36070789647751e-07,-3.41531658164929e-07,1.09196390253947e-06,1.35851424980274e-07,1.20000141002915,1.13663765021678e-06
ENERGY,47,8,0,0,0
ENERGY,47,7,2.87905610350502e-16,9.18348415259118e-16,6.30442804908149e-16
ENERGY,47,6,1.20215978033066e-15,2.82415665026026e-15,1.62199686992862e-15
ENERGY,47,5,1.12713901987208e-15,1.74214320515361e-15,6.15004185280895e-16
ENERGY,47,4,9.78601486094643e-16,1.41627562973998e-15,4.37674143645542e-16
ENERGY,47,3,1.40279049135577e-15,1.40279049135577e-15,0
ENERGY,47,2,2.35603450659799e-15,3.10571603735946e-15,7.49681530766251e-16
ENERGY,47,1,1.29355968623682e-14,1.38006102498898e-14,8.65013387519989e-16
ENERGY,47,0,1.16211889661648e-14,1.24951593380032e-14,8.73970371838466e-16
......9......8......7......6......5......4BIASED,48,0.878096824537376,0.912551295159905,0.896800680343222,0.893847440000901
CORECAP,48,1.10461936747094e-06,1.19999891070663,1.20000045565455,1.75707678886458e-06
DEADLINE,48,-0.00173737891727753,1.19761158786695
RESULT,48,0.9,-0.016,-1,1.19e-09,6.14249999999988e-10
RESET,48,1.36045528713893e-07,9.95227466518672e-06,1.01742552849082e-05,1.35987151798464e-07,1.1999836364008,7.40732991878922e-06
ENERGY,48,8,0,0,0
ENERGY,48,7,3.41454548576548e-16,1.05852089229019e-15,7.17066343713954e-16
ENERGY,48,6,1.20188894048514e-15,2.82344368245553e-15,1.6215547419688e-15
ENERGY,48,5,1.08368565752054e-15,1.60640280220996e-15,5.22717144689608e-16
ENERGY,48,4,1.02097698116306e-15,1.53437943731952e-15,5.13402456156331e-16
ENERGY,48,3,1.40279011249241e-15,1.40279011249241e-15,0
ENERGY,48,2,1.71549048967581e-14,1.81219630708461e-14,9.67058174087952e-16
ENERGY,48,1,1.39573773196525e-14,1.4822421901759e-14,8.65044582104485e-16
ENERGY,48,0,1.22715498127719e-14,1.31370307437021e-14,8.6548093092727e-16
BIASED,49,0.893847440057549,0.896800680394483,0.91255129554192,0.878096824917573
......9......8......7......6......5......4.CORECAP,49,1.75766940178548e-06,1.20000221289346,1.20000292486212,1.17424772725296e-06
DEADLINE,49,-0.00173739313410917,1.19761158299201
RESULT,49,0.9,0.016,-1,1.19e-09,6.09500000000016e-10
RESET,49,1.36048726505584e-07,9.9509634212905e-06,1.017310430056e-05,1.36024119102355e-07,1.19998363640069,7.40733004389268e-06
ENERGY,49,8,0,0,0
ENERGY,49,7,3.41459446505591e-16,1.05671498238048e-15,7.15255535874675e-16
ENERGY,49,6,1.20188725054739e-15,2.82363638166394e-15,1.62174913111637e-15
ENERGY,49,5,9.90832380546382e-16,1.52033347499341e-15,5.29501094446823e-16
ENERGY,49,4,1.11408274051471e-15,1.63622018223244e-15,5.22137441717537e-16
ENERGY,49,3,1.40279007954148e-15,1.40279007954148e-15,0
ENERGY,49,2,1.73084712305766e-14,1.81327501623557e-14,8.24278931781501e-16
ENERGY,49,1,1.20660220702418e-14,1.29309887835272e-14,8.64966713287183e-16
ENERGY,49,0,1.40206269723536e-14,1.48860266494617e-14,8.65399677107747e-16
BIASED,50,0.897785093830179,0.892863026599588,0.9164889492726,0.874159171077993
CORECAP,50,1.19999909773449,1.72320821237405e-06,1.19999945669934,1.12962514353911e-06
......9......8......7......6......5......4..DEADLINE,50,1.19967080550326,8.92742288100951e-05
RESULT,50,0.9,0.024,1,0,1.19e-09
RESET,50,1.35925905605409e-07,6.24977406101703e-06,7.35759856206842e-06,1.33212011777683e-07,1.20000141073885,1.13690216243348e-06
ENERGY,50,8,0,0,0
ENERGY,50,7,2.87945732812009e-16,9.1836862944874e-16,6.30422896636905e-16
ENERGY,50,6,1.20218178474553e-15,2.82419813059172e-15,1.62201634584518e-15
ENERGY,50,5,9.90611336186084e-16,1.41847993465748e-15,4.27868598470903e-16
ENERGY,50,4,1.11493091027259e-15,1.72992878493866e-15,6.14997874666075e-16
ENERGY,50,3,1.40279020586249e-15,1.40279020586249e-15,0
ENERGY,50,2,2.11583894195768e-15,2.88412542625453e-15,7.68286484297928e-16
ENERGY,50,1,1.18217330959011e-14,1.26891762725028e-14,8.67443176608823e-16
ENERGY,50,0,1.29402336622386e-14,1.3805357758439e-14,8.651240962008e-16
BIASED,51,0.935192804773591,0.953896660265848,0.953896660274265,0.935192804764077
CORECAP,51,1.08386355778614e-06,1.19999918844031,1.20000233376756,1.1969021001595e-06
DEADLINE,51,-0.00173649676751096,1.19761184364938
RESULT,51,0.95,0,-1,1.19e-09,5.77500000000006e-10
......9......8......7......6......5......4...RESET,51,1.35978050103695e-07,9.951660903701e-06,1.01738779520155e-05,1.36028593301993e-07,1.19998363640002,7.40733352016058e-06
ENERGY,51,8,0,0,0
ENERGY,51,7,3.41466999558925e-16,1.05790676569762e-15,7.1643976613853e-16
ENERGY,51,6,1.19519276207632e-15,2.81901081499532e-15,1.62381805291936e-15
ENERGY,51,5,1.39244287804978e-15,1.93201413981681e-15,5.39571261766892e-16
ENERGY,51,4,1.35549349619721e-15,1.8947794678212e-15,5.3928597162354e-16
ENERGY,51,3,1.17201439074079e-15,1.17235780015462e-15,3.43409414187749e-19
ENERGY,51,2,1.72713207976526e-14,1.80840852254313e-14,8.12764427774921e-16
ENERGY,51,1,1.24718132836789e-14,1.33802666103343e-14,9.08453326655468e-16
ENERGY,51,0,1.26065113566725e-14,1.35152934293771e-14,9.08782072696585e-16
BIASED,52,0.92337984349906,0.965709621763312,0.942083698975537,0.947005766214506
CORECAP,52,1.11961804091102e-06,1.20007843326655,4.88108846606614e-05,1.19999980373494
DEADLINE,52,1.19966997961326,8.86567880967269e-05
RESULT,52,0.95,-0.024,1,0,1.19e-09
......9......8......7......6......5......4....RESET,52,1.36006158684272e-07,-3.41504343712193e-07,1.58364323711552e-07,1.35836082037276e-07,1.20000141003026,1.13663793931638e-06
ENERGY,52,8,0,0,0
ENERGY,52,7,2.87905084339927e-16,9.18354973184924e-16,6.30449888844608e-16
ENERGY,52,6,1.19563938035843e-15,2.81487268314455e-15,1.61923330278619e-15
ENERGY,52,5,1.37634376648621e-15,2.02434170854105e-15,6.4799794205437e-16
ENERGY,52,4,1.21649784454808e-15,1.66085244342818e-15,4.44354598880109e-16
ENERGY,52,3,1.16899242747473e-15,1.16899242747291e-15,8.18520226364575e-34
ENERGY,52,2,2.35614838713503e-15,3.10675800964149e-15,7.50609622495291e-16
ENERGY,52,1,1.29235040228621e-14,1.37886886784436e-14,8.65184655592154e-16
ENERGY,52,0,1.1606620153884e-14,1.24808871240265e-14,8.74266970140557e-16
BIASED,53,0.927317497197965,0.961771967880503,0.946021352705103,0.943068112359714
CORECAP,53,1.14661560942984e-06,1.19999957714691,1.20000370992442,1.70470807132708e-06
DEADLINE,53,-0.00173652830751318,1.19761182801206
RESULT,53,0.95,-0.016,-1,1.19e-09,6.10000000000003e-10
......9......8......7......6......5......4.....RESET,53,1.35983049824177e-07,9.95235979719663e-06,1.01745826242994e-05,1.36029235475932e-07,1.19998363640007,7.40733337671854e-06
ENERGY,53,8,0,0,0
ENERGY,53,7,3.41462659535102e-16,1.05852542280744e-15,7.17062763272164e-16
ENERGY,53,6,1.19538349305027e-15,2.81413616904954e-15,1.61875267599954e-15
ENERGY,53,5,1.33001997783871e-15,1.87370056227422e-15,5.43680584435535e-16
ENERGY,53,4,1.26172986131342e-15,1.79657573450782e-15,5.34845873194434e-16
ENERGY,53,3,1.1689919316213e-15,1.1693368909206e-15,3.44959299530159e-19
ENERGY,53,2,1.71571366825821e-14,1.81222824773742e-14,9.65145794795416e-16
ENERGY,53,1,1.39449619432451e-14,1.48101967969751e-14,8.65234853734302e-16
ENERGY,53,0,1.22574020715856e-14,1.31231191362363e-14,8.65717064661352e-16
BIASED,54,0.943068112399572,0.946021352750638,0.961771967948688,0.927317497264358
CORECAP,54,1.70875464712819e-06,1.20000702609953,1.20000008106371,1.15348281073084e-06
DEADLINE,54,-0.00173653951318577,1.1976118268582
RESULT,54,0.95,0.016,-1,1.19e-09,6.05250000000005e-10
......9......8......7......6......5......4......RESET,54,1.35978862015813e-07,9.95086354712379e-06,1.01746696542282e-05,1.36027905440599e-07,1.19998363639994,7.40733375704645e-06
ENERGY,54,8,0,0,0
ENERGY,54,7,3.41459692207405e-16,1.05668272210121e-15,7.15223029894077e-16
ENERGY,54,6,1.19538257708858e-15,2.81430971613234e-15,1.61892713904366e-15
ENERGY,54,5,1.22995523464559e-15,1.78078815439848e-15,5.5083291975319e-16
ENERGY,54,4,1.36205103068309e-15,1.90558635050179e-15,5.43535319818844e-16
ENERGY,54,3,1.16899193618329e-15,1.16933689651086e-15,3.44960324436542e-19
ENERGY,54,2,1.73091250582195e-14,1.81322932721103e-14,8.23168213892245e-16
ENERGY,54,1,1.20518481347877e-14,1.29170653112555e-14,8.65217176467273e-16
ENERGY,54,0,1.4007972356557e-14,1.48735956760996e-14,8.65623319546979e-16
BIASED,55,0.947005766235535,0.94208369899528,0.965709621734517,0.923379843466372
CORECAP,55,1.19999911220266,1.67413490318124e-06,1.19999933160383,1.02344292932523e-06
DEADLINE,55,1.19967082754228,8.92795443898249e-05
RESULT,55,0.95,0.024,1,0,1.19e-09
RESET,55,1.35894387569562e-07,6.24970733236622e-06,7.35766746538619e-06,1.33815803169053e-07,1.20000141073888,1.13690216059191e-06
ENERGY,55,8,0,0,0
ENERGY,55,7,2.87945287467971e-16,9.18372171457561e-16,6.30426883989382e-16
ENERGY,55,6,1.19564275320572e-15,2.81489049334478e-15,1.61924774013885e-15
ENERGY,55,5,1.2291619846347e-15,1.66341979039729e-15,4.34257805762211e-16
ENERGY,55,4,1.36348286034074e-15,2.01151118892272e-15,6.48028328581753e-16
ENERGY,55,3,1.16899217719663e-15,1.16899217719554e-15,-1.92592994438724e-34
ENERGY,55,2,2.11585614303816e-15,2.88450324739209e-15,7.68647104355244e-16
ENERGY,55,1,1.18071643551219e-14,1.26749499041737e-14,8.67785549054007e-16
ENERGY,55,0,1.29278905896806e-14,1.37931904855472e-14,8.65299895874918e-16
BIASED,56,0.984413477197423,1.00311733274526,1.00311733281028,0.984413477217312
......9......8......7......6......5......4......3CORECAP,56,1.18478801930478e-06,1.19999958549247,1.20000618201437,1.1755579888008e-06
DEADLINE,56,-0.00177150183602883,1.19760606222531
RESULT,56,1,0,-1,1.19e-09,5.7499999999999e-10
RESET,56,1.35990839286402e-07,9.95199281246168e-06,1.01739697131724e-05,1.35973912670018e-07,1.19998363639902,7.40733860155293e-06
ENERGY,56,8,0,0,0
ENERGY,56,7,3.4146292226311e-16,1.05788354837073e-15,7.16420626107317e-16
ENERGY,56,6,1.1882504073318e-15,2.80876902871898e-15,1.62051862138756e-15
ENERGY,56,5,1.66059614984629e-15,2.22065313209961e-15,5.60056982253386e-16
ENERGY,56,4,1.62168719428179e-15,2.18144364548303e-15,5.59756451201597e-16
ENERGY,56,3,9.38216256542072e-16,9.39843970814743e-16,1.62771427188281e-18
ENERGY,56,2,1.72710261646077e-14,1.80838609634184e-14,8.12834798807469e-16
ENERGY,56,1,1.24703822633238e-14,1.3378639087382e-14,9.08256824061877e-16
ENERGY,56,0,1.26049796654356e-14,1.3513768256783e-14,9.08788591344059e-16
BIASED,57,0.972600515846944,1.01493029417311,0.99130437137913,0.996226438626037
......9......8......7......6......5......4......3.CORECAP,57,1.10837150800403e-06,1.20007768112996,4.83691315358635e-05,1.19999912642291
DEADLINE,57,1.19967000024358,8.86595129891142e-05
RESULT,57,1,-0.024,1,0,1.19e-09
RESET,57,1.36013686906933e-07,-3.41623890655435e-07,-1.21976076905828e-07,-2.59946301079407e-07,1.20000141002881,1.13663741305226e-06
ENERGY,57,8,0,0,0
ENERGY,57,7,2.87905503227286e-16,9.18355200375022e-16,6.30449697147098e-16
ENERGY,57,6,1.18873531333482e-15,2.80582722286473e-15,1.61709190952946e-15
ENERGY,57,5,1.64505044794753e-15,2.32576249540279e-15,6.80712047455134e-16
ENERGY,57,4,1.47385130219711e-15,1.92642675142288e-15,4.5257544922578e-16
ENERGY,57,3,9.35194285414584e-16,9.35654818227616e-16,4.60532812750736e-19
ENERGY,57,2,2.35621585049874e-15,3.10805760224609e-15,7.51841751749171e-16
ENERGY,57,1,1.29286534160956e-14,1.37938997891047e-14,8.65246373025082e-16
ENERGY,57,0,1.16013078564397e-14,1.24756061005389e-14,8.74298244084901e-16
BIASED,58,0.976538169620072,1.01099264034931,0.99524202492228,0.992288784578269
CORECAP,58,1.14030311073504e-06,1.20000525711337,1.20000023621997,1.69307844001694e-06
DEADLINE,58,-0.00177109200860588,1.19760613783073
......9......8......7......6......5......4......3..RESULT,58,1,-0.016,-1,1.19e-09,6.06749999999993e-10
RESET,58,1.35989214517984e-07,9.95264543129824e-06,1.01746021003985e-05,1.35969836072849e-07,1.19998363639934,7.40733768309175e-06
ENERGY,58,8,0,0,0
ENERGY,58,7,3.41289409674716e-16,1.05833656234313e-15,7.17047152668678e-16
ENERGY,58,6,1.1884600226807e-15,2.80512552633403e-15,1.61666550365351e-15
ENERGY,58,5,1.5958466157038e-15,2.15980020638351e-15,5.639535906803e-16
ENERGY,58,4,1.52198923014135e-15,2.07735412408321e-15,5.55364893942256e-16
ENERGY,58,3,9.35194070714692e-16,9.36824017491341e-16,1.62994677756296e-18
ENERGY,58,2,1.71605500615124e-14,1.81222615897124e-14,9.61711528208834e-16
ENERGY,58,1,1.39502530013627e-14,1.48154748918824e-14,8.65221890513985e-16
ENERGY,58,0,1.22531661797778e-14,1.31189641846771e-14,8.65798004906935e-16
BIASED,59,0.992288784835945,0.995242025181613,1.01099264037737,0.976538169642027
CORECAP,59,1.59174117565714e-06,1.19999895191042,1.2000004681583,1.10846656242585e-06
DEADLINE,59,-0.00177108974501351,1.19760614369325
RESULT,59,1,0.016,-1,1.19e-09,6.02000000000021e-10
......9......8......7......6......5......4......3...RESET,59,1.35987269639134e-07,9.95096621825995e-06,1.01729632522381e-05,1.36021952958454e-07,1.19998363639895,7.40733874961486e-06
ENERGY,59,8,0,0,0
ENERGY,59,7,3.41464279017344e-16,1.05665680774526e-15,7.15192528728086e-16
ENERGY,59,6,1.18842975578578e-15,2.80518894035746e-15,1.61675918457121e-15
ENERGY,59,5,1.48854560445918e-15,2.05977449594578e-15,5.71228891486582e-16
ENERGY,59,4,1.62954580876052e-15,2.19349312689498e-15,5.63947318134232e-16
ENERGY,59,3,9.35194052337136e-16,9.36824000040198e-16,1.62994770635076e-18
ENERGY,59,2,1.73099561618514e-14,1.813197741908e-14,8.220212572194e-16
ENERGY,59,1,1.20474761400126e-14,1.29127160139902e-14,8.6523987397923e-16
ENERGY,59,0,1.40126180002337e-14,1.4878500681634e-14,8.6588268140836e-16
BIASED,60,0.996226438625417,0.991304371377989,1.014930293668,0.972600515332115
CORECAP,60,1.19999912442069,1.64205541184078e-06,1.20000058366082,9.21871082023407e-07
DEADLINE,60,1.19967083525524,8.927994874988e-05
RESULT,60,1,0.024,1,0,1.19e-09
......9......8......7......6......5......4......3....RESET,60,1.36040559902941e-07,6.24983752972904e-06,7.35696952582956e-06,1.35994869914977e-07,1.20000141073608,1.13690120997087e-06
ENERGY,60,8,0,0,0
ENERGY,60,7,2.89883729565544e-16,9.20314461022522e-16,6.3043073145694e-16
ENERGY,60,6,1.1887352551721e-15,2.80579423045005e-15,1.61705897527927e-15
ENERGY,60,5,1.48719349557373e-15,1.92961639063996e-15,4.42422895067901e-16
ENERGY,60,4,1.63153532601665e-15,2.31227758847776e-15,6.80742262461415e-16
ENERGY,60,3,9.35194276943077e-16,9.35654865999265e-16,4.60589058901691e-19
ENERGY,60,2,2.11540081303874e-15,2.88482406453793e-15,7.69423251497221e-16
ENERGY,60,1,1.18020163990401e-14,1.26699686665538e-14,8.67952267516374e-16
ENERGY,60,0,1.29329771601395e-14,1.37983521239395e-14,8.65374963799028e-16
BIASED,61,1.03363414969544,1.0523380052704,1.05233800527179,1.03363414962346
CORECAP,61,1.23477287621695e-06,1.19999959961961,1.20000439279975,1.18334610727935e-06
DEADLINE,61,-0.00177098942704448,1.19760627545246
RESULT,61,1.05,0,-1,1.19e-09,5.73500000000002e-10
......9......8......7......6......5......4......3.....RESET,61,1.35991705558036e-07,9.95189625276518e-06,1.01730916197837e-05,1.35977382868602e-07,1.19998363639897,7.40733880049544e-06
ENERGY,61,8,0,0,0
ENERGY,61,7,3.41296226882251e-16,1.05768842664588e-15,7.16392199763741e-16
ENERGY,61,6,1.18126195845606e-15,2.79875117085814e-15,1.61748921240052e-15
ENERGY,61,5,1.94830540560492e-15,2.52807170347628e-15,5.79766297870779e-16
ENERGY,61,4,1.90739365095959e-15,2.48684515747367e-15,5.79451506513912e-16
ENERGY,61,3,7.04419297756879e-16,7.07887007026074e-16,3.46770926792262e-18
ENERGY,61,2,1.72724440054357e-14,1.80835419563705e-14,8.11097950943387e-16
ENERGY,61,1,1.24975471230938e-14,1.3405831499225e-14,9.08284376134653e-16
ENERGY,61,0,1.26319352503259e-14,1.35407582005181e-14,9.08822950197371e-16
BIASED,62,1.02182118835016,1.0641509667318,1.04052504391007,1.04544711116737
CORECAP,62,1.05552864209298e-06,1.20007678479997,4.8198373004841e-05,1.19999919516882
DEADLINE,62,1.19967000784765,8.86612565041946e-05
RESULT,62,1.05,-0.024,1,0,1.19e-09
RESET,62,1.36015814709331e-07,-3.41349212606066e-07,-1.34834050397171e-07,-2.61455119018125e-07,1.20000141002887,1.13663751814402e-06
ENERGY,62,8,0,0,0
ENERGY,62,7,2.89844158871725e-16,9.20300128634948e-16,6.304559697618e-16
ENERGY,62,6,1.18173096223143e-15,2.79699282565758e-15,1.61526186342622e-15
ENERGY,62,5,1.93323391827204e-15,2.64658422438327e-15,7.13350306110432e-16
ENERGY,62,4,1.75066505636258e-15,2.21006434376752e-15,4.59399287404873e-16
ENERGY,62,3,7.01395874197802e-16,7.03274513243119e-16,1.87863904575292e-18
ENERGY,62,2,2.35578568604067e-15,3.10995494133671e-15,7.54169255294249e-16
ENERGY,62,1,1.29766669295077e-14,1.38419057527577e-14,8.65238823257594e-16
ENERGY,62,0,1.16171818863135e-14,1.24915534188094e-14,8.7437153249554e-16
......9......8......7......6......5......4......3......BIASED,63,1.02575884152833,1.06021331296327,1.04446269763971,1.04150945728029
CORECAP,63,1.08155142353824e-06,1.20000354756897,1.19999928271419,1.66158074573065e-06
DEADLINE,63,-0.00177103965203306,1.19760624661073
RESULT,63,1.05,-0.016,-1,1.19e-09,6.04999999999998e-10
RESET,63,1.35990458492703e-07,9.95317953690297e-06,1.01740207033795e-05,1.35976139878207e-07,1.19998363639901,7.40733920981088e-06
ENERGY,63,8,0,0,0
ENERGY,63,7,3.41460513147513e-16,1.05848241428069e-15,7.17021901132614e-16
ENERGY,63,6,1.18145095801362e-15,2.79636715714629e-15,1.61491619913214e-15
ENERGY,63,5,1.88113790037364e-15,2.46472419070791e-15,5.83586290335391e-16
ENERGY,63,4,1.80171972004347e-15,2.3768489846114e-15,5.75129264568923e-16
ENERGY,63,3,7.01395893478648e-16,7.04866153414722e-16,3.47025993525422e-18
ENERGY,63,2,1.71599215305625e-14,1.81218939119888e-14,9.61972381436602e-16
ENERGY,63,1,1.39959170428007e-14,1.48611391648017e-14,8.65222122001759e-16
ENERGY,63,0,1.22721536258406e-14,1.31379750806056e-14,8.65821454750028e-16
BIASED,64,1.04150945741817,1.04446269777205,1.06021331292054,1.02575884214294
......9......8......7......6......5......4......3......2CORECAP,64,1.66221573509225e-06,1.19999891806707,1.20000577507403,1.11772876035647e-06
DEADLINE,64,-0.00177103326477602,1.19760625898273
RESULT,64,1.05,0.016,-1,1.19e-09,5.99999999999992e-10
RESET,64,1.35991988491578e-07,9.95065670770818e-06,1.01736498537582e-05,1.35980099479798e-07,1.19998363639888,7.40733903846608e-06
ENERGY,64,8,0,0,0
ENERGY,64,7,3.41293650184215e-16,1.05643011909662e-15,7.15136468913047e-16
ENERGY,64,6,1.18142956656577e-15,2.79642975773892e-15,1.61500019117352e-15
ENERGY,64,5,1.76659107838507e-15,2.35744420333032e-15,5.90853124945727e-16
ENERGY,64,4,1.91652331899412e-15,2.50010306417293e-15,5.83579745178839e-16
ENERGY,64,3,7.01395884341973e-16,7.04866139646765e-16,3.47025530606289e-18
ENERGY,64,2,1.73128383206449e-14,1.8131902893513e-14,8.19064572860453e-16
ENERGY,64,1,1.206657986809e-14,1.29318089171779e-14,8.65229049076761e-16
ENERGY,64,0,1.40589210790869e-14,1.49245102431258e-14,8.65589164035193e-16
BIASED,65,1.04544711115756,1.04052504389974,1.06415096679986,1.0218211884083
CORECAP,65,1.19999912765739,1.5950610370634e-06,1.20000019370072,1.06871994275321e-06
......9......8......7......6......5......4......3......2.DEADLINE,65,1.19967084600229,8.92853011702317e-05
RESULT,65,1.05,0.024,1,0,1.19e-09
RESET,65,1.35993096806629e-07,6.24967527894331e-06,7.35677259866596e-06,3.85176699460886e-08,1.20000141073591,1.13690111392239e-06
ENERGY,65,8,0,0,0
ENERGY,65,7,2.89885109742249e-16,9.2032438060575e-16,6.30439270862191e-16
ENERGY,65,6,1.18172620343764e-15,2.79694138049083e-15,1.61521517705295e-15
ENERGY,65,5,1.76469226248299e-15,2.21419929218403e-15,4.49507029699712e-16
ENERGY,65,4,1.91906148708567e-15,2.63242967733659e-15,7.13368190250528e-16
ENERGY,65,3,7.01396118562147e-16,7.0327511353075e-16,1.87899496759711e-18
ENERGY,65,2,2.11560176733013e-15,2.88723907986541e-15,7.71637312531723e-16
ENERGY,65,1,1.18180211579844e-14,1.26858576363499e-14,8.67836478364646e-16
ENERGY,65,0,1.2981143671653e-14,1.38465093427793e-14,8.65365671129153e-16
BIASED,66,1.08285482215456,1.10155867773706,1.10155867789402,1.08285482218093
CORECAP,66,1.24201785297321e-06,1.20000359176851,1.2000059412935,1.19441306375921e-06
DEADLINE,66,-0.00177109045185419,1.19760624226297
RESULT,66,1.1,0,-1,1.19e-09,5.73500000000002e-10
......9......8......7......6......5......4......3......2..RESET,66,1.35989149914411e-07,9.95182688749716e-06,1.017299662899e-05,1.36021516884251e-07,1.19998363639887,7.40733907047268e-06
ENERGY,66,8,0,0,0
ENERGY,66,7,3.41469456962427e-16,1.05783013516191e-15,7.1636067820013e-16
ENERGY,66,6,1.17422302063947e-15,2.78903383436788e-15,1.61481081372755e-15
ENERGY,66,5,2.25553209042558e-15,2.8542915860383e-15,5.98759495612947e-16
ENERGY,66,4,2.21259653230822e-15,2.81102686307464e-15,5.98430330766188e-16
ENERGY,66,3,4.70622533627924e-16,4.76456688721004e-16,5.83415509113633e-18
ENERGY,66,2,1.72703385957218e-14,1.80829174488636e-14,8.12578853129714e-16
ENERGY,66,1,1.25703181272906e-14,1.34792742233634e-14,9.08956096078391e-16
ENERGY,66,0,1.27049861354572e-14,1.36139352724833e-14,9.08949137018891e-16
BIASED,67,1.07104186086201,1.11337163926457,1.08974571633839,1.09466778359864
CORECAP,67,1.10189352398915e-06,1.20007628893941,4.84930024114319e-05,1.19999912921751
DEADLINE,67,1.19966999916492,8.86609388395718e-05
RESULT,67,1.1,-0.024,1,0,1.19e-09
......9......8......7......6......5......4......3......2...RESET,67,1.35994989084864e-07,-3.41310762873082e-07,-2.31904072913435e-07,-2.60856977758371e-07,1.20000141002925,1.13663771225044e-06
ENERGY,67,8,0,0,0
ENERGY,67,7,2.89844146343963e-16,9.20302416475385e-16,6.30458270130535e-16
ENERGY,67,6,1.17470013888719e-15,2.78779135492133e-15,1.61309121603502e-15
ENERGY,67,5,2.24093233545333e-15,2.98682812543965e-15,7.45895789986367e-16
ENERGY,67,4,2.04698091898887e-15,2.51179838565093e-15,4.64817466661639e-16
ENERGY,67,3,4.67597921226382e-16,4.7147404972585e-16,3.87612850184346e-18
ENERGY,67,2,2.35581233541772e-15,3.1144484157163e-15,7.58636080302109e-16
ENERGY,67,1,1.30973086946046e-14,1.39625672560394e-14,8.65258561437464e-16
ENERGY,67,0,1.16654128447228e-14,1.25397067564079e-14,8.74293911679547e-16
BIASED,68,1.0749795141978,1.10943398543937,1.09368337024528,1.09073012988175
CORECAP,68,1.11040363327929e-06,1.20000092501031,1.20000014026089,1.61146511224075e-06
DEADLINE,68,-0.00177114155956758,1.19760621481363
RESULT,68,1.1,-0.016,-1,1.19e-09,6.05249999999978e-10
......9......8......7......6......5......4......3......2....RESET,68,1.36032924239741e-07,9.95299970344352e-06,1.01779459687802e-05,1.35978947744517e-07,1.19998363639917,7.40733828166306e-06
ENERGY,68,8,0,0,0
ENERGY,68,7,3.41300759299234e-16,1.05821778504116e-15,7.16917025741859e-16
ENERGY,68,6,1.1744235470122e-15,2.78713786973665e-15,1.61271432272492e-15
ENERGY,68,5,2.18591066203728e-15,2.78841629270567e-15,6.02505630668629e-16
ENERGY,68,4,2.10093391192864e-15,2.69512308268406e-15,5.94189170754809e-16
ENERGY,68,3,4.67597709414478e-16,4.73434687912682e-16,5.83697849531014e-18
ENERGY,68,2,1.71612541832305e-14,1.81209844808903e-14,9.59730297648303e-16
ENERGY,68,1,1.41105579710048e-14,1.49757677906738e-14,8.65209819683933e-16
ENERGY,68,0,1.2326936166077e-14,1.31927224019366e-14,8.65786235856059e-16
BIASED,69,1.09073012982268,1.09368337016798,1.10943398552505,1.07497951472582
CORECAP,69,1.61160002275945e-06,1.20000072551665,1.1999992652893,1.12480603334226e-06
DEADLINE,69,-0.00177113113524696,1.19760622770266
RESULT,69,1.1,0.016,-1,1.19e-09,6.00499999999979e-10
RESET,69,1.36035033386883e-07,9.95033587712558e-06,1.01732435657858e-05,1.35972145749591e-07,1.1999836363988,7.40733880012529e-06
ENERGY,69,8,0,0,0
ENERGY,69,7,3.41311965696518e-16,1.05635981374192e-15,7.15047848045742e-16
ENERGY,69,6,1.17442188909592e-15,2.78721318337502e-15,1.61279129427881e-15
ENERGY,69,5,2.06411760387384e-15,2.67387373587947e-15,6.09756132006302e-16
ENERGY,69,4,2.22298732719102e-15,2.82548681758336e-15,6.02499490392343e-16
ENERGY,69,3,4.67597731540878e-16,4.7343471058977e-16,5.8369790483871e-18
ENERGY,69,2,1.73146036771605e-14,1.81325017710905e-14,8.17898093927134e-16
ENERGY,69,1,1.21213412776489e-14,1.29865627553758e-14,8.6522147771389e-16
ENERGY,69,0,1.41735700980044e-14,1.50392013143743e-14,8.65631216359957e-16
......9......8......7......6......5......4......3......2.....BIASED,70,1.0946677836047,1.08974571634514,1.11337163927401,1.07104186086546
CORECAP,70,1.19999912124414,1.5859940692428e-06,1.20000061822514,1.11024330632715e-06
DEADLINE,70,1.19967083360295,8.92794997315168e-05
RESULT,70,1.1,0.024,1,0,1.19e-09
RESET,70,1.35997577505931e-07,6.24930837373556e-06,7.35509779765479e-06,1.35977367032709e-07,1.2000014107374,1.13690169619783e-06
ENERGY,70,8,0,0,0
ENERGY,70,7,2.89885142193459e-16,9.2032788412334e-16,6.30442741928934e-16
ENERGY,70,6,1.17469945024763e-15,2.78772784399309e-15,1.61302839374485e-15
ENERGY,70,5,2.06167222560696e-15,2.51696537418378e-15,4.55293148577086e-16
ENERGY,70,4,2.22606637097671e-15,2.97200235336183e-15,7.45935982384745e-16
ENERGY,70,3,4.67597906912987e-16,4.71474781147433e-16,3.8768742354169e-18
ENERGY,70,2,2.11578351364041e-15,2.89281809496061e-15,7.77034581317888e-16
ENERGY,70,1,1.18661085887526e-14,1.27340825145308e-14,8.67973925774524e-16
ENERGY,70,0,1.31021674145834e-14,1.39675195713332e-14,8.65352156762809e-16
BIASED,71,1.13207549473126,1.15077935032056,1.15077935051536,1.13207549471381
......9......8......7......6......5......4......3......2......CORECAP,71,1.10285860356267e-06,1.19999955432154,1.20000598049524,1.27465077950458e-06
DEADLINE,71,-0.00177133486068304,1.19760608256046
RESULT,71,1.15,0,-1,1.19e-09,5.75000000000017e-10
RESET,71,1.36034047584757e-07,9.95147873184318e-06,1.01742984373809e-05,1.36023622190802e-07,1.19998363639925,7.40733713400916e-06
ENERGY,71,8,0,0,0
ENERGY,71,7,3.41296062369784e-16,1.05760776232256e-15,7.1631169995318e-16
ENERGY,71,6,1.1672054061769e-15,2.77879668880427e-15,1.61159128262731e-15
ENERGY,71,5,2.58224841916153e-15,3.19929015781697e-15,6.17041738655536e-16
ENERGY,71,4,2.53728384790054e-15,3.15398194810684e-15,6.16698100206662e-16
ENERGY,71,3,2.36825666175154e-16,2.4570753961713e-16,8.88187344088828e-18
ENERGY,71,2,1.72714258244423e-14,1.80819368430953e-14,8.10511018645581e-16
ENERGY,71,1,1.26804677955872e-14,1.35889441119573e-14,9.08476316369134e-16
ENERGY,71,0,1.28150167855721e-14,1.37240336111705e-14,9.09016825598908e-16
BIASED,72,1.12026253337605,1.16259231179507,1.13896638895578,1.14388845621894
CORECAP,72,1.12675100427725e-06,1.20007737865786,4.91081249758649e-05,1.19999911227746
......9......8......7......6......5......4......3......2......1DEADLINE,72,1.19966997014881,8.8655838278793e-05
RESULT,72,1.15,-0.024,1,0,1.19e-09
RESET,72,1.36049823140707e-07,-3.41429561664518e-07,-1.55908247990186e-07,1.35897220532797e-07,1.20000141002859,1.13663738466036e-06
ENERGY,72,8,0,0,0
ENERGY,72,7,2.89843975230885e-16,9.20302781784072e-16,6.3045880655229e-16
ENERGY,72,6,1.16767640165007e-15,2.7777328193031e-15,1.61005641765451e-15
ENERGY,72,5,2.568098186636e-15,3.34649779084541e-15,7.78399604209976e-16
ENERGY,72,4,2.36277001985433e-15,2.83164676248516e-15,4.68876742631009e-16
ENERGY,72,3,2.33799736966271e-16,2.40355338846985e-16,6.55560188300337e-18
ENERGY,72,2,2.35584070789408e-15,3.11991969423065e-15,7.64078986337313e-16
ENERGY,72,1,1.32656838630473e-14,1.41309611261431e-14,8.65277263081109e-16
ENERGY,72,0,1.1745052547654e-14,1.26193344353655e-14,8.7428188772e-16
BIASED,73,1.12420018659998,1.15865465769415,1.14290404271199,1.13995080235147
CORECAP,73,1.07736117154652e-06,1.19999961234543,1.19999976514796,1.56524751129595e-06
DEADLINE,73,-0.00177136058333173,1.19760606209885
RESULT,73,1.15,-0.016,-1,1.19e-09,6.07250000000007e-10
......9......8......7......6......5......4......3......2......1.RESET,73,1.36036056833553e-07,9.95302976920345e-06,1.01758347461539e-05,1.35977171547876e-07,1.19998363639947,7.40733684170532e-06
ENERGY,73,8,0,0,0
ENERGY,73,7,3.41291037080318e-16,1.05808941851864e-15,7.16798381438038e-16
ENERGY,73,6,1.1673974471988e-15,2.77707892083577e-15,1.60968147363722e-15
ENERGY,73,5,2.51016922874744e-15,3.1309064778787e-15,6.20737249131899e-16
ENERGY,73,4,2.41963248410354e-15,3.032175232952e-15,6.12542748847595e-16
ENERGY,73,3,2.33799570192796e-16,2.42684518262231e-16,8.88494807162222e-18
ENERGY,73,2,1.71601481746716e-14,1.81195331895131e-14,9.59385014842052e-16
ENERGY,73,1,1.42674876103311e-14,1.51327026676556e-14,8.65215057345465e-16
ENERGY,73,0,1.24150517086769e-14,1.32808201227718e-14,8.65768414096167e-16
BIASED,74,1.13995080218971,1.14290404279592,1.15865465806659,1.12420018725351
CORECAP,74,1.74371887787712e-06,1.20000000850511,1.20000614444386,1.08796142900035e-06
DEADLINE,74,-0.00177137430421381,1.19760606876143
RESULT,74,1.15,0.016,-1,1.19e-09,6.02500000000008e-10
......9......8......7......6......5......4......3......2......1..RESET,74,1.36033019634589e-07,9.94983703838416e-06,1.01728284158306e-05,1.36025649104452e-07,1.19998363639907,7.40733744510553e-06
ENERGY,74,8,0,0,0
ENERGY,74,7,3.41295438285671e-16,1.0561887499533e-15,7.14893311667225e-16
ENERGY,74,6,1.16739622787423e-15,2.77712034023965e-15,1.60972411236487e-15
ENERGY,74,5,2.38112949605705e-15,3.00905133628738e-15,6.27921840230349e-16
ENERGY,74,4,2.54893213566441e-15,3.16966821749056e-15,6.20736081827092e-16
ENERGY,74,3,2.33799585541e-16,2.42684527846879e-16,8.884942308573e-18
ENERGY,74,2,1.73169119237033e-14,1.81332714206858e-14,8.16359496969896e-16
ENERGY,74,1,1.22093588004467e-14,1.30745708150286e-14,8.65212014574304e-16
ENERGY,74,0,1.43300800399174e-14,1.51957038503663e-14,8.65623810451674e-16
BIASED,75,1.1438884561982,1.13896638893731,1.16259231180834,1.1202625333874
CORECAP,75,1.19999911295573,1.65623150516566e-06,1.19999955215482,1.09065653384851e-06
DEADLINE,75,1.19967081754613,8.92761722027117e-05
RESULT,75,1.15,0.024,1,0,1.19e-09
......9......8......7......6......5......4......3......2......1...RESET,75,1.35961182368063e-07,6.24956941612617e-06,7.35489798582557e-06,1.24677313527177e-07,1.20000141073616,1.13690124567526e-06
ENERGY,75,8,0,0,0
ENERGY,75,7,2.89884228161072e-16,9.20335500902889e-16,6.30451272743193e-16
ENERGY,75,6,1.16767550507383e-15,2.77772721322779e-15,1.61005170815382e-15
ENERGY,75,5,2.37813541214213e-15,2.83792806150216e-15,4.59792649358924e-16
ENERGY,75,4,2.5525579034567e-15,3.33100290601762e-15,7.78445002562851e-16
ENERGY,75,3,2.33799725676321e-16,2.40356456970607e-16,6.55673129647053e-18
ENERGY,75,2,2.11633649414858e-15,2.90003957556957e-15,7.83703081413228e-16
ENERGY,75,1,1.19456898566447e-14,1.28135330747556e-14,8.67843218108217e-16
ENERGY,75,0,1.32712165970269e-14,1.41366075588191e-14,8.65390961787644e-16
BIASED,76,1.14191962905557,1.16062348489157,1.16062348469655,1.14191962933561
CORECAP,76,1.26247106925214e-06,1.20000634696069,1.20000446497886,1.28878480867151e-06
DEADLINE,76,-0.00173623039633504,1.19761196834315
RESULT,76,1.16,0,-1,1.19e-09,5.75249999999997e-10
......9......8......7......6......5......4......3......2......1....RESET,76,1.35993859118276e-07,9.95138716883531e-06,1.01740169530901e-05,1.36025311482768e-07,1.19998363639987,7.40733432523877e-06
ENERGY,76,8,0,0,0
ENERGY,76,7,3.4128971160788e-16,1.05758303555267e-15,7.16293323944482e-16
ENERGY,76,6,1.16579392579655e-15,2.77681963830642e-15,1.61102571251007e-15
ENERGY,76,5,2.57393384783548e-15,3.19394867613112e-15,6.20014828296206e-16
ENERGY,76,4,2.52744839737306e-15,3.1473934668042e-15,6.19945069430323e-16
ENERGY,76,3,1.87645267663066e-16,1.9731771335466e-16,9.67244569116674e-18
ENERGY,76,2,1.72712625153757e-14,1.80816979481107e-14,8.10435432742665e-16
ENERGY,76,1,1.27389772515289e-14,1.36125075507775e-14,8.7353029925101e-16
ENERGY,76,0,1.28735476421545e-14,1.37476208095249e-14,8.74073167372636e-16
BIASED,77,1.13010666797189,1.17243644639365,1.14881052348583,1.15373259074821
CORECAP,77,1.13107027565137e-06,1.2000782809765,4.90649760431196e-05,1.19999910910127
DEADLINE,77,1.1996699622347,8.86528362683477e-05
RESULT,77,1.16,-0.024,1,0,1.19e-09
RESET,77,1.36019354854013e-07,-3.41462010818552e-07,-1.56213849384728e-07,1.35848232225722e-07,1.20000141002853,1.1366373515201e-06
ENERGY,77,8,0,0,0
ENERGY,77,7,2.89843944096843e-16,9.20304689847104e-16,6.30460745750287e-16
ENERGY,77,6,1.1662714967244e-15,2.77578165330273e-15,1.60951015657771e-15
ENERGY,77,5,2.63586882415105e-15,3.42076875850741e-15,7.8489993435663e-16
ENERGY,77,4,2.4282661460055e-15,2.89779187032732e-15,4.69525724322321e-16
ENERGY,77,3,1.8704009850679e-16,1.94311432404636e-16,7.27133389998353e-18
ENERGY,77,2,2.35584415662715e-15,3.12094367392042e-15,7.65099517300182e-16
ENERGY,77,1,1.32999951747978e-14,1.41652073228787e-14,8.65212148061938e-16
ENERGY,77,0,1.1763347415411e-14,1.2637702833147e-14,8.74355417744377e-16
BIASED,78,1.13404432151466,1.16849879258589,1.1527481773428,1.14979493697685
......9......8......7......6......5......4......3......2......1.....CORECAP,78,1.16486609475528e-06,1.20000524604225,1.20000003023442,1.57847344495717e-06
DEADLINE,78,-0.00173623807712558,1.19761195173796
RESULT,78,1.16,-0.016,-1,1.19e-09,6.07749999999994e-10
RESET,78,1.35994285492119e-07,9.95299221152939e-06,1.01762717947891e-05,1.36022943064119e-07,1.19998363640005,7.40733415728898e-06
ENERGY,78,8,0,0,0
ENERGY,78,7,3.41288514184053e-16,1.05806579810672e-15,7.16777283922288e-16
ENERGY,78,6,1.16599312571318e-15,2.77506374672738e-15,1.60907062101358e-15
ENERGY,78,5,2.5773589852037e-15,3.20166098075225e-15,6.24301995549515e-16
ENERGY,78,4,2.48570955601526e-15,3.10183822590143e-15,6.16128669886807e-16
ENERGY,78,3,1.87039936082501e-16,1.96715507021054e-16,9.67557094080185e-18
ENERGY,78,2,1.71600009698774e-14,1.8119254097201e-14,9.59253127306378e-16
ENERGY,78,1,1.42986410239894e-14,1.51638450370221e-14,8.65204013030726e-16
ENERGY,78,0,1.24348377288188e-14,1.33006075069055e-14,8.65769778073124e-16
BIASED,79,1.1497949370346,1.1527481773848,1.16849879252012,1.13404432170931
......9......8......7......6......5......4......3......2......1......CORECAP,79,1.58322394353686e-06,1.19999931364269,1.19999919353623,1.16440610195177e-06
DEADLINE,79,-0.00173626824219074,1.19761195487369
RESULT,79,1.16,0.016,-1,1.19e-09,6.02999999999996e-10
RESET,79,1.36033761573533e-07,9.94965959041396e-06,1.01726742845583e-05,1.36024696870506e-07,1.19998363639967,7.40733465039947e-06
ENERGY,79,8,0,0,0
ENERGY,79,7,3.41293213729407e-16,1.0561525665434e-15,7.14859352812802e-16
ENERGY,79,6,1.16599104697896e-15,2.77515949878197e-15,1.60916845180344e-15
ENERGY,79,5,2.44687019669284e-15,3.07833162125023e-15,6.31461424557431e-16
ENERGY,79,4,2.61645777186135e-15,3.24075820573189e-15,6.24300433871652e-16
ENERGY,79,3,1.87039947343396e-16,1.96715506108651e-16,9.67555876576909e-18
ENERGY,79,2,1.73174272036078e-14,1.81334662927613e-14,8.1603908914333e-16
ENERGY,79,1,1.22291638696285e-14,1.30943713730059e-14,8.65207503384449e-16
ENERGY,79,0,1.43611248749057e-14,1.5226754396192e-14,8.65629521295327e-16
BIASED,80,1.15373259072708,1.14881052346509,1.17243644632603,1.13010666790394
CORECAP,80,1.19999911014731,1.66860414011127e-06,1.20000213305855,1.12950281159432e-06
DEADLINE,80,1.19967081317143,8.92751648491098e-05
......9......8......7......6......5......4......3......2......1......0RESULT,80,1.16,0.024,1,0,1.19e-09
RESET,80,1.35956269323512e-07,6.249532287667e-06,7.35482571033136e-06,1.24415621260101e-07,1.20000141073476,1.1369005167499e-06
ENERGY,80,8,0,0,0
ENERGY,80,7,2.86378570496561e-16,9.16834197315998e-16,6.3045562681903e-16
ENERGY,80,6,1.17899457057363e-15,2.78848550509743e-15,1.60949093452498e-15
ENERGY,80,5,2.44375916331064e-15,2.90430848660458e-15,4.60549323295224e-16
ENERGY,80,4,2.62018634371056e-15,3.40514018317233e-15,7.84953839461002e-16
ENERGY,80,3,1.87039965573555e-16,1.94312489156318e-16,7.27252358281669e-18
ENERGY,80,2,2.11746773113356e-15,2.90241905499488e-15,7.84951323867649e-16
ENERGY,80,1,1.19608440220394e-14,1.28296434472962e-14,8.6879942527337e-16
ENERGY,80,0,1.33024360891729e-14,1.41687124363848e-14,8.66276347210503e-16
spectre completes with 0 errors, 9 warnings, and 8 notices.
